Client started
Client closed





















RUN    TRT FLO MAT TOPWT HARWT  RAIN  TIRR   CET  PESW  TNUP  TNLF   TSON TSOC
           dap dap kg/ha kg/ha    mm    mm    mm    mm kg/ha kg/ha  kg/ha t/ha
  1 MZ   1  85 144   860   437   351     0   262   243     7     3   2125  238
 EFFECTIVE EARLY STOPPING

********************************
2026/06/06 03:45:34.971294
********************************
Client started
Client closed





















RUN    TRT FLO MAT TOPWT HARWT  RAIN  TIRR   CET  PESW  TNUP  TNLF   TSON TSOC
           dap dap kg/ha kg/ha    mm    mm    mm    mm kg/ha kg/ha  kg/ha t/ha
  1 MZ   1  85 144   860   437   351     0   262   243     7     3   2125  238
 EFFECTIVE EARLY STOPPING

********************************
2026/06/06 03:46:17.996466
********************************
Client started
Client closed





















RUN    TRT FLO MAT TOPWT HARWT  RAIN  TIRR   CET  PESW  TNUP  TNLF   TSON TSOC
           dap dap kg/ha kg/ha    mm    mm    mm    mm kg/ha kg/ha  kg/ha t/ha
  1 MZ   1  85 144   860   437   351     0   262   243     7     3   2125  238
 EFFECTIVE EARLY STOPPING

********************************
2026/06/06 03:49:01.817790
********************************
