*SOIL WATER DAILY OUTPUT FILE

*DSSAT Cropping System Model Ver. 4.8.0.024 -stable  SEP 25, 2026 04:14:10

*RUN   1        : Sim2008                   MZCER048 fileX.MZ    1
 MODEL          : MZCER048 - Maize
 EXPERIMENT     : fileX.MZ    CNYC
 DATA PATH      :
 TREATMENT  1   : Sim2008                   MZCER048
  
!                                                                                                 Soil water content (mm3/mm3) by soil depth (cm):
!                                                                                                 0-5    5-15   15-30   30-45   45-60   60-90
@YEAR DOY   DAS  SWTD  SWXD   ROFC   DRNC   PREC  IR#C  IRRC  DTWT    MWTD  TDFD  TDFC   ROFD    SW1D    SW2D    SW3D    SW4D    SW5D    SW6D    
 2008 152     0   270   183      0      0      0     0     0     0    0.00   0.0   0.0   0.00   0.300   0.300   0.300   0.300   0.300   0.300
 2008 153     1   264   177      0      0      0     0     0    45    0.00   0.0   0.0   0.00   0.186   0.293   0.303   0.301   0.299   0.300
 2008 154     2   262   175      0      0      0     0     0    90    0.00   0.0   0.0   0.00   0.185   0.270   0.301   0.302   0.299   0.301
 2008 155     3   260   173      0      0      0     0     0    90    0.00   0.0   0.0   0.00   0.186   0.259   0.298   0.303   0.299   0.301
 2008 156     4   259   172      0      0      0     0     0    90    0.00   0.0   0.0   0.00   0.187   0.251   0.295   0.302   0.299   0.301
 2008 157     5   258   171      0      0      0     0     0    90    0.00   0.0   0.0   0.00   0.186   0.246   0.293   0.302   0.298   0.302
 2008 158     6   258   171      0      0      0     0     0    90    0.00   0.0   0.0   0.00   0.186   0.242   0.290   0.302   0.298   0.302
 2008 159     7   257   170      0      0      0     0     0    90    0.00   0.0   0.0   0.00   0.185   0.239   0.288   0.301   0.298   0.302
 2008 160     8   256   169      0      0      0     0     0    90    0.00   0.0   0.0   0.00   0.184   0.236   0.286   0.300   0.298   0.302
 2008 161     9   256   169      0      0      0     0     0    90    0.00   0.0   0.0   0.00   0.183   0.234   0.284   0.299   0.298   0.302
 2008 162    10   255   168      0      0      0     0     0    90    0.00   0.0   0.0   0.00   0.183   0.232   0.283   0.299   0.298   0.303
 2008 163    11   369   282      0      0      0     1   120    90    0.00   0.0   0.0   0.00   0.337   0.454   0.482   0.531   0.423   0.304
 2008 164    12   365   278      0      0      0     1   120    90    0.00   0.0   0.0   0.00   0.270   0.448   0.476   0.523   0.404   0.322
 2008 165    13   364   277      0      0      0     1   120    90    0.00   0.0   0.0   0.00   0.301   0.412   0.474   0.521   0.394   0.332
 2008 166    14   363   276      0      0      0     1   120    90    0.00   0.0   0.0   0.00   0.308   0.393   0.468   0.513   0.377   0.348
 2008 167    15   364   277      0      0      4     1   120    90    0.00   0.0   0.0   0.00   0.342   0.380   0.465   0.511   0.370   0.355
 2008 168    16   379   292      7      0     32     1   120    90    0.00   0.0   0.0   7.09   0.331   0.454   0.484   0.531   0.375   0.362
 2008 169    17   376   289      7      0     32     1   120    90    0.00   0.0   0.0   0.00   0.264   0.447   0.477   0.523   0.365   0.376
 2008 170    18   374   287      7      0     32     1   120    90    0.00   0.0   0.0   0.00   0.301   0.408   0.471   0.514   0.367   0.385
 2008 171    19   373   286      7      0     32     1   120    90    0.00   0.0   0.0   0.00   0.308   0.390   0.466   0.506   0.368   0.393
 2008 172    20   372   285      7      0     32     1   120    90    0.00   0.0   0.0   0.00   0.311   0.376   0.461   0.498   0.369   0.399
 2008 173    21   400   313     27      0     83     1   120    90    0.00   0.0   0.0  20.07   0.394   0.451   0.484   0.531   0.418   0.401
 2008 174    22   410   323     31      0    102     1   120    89    0.00   0.0   0.0   3.83   0.354   0.454   0.484   0.531   0.489   0.404
 2008 175    23   424   337     35      0    123     1   120    86    0.00   0.0   0.0   4.39   0.421   0.454   0.484   0.531   0.531   0.420
 2008 176    24   430   343     36      1    132     1   120    82    0.00   0.0   0.0   0.83   0.423   0.454   0.484   0.531   0.531   0.438
 2008 177    25   448   361     48      3    166     1   120    70    0.00   0.0   0.0  11.78   0.407   0.454   0.484   0.531   0.531   0.501
 2008 178    26   437   350     48      8    166     1   120    71    0.00   0.0   0.0   0.00   0.288   0.447   0.477   0.523   0.523   0.496
 2008 179    27   429   342     48     13    166     1   120    72    0.00   0.0   0.0   0.00   0.290   0.420   0.471   0.516   0.516   0.491
 2008 180    28   423   336     48     18    166     1   120    73    0.00   0.0   0.0   0.00   0.304   0.396   0.466   0.508   0.508   0.487
 2008 181    29   418   331     48     23    166     1   120    74    0.00   0.0   0.0   0.00   0.309   0.379   0.461   0.502   0.502   0.482
 2008 182    30   412   325     48     27    166     1   120    74    0.00   0.0   0.0   0.00   0.311   0.365   0.455   0.495   0.495   0.478
 2008 183    31   408   321     48     31    166     1   120    75    0.00   0.0   0.0   0.00   0.313   0.354   0.450   0.489   0.489   0.474
 2008 184    32   403   316     48     35    166     1   120    76    0.00   0.0   0.0   0.00   0.314   0.343   0.446   0.483   0.483   0.471
 2008 185    33   398   311     48     38    166     1   120    77    0.00   0.0   0.0   0.00   0.314   0.333   0.441   0.477   0.477   0.467
 2008 186    34   394   307     48     41    166     1   120    77    0.00   0.0   0.0   0.00   0.314   0.325   0.434   0.472   0.472   0.464
 2008 187    35   390   303     48     44    166     1   120    78    0.00   0.0   0.0   0.00   0.315   0.321   0.424   0.466   0.467   0.461
 2008 188    36   398   311     49     45    179     1   120    78    0.00   0.0   0.0   0.72   0.406   0.373   0.417   0.464   0.467   0.460
 2008 189    37   391   304     49     48    179     1   120    79    0.00   0.0   0.0   0.00   0.345   0.368   0.411   0.459   0.462   0.457
 2008 190    38   386   299     49     51    179     1   120    79    0.00   0.0   0.0   0.00   0.314   0.364   0.407   0.453   0.457   0.454
 2008 191    39   381   294     49     54    179     1   120    80    0.00   0.0   0.0   0.00   0.304   0.350   0.402   0.448   0.453   0.451
 2008 192    40   384   297     49     55    185     1   120    80    0.00   0.0   0.0   0.02   0.424   0.336   0.398   0.445   0.452   0.451
 2008 193    41   377   290     49     57    185     1   120    80    0.00   0.0   0.0   0.00   0.362   0.330   0.392   0.438   0.448   0.448
 2008 194    42   371   284     49     59    185     1   120    81    0.00   0.0   0.0   0.00   0.325   0.323   0.385   0.432   0.443   0.446
 2008 195    43   366   279     49     61    185     1   120    81    0.00   0.0   0.0   0.00   0.295   0.322   0.377   0.425   0.437   0.443
 2008 196    44   362   275     49     63    185     1   120    82    0.00   0.0   0.0   0.00   0.306   0.314   0.366   0.421   0.432   0.441
 2008 197    45   357   270     49     64    185     1   120    82    0.00   0.0   0.0   0.00   0.294   0.313   0.354   0.414   0.427   0.438
 2008 198    46   352   265     49     66    185     1   120    83    0.00   0.0   0.0   0.00   0.295   0.306   0.346   0.405   0.421   0.435
 2008 199    47   348   261     49     67    185     1   120    84    0.00   0.0   0.0   0.00   0.290   0.304   0.345   0.396   0.417   0.432
 2008 200    48   341   254     49     68    185     1   120    84    0.00   0.0   0.0   0.00   0.281   0.293   0.336   0.382   0.410   0.428
 2008 201    49   336   249     49     69    185     1   120    85    0.00   0.0   0.0   0.00   0.272   0.287   0.333   0.370   0.404   0.425
 2008 202    50   332   245     49     69    185     1   120    85    0.00   0.0   0.0   0.00   0.267   0.283   0.332   0.361   0.397   0.423
 2008 203    51   338   251     49     70    193     1   120    86    0.00   0.0   0.0   0.00   0.424   0.285   0.330   0.358   0.390   0.422
 2008 204    52   337   250     49     70    195     1   120    86    0.00   0.0   0.0   0.00   0.390   0.305   0.333   0.357   0.384   0.420
 2008 205    53   335   248     49     70    195     1   120    86    0.00   0.0   0.0   0.00   0.345   0.312   0.337   0.357   0.377   0.419
 2008 206    54   331   244     49     71    195     1   120    87    0.00   0.0   0.0   0.00   0.298   0.312   0.338   0.356   0.370   0.416
 2008 207    55   336   249     49     71    202     1   120    87    0.00   0.0   0.0   0.02   0.450   0.307   0.337   0.357   0.366   0.414
 2008 208    56   331   244     49     71    202     1   120    88    0.00   0.0   0.0   0.00   0.391   0.312   0.336   0.354   0.362   0.410
 2008 209    57   325   238     49     71    202     1   120    89    0.00   0.0   0.0   0.00   0.332   0.309   0.334   0.349   0.358   0.404
 2008 210    58   319   232     49     71    202     1   120    90    0.00   0.0   0.0   0.00   0.279   0.307   0.332   0.346   0.357   0.399
 2008 211    59   315   228     49     71    202     1   120    90    0.00   0.0   0.0   0.00   0.286   0.289   0.325   0.342   0.355   0.393
 2008 212    60   310   223     49     71    202     1   120    90    0.00   0.0   0.0   0.00   0.268   0.283   0.319   0.339   0.353   0.388
 2008 213    61   307   220     49     71    202     1   120    90    0.00   0.0   0.0   0.00   0.265   0.276   0.315   0.337   0.351   0.384
 2008 214    62   302   215     49     71    202     1   120    90    0.00   0.0   0.0   0.00   0.253   0.269   0.309   0.333   0.347   0.380
 2008 215    63   296   209     49     71    202     1   120    90    0.00   0.0   0.0   0.00   0.239   0.258   0.301   0.328   0.343   0.374
 2008 216    64   289   202     49     71    202     1   120    90    0.00   0.0   0.0   0.00   0.223   0.247   0.292   0.321   0.338   0.368
 2008 217    65   282   195     49     71    202     1   120    90    0.00   0.0   0.0   0.00   0.208   0.236   0.284   0.315   0.333   0.361
 2008 218    66   277   190     49     71    202     1   120    90    0.00   0.0   0.0   0.00   0.199   0.227   0.277   0.310   0.329   0.356
 2008 219    67   272   185     49     71    202     1   120    90    0.00   0.0   0.0   0.00   0.190   0.220   0.272   0.306   0.325   0.351
 2008 220    68   270   183     49     71    202     1   120    90    0.00   0.0   0.0   0.00   0.190   0.217   0.269   0.304   0.324   0.348
 2008 221    69   267   180     49     71    202     1   120    90    0.00   0.0   0.0   0.00   0.186   0.212   0.266   0.302   0.321   0.345
 2008 222    70   262   175     49     71    202     1   120    90    0.00   0.0   0.0   0.00   0.176   0.205   0.260   0.297   0.317   0.340
 2008 223    71   257   170     49     71    202     1   120    90    0.00   0.0   0.0   0.00   0.165   0.197   0.254   0.292   0.313   0.335
 2008 224    72   252   165     49     71    202     1   120    90    0.00   0.0   0.0   0.00   0.154   0.189   0.247   0.287   0.308   0.330
 2008 225    73   245   158     49     71    202     1   120    90    0.00   0.0   0.0   0.00   0.138   0.179   0.240   0.281   0.303   0.324
 2008 226    74   241   154     49     71    202     1   120    90    0.00   0.0   0.0   0.00   0.129   0.172   0.234   0.276   0.299   0.319
 2008 227    75   253   166     49     71    218     1   120    90    0.00   0.0   0.0   0.07   0.429   0.170   0.231   0.274   0.296   0.315
 2008 228    76   251   164     49     71    218     1   120    90    0.00   0.0   0.0   0.00   0.376   0.189   0.228   0.271   0.294   0.312
 2008 229    77   247   160     49     71    218     1   120    90    0.00   0.0   0.0   0.00   0.318   0.206   0.225   0.268   0.291   0.309
 2008 230    78   266   179     53     71    245     1   120    90    0.00   0.0   0.0   4.44   0.405   0.377   0.225   0.265   0.289   0.305
 2008 231    79   262   175     53     71    245     1   120    90    0.00   0.0   0.0   0.00   0.388   0.351   0.235   0.262   0.285   0.301
 2008 232    80   258   171     53     71    245     1   120    90    0.00   0.0   0.0   0.00   0.372   0.326   0.244   0.259   0.282   0.297
 2008 233    81   255   168     53     71    245     1   120    90    0.00   0.0   0.0   0.00   0.354   0.308   0.252   0.258   0.280   0.294
 2008 234    82   250   163     53     71    245     1   120    90    0.00   0.0   0.0   0.00   0.308   0.299   0.256   0.255   0.276   0.290
 2008 235    83   247   160     53     71    245     1   120    90    0.00   0.0   0.0   0.00   0.287   0.287   0.258   0.254   0.273   0.286
 2008 236    84   242   155     53     71    245     1   120    90    0.00   0.0   0.0   0.00   0.272   0.272   0.257   0.251   0.270   0.282
 2008 237    85   239   152     53     71    245     1   120    90    0.00   0.0   0.0   0.00   0.262   0.262   0.256   0.250   0.268   0.279
 2008 238    86   236   149     53     71    245     1   120    90    0.00   0.0   0.0   0.00   0.252   0.254   0.254   0.249   0.266   0.276
 2008 239    87   234   147     53     71    245     1   120    90    0.00   0.0   0.0   0.00   0.246   0.248   0.253   0.249   0.264   0.274
 2008 240    88   244   157     53     71    256     1   120    90    0.00   0.0   0.0   0.07   0.450   0.252   0.252   0.249   0.264   0.273
 2008 241    89   240   153     53     71    256     1   120    90    0.00   0.0   0.0   0.00   0.379   0.268   0.250   0.247   0.261   0.269
 2008 242    90   237   150     53     71    256     1   120    90    0.00   0.0   0.0   0.00   0.316   0.279   0.251   0.245   0.258   0.266
 2008 243    91   233   146     53     71    256     1   120    90    0.00   0.0   0.0   0.00   0.273   0.280   0.253   0.243   0.256   0.263
 2008 244    92   233   146     53     71    258     1   120    90    0.00   0.0   0.0   0.00   0.301   0.269   0.254   0.243   0.255   0.261
 2008 245    93   230   143     53     71    258     1   120    90    0.00   0.0   0.0   0.00   0.273   0.269   0.254   0.242   0.253   0.259
 2008 246    94   227   140     53     71    258     1   120    90    0.00   0.0   0.0   0.00   0.258   0.260   0.252   0.240   0.251   0.255
 2008 247    95   222   135     53     71    258     1   120    90    0.00   0.0   0.0   0.00   0.241   0.248   0.248   0.237   0.247   0.251
 2008 248    96   221   134     53     71    259     1   120    90    0.00   0.0   0.0   0.00   0.263   0.241   0.245   0.236   0.246   0.249
 2008 249    97   232   145     53     71    272     1   120    90    0.00   0.0   0.0   0.17   0.441   0.266   0.245   0.236   0.245   0.248
 2008 250    98   229   142     53     71    272     1   120    90    0.00   0.0   0.0   0.00   0.374   0.280   0.246   0.235   0.243   0.245
 2008 251    99   225   138     53     71    272     1   120    90    0.00   0.0   0.0   0.00   0.310   0.286   0.248   0.233   0.240   0.242
 2008 252   100   235   148     54     71    285     1   120    90    0.00   0.0   0.0   0.54   0.423   0.334   0.250   0.232   0.239   0.239
 2008 253   101   231   144     54     71    285     1   120    90    0.00   0.0   0.0   0.00   0.406   0.311   0.259   0.231   0.237   0.237
 2008 254   102   227   140     54     71    285     1   120    90    0.00   0.0   0.0   0.00   0.358   0.303   0.263   0.230   0.234   0.233
 2008 255   103   226   139     54     71    285     1   120    90    0.00   0.0   0.0   0.00   0.318   0.302   0.269   0.231   0.233   0.232
 2008 256   104   223   136     54     71    285     1   120    90    0.00   0.0   0.0   0.00   0.286   0.294   0.271   0.231   0.231   0.229
 2008 257   105   217   130     54     71    285     1   120    90    0.00   0.0   0.0   0.00   0.266   0.275   0.268   0.229   0.228   0.225
 2008 258   106   214   127     54     71    285     1   120    90    0.00   0.0   0.0   0.00   0.256   0.264   0.265   0.228   0.226   0.223
 2008 259   107   209   122     54     71    285     1   120    90    0.00   0.0   0.0   0.00   0.238   0.253   0.260   0.226   0.224   0.219
 2008 260   108   204   117     54     71    285     1   120    90    0.00   0.0   0.0   0.00   0.212   0.240   0.253   0.223   0.220   0.215
 2008 261   109   207   120     54     71    290     1   120    90    0.00   0.0   0.0   0.00   0.319   0.233   0.250   0.223   0.220   0.213
 2008 262   110   203   116     54     71    290     1   120    90    0.00   0.0   0.0   0.00   0.252   0.245   0.246   0.221   0.217   0.210
 2008 263   111   200   113     54     71    290     1   120    90    0.00   0.0   0.0   0.00   0.230   0.240   0.243   0.220   0.216   0.208
 2008 264   112   196   109     54     71    290     1   120    90    0.00   0.0   0.0   0.00   0.211   0.233   0.239   0.218   0.214   0.205
 2008 265   113   195   108     54     71    290     1   120    90    0.00   0.0   0.0   0.00   0.209   0.227   0.238   0.218   0.214   0.205
 2008 266   114   191   104     54     71    290     1   120    90    0.00   0.0   0.0   0.00   0.182   0.219   0.234   0.216   0.212   0.202
 2008 267   115   187   100     54     71    290     1   120    90    0.00   0.0   0.0   0.00   0.164   0.211   0.229   0.214   0.210   0.199
 2008 268   116   183    96     54     71    290     1   120    90    0.00   0.0   0.0   0.00   0.140   0.202   0.225   0.212   0.208   0.197
