*SOIL-PLANT-ATMOSPHERE MODULE OUTPUT FILE

*DSSAT Cropping System Model Ver. 4.8.0.024 -stable  SEP 25, 2026 04:14:07

*RUN   1        : Sim2008                   MZCER048 fileX.MZ    1
 MODEL          : MZCER048 - Maize
 EXPERIMENT     : fileX.MZ    CNYC
 DATA PATH      :
 TREATMENT  1   : Sim2008                   MZCER048
  
@YEAR DOY   DAS   SRAA  TMAXA  TMINA    REFA    EOAA    EOPA    EOSA    ETAA    EPAA    ESAA    EFAA    EMAA    EOAC    ETAC    EPAC    ESAC    EFAC    EMAC    KCAA    KBSA    KEAA
 2008 153     1  19.99  36.76  18.89 -99.000   6.323   0.000   6.323   5.594   0.000   5.594   0.000   0.000    6.32    5.59    0.00    5.59    0.00    0.00 -99.000 -99.000 -99.000 
 2008 154     2  21.05  37.48  19.01 -99.000   6.769   0.000   6.769   2.573   0.000   2.573   0.000   0.000   13.09    8.17    0.00    8.17    0.00    0.00 -99.000 -99.000 -99.000 
 2008 155     3  20.75  33.23  23.05 -99.000   5.899   0.000   5.899   1.402   0.000   1.402   0.000   0.000   18.99    9.57    0.00    9.57    0.00    0.00 -99.000 -99.000 -99.000 
 2008 156     4  19.11  34.30  19.01 -99.000   5.343   0.000   5.343   1.091   0.000   1.091   0.000   0.000   24.33   10.66    0.00   10.66    0.00    0.00 -99.000 -99.000 -99.000 
 2008 157     5  21.84  34.42  21.87 -99.000   6.235   0.000   6.235   0.925   0.000   0.925   0.000   0.000   30.57   11.58    0.00   11.58    0.00    0.00 -99.000 -99.000 -99.000 
 2008 158     6  20.96  35.55  22.57 -99.000   6.234   0.000   6.234   0.817   0.000   0.817   0.000   0.000   36.80   12.40    0.00   12.40    0.00    0.00 -99.000 -99.000 -99.000 
 2008 159     7  26.56  33.25  20.04 -99.000   7.398   0.000   7.398   0.740   0.000   0.740   0.000   0.000   44.20   13.14    0.00   13.14    0.00    0.00 -99.000 -99.000 -99.000 
 2008 160     8   6.66  20.32  19.87 -99.000   1.599   0.000   1.599   0.862   0.000   0.862   0.000   0.000   45.80   14.01    0.00   14.01    0.00    0.00 -99.000 -99.000 -99.000 
 2008 161     9  11.37  20.63  16.71 -99.000   2.670   0.000   2.670   2.670   0.000   2.670   0.000   0.000   48.47   16.68    0.00   16.68    0.00    0.00 -99.000 -99.000 -99.000 
 2008 162    10  18.75  29.89  16.35 -99.000   5.108   0.000   5.108   4.397   0.000   4.397   0.000   0.000   53.58   21.07    0.00   21.07    0.00    0.00 -99.000 -99.000 -99.000 
 2008 163    11  25.91  36.32  19.55 -99.000   8.002   0.000   8.002   7.201   0.000   7.201   0.000   0.000   61.58   28.27    0.00   28.27    0.00    0.00 -99.000 -99.000 -99.000 
 2008 164    12  19.64  36.02  20.75 -99.000   6.067   0.000   6.067   2.499   0.000   2.499   0.000   0.000   67.65   30.77    0.00   30.77    0.00    0.00 -99.000 -99.000 -99.000 
 2008 165    13  10.06  31.48  20.60 -99.000   2.812   0.000   2.812   1.393   0.000   1.393   0.000   0.000   70.46   32.17    0.00   32.17    0.00    0.00 -99.000 -99.000 -99.000 
 2008 166    14  13.06  31.94  18.05 -99.000   3.616   0.000   3.616   1.087   0.000   1.087   0.000   0.000   74.08   33.25    0.00   33.25    0.00    0.00 -99.000 -99.000 -99.000 
 2008 167    15   7.16  33.01  21.28 -99.000   2.054   0.000   2.054   2.054   0.000   2.054   0.000   0.000   76.13   35.31    0.00   35.31    0.00    0.00 -99.000 -99.000 -99.000 
 2008 168    16  12.47  30.50  21.90 -99.000   3.572   0.000   3.572   3.572   0.000   3.572   0.000   0.000   79.70   38.88    0.00   38.88    0.00    0.00 -99.000 -99.000 -99.000 
 2008 169    17  19.73  34.06  21.47 -99.000   5.809   0.000   5.809   4.457   0.000   4.457   0.000   0.000   85.51   43.33    0.00   43.33    0.00    0.00 -99.000 -99.000 -99.000 
 2008 170    18   8.83  28.34  20.81 -99.000   2.393   0.000   2.393   2.117   0.000   2.117   0.000   0.000   87.90   45.45    0.00   45.45    0.00    0.00 -99.000 -99.000 -99.000 
 2008 171    19  17.15  31.30  21.02 -99.000   4.804   0.000   4.804   1.304   0.000   1.304   0.000   0.000   92.71   46.76    0.00   46.76    0.00    0.00 -99.000 -99.000 -99.000 
 2008 172    20  15.26  33.88  19.72 -99.000   4.364   0.000   4.364   1.043   0.000   1.043   0.000   0.000   97.07   47.80    0.00   47.80    0.00    0.00 -99.000 -99.000 -99.000 
 2008 173    21  22.57  35.26  22.63 -99.000   6.767   0.000   6.767   0.895   0.000   0.895   0.000   0.000  103.84   48.69    0.00   48.69    0.00    0.00 -99.000 -99.000 -99.000 
 2008 174    22  22.99  30.94  19.51 -99.000   6.372   0.000   6.372   0.882   0.000   0.882   0.000   0.000  110.21   49.58    0.00   49.58    0.00    0.00 -99.000 -99.000 -99.000 
 2008 175    23  16.35  30.87  19.60 -99.000   4.552   0.000   4.552   0.919   0.000   0.919   0.000   0.000  114.76   50.49    0.00   50.49    0.00    0.00 -99.000 -99.000 -99.000 
 2008 176    24  28.20  33.55  19.85 -99.000   8.062   0.024   8.038   0.766   0.024   0.742   0.000   0.000  122.83   51.26    0.02   51.24    0.00    0.00 -99.000 -99.000 -99.000 
 2008 177    25  21.79  36.21  22.70 -99.000   6.881   0.045   6.836   0.728   0.045   0.683   0.000   0.000  129.71   51.99    0.07   51.92    0.00    0.00 -99.000 -99.000 -99.000 
 2008 178    26  17.22  34.93  23.08 -99.000   5.097   0.056   5.040   0.693   0.056   0.636   0.000   0.000  134.80   52.68    0.13   52.56    0.00    0.00 -99.000 -99.000 -99.000 
 2008 179    27  17.46  40.23  27.85 -99.000   6.934   0.184   6.749   0.782   0.184   0.598   0.000   0.000  141.74   53.46    0.31   53.15    0.00    0.00 -99.000 -99.000 -99.000 
 2008 180    28  10.00  37.96  25.14 -99.000   3.488   0.170   3.317   3.488   0.170   3.317   0.000   0.000  145.23   56.95    0.48   56.47    0.00    0.00 -99.000 -99.000 -99.000 
 2008 181    29   6.98  34.63  24.39 -99.000   2.089   0.131   1.958   2.088   0.131   1.958   0.000   0.000  147.31   59.04    0.61   58.43    0.00    0.00 -99.000 -99.000 -99.000 
 2008 182    30   6.66  28.43  20.65 -99.000   1.821   0.133   1.688   1.821   0.133   1.688   0.000   0.000  149.14   60.86    0.74   60.12    0.00    0.00 -99.000 -99.000 -99.000 
 2008 183    31   9.62  25.56  21.65 -99.000   2.549   0.214   2.334   2.548   0.214   2.334   0.000   0.000  151.69   63.41    0.96   62.45    0.00    0.00 -99.000 -99.000 -99.000 
 2008 184    32  18.54  23.41  19.44 -99.000   4.718   0.447   4.269   4.715   0.447   4.269   0.000   0.000  156.40   68.12    1.40   66.72    0.00    0.00 -99.000 -99.000 -99.000 
 2008 185    33  15.97  29.83  20.98 -99.000   4.383   0.458   3.922   3.504   0.458   3.046   0.000   0.000  160.79   71.63    1.86   69.76    0.00    0.00 -99.000 -99.000 -99.000 
 2008 186    34  25.83  25.81  17.40 -99.000   6.505   0.773   5.727   6.500   0.773   5.727   0.000   0.000  167.29   78.13    2.63   75.49    0.00    0.00 -99.000 -99.000 -99.000 
 2008 187    35  32.76  36.00  19.62 -99.000   9.845   1.307   8.532   6.535   1.307   5.228   0.000   0.000  177.14   84.66    3.94   80.72    0.00    0.00 -99.000 -99.000 -99.000 
 2008 188    36  29.31  36.02  19.23 -99.000   8.599   1.381   7.211   2.493   1.381   1.111   0.000   0.000  185.74   87.15    5.32   81.83    0.00    0.00 -99.000 -99.000 -99.000 
 2008 189    37  17.80  30.60  21.53 -99.000   4.805   0.994   3.806   1.931   0.994   0.937   0.000   0.000  190.54   89.09    6.32   82.77    0.00    0.00 -99.000 -99.000 -99.000 
 2008 190    38  31.04  32.11  22.13 -99.000   8.510   2.148   6.351   3.585   2.148   1.437   0.000   0.000  199.05   92.67    8.46   84.21    0.00    0.00 -99.000 -99.000 -99.000 
 2008 191    39  23.09  33.97  21.77 -99.000   6.398   1.973   4.415   6.388   1.973   4.415   0.000   0.000  205.45   99.06   10.44   88.62    0.00    0.00 -99.000 -99.000 -99.000 
 2008 192    40  23.71  32.00  20.09 -99.000   6.319   2.322   3.985   5.347   2.322   3.025   0.000   0.000  211.77  104.41   12.76   91.65    0.00    0.00 -99.000 -99.000 -99.000 
 2008 193    41   9.79  30.36  20.56 -99.000   2.530   1.068   1.456   2.525   1.068   1.456   0.000   0.000  214.30  106.93   13.83   93.10    0.00    0.00 -99.000 -99.000 -99.000 
 2008 194    42  14.98  37.39  23.79 -99.000   4.759   2.164   2.585   4.749   2.164   2.585   0.000   0.000  219.05  111.68   15.99   95.69    0.00    0.00 -99.000 -99.000 -99.000 
 2008 195    43  21.45  31.73  24.34 -99.000   5.731   2.923   2.794   5.717   2.923   2.794   0.000   0.000  224.79  117.40   18.91   98.48    0.00    0.00 -99.000 -99.000 -99.000 
 2008 196    44   7.57  26.70  23.17 -99.000   1.887   1.059   0.823   1.882   1.059   0.823   0.000   0.000  226.67  119.28   19.97   99.30    0.00    0.00 -99.000 -99.000 -99.000 
 2008 197    45  27.87  30.53  21.32 -99.000   7.105   4.196   2.886   7.083   4.196   2.886   0.000   0.000  233.78  126.36   24.17  102.19    0.00    0.00 -99.000 -99.000 -99.000 
 2008 198    46  24.17  33.29  22.49 -99.000   6.328   3.945   2.364   5.411   3.945   1.466   0.000   0.000  240.11  131.77   28.11  103.66    0.00    0.00 -99.000 -99.000 -99.000 
 2008 199    47  15.25  37.26  22.99 -99.000   4.563   3.037   1.513   4.550   3.037   1.513   0.000   0.000  244.67  136.32   31.15  105.17    0.00    0.00 -99.000 -99.000 -99.000 
 2008 200    48   9.95  34.96  27.12 -99.000   2.693   1.902   0.783   2.685   1.902   0.783   0.000   0.000  247.36  139.01   33.05  105.95    0.00    0.00 -99.000 -99.000 -99.000 
 2008 201    49  22.13  35.79  26.93 -99.000   6.269   4.583   1.667   6.249   4.583   1.667   0.000   0.000  253.63  145.26   37.64  107.62    0.00    0.00 -99.000 -99.000 -99.000 
 2008 202    50  14.28  37.95  24.48 -99.000   4.421   3.371   1.036   4.407   3.371   1.036   0.000   0.000  258.05  149.66   41.01  108.66    0.00    0.00 -99.000 -99.000 -99.000 
 2008 203    51  15.01  38.49  26.28 -99.000   4.805   3.771   1.018   4.789   3.771   1.018   0.000   0.000  262.86  154.45   44.78  109.67    0.00    0.00 -99.000 -99.000 -99.000 
 2008 204    52  13.84  35.10  25.04 -99.000   3.669   2.946   0.710   3.656   2.946   0.710   0.000   0.000  266.53  158.11   47.72  110.38    0.00    0.00 -99.000 -99.000 -99.000 
 2008 205    53  13.78  34.34  23.85 -99.000   3.581   2.926   0.641   3.567   2.926   0.641   0.000   0.000  270.11  161.68   50.65  111.02    0.00    0.00 -99.000 -99.000 -99.000 
 2008 206    54  10.36  31.73  25.30 -99.000   2.638   2.196   0.431   2.628   2.196   0.431   0.000   0.000  272.75  164.30   52.85  111.46    0.00    0.00 -99.000 -99.000 -99.000 
 2008 207    55  11.37  34.81  24.27 -99.000   2.958   2.494   0.453   2.947   2.494   0.453   0.000   0.000  275.70  167.25   55.34  111.91    0.00    0.00 -99.000 -99.000 -99.000 
 2008 208    56   6.37  32.59  26.56 -99.000   1.644   1.402   0.235   1.637   1.402   0.235   0.000   0.000  277.35  168.89   56.74  112.14    0.00    0.00 -99.000 -99.000 -99.000 
 2008 209    57  16.56  34.39  25.71 -99.000   4.327   3.713   0.597   4.310   3.713   0.597   0.000   0.000  281.68  173.20   60.46  112.74    0.00    0.00 -99.000 -99.000 -99.000 
 2008 210    58  12.57  29.39  23.24 -99.000   3.058   2.657   0.387   3.044   2.657   0.387   0.000   0.000  284.73  176.24   63.11  113.13    0.00    0.00 -99.000 -99.000 -99.000 
 2008 211    59  19.98  32.50  22.60 -99.000   4.992   4.376   0.594   4.970   4.376   0.594   0.000   0.000  289.73  181.21   67.49  113.72    0.00    0.00 -99.000 -99.000 -99.000 
 2008 212    60  31.22  28.51  19.60 -99.000   7.287   6.531   0.720   7.251   6.531   0.720   0.000   0.000  297.01  188.46   74.02  114.44    0.00    0.00 -99.000 -99.000 -99.000 
 2008 213    61  11.99  27.85  22.10 -99.000   2.824   2.569   0.242   2.810   2.569   0.242   0.000   0.000  299.84  191.27   76.59  114.68    0.00    0.00 -99.000 -99.000 -99.000 
 2008 214    62  19.66  32.78  19.71 -99.000   4.799   4.388   0.388   4.776   4.388   0.388   0.000   0.000  304.64  196.05   80.98  115.07    0.00    0.00 -99.000 -99.000 -99.000 
 2008 215    63  12.91  29.55  19.86 -99.000   3.043   2.798   0.230   3.028   2.798   0.230   0.000   0.000  307.68  199.08   83.78  115.30    0.00    0.00 -99.000 -99.000 -99.000 
 2008 216    64  23.38  26.97  18.98 -99.000   5.314   4.905   0.381   5.286   4.905   0.381   0.000   0.000  312.99  204.36   88.68  115.68    0.00    0.00 -99.000 -99.000 -99.000 
 2008 217    65  18.67  28.93  17.22 -99.000   4.279   3.968   0.289   4.256   3.968   0.289   0.000   0.000  317.27  208.62   92.65  115.97    0.00    0.00 -99.000 -99.000 -99.000 
 2008 218    66  15.42  28.22  19.09 -99.000   3.553   3.309   0.225   3.534   3.309   0.225   0.000   0.000  320.82  212.15   95.96  116.20    0.00    0.00 -99.000 -99.000 -99.000 
 2008 219    67  21.35  28.91  17.38 -99.000   4.891   4.570   0.295   4.865   4.570   0.295   0.000   0.000  325.72  217.02  100.53  116.49    0.00    0.00 -99.000 -99.000 -99.000 
 2008 220    68  13.33  25.03  17.65 -99.000   2.924   2.740   0.167   2.907   2.740   0.167   0.000   0.000  328.64  219.93  103.27  116.66    0.00    0.00 -99.000 -99.000 -99.000 
 2008 221    69  27.38  31.07  18.76 -99.000   6.489   6.099   0.357   6.456   6.099   0.357   0.000   0.000  335.13  226.38  109.37  117.02    0.00    0.00 -99.000 -99.000 -99.000 
 2008 222    70  28.83  30.63  19.03 -99.000   6.810   6.418   0.356   6.775   6.418   0.356   0.000   0.000  341.94  233.16  115.78  117.37    0.00    0.00 -99.000 -99.000 -99.000 
 2008 223    71  16.42  26.54  21.70 -99.000   3.778   3.570   0.189   3.758   3.570   0.189   0.000   0.000  345.72  236.92  119.35  117.56    0.00    0.00 -99.000 -99.000 -99.000 
 2008 224    72  23.86  31.99  20.38 -99.000   5.770   5.464   0.277   5.742   5.464   0.277   0.000   0.000  351.49  242.66  124.82  117.84    0.00    0.00 -99.000 -99.000 -99.000 
 2008 225    73  18.02  29.60  21.21 -99.000   4.270   4.052   0.197   4.248   4.052   0.197   0.000   0.000  355.76  246.91  128.87  118.04    0.00    0.00 -99.000 -99.000 -99.000 
 2008 226    74  22.43  30.49  20.54 -99.000   5.340   5.078   0.236   5.313   5.078   0.236   0.000   0.000  361.10  252.22  133.95  118.27    0.00    0.00 -99.000 -99.000 -99.000 
 2008 227    75  23.05  31.07  21.79 -99.000   5.569   5.306   0.236   5.541   5.306   0.236   0.000   0.000  366.67  257.76  139.25  118.51    0.00    0.00 -99.000 -99.000 -99.000 
 2008 228    76  21.92  31.66  23.62 -99.000   5.399   5.124   0.250   5.374   5.124   0.250   0.000   0.000  372.06  263.13  144.38  118.76    0.00    0.00 -99.000 -99.000 -99.000 
 2008 229    77   7.41  29.98  22.33 -99.000   1.777   1.685   0.084   1.768   1.685   0.084   0.000   0.000  373.84  264.90  146.06  118.84    0.00    0.00 -99.000 -99.000 -99.000 
 2008 230    78  10.23  29.96  21.49 -99.000   2.439   2.310   0.116   2.427   2.310   0.116   0.000   0.000  376.28  267.33  148.37  118.96    0.00    0.00 -99.000 -99.000 -99.000 
 2008 231    79  19.52  29.81  20.39 -99.000   4.611   4.364   0.223   4.587   4.364   0.223   0.000   0.000  380.89  271.92  152.74  119.18    0.00    0.00 -99.000 -99.000 -99.000 
 2008 232    80  17.15  32.67  25.33 -99.000   4.322   4.091   0.212   4.303   4.091   0.212   0.000   0.000  385.21  276.22  156.83  119.39    0.00    0.00 -99.000 -99.000 -99.000 
 2008 233    81  12.29  31.05  25.14 -99.000   3.043   2.877   0.152   3.029   2.877   0.152   0.000   0.000  388.26  279.25  159.70  119.54    0.00    0.00 -99.000 -99.000 -99.000 
 2008 234    82  12.46  30.01  22.00 -99.000   2.982   2.816   0.151   2.968   2.816   0.151   0.000   0.000  391.24  282.22  162.52  119.70    0.00    0.00 -99.000 -99.000 -99.000 
 2008 235    83   7.53  29.15  21.75 -99.000   1.784   1.683   0.092   1.775   1.683   0.092   0.000   0.000  393.02  283.99  164.20  119.79    0.00    0.00 -99.000 -99.000 -99.000 
 2008 236    84  10.11  29.08  21.11 -99.000   2.381   2.245   0.124   2.369   2.245   0.124   0.000   0.000  395.40  286.36  166.45  119.91    0.00    0.00 -99.000 -99.000 -99.000 
 2008 237    85  15.38  30.60  21.60 -99.000   3.698   3.474   0.206   3.680   3.474   0.206   0.000   0.000  399.10  290.04  169.92  120.12    0.00    0.00 -99.000 -99.000 -99.000 
 2008 238    86  15.41  29.28  20.76 -99.000   3.631   3.408   0.205   3.613   3.408   0.205   0.000   0.000  402.73  293.65  173.33  120.32    0.00    0.00 -99.000 -99.000 -99.000 
 2008 239    87  14.97  30.32  23.06 -99.000   3.625   3.401   0.207   3.608   3.401   0.207   0.000   0.000  406.36  297.26  176.73  120.53    0.00    0.00 -99.000 -99.000 -99.000 
 2008 240    88  15.36  30.37  24.05 -99.000   3.749   3.513   0.218   3.731   3.513   0.218   0.000   0.000  410.11  300.99  180.24  120.75    0.00    0.00 -99.000 -99.000 -99.000 
 2008 241    89  13.68  32.17  23.72 -99.000   3.395   3.178   0.202   3.380   3.178   0.202   0.000   0.000  413.50  304.37  183.42  120.95    0.00    0.00 -99.000 -99.000 -99.000 
 2008 242    90  20.27  33.61  25.69 -99.000   5.176   4.838   0.315   5.153   4.838   0.315   0.000   0.000  418.68  309.52  188.26  121.26    0.00    0.00 -99.000 -99.000 -99.000 
 2008 243    91   5.51  25.31  23.60 -99.000   1.270   1.183   0.080   1.263   1.183   0.080   0.000   0.000  419.95  310.79  189.44  121.34    0.00    0.00 -99.000 -99.000 -99.000 
 2008 244    92  16.02  28.15  18.71 -99.000   3.675   3.418   0.237   3.655   3.418   0.237   0.000   0.000  423.62  314.44  192.86  121.58    0.00    0.00 -99.000 -99.000 -99.000 
 2008 245    93  11.00  28.33  18.70 -99.000   2.528   2.347   0.168   2.515   2.347   0.168   0.000   0.000  426.15  316.96  195.21  121.75    0.00    0.00 -99.000 -99.000 -99.000 
 2008 246    94   7.37  24.87  17.92 -99.000   1.623   1.502   0.111   1.614   1.502   0.111   0.000   0.000  427.77  318.57  196.71  121.86    0.00    0.00 -99.000 -99.000 -99.000 
 2008 247    95   9.73  23.60  16.39 -99.000   2.084   1.924   0.147   2.072   1.924   0.147   0.000   0.000  429.86  320.64  198.63  122.01    0.00    0.00 -99.000 -99.000 -99.000 
 2008 248    96   8.44  23.23  15.98 -99.000   1.795   1.654   0.131   1.785   1.654   0.131   0.000   0.000  431.65  322.43  200.29  122.14    0.00    0.00 -99.000 -99.000 -99.000 
 2008 249    97  15.39  27.59  12.53 -99.000   3.357   3.086   0.251   3.337   3.086   0.251   0.000   0.000  435.01  325.76  203.37  122.39    0.00    0.00 -99.000 -99.000 -99.000 
 2008 250    98  21.61  27.15   8.16 -99.000   4.525   4.146   0.350   4.496   4.146   0.350   0.000   0.000  439.53  330.26  207.52  122.74    0.00    0.00 -99.000 -99.000 -99.000 
 2008 251    99   9.52  18.80   6.10 -99.000   1.754   1.601   0.139   1.741   1.601   0.139   0.000   0.000  441.29  332.00  209.12  122.88    0.00    0.00 -99.000 -99.000 -99.000 
 2008 252   100  10.59  24.09  12.48 -99.000   2.214   2.022   0.179   2.200   2.022   0.179   0.000   0.000  443.50  334.20  211.14  123.06    0.00    0.00 -99.000 -99.000 -99.000 
 2008 253   101  10.03  23.78  16.48 -99.000   2.159   1.967   0.180   2.147   1.967   0.180   0.000   0.000  445.66  336.35  213.11  123.24    0.00    0.00 -99.000 -99.000 -99.000 
 2008 254   102  19.50  29.61  15.56 -99.000   4.464   4.054   0.386   4.440   4.054   0.386   0.000   0.000  450.13  340.79  217.16  123.63    0.00    0.00 -99.000 -99.000 -99.000 
 2008 255   103  11.70  29.32  14.85 -99.000   2.657   2.400   0.242   2.642   2.400   0.242   0.000   0.000  452.78  343.43  219.56  123.87    0.00    0.00 -99.000 -99.000 -99.000 
 2008 256   104  14.74  30.33  16.91 -99.000   3.441   3.094   0.330   3.423   3.094   0.330   0.000   0.000  456.22  346.85  222.66  124.20    0.00    0.00 -99.000 -99.000 -99.000 
 2008 257   105  16.50  33.37  18.74 -99.000   4.038   3.608   0.411   4.019   3.608   0.411   0.000   0.000  460.26  350.87  226.26  124.61    0.00    0.00 -99.000 -99.000 -99.000 
 2008 258   106  12.51  29.88  17.08 -99.000   2.914   2.579   0.320   2.900   2.579   0.320   0.000   0.000  463.18  353.77  228.84  124.93    0.00    0.00 -99.000 -99.000 -99.000 
 2008 259   107  17.21  29.92  15.72 -99.000   3.975   3.486   0.468   3.954   3.486   0.468   0.000   0.000  467.15  357.73  232.33  125.40    0.00    0.00 -99.000 -99.000 -99.000 
 2008 260   108  17.03  32.34  18.94 -99.000   4.140   3.598   0.523   4.121   3.598   0.523   0.000   0.000  471.29  361.85  235.93  125.92    0.00    0.00 -99.000 -99.000 -99.000 
 2008 261   109  15.11  30.80  17.74 -99.000   3.587   3.074   0.496   3.570   3.074   0.496   0.000   0.000  474.88  365.42  239.00  126.42    0.00    0.00 -99.000 -99.000 -99.000 
 2008 262   110  13.84  29.74  18.26 -99.000   3.264   2.756   0.492   3.248   2.756   0.492   0.000   0.000  478.14  368.66  241.76  126.91    0.00    0.00 -99.000 -99.000 -99.000 
 2008 263   111  16.21  32.08  18.05 -99.000   3.922   3.256   0.648   3.904   3.256   0.648   0.000   0.000  482.06  372.57  245.01  127.56    0.00    0.00 -99.000 -99.000 -99.000 
 2008 264   112  15.78  28.73  14.72 -99.000   3.599   2.922   0.659   3.581   2.922   0.659   0.000   0.000  485.66  376.15  247.93  128.21    0.00    0.00 -99.000 -99.000 -99.000 
 2008 265   113  14.41  25.88  15.99 -99.000   3.216   2.557   0.643   3.200   2.557   0.643   0.000   0.000  488.88  379.35  250.49  128.86    0.00    0.00 -99.000 -99.000 -99.000 
 2008 266   114  19.63  29.02  12.56 -99.000   4.437   3.448   0.967   4.109   3.448   0.661   0.000   0.000  493.32  383.46  253.94  129.52    0.00    0.00 -99.000 -99.000 -99.000 
 2008 267   115  12.08  26.44  15.16 -99.000   2.710   2.052   0.645   2.697   2.052   0.645   0.000   0.000  496.03  386.16  255.99  130.16    0.00    0.00 -99.000 -99.000 -99.000 
 2008 268   116   9.91  24.25  13.19 -99.000   2.139   1.569   0.559   2.128   1.569   0.559   0.000   0.000  498.16  388.28  257.56  130.72    0.00    0.00 -99.000 -99.000 -99.000 
 2008 269   117   9.48  23.47  12.01 -99.000   2.013   1.433   0.570   2.003   1.433   0.570   0.000   0.000  500.18  390.29  258.99  131.29    0.00    0.00 -99.000 -99.000 -99.000 
 2008 270   118   7.92  21.75  11.95 -99.000   1.644   1.170   0.466   1.636   1.170   0.466   0.000   0.000  501.82  391.92  260.16  131.76    0.00    0.00 -99.000 -99.000 -99.000 
 2008 271   119  14.48  26.40  13.17 -99.000   3.215   2.290   0.910   3.200   2.290   0.910   0.000   0.000  505.04  395.12  262.45  132.67    0.00    0.00 -99.000 -99.000 -99.000 
 2008 272   120  22.41  24.96  10.68 -99.000   4.788   3.408   1.355   4.764   3.408   1.355   0.000   0.000  509.82  399.89  265.86  134.02    0.00    0.00 -99.000 -99.000 -99.000 
