*GHG emissions output file

*DSSAT Cropping System Model Ver. 4.8.0.024 -stable  SEP 25, 2026 04:14:07

*RUN   1        : Sim2008                   MZCER048 fileX.MZ    1
 MODEL          : MZCER048 - Maize
 EXPERIMENT     : fileX.MZ    CNYC
 DATA PATH      :
 TREATMENT  1   : Sim2008                   MZCER048
  
!               |------ Daily (g/ha) -----|--- Cumulative (kg/ha) ---|---- Cum CO2-equiv kg[CO2eq]/ha ---|
!                    CO2      N2O      CH4      CO2      N2O      CH4      CO2      N2O      CH4    Total
!                g[C]/ha  g[N]/ha  g[C]/ha kg[C]/ha kg[N]/ha kg[C]/ha    CO2eq    CO2eq    CO2eq    CO2eq
@YEAR DOY   DAS    CO2ED    N2OED    CH4ED    CO2EC    N2OEC    CH4EC    CCEQC    NCEQC    MCEQC    TCEQC
 2008 153     1    21.55     0.00     0.00    21.55     0.00     0.00       79        0        0       79
 2008 154     2    16.86     0.00     0.00    38.42     0.00     0.00      141        0        0      141
 2008 155     3    15.25     0.00     0.00    53.67     0.00     0.00      197        1        0      197
 2008 156     4    14.05     0.00     0.00    67.72     0.00     0.00      249        1        0      249
 2008 157     5    13.16     0.00     0.00    80.88     0.00     0.00      297        1        0      298
 2008 158     6    12.58     0.00     0.00    93.46     0.00     0.00      343        1        0      344
 2008 159     7    12.02     0.00     0.00   105.48     0.00     0.00      387        1        0      388
 2008 160     8    11.31     0.00     0.00   116.80     0.00     0.00      429        2        0      430
 2008 161     9     9.88     0.00     0.00   126.68     0.00     0.00      465        2        0      467
 2008 162    10    11.08     0.00     0.00   137.76     0.00     0.00      506        2        0      507
 2008 163    11    10.76     0.00     0.00   148.52     0.00     0.00      545        2        0      547
 2008 164    12     8.82     0.00     0.00   157.34     0.00     0.00      577        2        0      580
 2008 165    13     8.29     0.00     0.00   165.63     0.01     0.00      608        2        0      610
 2008 166    14    10.10     0.00     0.00   175.73     0.01     0.00      645        3        0      648
 2008 167    15    11.46     0.00     0.00   187.19     0.01     0.00      687        3        0      690
 2008 168    16     9.96     0.00     0.00   197.15     0.01     0.00      724        3        0      726
 2008 169    17     8.83     0.00     0.00   205.98     0.01     0.00      756        3        0      759
 2008 170    18     9.01     0.00     0.00   214.99     0.01     0.00      789        5        0      794
 2008 171    19     9.41     0.00     0.00   224.40     0.01     0.00      824        7        0      831
 2008 172    20    10.15     0.00     0.00   234.55     0.02     0.00      861        9        0      870
 2008 173    21    10.65     0.00     0.00   245.21     0.02     0.00      900       11        0      911
 2008 174    22    11.37     0.00     0.00   256.58     0.03     0.00      942       13        0      955
 2008 175    23    11.42     0.00     0.00   268.00     0.03     0.00      984       15        0      998
 2008 176    24    11.54     0.00     0.00   279.53     0.03     0.00     1026       16        0     1042
 2008 177    25    11.90     0.00     0.00   291.43     0.04     0.00     1070       18        0     1087
 2008 178    26    12.30     0.00     0.00   303.73     0.04     0.00     1115       19        0     1134
 2008 179    27    12.35     0.00     0.00   316.09     0.04     0.00     1160       21        0     1181
 2008 180    28    12.97     0.00     0.00   329.05     0.05     0.00     1208       23        0     1230
 2008 181    29    10.84     0.00     0.00   339.89     0.05     0.00     1247       23        0     1270
 2008 182    30     9.90     0.00     0.00   349.79     0.05     0.00     1284       23        0     1307
 2008 183    31     9.94     0.00     0.00   359.74     0.05     0.00     1320       23        0     1344
 2008 184    32     9.10     0.00     0.00   368.84     0.05     0.00     1354       24        0     1377
 2008 185    33     8.56     0.00     0.00   377.40     0.05     0.00     1385       24        0     1409
 2008 186    34     8.51     0.00     0.00   385.91     0.06     0.00     1416       26        0     1442
 2008 187    35     8.50     0.00     0.00   394.41     0.06     0.00     1447       27        0     1474
 2008 188    36     8.68     0.00     0.00   403.09     0.06     0.00     1479       28        0     1507
 2008 189    37    10.26     0.00     0.00   413.35     0.06     0.00     1517       29        0     1546
 2008 190    38    10.88     0.00     0.00   424.22     0.07     0.00     1557       31        0     1588
 2008 191    39    11.16     0.00     0.00   435.39     0.07     0.00     1598       33        0     1631
 2008 192    40    10.00     0.00     0.00   445.38     0.07     0.00     1635       35        0     1669
 2008 193    41    10.13     0.01     0.00   455.52     0.08     0.00     1672       37        0     1709
 2008 194    42     9.05     0.00     0.00   464.56     0.08     0.00     1705       37        0     1742
 2008 195    43     9.63     0.00     0.00   474.20     0.08     0.00     1740       38        0     1778
 2008 196    44     8.76     0.00     0.00   482.96     0.08     0.00     1772       39        0     1811
 2008 197    45     8.74     0.00     0.00   491.70     0.08     0.00     1805       39        0     1844
 2008 198    46     9.21     0.00     0.00   500.91     0.09     0.00     1838       41        0     1880
 2008 199    47     9.43     0.00     0.00   510.33     0.09     0.00     1873       44        0     1917
 2008 200    48     9.92     0.01     0.00   520.25     0.10     0.00     1909       46        0     1956
 2008 201    49     8.30     0.00     0.00   528.55     0.10     0.00     1940       47        0     1986
 2008 202    50     8.64     0.00     0.00   537.19     0.10     0.00     1971       47        0     2018
 2008 203    51     9.05     0.00     0.00   546.24     0.10     0.00     2005       47        0     2052
 2008 204    52     9.37     0.00     0.00   555.61     0.10     0.00     2039       49        0     2088
 2008 205    53     8.34     0.00     0.00   563.95     0.10     0.00     2070       49        0     2119
 2008 206    54     8.68     0.00     0.00   572.63     0.11     0.00     2102       49        0     2151
 2008 207    55     8.94     0.00     0.00   581.57     0.11     0.00     2134       50        0     2184
 2008 208    56     9.17     0.00     0.00   590.75     0.11     0.00     2168       51        0     2219
 2008 209    57     8.16     0.00     0.00   598.91     0.11     0.00     2198       51        0     2249
 2008 210    58     8.51     0.00     0.00   607.41     0.11     0.00     2229       51        0     2280
 2008 211    59     8.64     0.00     0.00   616.05     0.11     0.00     2261       51        0     2312
 2008 212    60     8.96     0.00     0.00   625.01     0.11     0.00     2294       52        0     2346
 2008 213    61     8.83     0.00     0.00   633.84     0.11     0.00     2326       52        0     2378
 2008 214    62     8.06     0.00     0.00   641.90     0.11     0.00     2356       52        0     2408
 2008 215    63     8.38     0.00     0.00   650.28     0.11     0.00     2387       53        0     2439
 2008 216    64     8.65     0.00     0.00   658.93     0.11     0.00     2418       53        0     2471
 2008 217    65     8.92     0.00     0.00   667.85     0.12     0.00     2451       54        0     2505
 2008 218    66     9.16     0.00    -0.00   677.01     0.12    -0.00     2485       56        0     2541
 2008 219    67     9.37     0.01    -0.00   686.38     0.13    -0.00     2519       60        0     2579
 2008 220    68     9.59     0.01    -0.00   695.97     0.14    -0.00     2554       65        0     2619
 2008 221    69     8.80     0.00     0.00   704.77     0.14    -0.00     2587       65        0     2652
 2008 222    70     9.09     0.00     0.00   713.86     0.14    -0.00     2620       66        0     2686
 2008 223    71     9.39     0.00     0.00   723.25     0.14    -0.00     2654       68        0     2722
 2008 224    72     8.81     0.00     0.00   732.06     0.15    -0.00     2687       68        0     2755
 2008 225    73     9.02     0.00     0.00   741.08     0.15    -0.00     2720       69        0     2789
 2008 226    74     9.25     0.00     0.00   750.33     0.15    -0.00     2754       71        0     2824
 2008 227    75     9.46     0.01     0.00   759.80     0.16    -0.00     2788       74        0     2862
 2008 228    76     9.65     0.01     0.00   769.44     0.17    -0.00     2824       79        0     2902
 2008 229    77     9.87     0.02     0.00   779.31     0.18    -0.00     2860       86        0     2946
 2008 230    78     9.67     0.01     0.00   788.97     0.19    -0.00     2896       88        0     2984
 2008 231    79     9.60     0.01     0.00   798.57     0.20    -0.00     2931       91        0     3022
 2008 232    80     9.53     0.01     0.00   808.11     0.21    -0.00     2966       97        0     3062
 2008 233    81     9.48     0.02     0.00   817.59     0.22    -0.00     3001      104        0     3105
 2008 234    82     9.41     0.02     0.00   827.00     0.24    -0.00     3035      114        0     3149
 2008 235    83     9.34     0.03     0.00   836.34     0.27    -0.00     3069      126        0     3196
 2008 236    84     9.27     0.03     0.00   845.61     0.30    -0.00     3103      141        0     3244
 2008 237    85     9.20     0.04     0.00   854.81     0.34    -0.00     3137      157        0     3295
 2008 238    86     9.12     0.04     0.00   863.93     0.37    -0.00     3171      175        0     3346
 2008 239    87     8.98     0.04     0.00   872.91     0.41    -0.00     3204      194        0     3397
 2008 240    88     8.88     0.04     0.00   881.79     0.45    -0.00     3236      212        0     3448
 2008 241    89     8.80     0.04     0.00   890.59     0.49    -0.00     3268      231        0     3499
 2008 242    90     8.74     0.04     0.00   899.33     0.53    -0.00     3301      249        0     3549
 2008 243    91     8.67     0.04     0.00   908.00     0.57    -0.00     3332      267        0     3599
 2008 244    92     8.61     0.04     0.00   916.61     0.61    -0.00     3364      284        0     3648
 2008 245    93     8.53     0.04     0.00   925.14     0.64    -0.00     3395      301        0     3696
 2008 246    94     8.30     0.00     0.00   933.44     0.64    -0.00     3426      301        0     3727
 2008 247    95     8.25     0.00     0.00   941.69     0.64    -0.00     3456      302        0     3758
 2008 248    96     7.91     0.00     0.00   949.60     0.65    -0.00     3485      302        0     3787
 2008 249    97     7.75     0.00     0.00   957.35     0.65    -0.00     3513      302        0     3816
 2008 250    98     7.84     0.00     0.00   965.20     0.65    -0.00     3542      303        0     3845
 2008 251    99     7.93     0.00     0.00   973.13     0.65    -0.00     3571      304        0     3875
 2008 252   100     7.91     0.00     0.00   981.04     0.65    -0.00     3600      305        0     3905
 2008 253   101     7.59     0.00     0.00   988.63     0.65    -0.00     3628      305        0     3933
 2008 254   102     7.64     0.00     0.00   996.27     0.65    -0.00     3656      305        0     3962
 2008 255   103     7.75     0.00     0.00  1004.02     0.65    -0.00     3685      306        0     3991
 2008 256   104     8.07     0.00     0.00  1012.08     0.66    -0.00     3714      307        0     4022
 2008 257   105     8.37     0.01     0.00  1020.46     0.66    -0.00     3745      310        0     4055
 2008 258   106     8.60     0.01     0.00  1029.06     0.67    -0.00     3777      314        0     4091
 2008 259   107     8.76     0.01     0.00  1037.82     0.69    -0.00     3809      321        0     4130
 2008 260   108     8.89     0.02     0.00  1046.71     0.71    -0.00     3841      331        0     4172
 2008 261   109     9.02     0.03     0.00  1055.73     0.74    -0.00     3875      346        0     4220
 2008 262   110     9.06     0.04     0.00  1064.79     0.78    -0.00     3908      364        0     4272
 2008 263   111     9.06     0.04     0.00  1073.86     0.82    -0.00     3941      382        0     4323
 2008 264   112     9.09     0.04     0.00  1082.95     0.85    -0.00     3974      400        0     4374
 2008 265   113     9.10     0.04     0.00  1092.04     0.89    -0.00     4008      416        0     4424
 2008 266   114     9.08     0.03     0.00  1101.12     0.92    -0.00     4041      432        0     4473
 2008 267   115     9.07     0.03     0.00  1110.18     0.96    -0.00     4074      447        0     4522
 2008 268   116     9.03     0.03     0.00  1119.21     0.99    -0.00     4108      462        0     4569
 2008 269   117     8.95     0.03     0.00  1128.16     1.02    -0.00     4140      475        0     4616
 2008 270   118     8.86     0.03     0.00  1137.02     1.04    -0.00     4173      489        0     4661
 2008 271   119     8.64     0.03     0.00  1145.66     1.07    -0.00     4205      501        0     4706
 2008 272   120     8.38     0.03     0.00  1154.04     1.10    -0.00     4235      513        0     4748
