*Surface Mulch daily output file

*DSSAT Cropping System Model Ver. 4.8.0.024 -stable  SEP 25, 2026 04:14:07

*RUN   1        : Sim2008                   MZCER048 fileX.MZ    1
 MODEL          : MZCER048 - Maize
 EXPERIMENT     : fileX.MZ    CNYC
 DATA PATH      :
 TREATMENT  1   : Sim2008                   MZCER048
  
@YEAR DOY   DAS    MCFD   MDEPD    MWAD    MWTD
 2008 152     0   0.000    0.00       0    0.00
 2008 153     1   0.000    0.00       0    0.00
 2008 154     2   0.000    0.00       0    0.00
 2008 155     3   0.000    0.00       0    0.00
 2008 156     4   0.000    0.00       0    0.00
 2008 157     5   0.000    0.00       0    0.00
 2008 158     6   0.000    0.00       0    0.00
 2008 159     7   0.000    0.00       0    0.00
 2008 160     8   0.000    0.00       0    0.00
 2008 161     9   0.000    0.00       0    0.00
 2008 162    10   0.000    0.00       0    0.00
 2008 163    11   0.000    0.00       0    0.00
 2008 164    12   0.000    0.00       0    0.00
 2008 165    13   0.000    0.00       0    0.00
 2008 166    14   0.000    0.00       0    0.00
 2008 167    15   0.000    0.00       0    0.00
 2008 168    16   0.000    0.00       0    0.00
 2008 169    17   0.000    0.00       0    0.00
 2008 170    18   0.000    0.00       0    0.00
 2008 171    19   0.000    0.00       0    0.00
 2008 172    20   0.000    0.00       0    0.00
 2008 173    21   0.000    0.00       0    0.00
 2008 174    22   0.000    0.00       0    0.00
 2008 175    23   0.000    0.00       0    0.00
 2008 176    24   0.000    0.00       0    0.00
 2008 177    25   0.000    0.00       0    0.00
 2008 178    26   0.000    0.00       0    0.00
 2008 179    27   0.000    0.00       0    0.00
 2008 180    28   0.000    0.00       0    0.00
 2008 181    29   0.000    0.00       0    0.00
 2008 182    30   0.000    0.00       0    0.00
 2008 183    31   0.000    0.00       0    0.00
 2008 184    32   0.000    0.00       0    0.00
 2008 185    33   0.000    0.00       0    0.00
 2008 186    34   0.000    0.00       0    0.00
 2008 187    35   0.000    0.00       0    0.00
 2008 188    36   0.000    0.00       0    0.00
 2008 189    37   0.000    0.00       0    0.00
 2008 190    38   0.000    0.00       0    0.00
 2008 191    39   0.000    0.00       0    0.00
 2008 192    40   0.000    0.00       0    0.00
 2008 193    41   0.000    0.00       0    0.00
 2008 194    42   0.000    0.00       0    0.00
 2008 195    43   0.000    0.00       0    0.00
 2008 196    44   0.000    0.00       0    0.00
 2008 197    45   0.000    0.00       0    0.00
 2008 198    46   0.000    0.00       0    0.00
 2008 199    47   0.000    0.00       0    0.00
 2008 200    48   0.000    0.00       0    0.00
 2008 201    49   0.000    0.00       0    0.00
 2008 202    50   0.000    0.00       0    0.00
 2008 203    51   0.000    0.00       0    0.00
 2008 204    52   0.000    0.00       0    0.00
 2008 205    53   0.000    0.00       0    0.00
 2008 206    54   0.000    0.00       0    0.00
 2008 207    55   0.000    0.00       0    0.00
 2008 208    56   0.000    0.00       0    0.00
 2008 209    57   0.000    0.00       0    0.00
 2008 210    58   0.000    0.00       0    0.00
 2008 211    59   0.000    0.00       0    0.00
 2008 212    60   0.000    0.00       0    0.00
 2008 213    61   0.000    0.00       0    0.00
 2008 214    62   0.000    0.00       0    0.00
 2008 215    63   0.000    0.00       0    0.00
 2008 216    64   0.000    0.00       0    0.00
 2008 217    65   0.000    0.00       0    0.00
 2008 218    66   0.000    0.00       0    0.00
 2008 219    67   0.000    0.00       0    0.00
 2008 220    68   0.000    0.00       0    0.00
 2008 221    69   0.000    0.00       0    0.00
 2008 222    70   0.000    0.00       0    0.00
 2008 223    71   0.000    0.00       0    0.00
 2008 224    72   0.000    0.00       0    0.00
 2008 225    73   0.000    0.00       0    0.00
 2008 226    74   0.000    0.00       0    0.00
 2008 227    75   0.000    0.00       0    0.00
 2008 228    76   0.000    0.00       0    0.00
 2008 229    77   0.000    0.00       0    0.00
 2008 230    78   0.000    0.00       0    0.00
 2008 231    79   0.000    0.00       0    0.00
 2008 232    80   0.000    0.00       0    0.00
 2008 233    81   0.000    0.00       0    0.00
 2008 234    82   0.000    0.00       0    0.00
 2008 235    83   0.000    0.00       0    0.00
 2008 236    84   0.000    0.00       0    0.00
 2008 237    85   0.000    0.00       0    0.00
 2008 238    86   0.000    0.00       0    0.00
 2008 239    87   0.000    0.00       0    0.00
 2008 240    88   0.000    0.00       0    0.00
 2008 241    89   0.000    0.00       0    0.00
 2008 242    90   0.000    0.00       0    0.00
 2008 243    91   0.000    0.00       0    0.00
 2008 244    92   0.000    0.00       0    0.00
 2008 245    93   0.000    0.00       0    0.00
 2008 246    94   0.000    0.00       0    0.00
 2008 247    95   0.000    0.00       0    0.00
 2008 248    96   0.000    0.00       0    0.00
 2008 249    97   0.000    0.00       0    0.00
 2008 250    98   0.000    0.00       0    0.00
 2008 251    99   0.000    0.00       0    0.00
 2008 252   100   0.000    0.00       0    0.00
 2008 253   101   0.000    0.00       0    0.00
 2008 254   102   0.000    0.00       0    0.00
 2008 255   103   0.000    0.00       0    0.00
 2008 256   104   0.000    0.00       0    0.00
 2008 257   105   0.000    0.00       0    0.00
 2008 258   106   0.000    0.00       0    0.00
 2008 259   107   0.000    0.00       0    0.00
 2008 260   108   0.000    0.00       0    0.00
 2008 261   109   0.000    0.00       0    0.00
 2008 262   110   0.000    0.00       0    0.00
 2008 263   111   0.000    0.00       0    0.00
 2008 264   112   0.000    0.00       0    0.00
 2008 265   113   0.000    0.00       0    0.00
 2008 266   114   0.000    0.00       0    0.00
 2008 267   115   0.000    0.00       0    0.00
 2008 268   116   0.000    0.00       0    0.00
 2008 269   117   0.000    0.00       0    0.00
 2008 270   118   0.000    0.00       0    0.00
 2008 271   119   0.000    0.00       0    0.00
 2008 272   120   0.000    0.00       0    0.00
