*SIMULATION OVERVIEW FILE

*DSSAT Cropping System Model Ver. 4.8.0.024 -stable  SEP 25, 2026 04:14:07

*RUN   1        : Sim2008                   MZCER048 fileX.MZ    1
 MODEL          : MZCER048 - Maize
 EXPERIMENT     : fileX.MZ    CNYC
 DATA PATH      :
 TREATMENT  1   : Sim2008                   MZCER048


 CROP           : Maize            CULTIVAR : Yucheng  No985   ECOTYPE :IB0001
 STARTING DATE  : JUN  1 2008
 PLANTING DATE  : JUN 18 2008      PLANTS/m2 :     6.6    ROW SPACING :  50.cm
 WEATHER        : CNYC   2008
 SOIL           : YC99001200     TEXTURE : -99   - Cinnamon soil
 SOIL INITIAL C : DEPTH: 90cm EXTR. H2O:247.5mm  NO3: 85.7kg/ha  NH4: 52.0kg/ha
 WATER BALANCE  : IRRIGATE ON REPORTED DATE(S)
 IRRIGATION     :      120 mm IN     1 APPLICATIONS
 NITROGEN BAL.  : SOIL-N & N-UPTAKE SIMULATION; NO N-FIXATION
 N-FERTILIZER   :      303 kg/ha IN     2 APPLICATIONS
 RESIDUE/MANURE : INITIAL :  1000 kg/ha ;       0 kg/ha IN     0 APPLICATIONS
 ENVIRONM. OPT. : DAYL=    0.00  SRAD=    0.00  TMAX=    0.00  TMIN=    0.00
                  RAIN=    0.00  CO2 =    0.00  DEW =    0.00  WIND=    0.00
 SIMULATION OPT : WATER   :Y  NITROGEN:Y  N-FIX:N  PHOSPH :N  PESTS  :N
                  PHOTO   :C  ET      :R  INFIL:S  HYDROL :R  SOM    :G
                  CO2 385ppm  NSWIT   :1  EVAP :R  SOIL   :2  STEMP  :D
 MANAGEMENT OPT : PLANTING:R  IRRIG   :R  FERT :R  RESIDUE:R  HARVEST:M
                  WEATHER :W  TILLAGE :Y

*SUMMARY OF SOIL AND GENETIC INPUT PARAMETERS

   SOIL LOWER UPPER   SAT  EXTR  INIT   ROOT   BULK     pH    NO3    NH4    ORG
  DEPTH LIMIT LIMIT    SW    SW    SW   DIST   DENS                          C
   cm   cm3/cm3    cm3/cm3    cm3/cm3         g/cm3         ugN/g  ugN/g     %
-------------------------------------------------------------------------------
  0-  5 0.090 0.330 0.460 0.240 0.300   1.00   1.34   8.30  10.00   4.00   1.30
  5- 15 0.090 0.330 0.460 0.240 0.300   1.00   1.34   8.30  10.00   4.00   1.30
 15- 30 0.110 0.360 0.490 0.250 0.300   1.00   1.42   8.40   8.00   4.00   0.99
 30- 45 0.120 0.370 0.540 0.250 0.300   1.00   1.44   8.30   6.00   4.00   0.58
 45- 60 0.120 0.370 0.540 0.250 0.300   1.00   1.44   8.30   6.00   4.00   0.58
 60- 90 0.070 0.400 0.550 0.330 0.300   1.00   1.51   8.30   5.00   4.00   0.43

TOT- 90   8.7  33.5  47.0  24.8  27.0  <--cm   -  kg/ha-->   85.7   52.0  91752
SOIL ALBEDO    : 0.13      EVAPORATION LIMIT : 6.00         MIN. FACTOR  : 1.00
RUNOFF CURVE # :81.00      DRAINAGE RATE     : 0.05         FERT. FACTOR : 1.00

 Maize            CULTIVAR: ZD0985-Yucheng  No985     ECOTYPE: IB0001
 P1     : 245.20  P2     : 0.4940  P5     : 690.30
 G2     : 530.60  G3     : 12.500  PHINT  : 40.000


*SIMULATED CROP AND SOIL STATUS AT MAIN DEVELOPMENT STAGES

 RUN NO.     1     Sim2008                 

        CROP GROWTH     BIOMASS         LEAF   CROP N     STRESS      STRESS                                           
   DATE  AGE STAGE        kg/ha    LAI   NUM  kg/ha  %   H2O  Nitr Phos1 Phos2  RSTG                                   
 ------  --- ----------   -----  -----  ----  ---  ---  ----  ----  ----  ----  ----                                   
  1 JUN    0 Start Sim        0   0.00   0.0    0  0.0  0.00  0.00  0.00  0.00     7
 18 JUN    0 Sowing           0   0.00   0.0    0  0.0  0.00  0.00  0.00  0.00     8
 19 JUN    1 Germinate        0   0.00   0.0    0  0.0  0.00  0.00  0.00  0.00     9
 23 JUN    5 Emergence       26   0.00   2.2    1  4.4  0.00  0.01  0.00  0.00     1
  6 JUL   18 End Juveni     167   0.34   9.2    5  3.0  0.04  0.00  0.00  0.00     2
 12 JUL   24 Floral Ini     651   1.05  12.2   24  3.7  0.00  0.00  0.00  0.00     3
 14 AUG   57 75% Silkin    8610   4.48  25.0  162  1.9  0.00  0.00  0.00  0.00     4
 23 AUG   66 Beg Gr Fil   10367   4.21  25.0  162  1.6  0.00  0.00  0.00  0.00     5
 25 SEP   99 End Gr Fil   17387   1.84  25.0  193  1.1  0.00  0.00  0.00  0.00     6
 28 SEP  102 Maturity     17387   1.84  25.0  193  1.1  0.00  0.00  0.00  0.00    10
 28 SEP  102 Harvest      17387   1.84  25.0  193  1.1  0.00  0.00  0.00  0.00    10


*MAIN GROWTH AND DEVELOPMENT VARIABLES

@     VARIABLE                                         SIMULATED     MEASURED
      --------                                         ---------     --------
      Anthesis day (dap)                                      57          -99
      Physiological maturity day (dap)                       102          -99
      Yield at harvest maturity (kg [dm]/ha)                7326          -99
      Number at maturity (no/m2)                            1821          -99
      Unit wt at maturity (g [dm]/unit)                   0.4023          -99
      Number at maturity (no/unit)                         275.9          -99
      Tops weight at maturity (kg [dm]/ha)                 17387          -99
      By-product produced (stalk) at maturity (kg[dm]/ha   10139          -99
      Leaf area index, maximum                              4.61          -99
      Harvest index at maturity                            0.421          -99
      Grain N at maturity (kg/ha)                            125          -99
      Tops N at maturity (kg/ha)                             193          -99
      Stem N at maturity (kg/ha)                              68          -99
      Grain N at maturity (%)                                1.7          -99
      Tops weight at anthesis (kg [dm]/ha)                  8219          -99
      Tops N at anthesis (kg/ha)                             160          -99
      Leaf number per stem at maturity                     24.99          -99
      Emergence day (dap)                                      5          -99


*ENVIRONMENTAL AND STRESS FACTORS

 |-----Development Phase------|--------------------------------------Environment--------------------------------------|-----------------Stress-----------------|
                              |---------------Average--------------|-----Cumulative-----|--------Count of days--------|          (0=Min, 1=Max Stress)         |
                         Time  Temp  Temp  Temp Solar Photop                Evapo    Pot TMIN TMIN TMAX TMAX TMAX RAIN|----Water----|---Nitrogen--|-Phosphorus-|
                         Span   Max   Min  Mean   Rad  [day]    CO2   Rain  Trans     ET   <    <    >    >    >    >   Photo         Photo         Photo
                         days    øC    øC    øC MJ/m2     hr    ppm     mm     mm     mm  0øC  2øC 30øC 32øC 34øC  0mm  synth Growth  synth Growth  synth Growth
----------------------------------------------------------------------------------------------------------------------------------------------------------------
 Emergence-End Juvenile    13  32.1  21.7  26.9  17.5  14.49  385.3  154.2   35.1   66.9    0    0    8    7    6    7  0.000  0.044  0.002  0.006  0.000  0.000
 End Juvenil-Floral Init    6  32.5  20.9  26.7  22.5  14.39  385.3   36.8   22.3   37.2    0    0    6    4    1    3  0.000  0.000  0.001  0.002  0.000  0.000
 Floral Init-End Lf Grow   33  31.7  22.2  27.0  17.6  13.94  385.5  222.5  145.3  146.8    0    0   21   14   10   11  0.000  0.000  0.000  0.000  0.000  0.000
 End Lf Grth-Beg Grn Fil    9  30.6  22.7  26.6  14.6  13.28  385.6    2.4   31.8   31.9    0    0    5    1    0    1  0.000  0.000  0.000  0.000  0.000  0.000
 Grain Filling Phase       33  28.2  17.3  22.8  13.8  12.47  385.7   52.0  104.3  105.1    0    0   10    5    0    8  0.000  0.000  0.000  0.000  0.000  0.000
   
 Planting to Harvest      102  30.4  20.2  25.3  16.2  13.47  385.5  469.1  351.8  419.5    0    0   54   33   18   32  0.000  0.006  0.000  0.001  0.000  0.000
----------------------------------------------------------------------------------------------------------------------------------------------------------------


*Resource Productivity
 Growing season length: 102 days 

 Precipitation during growing season       469.1 mm[rain]
   Dry Matter Productivity                  3.71 kg[DM]/m3[rain]          =   37.1 kg[DM]/ha per mm[rain]
   Yield Productivity                       1.56 kg[grain yield]/m3[rain] =   15.6 kg[yield]/ha per mm[rain]

 Evapotranspiration during growing season  351.8 mm[ET]
   Dry Matter Productivity                  4.94 kg[DM]/m3[ET]            =   49.4 kg[DM]/ha per mm[ET]
   Yield Productivity                       2.08 kg[grain yield]/m3[ET]   =   20.8 kg[yield]/ha per mm[ET]

 Transpiration during growing season       265.9 mm[EP]
   Dry Matter Productivity                  6.54 kg[DM]/m3[EP]            =   65.4 kg[DM]/ha per mm[EP]
   Yield Productivity                       2.76 kg[grain yield]/m3[EP]   =   27.6 kg[yield]/ha per mm[EP]

 Irrigation during growing season          120.0 mm[irrig]
   Dry Matter Productivity                 14.49 kg[DM]/m3[irrig]         =  144.9 kg[DM]/ha per mm[irrig]
   Yield Productivity                       6.11 kg[grain yield]/m3[irrig]=   61.0 kg[yield]/ha per mm[irrig]

 N applied during growing season            303. kg[N applied]/ha
   Dry Matter Productivity                  57.4 kg[DM]/kg[N applied]
   Yield Productivity                       24.2 kg[yield]/kg[N applied]

 N uptake during growing season              213 kg[N uptake]/ha
   Dry Matter Productivity                  81.6 kg[DM]/kg[N uptake]
   Yield Productivity                       34.4 kg[yield]/kg[N uptake]

--------------------------------------------------------------------------------------------------------------

                     Maize YIELD :     7326 kg/ha    [Dry weight] 

**************************************************************************************************************
