*PLANT N OUTPUT FILE

*DSSAT Cropping System Model Ver. 4.8.0.024 -stable  SEP 25, 2026 04:14:07

*RUN   1        : Sim2008                   MZCER048 fileX.MZ    1
 MODEL          : MZCER048 - Maize
 EXPERIMENT     : fileX.MZ    CNYC
 DATA PATH      :
 TREATMENT  1   : Sim2008                   MZCER048
  
@YEAR DOY   DAS   DAP   CNAD   GNAD   VNAD   GN%D   VN%D   NUPC   LNAD   SNAD   LN%D   SN%D   RN%D   SNN0C   SNN1C
 2008 170    18     0    0.0    0.0    0.0   0.00   0.00    0.0    0.0    0.0    0.0   0.00   0.00    0.00    0.00
 2008 171    19     1    0.0    0.0    0.0   0.00   0.00    0.0    0.0    0.0    0.0   0.00   0.00    0.00    0.00
 2008 172    20     2    0.0    0.0    0.0   0.00   0.00    0.0    0.0    0.0    0.0   0.00   0.00    0.00    0.00
 2008 173    21     3    0.0    0.0    0.0   0.00   0.00    0.0    0.0    0.0    0.0   0.00   0.00    0.00    0.00
 2008 174    22     4    0.0    0.0    0.0   0.00   0.00    0.0    0.0    0.0    0.0   0.00   0.00    0.00    0.00
 2008 175    23     5    1.2    0.0    1.2   0.00   4.40    0.0    0.6    0.6    4.4   4.40   2.20    0.00    0.00
 2008 176    24     6    1.2    0.0    1.2   0.00   4.40    0.0    0.6    0.6    4.4   4.40   2.07    0.00    0.00
 2008 177    25     7    1.2    0.0    1.2   0.00   4.40    0.0    0.6    0.6    4.4   4.40   1.87    0.00    0.00
 2008 178    26     8    1.2    0.0    1.2   0.00   4.40    0.0    0.6    0.6    4.4   4.40   1.66    0.00    0.00
 2008 179    27     9    1.2    0.0    1.2   0.00   3.11    0.0    0.8    0.4    3.1   3.11   1.60    0.00    0.00
 2008 180    28    10    1.6    0.0    1.6   0.00   3.61    0.4    1.1    0.5    3.6   3.61   1.15    0.00    0.00
 2008 181    29    11    1.8    0.0    1.8   0.00   3.61    0.6    1.4    0.5    3.6   3.61   1.13    0.00    0.00
 2008 182    30    12    2.1    0.0    2.1   0.00   3.59    0.9    1.6    0.5    3.6   3.59   1.13    0.00    0.00
 2008 183    31    13    2.4    0.0    2.4   0.00   3.37    1.2    1.9    0.4    3.4   3.37   1.17    0.00    0.00
 2008 184    32    14    2.9    0.0    2.9   0.00   3.64    2.0    2.4    0.5    3.6   3.64   1.47    0.00    0.01
 2008 185    33    15    3.2    0.0    3.2   0.00   3.46    2.4    2.7    0.5    3.5   3.46   1.31    0.00    0.01
 2008 186    34    16    3.6    0.0    3.6   0.00   3.49    3.3    3.2    0.5    3.5   3.49   1.43    0.00    0.01
 2008 187    35    17    4.0    0.0    4.0   0.00   3.10    4.1    3.6    0.4    3.1   3.10   1.38    0.00    0.02
 2008 188    36    18    5.0    0.0    5.0   0.00   3.01    5.4    4.6    0.4    3.0   3.01   1.30    0.00    0.03
 2008 189    37    19    6.5    0.0    6.5   0.00   2.98    6.8    6.1    0.4    3.0   2.98   1.15    0.00    0.03
 2008 190    38    20    8.4    0.0    8.4   0.00   2.89    9.6    8.0    0.4    2.9   2.89   1.32    0.00    0.04
 2008 191    39    21   10.9    0.0   10.9   0.00   2.91   12.3   10.5    0.4    2.9   2.91   1.21    0.00    0.06
 2008 192    40    22   17.7    0.0   17.7   0.00   3.77   19.7   17.2    0.5    3.8   3.77   1.24    0.00    0.07
 2008 193    41    23   19.7    0.0   19.7   0.00   3.71   21.5   19.2    0.5    3.7   3.71   1.10    0.00    0.09
 2008 194    42    24   24.0    0.0   24.0   0.00   3.69   25.8   23.5    0.5    3.7   3.69   1.09    0.00    0.10
 2008 195    43    25   27.5    0.0   27.5   0.00   3.54   30.4   26.9    0.6    3.5   3.54   1.23    0.00    0.12
 2008 196    44    26   30.0    0.0   30.0   0.00   3.49   32.4   29.3    0.7    3.5   3.49   1.08    0.00    0.14
 2008 197    45    27   33.1    0.0   33.1   0.00   3.44   38.1   32.2    0.9    3.4   3.44   1.35    0.00    0.16
 2008 198    46    28   37.8    0.0   37.8   0.00   3.39   43.3   36.4    1.4    3.4   3.39   1.22    0.00    0.19
 2008 199    47    29   43.7    0.0   43.7   0.00   3.36   48.6   41.5    2.2    3.4   3.36   1.09    0.00    0.22
 2008 200    48    30   46.9    0.0   46.9   0.00   3.27   51.8   44.0    3.0    3.3   3.27   1.08    0.00    0.25
 2008 201    49    31   53.2    0.0   53.2   0.00   3.23   59.3   48.6    4.5    3.2   3.23   1.18    0.00    0.28
 2008 202    50    32   58.5    0.0   58.5   0.00   3.20   64.2   52.4    6.1    3.2   3.20   1.09    0.00    0.32
 2008 203    51    33   63.5    0.0   63.5   0.00   3.17   69.4   55.6    7.9    3.2   3.17   1.09    0.00    0.36
 2008 204    52    34   66.0    0.0   66.0   0.00   3.04   72.4   56.4    9.6    3.0   3.04   1.12    0.00    0.39
 2008 205    53    35   71.1    0.0   71.1   0.00   2.99   77.5   59.1   12.0    3.0   2.99   1.09    0.00    0.43
 2008 206    54    36   74.9    0.0   74.9   0.00   2.94   81.3   60.8   14.1    2.9   2.94   1.08    0.00    0.47
 2008 207    55    37   78.9    0.0   78.9   0.00   2.89   85.5   62.4   16.5    2.9   2.89   1.08    0.00    0.50
 2008 208    56    38   80.6    0.0   80.6   0.00   2.84   87.1   62.8   17.8    2.8   2.84   1.07    0.00    0.54
 2008 209    57    39   86.8    0.0   86.8   0.00   2.79   93.7   65.0   21.8    2.8   2.79   1.09    0.00    0.58
 2008 210    58    40   91.4    0.0   91.4   0.00   2.75   98.3   66.4   25.0    2.8   2.75   1.08    0.00    0.62
 2008 211    59    41   99.1    0.0   99.1   0.00   2.71  106.3   72.5   26.6    2.7   2.71   1.09    0.00    0.65
 2008 212    60    42  109.1    0.0  109.1   0.00   2.68  118.0   77.3   31.8    2.7   2.68   1.18    0.00    0.69
 2008 213    61    43  112.9    0.0  112.9   0.00   2.64  121.1   78.4   34.5    2.6   2.64   1.08    0.00    0.74
 2008 214    62    44  118.5    0.0  118.5   0.00   2.61  127.6   80.1   38.4    2.6   2.61   1.13    0.00    0.79
 2008 215    63    45  122.4    0.0  122.4   0.00   2.57  131.3   80.8   41.6    2.6   2.57   1.08    0.00    0.84
 2008 216    64    46  128.1    0.0  128.1   0.00   2.55  138.7   82.5   45.6    2.5   2.55   1.16    0.00    0.88
 2008 217    65    47  133.7    0.0  133.7   0.00   2.52  144.0   83.8   49.9    2.5   2.52   1.10    0.00    0.94
 2008 218    66    48  138.1    0.0  138.1   0.00   2.49  148.4   84.6   53.5    2.5   2.49   1.08    0.00    0.99
 2008 219    67    49  143.5    0.0  143.5   0.00   2.47  154.8   86.1   57.4    2.5   2.47   1.12    0.00    1.05
 2008 220    68    50  146.3    0.0  146.3   0.00   2.43  157.3   86.4   59.9    2.4   2.43   1.08    0.00    1.11
 2008 221    69    51  151.6    0.0  151.6   0.00   2.43  164.7   88.5   63.1    2.4   2.43   1.16    0.00    1.16
 2008 222    70    52  154.4    0.0  154.4   0.00   2.41  169.0   89.8   64.6    2.4   2.41   1.17    0.00    1.23
 2008 223    71    53  154.4    0.0  154.4   0.00   2.35  169.0   89.1   65.3    2.4   2.35   1.15    0.00    1.23
 2008 224    72    54  157.9    0.0  157.9   0.00   2.36  173.0   91.4   66.5    2.4   2.36   1.12    0.00    1.30
 2008 225    73    55  158.6    0.0  158.6   0.00   2.32  173.3   91.7   66.9    2.3   2.32   1.08    0.00    1.38
 2008 226    74    56  160.0    0.0  160.0   0.00   2.31  175.7   93.3   66.7    2.3   2.31   1.11    0.00    1.45
 2008 227    75    57  161.6    0.0  161.6   0.00   2.30  177.1   91.9   69.7    2.3   2.30   1.08    0.00    1.53
 2008 228    76    58  161.6    0.0  161.6   0.00   2.28  177.1   90.0   71.6    2.3   2.28   1.07    0.00    1.53
 2008 229    77    59  161.6    0.0  161.6   0.00   2.28  177.1   89.0   72.5    2.3   2.28   1.07    0.00    1.53
 2008 230    78    60  161.6    0.0  161.6   0.00   2.29  177.1   88.0   73.6    2.3   2.29   1.07    0.00    1.53
 2008 231    79    61  161.6    0.0  161.6   0.00   2.28  177.1   86.6   75.0    2.3   2.28   1.06    0.00    1.53
 2008 232    80    62  161.6    0.0  161.6   0.00   2.29  177.1   85.3   76.3    2.3   2.29   1.06    0.00    1.53
 2008 233    81    63  161.6    0.0  161.6   0.00   2.30  177.1   84.2   77.4    2.3   2.30   1.06    0.00    1.53
 2008 234    82    64  161.6    0.0  161.6   0.00   2.31  177.1   83.0   78.6    2.3   2.31   1.06    0.00    1.53
 2008 235    83    65  161.6    0.0  161.6   0.00   2.33  177.1   82.0   79.6    2.3   2.33   1.06    0.00    1.53
 2008 236    84    66  161.6    3.9  157.7   1.71   2.28  177.1   80.3   77.4    2.3   2.28   1.06    0.00    1.53
 2008 237    85    67  161.6    7.8  153.8   1.72   2.21  177.1   78.0   75.7    2.2   2.21   1.05    0.00    1.53
 2008 238    86    68  161.6   11.7  149.9   1.71   2.16  177.1   76.0   73.8    2.2   2.16   1.04    0.00    1.53
 2008 239    87    69  161.6   15.7  145.9   1.72   2.10  177.1   74.0   71.9    2.1   2.10   1.03    0.00    1.53
 2008 240    88    70  161.6   19.5  142.0   1.73   2.05  177.1   72.1   70.0    2.0   2.05   1.02    0.00    1.53
 2008 241    89    71  161.6   23.1  138.5   1.73   1.99  177.1   70.3   68.2    2.0   1.99   1.02    0.00    1.53
 2008 242    90    72  161.6   25.8  135.7   1.74   1.96  177.1   68.9   66.9    2.0   1.96   0.98    0.00    1.53
 2008 243    91    73  161.6   29.7  131.9   1.73   1.93  177.1   68.1   63.8    1.9   1.93   0.99    0.00    1.53
 2008 244    92    74  161.6   33.6  128.0   1.73   1.86  177.1   65.6   62.4    1.9   1.86   0.98    0.00    1.53
 2008 245    93    75  161.6   37.4  124.1   1.73   1.81  177.1   63.7   60.4    1.8   1.81   0.98    0.00    1.53
 2008 246    94    76  161.6   41.3  120.3   1.72   1.77  177.1   62.5   57.8    1.8   1.77   0.99    0.00    1.53
 2008 247    95    77  161.6   45.2  116.4   1.72   1.72  177.1   60.8   55.6    1.7   1.72   0.99    0.00    1.53
 2008 248    96    78  161.6   49.0  112.5   1.72   1.68  177.1   59.3   53.3    1.7   1.68   1.00    0.00    1.53
 2008 249    97    79  161.6   52.9  108.7   1.72   1.62  177.1   56.9   51.8    1.6   1.62   0.99    0.00    1.53
 2008 250    98    80  161.6   56.8  104.8   1.72   1.54  177.1   54.1   50.7    1.5   1.54   0.96    0.00    1.53
 2008 251    99    81  161.6   59.3  102.2   1.72   1.50  177.1   52.7   49.6    1.5   1.50   0.96    0.00    1.53
 2008 252   100    82  161.6   63.2   98.4   1.72   1.44  177.1   50.8   47.5    1.4   1.44   0.97    0.00    1.53
 2008 253   101    83  161.6   67.1   94.5   1.71   1.39  177.1   49.1   45.4    1.4   1.39   0.97    0.00    1.53
 2008 254   102    84  160.2   71.0   89.2   1.71   1.30  177.9   45.8   43.4    1.3   1.30   1.09    0.00    1.61
 2008 255   103    85  162.5   74.8   87.6   1.71   1.28  179.8   45.0   42.6    1.3   1.28   1.06    0.00    1.70
 2008 256   104    86  164.9   78.7   86.2   1.71   1.25  182.6   44.1   42.2    1.3   1.25   1.07    0.00    1.78
 2008 257   105    87  167.4   82.6   84.8   1.71   1.22  185.4   43.1   41.7    1.2   1.22   1.08    0.00    1.87
 2008 258   106    88  169.7   86.5   83.2   1.71   1.20  187.5   42.2   41.0    1.2   1.20   1.07    0.00    1.96
 2008 259   107    89  172.6   90.4   82.2   1.71   1.18  190.9   41.7   40.5    1.2   1.18   1.08    0.00    2.04
 2008 260   108    90  174.6   94.3   80.4   1.71   1.16  193.1   40.8   39.6    1.2   1.16   1.08    0.00    2.13
 2008 261   109    91  176.6   98.1   78.5   1.71   1.13  195.2   39.8   38.7    1.1   1.13   1.07    0.00    2.22
 2008 262   110    92  178.8  102.0   76.8   1.71   1.11  197.3   38.9   37.8    1.1   1.11   1.07    0.00    2.31
 2008 263   111    93  181.2  105.9   75.3   1.71   1.08  200.0   38.2   37.1    1.1   1.08   1.07    0.00    2.40
 2008 264   112    94  183.7  109.8   73.9   1.71   1.06  202.6   37.5   36.4    1.1   1.06   1.07    0.00    2.49
 2008 265   113    95  186.2  113.6   72.6   1.71   1.05  205.1   36.8   35.7    1.0   1.05   1.07    0.00    2.58
 2008 266   114    96  189.3  117.5   71.8   1.71   1.03  208.7   36.4   35.4    1.0   1.03   1.08    0.00    2.67
 2008 267   115    97  191.2  121.4   69.8   1.71   1.01  210.3   35.6   34.3    1.0   1.01   1.06    0.00    2.76
 2008 268   116    98  193.5  125.2   68.2   1.71   1.00  212.5   35.1   33.1    1.0   1.00   1.06    0.00    2.85
 2008 269   117    99  193.5  125.2   68.2   1.71   1.00  212.5   35.1   33.1    1.0   1.00   1.06    0.00    2.85
 2008 270   118   100  193.5  125.2   68.2   1.71   1.00  212.5   35.1   33.1    1.0   1.00   1.06    0.00    2.85
 2008 271   119   101  193.5  125.2   68.2   1.71   1.00  212.5   35.1   33.1    1.0   1.00   1.06    0.00    2.85
 2008 272   120   102  193.5  125.2   68.2   1.71   1.00  212.5   35.1   33.1    1.0   1.00   1.06    0.00    2.85
