*SOIL TEMPERATURE OUTPUT FILE (DAILY)

*DSSAT Cropping System Model Ver. 4.8.0.024 -stable  SEP 25, 2026 04:14:07

*RUN   1        : Sim2008                   MZCER048 fileX.MZ    1
 MODEL          : MZCER048 - Maize
 EXPERIMENT     : fileX.MZ    CNYC
 DATA PATH      :
 TREATMENT  1   : Sim2008                   MZCER048
  
! TAV  =   213.0
! TAMP =   914.0
!               Temperature (oC) by soil depth (cm):
!               Surface     0-5    5-15   15-30   30-45   45-60   60-90
@YEAR DOY   DAS    TS0D    TS1D    TS2D    TS3D    TS4D    TS5D    TS6D    
 2008 153     1    33.2    32.0    28.3    22.4    15.8     9.7     1.6
 2008 154     2    33.8    32.6    29.0    23.3    16.9    11.0     3.1
 2008 155     3    33.7    32.5    29.1    23.7    17.5    11.8     4.1
 2008 156     4    33.6    32.5    29.2    24.0    18.0    12.5     5.0
 2008 157     5    33.7    32.6    29.5    24.4    18.7    13.3     6.1
 2008 158     6    33.6    32.6    29.6    24.7    19.2    14.0     7.0
 2008 159     7    33.0    32.1    29.2    24.6    19.3    14.3     7.6
 2008 160     8    30.8    29.9    27.3    23.0    18.0    13.3     6.9
 2008 161     9    28.3    27.5    25.0    21.0    16.4    12.0     6.0
 2008 162    10    27.2    26.4    24.1    20.3    15.8    11.6     5.7
 2008 163    11    27.3    26.6    24.4    20.9    16.7    12.6     7.1
 2008 164    12    27.7    26.8    24.3    20.1    15.2    10.6     4.5
 2008 165    13    29.3    28.5    26.1    22.1    17.5    13.1     7.0
 2008 166    14    31.2    30.4    28.2    24.4    19.9    15.7     9.8
 2008 167    15    31.6    30.9    28.9    25.4    21.2    17.1    11.5
 2008 168    16    30.4    29.8    28.0    24.7    20.8    17.0    11.6
 2008 169    17    30.1    29.5    27.8    24.9    21.3    17.7    12.6
 2008 170    18    29.6    29.1    27.6    25.1    21.8    18.5    13.8
 2008 171    19    29.6    29.2    28.0    25.7    22.7    19.7    15.3
 2008 172    20    29.9    29.6    28.5    26.6    23.9    21.1    17.0
 2008 173    21    30.9    30.7    29.8    28.1    25.7    23.1    19.2
 2008 174    22    30.5    30.3    29.7    28.3    26.2    24.0    20.4
 2008 175    23    31.0    30.8    30.4    29.3    27.5    25.5    22.2
 2008 176    24    31.6    31.5    31.2    30.4    29.0    27.2    24.2
 2008 177    25    32.2    32.2    32.2    31.6    30.5    28.9    26.2
 2008 178    26    32.1    32.2    32.3    32.1    31.3    30.0    27.7
 2008 179    27    33.7    33.8    34.1    34.1    33.6    32.5    30.4
 2008 180    28    34.9    35.1    35.6    35.8    35.5    34.7    32.9
 2008 181    29    34.8    35.1    35.8    36.4    36.3    35.7    34.1
 2008 182    30    33.2    33.6    34.5    35.5    35.9    35.6    34.2
 2008 183    31    31.4    31.9    33.2    34.6    35.4    35.5    34.6
 2008 184    32    28.4    29.0    30.7    32.7    34.0    34.4    33.9
 2008 185    33    27.0    27.7    29.7    32.1    33.9    34.6    34.6
 2008 186    34    25.6    26.5    28.7    31.5    33.8    35.0    35.4
 2008 187    35    27.3    28.3    30.7    33.8    36.3    37.7    38.4
 2008 188    36    29.5    30.4    33.0    36.3    39.1    40.7    41.7
 2008 189    37    30.9    31.9    34.6    38.2    41.2    43.1    44.4
 2008 190    38    31.6    32.7    35.6    39.4    42.8    45.0    46.6
 2008 191    39    33.1    34.2    37.3    41.4    45.1    47.5    49.4
 2008 192    40    32.3    33.5    36.9    41.5    45.6    48.4    50.7
 2008 193    41    30.8    32.2    35.8    40.8    45.3    48.5    51.3
 2008 194    42    31.8    33.3    37.2    42.5    47.4    50.9    54.0
 2008 195    43    31.7    33.2    37.3    43.0    48.2    52.0    55.5
 2008 196    44    30.4    32.0    36.6    42.9    48.7    52.9    56.8
 2008 197    45    30.1    31.8    36.6    43.3    49.5    54.1    58.4
 2008 198    46    30.9    32.7    37.6    44.5    51.0    55.8    60.5
 2008 199    47    30.9    32.7    37.8    45.0    51.8    56.9    62.1
 2008 200    48    31.3    33.2    38.4    45.8    53.0    58.4    64.0
 2008 201    49    33.1    35.1    40.8    48.8    56.4    62.1    67.9
 2008 202    50    34.2    36.3    42.1    50.4    58.3    64.3    70.4
 2008 203    51    35.0    37.2    43.1    51.7    59.8    66.1    72.6
 2008 204    52    34.8    37.0    43.1    51.9    60.4    67.0    74.0
 2008 205    53    34.6    37.0    43.5    52.9    62.0    68.9    76.3
 2008 206    54    33.7    36.1    42.9    52.6    62.0    69.3    77.2
 2008 207    55    33.1    35.6    42.5    52.5    62.3    70.0    78.3
 2008 208    56    32.0    34.5    41.6    52.0    62.1    70.2    79.0
 2008 209    57    31.9    34.6    42.2    53.2    64.0    72.5    81.7
 2008 210    58    31.1    33.9    41.6    52.9    64.0    72.8    82.5
 2008 211    59    31.3    34.1    42.0    53.6    65.0    74.2    84.3
 2008 212    60    30.5    33.3    41.4    53.2    65.0    74.5    85.1
 2008 213    61    29.6    32.5    40.8    53.0    65.1    75.0    86.1
 2008 214    62    29.2    32.4    41.2    54.1    66.9    77.2    88.8
 2008 215    63    29.1    32.3    41.2    54.3    67.4    78.0    90.0
 2008 216    64    28.1    31.4    40.5    53.8    67.3    78.3    90.8
 2008 217    65    27.9    31.2    40.4    54.0    67.7    78.9    91.9
 2008 218    66    27.9    31.2    40.5    54.3    68.3    79.9    93.2
 2008 219    67    27.2    30.6    40.1    54.1    68.4    80.3    94.1
 2008 220    68    26.5    29.8    39.4    53.7    68.3    80.5    94.7
 2008 221    69    27.2    30.7    40.6    55.4    70.5    83.0    97.7
 2008 222    70    27.8    31.3    41.3    56.2    71.4    84.2    99.1
 2008 223    71    27.6    31.2    41.2    56.3    71.7    84.7   100.1
 2008 224    72    28.3    31.9    42.3    57.9    73.9    87.3   103.0
 2008 225    73    29.2    32.9    43.3    59.0    75.2    88.7   104.8
 2008 226    74    29.1    32.8    43.4    59.2    75.7    89.5   105.9
 2008 227    75    29.1    32.8    43.5    59.5    76.1    90.2   107.0
 2008 228    76    30.0    33.8    44.5    60.6    77.4    91.6   108.7
 2008 229    77    29.5    33.3    44.1    60.4    77.4    91.9   109.4
 2008 230    78    29.4    33.2    44.2    60.9    78.2    93.0   110.9
 2008 231    79    29.2    33.1    44.3    61.1    78.8    93.8   112.1
 2008 232    80    29.4    33.4    44.6    61.6    79.5    94.7   113.3
 2008 233    81    29.3    33.2    44.5    61.7    79.8    95.3   114.2
 2008 234    82    29.3    33.3    44.8    62.2    80.4    96.1   115.5
 2008 235    83    29.2    33.2    44.8    62.3    80.9    96.8   116.5
 2008 236    84    28.9    33.0    44.7    62.5    81.3    97.5   117.5
 2008 237    85    28.4    32.5    44.4    62.4    81.4    97.9   118.3
 2008 238    86    28.0    32.2    44.1    62.3    81.5    98.2   119.0
 2008 239    87    28.1    32.3    44.3    62.6    82.1    98.9   120.0
 2008 240    88    28.5    32.7    44.8    63.2    82.8    99.9   121.2
 2008 241    89    29.2    33.4    45.5    64.1    83.8   101.0   122.6
 2008 242    90    29.9    34.1    46.3    65.0    84.9   102.2   124.1
 2008 243    91    29.4    33.6    45.8    64.6    84.7   102.2   124.4
 2008 244    92    28.9    33.2    45.5    64.5    84.8   102.6   125.1
 2008 245    93    28.3    32.6    45.0    64.2    84.6   102.6   125.4
 2008 246    94    26.8    31.3    44.3    64.2    85.5   104.1   127.6
 2008 247    95    24.7    29.2    42.4    62.7    84.4   103.3   127.3
 2008 248    96    23.9    28.6    42.1    62.8    85.0   104.4   128.8
 2008 249    97    23.5    28.4    42.2    63.5    86.2   106.0   131.0
 2008 250    98    23.3    28.2    42.1    63.5    86.3   106.3   131.6
 2008 251    99    22.0    26.8    40.8    62.3    85.3   105.5   131.1
 2008 252   100    21.8    26.7    40.8    62.5    85.7   106.2   132.1
 2008 253   101    21.9    26.9    41.3    63.4    87.0   107.8   134.1
 2008 254   102    22.5    27.5    41.9    64.1    87.9   108.8   135.4
 2008 255   103    22.7    27.7    42.1    64.3    88.2   109.2   136.0
 2008 256   104    25.0    30.0    44.4    66.6    90.5   111.6   138.4
 2008 257   105    27.0    32.0    46.3    68.5    92.4   113.5   140.4
 2008 258   106    28.1    33.0    47.4    69.6    93.5   114.6   141.7
 2008 259   107    28.1    33.1    47.5    69.7    93.7   115.0   142.3
 2008 260   108    28.9    33.8    48.2    70.4    94.5   115.8   143.2
 2008 261   109    29.0    34.0    48.3    70.6    94.7   116.1   143.6
 2008 262   110    28.4    33.4    47.7    70.0    94.2   115.7   143.5
 2008 263   111    28.8    33.8    48.2    70.5    94.7   116.3   144.3
 2008 264   112    28.6    33.6    47.9    70.3    94.6   116.3   144.4
 2008 265   113    27.4    32.4    46.8    69.2    93.6   115.4   143.8
 2008 266   114    27.0    32.0    46.4    68.9    93.4   115.3   143.8
 2008 267   115    26.4    31.3    45.8    68.2    92.8   114.8   143.5
 2008 268   116    24.8    29.8    44.3    66.9    91.5   113.7   142.6
 2008 269   117    23.6    28.6    43.2    65.8    90.6   113.0   142.1
 2008 270   118    22.6    27.6    42.2    65.0    89.9   112.4   141.8
 2008 271   119    22.0    27.0    41.6    64.5    89.5   112.1   141.7
 2008 272   120    21.8    26.9    41.5    64.4    89.5   112.1   141.9
