*WATER BALANCE OUTPUT FILE

*DSSAT Cropping System Model Ver. 4.8.0.024 -stable  SEP 25, 2026 04:14:07

*RUN   1        : Sim2008                   MZCER048 fileX.MZ    1
 MODEL          : MZCER048 - Maize
 EXPERIMENT     : fileX.MZ    CNYC
 DATA PATH      :
 TREATMENT  1   : Sim2008                   MZCER048
  

!     WATER BALANCE PARAMETERS
!     ========================                 --mm--

!     Soil H20 (start) on Year/day 2008/153    270.00
!     Soil H20 (final) on Year/day 2008/272    258.44
!     Effective Irrigation                     120.00
!     Precipitation                            507.73
!     Water added with new mulch                 0.00
!     Drainage                                 104.80
!     Tiledrain flow                             0.00
!     Runoff                                   134.61
!     Mulch evaporation                          0.00
!     Soil Evaporation                         134.02
!     Transpiration                            265.86
!     Potential ET                             509.82

!     Initial mulch water content                0.00
!     Final mulch water content                  0.00

!     Final Balance                            -0.000

