*SOIL ORGANIC N BALANCE

*DSSAT Cropping System Model Ver. 4.8.0.024 -stable  SEP 25, 2026 04:14:07

*RUN   1        : Sim2008                   MZCER048 fileX.MZ    1
 MODEL          : MZCER048 - Maize
 EXPERIMENT     : fileX.MZ    CNYC
 DATA PATH      :
 TREATMENT  1   : Sim2008                   MZCER048
  


!                                        INITIAL Year/Doy      FINAL Year/Doy
!                                                2008/153            2008/272
!SOIL N BALANCE                                 -----------kg N/ha-----------

!   Soil Humus N                                  6507.33             6456.34
!   Soil Litter N                                    8.90                2.52
!   N in Surface Residue                             0.00                0.00

!   Added to / Removed from Soil:
!   N in Harvest Residues from Previous Crop         0.00
!   N from Organic Applications                      0.00
!   N from senesced plant matter                     2.85
!   N immobilized                                    0.31
!   N mineralized                                                       60.53

!   Total N balance                               6519.39             6519.39
!   Balance                                                             0.003
