*SOIL WATER DAILY OUTPUT FILE

*DSSAT Cropping System Model Ver. 4.8.0.024 -stable  SEP 25, 2026 04:14:07

*RUN   1        : Sim2008                   MZCER048 fileX.MZ    1
 MODEL          : MZCER048 - Maize
 EXPERIMENT     : fileX.MZ    CNYC
 DATA PATH      :
 TREATMENT  1   : Sim2008                   MZCER048
  
!                                                                                                 Soil water content (mm3/mm3) by soil depth (cm):
!                                                                                                 0-5    5-15   15-30   30-45   45-60   60-90
@YEAR DOY   DAS  SWTD  SWXD   ROFC   DRNC   PREC  IR#C  IRRC  DTWT    MWTD  TDFD  TDFC   ROFD    SW1D    SW2D    SW3D    SW4D    SW5D    SW6D    
 2008 152     0   270   183      0      0      0     0     0     0    0.00   0.0   0.0   0.00   0.300   0.300   0.300   0.300   0.300   0.300
 2008 153     1   264   177      0      0      0     0     0    45    0.00   0.0   0.0   0.00   0.188   0.293   0.303   0.301   0.299   0.300
 2008 154     2   262   175      0      0      0     0     0    90    0.00   0.0   0.0   0.00   0.185   0.270   0.301   0.302   0.299   0.301
 2008 155     3   260   173      0      0      0     0     0    90    0.00   0.0   0.0   0.00   0.187   0.259   0.298   0.303   0.299   0.301
 2008 156     4   259   172      0      0      0     0     0    90    0.00   0.0   0.0   0.00   0.187   0.251   0.295   0.302   0.299   0.301
 2008 157     5   258   171      0      0      0     0     0    90    0.00   0.0   0.0   0.00   0.186   0.246   0.293   0.302   0.298   0.302
 2008 158     6   258   171      0      0      0     0     0    90    0.00   0.0   0.0   0.00   0.186   0.242   0.290   0.302   0.298   0.302
 2008 159     7   257   170      0      0      0     0     0    90    0.00   0.0   0.0   0.00   0.185   0.239   0.288   0.301   0.298   0.302
 2008 160     8   256   169      0      0      0     0     0    90    0.00   0.0   0.0   0.00   0.184   0.236   0.286   0.300   0.298   0.302
 2008 161     9   272   185      1      0     20     0     0    90    0.00   0.0   0.0   1.21   0.407   0.288   0.285   0.300   0.298   0.302
 2008 162    10   268   181      1      0     20     0     0    90    0.00   0.0   0.0   0.00   0.273   0.300   0.292   0.300   0.298   0.303
 2008 163    11   381   294      1      0     20     1   120    90    0.00   0.0   0.0   0.00   0.316   0.444   0.487   0.532   0.504   0.306
 2008 164    12   378   291      1      0     20     1   120    90    0.00   0.0   0.0   0.00   0.280   0.431   0.481   0.524   0.482   0.327
 2008 165    13   377   290      1      0     20     1   120    90    0.00   0.0   0.0   0.00   0.302   0.401   0.475   0.516   0.460   0.346
 2008 166    14   376   289      1      0     20     1   120    90    0.00   0.0   0.0   0.00   0.308   0.383   0.469   0.509   0.441   0.363
 2008 167    15   384   297      2      0     32     1   120    90    0.00   0.0   0.0   0.68   0.419   0.412   0.467   0.507   0.434   0.370
 2008 168    16   387   300      2      0     39     1   120    90    0.00   0.0   0.0   0.39   0.383   0.454   0.466   0.506   0.430   0.376
 2008 169    17   383   296      2      0     39     1   120    90    0.00   0.0   0.0   0.00   0.291   0.447   0.460   0.499   0.420   0.389
 2008 170    18   381   294      2      0     39     1   120    90    0.00   0.0   0.0   0.00   0.290   0.422   0.459   0.497   0.421   0.392
 2008 171    19   379   292      2      0     39     1   120    90    0.00   0.0   0.0   0.00   0.304   0.397   0.454   0.491   0.416   0.401
 2008 172    20   376   289      2      2     39     1   120    90    0.00   0.0   0.0   0.00   0.309   0.381   0.449   0.485   0.414   0.401
 2008 173    21   373   286      2      5     39     1   120    90    0.00   0.0   0.0   0.00   0.312   0.368   0.445   0.479   0.412   0.401
 2008 174    22   373   286      2      5     40     1   120    90    0.00   0.0   0.0   0.00   0.334   0.357   0.442   0.478   0.415   0.402
 2008 175    23   372   285      2      5     40     1   120    89    0.00   0.0   0.0   0.00   0.318   0.356   0.439   0.476   0.418   0.403
 2008 176    24   370   283      2      7     40     1   120    89    0.00   0.0   0.0   0.00   0.315   0.348   0.435   0.471   0.416   0.403
 2008 177    25   367   280      2      8     40     1   120    89    0.00   0.0   0.0   0.00   0.316   0.340   0.431   0.466   0.414   0.403
 2008 178    26   365   278      2     10     40     1   120    89    0.00   0.0   0.0   0.00   0.317   0.332   0.427   0.461   0.411   0.403
 2008 179    27   363   276      2     12     40     1   120    89    0.00   0.0   0.0   0.00   0.316   0.327   0.422   0.457   0.409   0.403
 2008 180    28   380   293      7     12     66     1   120    89    0.00   0.0   0.0   5.16   0.392   0.453   0.427   0.456   0.412   0.404
 2008 181    29   404   317     24     12    108     1   120    89    0.00   0.0   0.0  16.24   0.414   0.453   0.483   0.531   0.426   0.405
 2008 182    30   402   315     24     12    108     1   120    89    0.00   0.0   0.0   0.00   0.384   0.448   0.481   0.529   0.431   0.406
 2008 183    31   429   342     50     12    165     1   120    82    0.00   0.0   0.0  26.21   0.405   0.453   0.483   0.531   0.531   0.440
 2008 184    32   439   352     54     14    185     1   120    74    0.00   0.0   0.0   4.49   0.362   0.453   0.483   0.531   0.531   0.479
 2008 185    33   430   343     54     19    185     1   120    75    0.00   0.0   0.0   0.00   0.293   0.446   0.477   0.523   0.523   0.475
 2008 186    34   431   344     55     20    194     1   120    75    0.00   0.0   0.0   0.37   0.338   0.439   0.474   0.521   0.523   0.475
 2008 187    35   420   333     55     25    194     1   120    76    0.00   0.0   0.0   0.00   0.224   0.430   0.466   0.512   0.516   0.471
 2008 188    36   413   326     55     29    194     1   120    76    0.00   0.0   0.0   0.00   0.289   0.375   0.458   0.502   0.508   0.468
 2008 189    37   407   320     55     33    194     1   120    77    0.00   0.0   0.0   0.00   0.308   0.349   0.452   0.494   0.501   0.464
 2008 190    38   404   317     55     34    196     1   120    77    0.00   0.0   0.0   0.00   0.331   0.332   0.444   0.488   0.500   0.464
 2008 191    39   412   325     57     35    214     1   120    77    0.00   0.0   0.0   2.16   0.362   0.419   0.439   0.483   0.498   0.464
 2008 192    40   403   316     57     39    214     1   120    78    0.00   0.0   0.0   0.00   0.296   0.409   0.430   0.473   0.490   0.461
 2008 193    41   414   327     59     40    231     1   120    78    0.00   0.0   0.0   2.12   0.429   0.448   0.441   0.470   0.488   0.461
 2008 194    42   406   319     59     44    231     1   120    78    0.00   0.0   0.0   0.00   0.369   0.438   0.432   0.462   0.480   0.458
 2008 195    43   429   342     82     45    284     1   120    78    0.00   0.0   0.0  23.14   0.394   0.447   0.478   0.527   0.508   0.458
 2008 196    44   427   340     82     46    284     1   120    78    0.00   0.0   0.0   0.00   0.385   0.443   0.474   0.523   0.508   0.458
 2008 197    45   415   328     82     51    284     1   120    79    0.00   0.0   0.0   0.00   0.319   0.434   0.459   0.507   0.496   0.454
 2008 198    46   405   318     82     55    284     1   120    80    0.00   0.0   0.0   0.00   0.296   0.418   0.449   0.495   0.484   0.449
 2008 199    47   397   310     82     58    284     1   120    81    0.00   0.0   0.0   0.00   0.297   0.392   0.440   0.485   0.475   0.444
 2008 200    48   425   338    102     59    335     1   120    81    0.00   0.0   0.0  19.85   0.443   0.448   0.481   0.529   0.488   0.444
 2008 201    49   419   332    102     60    337     1   120    82    0.00   0.0   0.0   0.02   0.417   0.443   0.477   0.519   0.484   0.441
 2008 202    50   411   324    102     64    337     1   120    83    0.00   0.0   0.0   0.00   0.389   0.431   0.469   0.505   0.474   0.437
 2008 203    51   402   315    102     68    337     1   120    84    0.00   0.0   0.0   0.00   0.362   0.421   0.461   0.494   0.463   0.431
 2008 204    52   418   331    109     68    363     1   120    84    0.00   0.0   0.0   6.55   0.438   0.449   0.480   0.527   0.472   0.430
 2008 205    53   410   323    109     73    363     1   120    85    0.00   0.0   0.0   0.00   0.416   0.442   0.473   0.517   0.461   0.425
 2008 206    54   404   317    109     76    363     1   120    86    0.00   0.0   0.0   0.00   0.401   0.434   0.465   0.508   0.452   0.421
 2008 207    55   397   310    109     80    363     1   120    87    0.00   0.0   0.0   0.00   0.387   0.427   0.458   0.498   0.444   0.417
 2008 208    56   415   328    116     80    391     1   120    86    0.00   0.0   0.0   7.68   0.448   0.452   0.482   0.529   0.472   0.418
 2008 209    57   407   320    116     84    391     1   120    88    0.00   0.0   0.0   0.00   0.427   0.444   0.474   0.519   0.458   0.412
 2008 210    58   404   317    116     84    391     1   120    88    0.00   0.0   0.0   0.00   0.416   0.439   0.470   0.515   0.457   0.410
 2008 211    59   396   309    116     88    391     1   120    89    0.00   0.0   0.0   0.00   0.396   0.429   0.461   0.503   0.445   0.405
 2008 212    60   392   305    116     88    395     1   120    90    0.00   0.0   0.0   0.08   0.435   0.430   0.452   0.493   0.439   0.400
 2008 213    61   411   324    126     88    426     1   120    90    0.00   0.0   0.0  10.07   0.447   0.451   0.480   0.528   0.478   0.401
 2008 214    62   402   315    126     92    426     1   120    90    0.00   0.0   0.0   0.00   0.427   0.443   0.472   0.517   0.464   0.395
 2008 215    63   397   310    126     94    426     1   120    90    0.00   0.0   0.0   0.00   0.415   0.436   0.464   0.507   0.453   0.397
 2008 216    64   390   303    126     96    426     1   120    90    0.00   0.0   0.0   0.00   0.397   0.427   0.454   0.494   0.441   0.395
 2008 217    65   384   297    126     98    426     1   120    90    0.00   0.0   0.0   0.00   0.383   0.418   0.445   0.482   0.432   0.397
 2008 218    66   379   292    126     99    426     1   120    90    0.00   0.0   0.0   0.00   0.372   0.410   0.437   0.471   0.424   0.398
 2008 219    67   372   285    126    101    426     1   120    90    0.00   0.0   0.0   0.00   0.358   0.400   0.426   0.459   0.416   0.397
 2008 220    68   380   293    127    101    438     1   120    90    0.00   0.0   0.0   1.07   0.447   0.450   0.424   0.454   0.414   0.397
 2008 221    69   372   285    127    102    438     1   120    90    0.00   0.0   0.0   0.00   0.426   0.436   0.412   0.442   0.405   0.396
 2008 222    70   365   278    127    103    438     1   120    90    0.00   0.0   0.0   0.00   0.403   0.421   0.401   0.429   0.396   0.396
 2008 223    71   374   287    130    103    453     1   120    90    0.00   0.0   0.0   2.26   0.444   0.449   0.437   0.425   0.393   0.395
 2008 224    72   368   281    130    103    453     1   120    90    0.00   0.0   0.0   0.00   0.423   0.441   0.425   0.413   0.384   0.397
 2008 225    73   363   276    130    104    453     1   120    90    0.00   0.0   0.0   0.00   0.407   0.432   0.416   0.405   0.379   0.397
 2008 226    74   357   270    130    105    453     1   120    90    0.00   0.0   0.0   0.00   0.389   0.422   0.405   0.395   0.372   0.397
 2008 227    75   351   264    130    105    453     1   120    90    0.00   0.0   0.0   0.00   0.373   0.411   0.395   0.386   0.366   0.397
 2008 228    76   346   259    130    105    453     1   120    90    0.00   0.0   0.0   0.00   0.358   0.399   0.386   0.377   0.366   0.395
 2008 229    77   346   259    130    105    456     1   120    90    0.00   0.0   0.0   0.00   0.398   0.394   0.385   0.374   0.366   0.394
 2008 230    78   344   257    130    105    456     1   120    90    0.00   0.0   0.0   0.00   0.389   0.387   0.380   0.370   0.369   0.393
 2008 231    79   339   252    130    105    456     1   120    90    0.00   0.0   0.0   0.00   0.375   0.378   0.373   0.364   0.365   0.392
 2008 232    80   335   248    130    105    456     1   120    90    0.00   0.0   0.0   0.00   0.362   0.369   0.364   0.362   0.361   0.389
 2008 233    81   332   245    130    105    456     1   120    90    0.00   0.0   0.0   0.00   0.352   0.362   0.358   0.362   0.359   0.388
 2008 234    82   329   242    130    105    456     1   120    90    0.00   0.0   0.0   0.00   0.344   0.355   0.354   0.358   0.358   0.386
 2008 235    83   327   240    130    105    456     1   120    90    0.00   0.0   0.0   0.00   0.339   0.348   0.352   0.357   0.357   0.385
 2008 236    84   325   238    130    105    456     1   120    90    0.00   0.0   0.0   0.00   0.332   0.340   0.350   0.356   0.356   0.383
 2008 237    85   321   234    130    105    456     1   120    90    0.00   0.0   0.0   0.00   0.323   0.329   0.347   0.352   0.354   0.381
 2008 238    86   318   231    130    105    456     1   120    90    0.00   0.0   0.0   0.00   0.321   0.316   0.343   0.349   0.351   0.378
 2008 239    87   314   227    130    105    456     1   120    90    0.00   0.0   0.0   0.00   0.305   0.311   0.338   0.346   0.349   0.376
 2008 240    88   310   223    130    105    456     1   120    90    0.00   0.0   0.0   0.00   0.302   0.303   0.332   0.342   0.346   0.373
 2008 241    89   307   220    130    105    456     1   120    90    0.00   0.0   0.0   0.00   0.294   0.298   0.327   0.338   0.344   0.370
 2008 242    90   302   215    130    105    456     1   120    90    0.00   0.0   0.0   0.00   0.283   0.289   0.320   0.332   0.340   0.366
 2008 243    91   300   213    130    105    456     1   120    90    0.00   0.0   0.0   0.00   0.286   0.286   0.318   0.331   0.339   0.364
 2008 244    92   297   210    130    105    456     1   120    90    0.00   0.0   0.0   0.00   0.276   0.282   0.313   0.327   0.337   0.361
 2008 245    93   312   225    132    105    476     1   120    90    0.00   0.0   0.0   2.10   0.451   0.366   0.311   0.325   0.335   0.359
 2008 246    94   313   226    132    105    478     1   120    90    0.00   0.0   0.0   0.00   0.450   0.365   0.320   0.325   0.334   0.357
 2008 247    95   319   232    133    105    487     1   120    90    0.00   0.0   0.0   0.67   0.448   0.422   0.328   0.326   0.332   0.355
 2008 248    96   327   240    134    105    498     1   120    90    0.00   0.0   0.0   1.50   0.451   0.439   0.372   0.328   0.331   0.353
 2008 249    97   324   237    134    105    498     1   120    90    0.00   0.0   0.0   0.00   0.439   0.428   0.357   0.338   0.330   0.351
 2008 250    98   319   232    134    105    498     1   120    90    0.00   0.0   0.0   0.00   0.424   0.417   0.347   0.337   0.328   0.348
 2008 251    99   319   232    134    105    499     1   120    90    0.00   0.0   0.0   0.00   0.440   0.407   0.346   0.338   0.329   0.347
 2008 252   100   324   237    135    105    507     1   120    90    0.00   0.0   0.0   0.60   0.449   0.444   0.355   0.337   0.329   0.346
 2008 253   101   322   235    135    105    508     1   120    90    0.00   0.0   0.0   0.00   0.448   0.435   0.350   0.338   0.329   0.345
 2008 254   102   318   231    135    105    508     1   120    90    0.00   0.0   0.0   0.00   0.433   0.419   0.347   0.335   0.327   0.342
 2008 255   103   315   228    135    105    508     1   120    90    0.00   0.0   0.0   0.00   0.421   0.405   0.346   0.335   0.326   0.341
 2008 256   104   311   224    135    105    508     1   120    90    0.00   0.0   0.0   0.00   0.406   0.390   0.344   0.333   0.325   0.339
 2008 257   105   307   220    135    105    508     1   120    90    0.00   0.0   0.0   0.00   0.389   0.375   0.341   0.331   0.323   0.337
 2008 258   106   305   218    135    105    508     1   120    90    0.00   0.0   0.0   0.00   0.376   0.361   0.340   0.330   0.322   0.336
 2008 259   107   301   214    135    105    508     1   120    90    0.00   0.0   0.0   0.00   0.359   0.345   0.338   0.328   0.320   0.334
 2008 260   108   296   209    135    105    508     1   120    90    0.00   0.0   0.0   0.00   0.342   0.330   0.335   0.326   0.318   0.332
 2008 261   109   293   206    135    105    508     1   120    90    0.00   0.0   0.0   0.00   0.327   0.315   0.332   0.325   0.317   0.330
 2008 262   110   290   203    135    105    508     1   120    90    0.00   0.0   0.0   0.00   0.297   0.311   0.329   0.323   0.315   0.328
 2008 263   111   286   199    135    105    508     1   120    90    0.00   0.0   0.0   0.00   0.295   0.298   0.323   0.320   0.313   0.326
 2008 264   112   282   195    135    105    508     1   120    90    0.00   0.0   0.0   0.00   0.280   0.292   0.317   0.316   0.312   0.324
 2008 265   113   279   192    135    105    508     1   120    90    0.00   0.0   0.0   0.00   0.273   0.284   0.311   0.313   0.310   0.323
 2008 266   114   275   188    135    105    508     1   120    90    0.00   0.0   0.0   0.00   0.262   0.276   0.305   0.309   0.307   0.320
 2008 267   115   272   185    135    105    508     1   120    90    0.00   0.0   0.0   0.00   0.254   0.270   0.300   0.306   0.306   0.319
 2008 268   116   270   183    135    105    508     1   120    90    0.00   0.0   0.0   0.00   0.249   0.265   0.297   0.304   0.305   0.317
 2008 269   117   268   181    135    105    508     1   120    90    0.00   0.0   0.0   0.00   0.243   0.261   0.294   0.302   0.304   0.316
 2008 270   118   266   179    135    105    508     1   120    90    0.00   0.0   0.0   0.00   0.240   0.257   0.291   0.301   0.303   0.315
 2008 271   119   263   176    135    105    508     1   120    90    0.00   0.0   0.0   0.00   0.225   0.251   0.287   0.298   0.301   0.313
 2008 272   120   258   171    135    105    508     1   120    90    0.00   0.0   0.0   0.00   0.203   0.244   0.281   0.293   0.298   0.311
