*Soil Organic Matter daily output file

*DSSAT Cropping System Model Ver. 4.8.0.024 -stable  SEP 25, 2026 04:14:07

*RUN   1        : Sim2008                   MZCER048 fileX.MZ    1
 MODEL          : MZCER048 - Maize
 EXPERIMENT     : fileX.MZ    CNYC
 DATA PATH      :
 TREATMENT  1   : Sim2008                   MZCER048
  
@YEAR DOY   DAS    OMAC    SCDD    SOCD    SC0D    SCTD   SOMCT    LCTD    ONAC    SNDD    SOND    SN0D    SNTD   SOMNT    LNTD
 2008 152     0       0   15243   92192       0   92192   91752   440.0    0.00   921.6  6516.2    0.00  6516.2  6507.3    8.90
 2008 153     1       0   15244   92170       0   92170   91753   417.1    0.00   921.6  6516.3    0.00  6516.3  6507.2    9.12
 2008 154     2       0   15245   92154       0   92154   91754   399.9    0.00   921.6  6516.3    0.00  6516.3  6507.1    9.23
 2008 155     3       0   15246   92138       0   92138   91753   385.0    0.00   921.5  6516.3    0.00  6516.3  6507.0    9.29
 2008 156     4       0   15247   92124       0   92124   91753   371.6    0.00   921.5  6516.1    0.00  6516.1  6506.8    9.31
 2008 157     5       0   15247   92111       0   92111   91752   359.3    0.00   921.5  6516.0    0.00  6516.0  6506.7    9.31
 2008 158     6       0   15247   92099       0   92099   91751   347.9    0.00   921.5  6515.8    0.00  6515.8  6506.5    9.29
 2008 159     7       0   15248   92087       0   92087   91749   337.3    0.00   921.5  6515.6    0.00  6515.6  6506.4    9.25
 2008 160     8       0   15248   92075       0   92075   91748   327.5    0.00   921.4  6515.4    0.00  6515.4  6506.2    9.20
 2008 161     9       0   15248   92065       0   92065   91746   319.1    0.00   921.4  6515.2    0.00  6515.2  6506.0    9.14
 2008 162    10       0   15248   92054       0   92054   91745   309.1    0.00   921.4  6515.0    0.00  6515.0  6505.9    9.07
 2008 163    11       0   15249   92043       0   92043   91744   299.3    0.00   921.4  6514.8    0.00  6514.8  6505.8    8.98
 2008 164    12       0   15249   92035       0   92035   91743   291.6    0.00   921.4  6514.6    0.00  6514.6  6505.7    8.91
 2008 165    13       0   15249   92026       0   92026   91742   284.3    0.00   921.3  6514.4    0.00  6514.4  6505.6    8.82
 2008 166    14       0   15249   92016       0   92016   91741   275.6    0.00   921.3  6514.1    0.00  6514.1  6505.4    8.72
 2008 167    15       0   15249   92005       0   92005   91739   265.9    0.00   921.3  6513.8    0.00  6513.8  6505.2    8.59
 2008 168    16       0   15249   91995       0   91995   91737   258.3    0.00   921.3  6513.5    0.00  6513.5  6505.0    8.47
 2008 169    17       0   15249   91986       0   91986   91734   251.8    0.00   921.2  6513.2    0.00  6513.2  6504.8    8.37
 2008 170    18       0   15248   91977       0   91977   91732   245.3    0.00   921.2  6512.9    0.00  6512.9  6504.6    8.26
 2008 171    19       0   15248   91968       0   91968   91729   238.6    0.00   921.2  6512.5    0.00  6512.5  6504.4    8.15
 2008 172    20       0   15248   91957       0   91957   91726   231.4    0.00   921.1  6512.2    0.00  6512.2  6504.2    8.01
 2008 173    21       0   15248   91947       0   91947   91723   223.9    0.00   921.1  6511.8    0.00  6511.8  6503.9    7.87
 2008 174    22       0   15248   91935       0   91935   91719   216.1    0.00   921.1  6511.3    0.00  6511.3  6503.6    7.71
 2008 175    23       0   15247   91924       0   91924   91716   208.4    0.00   921.0  6510.8    0.00  6510.8  6503.3    7.54
 2008 176    24       0   15247   91912       0   91912   91712   200.9    0.00   921.0  6510.3    0.00  6510.3  6503.0    7.37
 2008 177    25       0   15247   91901       0   91901   91707   193.4    0.00   921.0  6509.8    0.00  6509.8  6502.6    7.20
 2008 178    26       0   15247   91888       0   91888   91702   185.9    0.00   920.9  6509.2    0.00  6509.2  6502.2    7.02
 2008 179    27       0   15246   91876       0   91876   91697   178.6    0.00   920.9  6508.6    0.00  6508.6  6501.8    6.83
 2008 180    28       0   15246   91863       0   91863   91692   171.3    0.00   920.9  6508.0    0.00  6508.0  6501.4    6.64
 2008 181    29       0   15245   91852       0   91852   91685   166.7    0.00   920.8  6507.4    0.00  6507.4  6500.9    6.51
 2008 182    30       0   15245   91842       0   91842   91680   162.6    0.00   920.8  6506.9    0.00  6506.9  6500.5    6.40
 2008 183    31       0   15244   91832       0   91832   91674   158.5    0.00   920.7  6506.3    0.00  6506.3  6500.0    6.28
 2008 184    32       0   15243   91823       0   91823   91668   154.9    0.00   920.7  6505.8    0.00  6505.8  6499.6    6.17
 2008 185    33       0   15243   91815       0   91815   91663   151.6    0.00   920.6  6505.3    0.00  6505.3  6499.2    6.08
 2008 186    34       0   15242   91806       0   91806   91658   148.5    0.00   920.6  6504.8    0.00  6504.8  6498.8    5.98
 2008 187    35       0   15242   91798       0   91798   91652   145.5    0.00   920.6  6504.3    0.00  6504.3  6498.4    5.89
 2008 188    36       0   15241   91789       0   91789   91647   142.7    0.00   920.5  6503.7    0.00  6503.7  6497.9    5.80
 2008 189    37       0   15241   91779       0   91779   91641   138.6    0.00   920.5  6503.2    0.00  6503.2  6497.5    5.67
 2008 190    38       0   15240   91769       0   91769   91635   134.2    0.00   920.4  6502.6    0.00  6502.6  6497.0    5.53
 2008 191    39       0   15239   91758       0   91758   91628   129.5    0.00   920.4  6501.9    0.00  6501.9  6496.6    5.38
 2008 192    40       0   15239   91748       0   91748   91622   126.3    0.00   920.3  6501.4    0.00  6501.4  6496.1    5.27
 2008 193    41       0   15238   91739       0   91739   91615   123.2    0.00   920.3  6500.8    0.00  6500.8  6495.6    5.16
 2008 194    42       0   15237   91730       0   91730   91609   121.1    0.00   920.2  6500.2    0.00  6500.2  6495.1    5.09
 2008 195    43       0   15236   91721       0   91721   91603   118.6    0.00   920.2  6499.6    0.00  6499.6  6494.6    5.00
 2008 196    44       0   15235   91713       0   91713   91597   116.4    0.00   920.1  6499.1    0.00  6499.1  6494.2    4.92
 2008 197    45       0   15235   91705       0   91705   91591   114.4    0.00   920.1  6498.6    0.00  6498.6  6493.7    4.85
 2008 198    46       0   15234   91696       0   91696   91584   112.0    0.00   920.0  6498.0    0.00  6498.0  6493.3    4.76
 2008 199    47       0   15233   91688       0   91688   91578   110.0    0.00   919.9  6497.5    0.00  6497.5  6492.8    4.69
 2008 200    48       0   15232   91679       0   91679   91571   107.8    0.00   919.9  6496.9    0.00  6496.9  6492.3    4.61
 2008 201    49       0   15231   91672       0   91672   91565   106.6    0.00   919.8  6496.4    0.00  6496.4  6491.9    4.56
 2008 202    50       0   15231   91664       0   91664   91559   105.3    0.00   919.8  6495.9    0.00  6495.9  6491.4    4.50
 2008 203    51       0   15230   91657       0   91657   91553   103.8    0.00   919.7  6495.4    0.00  6495.4  6490.9    4.44
 2008 204    52       0   15229   91648       0   91648   91546   102.2    0.00   919.7  6494.8    0.00  6494.8  6490.5    4.38
 2008 205    53       0   15228   91641       0   91641   91540   101.2    0.00   919.6  6494.3    0.00  6494.3  6490.0    4.33
 2008 206    54       0   15227   91634       0   91634   91534   100.1    0.00   919.6  6493.8    0.00  6493.8  6489.5    4.29
 2008 207    55       0   15226   91626       0   91626   91527    99.0    0.00   919.5  6493.3    0.00  6493.3  6489.1    4.24
 2008 208    56       0   15225   91619       0   91619   91521    97.7    0.00   919.4  6492.8    0.00  6492.8  6488.6    4.19
 2008 209    57       0   15225   91612       0   91612   91515    97.0    0.00   919.4  6492.3    0.00  6492.3  6488.1    4.15
 2008 210    58       0   15224   91605       0   91605   91509    96.1    0.00   919.3  6491.8    0.00  6491.8  6487.7    4.11
 2008 211    59       0   15223   91598       0   91598   91502    95.2    0.00   919.3  6491.3    0.00  6491.3  6487.2    4.07
 2008 212    60       0   15222   91590       0   91590   91496    94.2    0.00   919.2  6490.7    0.00  6490.7  6486.7    4.03
 2008 213    61       0   15221   91583       0   91583   91489    93.3    0.00   919.2  6490.2    0.00  6490.2  6486.2    3.99
 2008 214    62       0   15220   91576       0   91576   91483    92.9    0.00   919.1  6489.8    0.00  6489.8  6485.8    3.97
 2008 215    63       0   15219   91570       0   91570   91477    92.4    0.00   919.1  6489.3    0.00  6489.3  6485.3    3.94
 2008 216    64       0   15219   91563       0   91563   91471    91.9    0.00   919.0  6488.8    0.00  6488.8  6484.9    3.92
 2008 217    65       0   15218   91555       0   91555   91464    91.2    0.00   919.0  6488.3    0.00  6488.3  6484.4    3.88
 2008 218    66       0   15217   91548       0   91548   91458    90.7    0.00   918.9  6487.7    0.00  6487.7  6483.9    3.86
 2008 219    67       0   15216   91541       0   91541   91451    90.0    0.00   918.8  6487.2    0.00  6487.2  6483.4    3.83
 2008 220    68       0   15215   91533       0   91533   91444    89.3    0.00   918.8  6486.7    0.00  6486.7  6482.9    3.79
 2008 221    69       0   15214   91527       0   91527   91437    89.2    0.00   918.7  6486.2    0.00  6486.2  6482.4    3.78
 2008 222    70       0   15213   91520       0   91520   91431    89.0    0.00   918.7  6485.7    0.00  6485.7  6481.9    3.76
 2008 223    71       0   15212   91512       0   91512   91424    88.7    0.00   918.6  6485.1    0.00  6485.1  6481.4    3.75
 2008 224    72       0   15211   91504       0   91504   91417    86.4    0.00   918.5  6484.6    0.00  6484.6  6480.9    3.68
 2008 225    73       0   15210   91497       0   91497   91410    86.7    0.00   918.5  6484.1    0.00  6484.1  6480.4    3.68
 2008 226    74       0   15209   91491       0   91491   91404    87.0    0.00   918.4  6483.6    0.00  6483.6  6479.9    3.68
 2008 227    75       0   15208   91484       0   91484   91397    87.1    0.00   918.4  6483.1    0.00  6483.1  6479.4    3.67
 2008 228    76       0   15207   91477       0   91477   91390    87.2    0.00   918.3  6482.6    0.00  6482.6  6478.9    3.66
 2008 229    77       0   15206   91467       0   91467   91383    84.3    0.00   918.2  6482.0    0.00  6482.0  6478.4    3.57
 2008 230    78       0   15205   91458       0   91458   91376    81.7    0.00   918.2  6481.4    0.00  6481.4  6477.9    3.49
 2008 231    79       0   15204   91448       0   91448   91369    79.1    0.00   918.1  6480.8    0.00  6480.8  6477.4    3.40
 2008 232    80       0   15203   91438       0   91438   91362    76.6    0.00   918.0  6480.2    0.00  6480.2  6476.9    3.32
 2008 233    81       0   15202   91429       0   91429   91355    74.2    0.00   918.0  6479.6    0.00  6479.6  6476.3    3.23
 2008 234    82       0   15201   91420       0   91420   91348    71.8    0.00   917.9  6479.0    0.00  6479.0  6475.8    3.15
 2008 235    83       0   15200   91410       0   91410   91341    69.6    0.00   917.8  6478.4    0.00  6478.4  6475.3    3.07
 2008 236    84       0   15199   91401       0   91401   91334    67.4    0.00   917.8  6477.8    0.00  6477.8  6474.8    2.98
 2008 237    85       0   15198   91392       0   91392   91326    65.3    0.00   917.7  6477.2    0.00  6477.2  6474.3    2.91
 2008 238    86       0   15197   91383       0   91383   91319    63.3    0.00   917.6  6476.6    0.00  6476.6  6473.8    2.83
 2008 239    87       0   15195   91374       0   91374   91312    61.5    0.00   917.6  6476.0    0.00  6476.0  6473.2    2.76
 2008 240    88       0   15194   91365       0   91365   91305    59.8    0.00   917.5  6475.4    0.00  6475.4  6472.7    2.69
 2008 241    89       0   15193   91356       0   91356   91298    58.2    0.00   917.4  6474.8    0.00  6474.8  6472.2    2.63
 2008 242    90       0   15192   91347       0   91347   91291    56.7    0.00   917.3  6474.3    0.00  6474.3  6471.7    2.57
 2008 243    91       0   15191   91339       0   91339   91283    55.3    0.00   917.3  6473.7    0.00  6473.7  6471.2    2.51
 2008 244    92       0   15190   91330       0   91330   91276    54.0    0.00   917.2  6473.1    0.00  6473.1  6470.6    2.46
 2008 245    93       0   15189   91321       0   91321   91269    52.7    0.00   917.1  6472.5    0.00  6472.5  6470.1    2.41
 2008 246    94       0   15188   91313       0   91313   91262    51.6    0.00   917.1  6472.0    0.00  6472.0  6469.6    2.36
 2008 247    95       0   15186   91305       0   91305   91254    50.4    0.00   917.0  6471.4    0.00  6471.4  6469.1    2.32
 2008 248    96       0   15185   91297       0   91297   91247    49.5    0.00   916.9  6470.9    0.00  6470.9  6468.6    2.28
 2008 249    97       0   15184   91289       0   91289   91241    48.6    0.00   916.9  6470.3    0.00  6470.3  6468.1    2.24
 2008 250    98       0   15183   91281       0   91281   91234    47.7    0.00   916.8  6469.8    0.00  6469.8  6467.6    2.21
 2008 251    99       0   15182   91273       0   91273   91227    46.9    0.00   916.7  6469.2    0.00  6469.2  6467.1    2.17
 2008 252   100       0   15181   91266       0   91266   91220    46.0    0.00   916.7  6468.7    0.00  6468.7  6466.6    2.13
 2008 253   101       0   15180   91258       0   91258   91213    45.3    0.00   916.6  6468.2    0.00  6468.2  6466.1    2.10
 2008 254   102       0   15179   91250       0   91250   91206    44.5    0.00   916.6  6467.6    0.00  6467.6  6465.6    2.07
 2008 255   103       0   15178   91246       0   91246   91199    47.0    0.00   916.5  6467.2    0.00  6467.2  6465.1    2.12
 2008 256   104       0   15177   91241       0   91241   91192    49.2    0.00   916.4  6466.7    0.00  6466.7  6464.6    2.17
 2008 257   105       0   15176   91236       0   91236   91184    51.2    0.00   916.4  6466.3    0.00  6466.3  6464.0    2.21
 2008 258   106       0   15175   91230       0   91230   91177    53.1    0.00   916.3  6465.8    0.00  6465.8  6463.5    2.25
 2008 259   107       0   15174   91225       0   91225   91170    54.8    0.00   916.2  6465.3    0.00  6465.3  6463.0    2.29
 2008 260   108       0   15173   91219       0   91219   91163    56.3    0.00   916.2  6464.8    0.00  6464.8  6462.5    2.32
 2008 261   109       0   15172   91213       0   91213   91156    57.7    0.00   916.1  6464.3    0.00  6464.3  6462.0    2.36
 2008 262   110       0   15170   91208       0   91208   91149    59.1    0.00   916.0  6463.8    0.00  6463.8  6461.4    2.39
 2008 263   111       0   15169   91202       0   91202   91141    60.5    0.00   915.9  6463.3    0.00  6463.3  6460.9    2.43
 2008 264   112       0   15168   91196       0   91196   91134    61.9    0.00   915.9  6462.9    0.00  6462.9  6460.4    2.46
 2008 265   113       0   15167   91190       0   91190   91127    63.3    0.00   915.8  6462.4    0.00  6462.4  6459.9    2.50
 2008 266   114       0   15166   91185       0   91185   91120    64.6    0.00   915.7  6461.9    0.00  6461.9  6459.4    2.54
 2008 267   115       0   15165   91179       0   91179   91113    66.0    0.00   915.7  6461.4    0.00  6461.4  6458.8    2.58
 2008 268   116       0   15163   91173       0   91173   91106    67.4    0.00   915.6  6461.0    0.00  6461.0  6458.3    2.62
 2008 269   117       0   15162   91168       0   91168   91099    68.7    0.00   915.5  6460.5    0.00  6460.5  6457.8    2.66
 2008 270   118       0   15161   91159       0   91159   91092    66.7    0.00   915.4  6459.9    0.00  6459.9  6457.3    2.61
 2008 271   119       0   15160   91150       0   91150   91085    64.8    0.00   915.4  6459.4    0.00  6459.4  6456.8    2.56
 2008 272   120       0   15159   91142       0   91142   91079    63.1    0.00   915.3  6458.9    0.00  6458.9  6456.3    2.52
