*Soil Inorganic Nitrogen daily output file

*DSSAT Cropping System Model Ver. 4.8.0.024 -stable  SEP 25, 2026 04:14:07

*RUN   1        : Sim2008                   MZCER048 fileX.MZ    1
 MODEL          : MZCER048 - Maize
 EXPERIMENT     : fileX.MZ    CNYC
 DATA PATH      :
 TREATMENT  1   : Sim2008                   MZCER048
  
!                                                                                                                                      NO3 (ppm) at soil dep. (cm):                    NH4 (ppm) at soil dep. (cm):                    Total Inorganic N @dep(ppm):
!                                                                                                                                       0-5    5-15   15-30   30-45   45-60   60-90     0-5    5-15   15-30   30-45   45-60   60-90     0-5    5-15   15-30   30-45   45-60   60-90
@YEAR DOY   DAS  NAPC  NI#M    NIAD    NITD    NHTD   NURTD    NMNC    NITC    NDNC    NIMC    AMLC   NNMNC    NUCM    NLCC    TDNC    NI1D    NI2D    NI3D    NI4D    NI5D    NI6D    NH1D    NH2D    NH3D    NH4D    NH5D    NH6D    NT1D    NT2D    NT3D    NT4D    NT5D    NT6D    
 2008 152     0     0     0   137.7    85.7    52.0     0.0    0.00    0.00    0.00    0.00    0.00    0.00    0.00    0.00    0.00   10.00    10.0     8.0    6.00    6.00    5.00    4.00    4.00    4.00    4.00    4.00    4.00   14.00   14.00   12.00   10.00   10.00    9.00
 2008 153     1     0     0   137.5    99.8    37.7     0.0    0.09   14.16    0.00    0.20    0.00   -0.12    0.00    0.00    0.00   13.35    12.4     9.8    7.04    6.60    5.32    0.53    1.32    2.35    3.01    3.39    3.69   13.88   13.68   12.11   10.05    9.99    9.01
 2008 154     2     0     0   137.5   107.6    29.9     0.0    0.18   21.93    0.00    0.29    0.00   -0.11    0.00    0.00    0.00   13.91    13.2    10.7    7.84    7.12    5.62    0.05    0.40    1.37    2.25    2.86    3.40   13.96   13.58   12.10   10.09    9.99    9.01
 2008 155     3     0     0   137.6   113.2    24.4     0.0    0.28   27.52    0.00    0.31    0.00   -0.03    0.00    0.00    0.00   14.25    13.3    11.3    8.49    7.62    5.93    0.00    0.11    0.76    1.63    2.37    3.09   14.25   13.41   12.10   10.12    9.99    9.02
 2008 156     4     0     0   137.7   117.4    20.3     0.0    0.39   31.75    0.00    0.31    0.00    0.08    0.00    0.00    0.00   14.63    13.2    11.7    8.97    8.06    6.24    0.00    0.04    0.43    1.17    1.94    2.79   14.63   13.23   12.11   10.14   10.00    9.03
 2008 157     5     0     0   137.8   120.8    17.0     0.0    0.54   35.17    0.00    0.31    0.00    0.23    0.00    0.00    0.00   15.03    13.0    11.9    9.32    8.44    6.54    0.01    0.03    0.25    0.83    1.56    2.49   15.05   13.05   12.13   10.14   10.00    9.03
 2008 158     6     0     0   138.0   123.7    14.3     0.0    0.72   38.08    0.00    0.31    0.00    0.41    0.00    0.00    0.00   15.45    12.9    12.0    9.57    8.77    6.84    0.02    0.04    0.15    0.58    1.24    2.20   15.47   12.90   12.15   10.15   10.01    9.04
 2008 159     7     0     0   138.2   126.2    12.0     0.0    0.93   40.57    0.00    0.31    0.00    0.61    0.00    0.00    0.00   15.87    12.7    12.1    9.76    9.04    7.12    0.03    0.05    0.10    0.40    0.98    1.93   15.90   12.76   12.16   10.16   10.02    9.05
 2008 160     8     0     0   138.4   128.3    10.1     0.0    1.14   42.67    0.00    0.31    0.00    0.83    0.00    0.00    0.00   16.28    12.6    12.1    9.89    9.26    7.38    0.04    0.06    0.07    0.28    0.76    1.67   16.32   12.64   12.17   10.17   10.03    9.06
 2008 161     9     0     0   138.6   129.9     8.7     0.0    1.35   44.30    0.00    0.31    0.00    1.04    0.00    0.00    0.00   10.82    15.4    12.1    9.97    9.42    7.59    0.05    0.07    0.06    0.21    0.61    1.47   10.87   15.48   12.17   10.18   10.03    9.06
 2008 162    10     0     0   138.8   131.2     7.7     0.0    1.56   45.55    0.00    0.31    0.00    1.24    0.00    0.00    0.00    9.72    15.4    12.5   10.03    9.53    7.77    0.08    0.09    0.06    0.17    0.51    1.30    9.80   15.51   12.54   10.20   10.04    9.07
 2008 163    11     0     0   139.1   132.3     6.8     0.0    1.77   46.65    0.00    0.31    0.00    1.46    0.00    0.00    0.00    1.11     4.4     9.7   12.76   18.79    8.13    0.09    0.10    0.06    0.14    0.42    1.15    1.20    4.51    9.76   12.90   19.21    9.28
 2008 164    12     0     0   139.3   133.0     6.2     0.0    1.97   47.41    0.00    0.31    0.00    1.65    0.00    0.00    0.00    1.17     4.4     9.5   12.53   17.76    8.98    0.10    0.15    0.07    0.15    0.41    1.01    1.27    4.51    9.61   12.68   18.17    9.99
 2008 165    13     0     0   139.4   133.6     5.8     0.0    2.16   48.00    0.00    0.31    0.00    1.84    0.00    0.00    0.00    1.23     4.3     9.4   12.31   16.80    9.75    0.11    0.18    0.09    0.16    0.40    0.91    1.33    4.51    9.48   12.47   17.19   10.65
 2008 166    14     0     0   139.7   134.4     5.3     0.0    2.41   48.72    0.00    0.31    0.00    2.10    0.00    0.00    0.00    1.30     4.3     9.3   12.11   15.96   10.45    0.12    0.21    0.10    0.16    0.37    0.79    1.42    4.54    9.36   12.28   16.33   11.24
 2008 167    15     0     0   140.0   135.2     4.8     0.0    2.72   49.58    0.00    0.31    0.00    2.41    0.00    0.00    0.00    1.14     4.5     9.2   12.06   15.69   10.81    0.12    0.23    0.12    0.17    0.34    0.67    1.26    4.69    9.30   12.23   16.02   11.48
 2008 168    16     0     0   139.9   135.6     4.3     0.0    3.04   50.39    0.44    0.31    0.00    2.72    0.00    0.00    0.00    0.95     4.5     9.1   11.95   15.46   11.13    0.18    0.26    0.13    0.17    0.30    0.56    1.13    4.76    9.19   12.12   15.76   11.69
 2008 169    17    96     1   235.7   183.8    51.9     0.0    3.34   51.07    0.88    0.31    0.00    3.03    0.00    0.00    0.00   72.65     4.4     8.8   11.70   14.93   11.68   71.85    0.31    0.14    0.18    0.27    0.46  144.50    4.69    8.98   11.88   15.20   12.14
 2008 170    18    96     1   235.6   218.8    16.8     0.0    3.66   86.49    1.29    0.31    0.00    3.35    0.00    0.00    0.00  124.48     4.3     8.7   11.59   14.91   11.87   20.02    0.35    0.15    0.18    0.24    0.38  144.50    4.65    8.87   11.78   15.15   12.25
 2008 171    19    96     1   235.4   228.3     7.1     0.0    4.00   96.52    1.69    0.31    0.00    3.69    0.00    0.09    0.00  138.49     4.3     8.5   11.37   14.59   12.25    6.08    0.37    0.16    0.18    0.21    0.30  144.57    4.63    8.70   11.55   14.80   12.55
 2008 172    20    96     1   234.4   230.3     4.1     0.0    4.38   99.96    2.05    0.31    0.00    4.07    0.00    1.15    0.00  142.78     4.3     8.4   11.16   14.38   12.32    1.88    0.36    0.16    0.18    0.19    0.26  144.66    4.65    8.56   11.35   14.57   12.58
 2008 173    21    96     1   233.4   230.5     2.9     0.0    4.79  101.48    2.40    0.31    0.00    4.48    0.00    2.14    0.00  144.15     4.4     8.3   10.98   14.19   12.39    0.62    0.34    0.17    0.18    0.16    0.22  144.77    4.69    8.42   11.16   14.35   12.61
 2008 174    22    96     1   233.5   231.1     2.4     0.0    5.24  102.47    2.75    0.31    0.00    4.93    0.00    2.14    0.00  144.55     4.5     8.2   10.90   14.26   12.48    0.24    0.30    0.17    0.17    0.14    0.18  144.79    4.79    8.32   11.07   14.40   12.66
 2008 175    23    96     1   233.6   231.5     2.2     0.0    5.71  103.19    3.09    0.31    0.00    5.40    0.00    2.16    0.00  144.56     4.7     8.1   10.82   14.31   12.57    0.22    0.27    0.16    0.17    0.12    0.15  144.79    4.92    8.23   10.99   14.43   12.72
 2008 176    24    96     1   232.9   230.9     1.9     0.0    6.21  103.93    3.45    0.31    0.00    5.90    0.00    3.07    0.00  144.74     4.8     8.0   10.65   14.12   12.61    0.16    0.25    0.16    0.16    0.11    0.12  144.90    5.00    8.12   10.81   14.23   12.73
 2008 177    25    96     1   232.2   230.5     1.7     0.0    6.74  104.66    3.81    0.31    0.00    6.43    0.00    3.92    0.00  144.87     4.9     7.9   10.50   13.95   12.65    0.14    0.23    0.15    0.15    0.10    0.10  145.02    5.09    8.02   10.65   14.05   12.75
 2008 178    26    96     1   231.6   230.1     1.5     0.0    7.31  105.40    4.17    0.31    0.00    7.00    0.00    4.71    0.00  145.00     5.0     7.8   10.36   13.79   12.69    0.14    0.21    0.14    0.14    0.09    0.08  145.14    5.20    7.93   10.50   13.88   12.77
 2008 179    27    96     1   231.1   229.7     1.4     0.0    7.90  106.13    4.50    0.31    0.00    7.58    0.00    5.43    0.00  145.20     5.1     7.7   10.23   13.64   12.72    0.14    0.19    0.13    0.13    0.08    0.07  145.33    5.28    7.85   10.36   13.72   12.79
 2008 180    28    96     1   231.4   230.2     1.2     0.0    8.53  106.98    4.85    0.31    0.00    8.22    0.00    5.45    0.00   76.73    37.8     8.8   10.20   13.68   12.79    0.13    0.13    0.12    0.11    0.07    0.06   76.86   37.91    8.88   10.31   13.75   12.85
 2008 181    29    96     1   231.2   230.0     1.2     0.0    9.13  107.54    5.27    0.31    0.00    8.82    0.35    5.49    0.00   35.55    38.9    17.1   13.37   14.09   12.86    0.19    0.20    0.11    0.10    0.06    0.05   35.74   39.08   17.23   13.46   14.16   12.91
 2008 182    30    96     1   230.3   228.9     1.4     0.0    9.69  107.91    6.40    0.31    0.00    9.38    0.61    5.54    0.00   34.98    38.5    16.9   13.22   14.18   12.94    0.23    0.27    0.13    0.12    0.06    0.05   35.21   38.77   17.08   13.34   14.24   12.98
 2008 183    31    96     1   229.2   227.6     1.6     0.0   10.25  108.31    7.50    0.31    0.00    9.94    0.89    5.87    0.00   14.54    30.6    20.5   15.41   16.47   14.18    0.24    0.33    0.15    0.14    0.07    0.05   14.78   30.94   20.67   15.55   16.54   14.23
 2008 184    32    96     1   227.0   225.2     1.8     0.0   10.78  108.59    9.21    0.31    0.00   10.47    1.21    6.53    0.00    8.71    25.9    21.1   16.33   16.28   15.31    0.27    0.38    0.17    0.16    0.09    0.05    8.98   26.27   21.23   16.49   16.37   15.36
 2008 185    33    96     1   221.8   219.8     2.0     0.0   11.28  108.86   11.60    0.31    0.00   10.97    1.98    9.02    0.00    8.13    25.0    20.5   16.03   15.86   15.08    0.25    0.43    0.19    0.17    0.11    0.06    8.38   25.42   20.69   16.21   15.97   15.14
 2008 186    34    96     1   219.2   217.1     2.2     0.0   11.78  109.25   13.77    0.31    0.00   11.47    2.36    9.59    0.00    7.95    24.4    20.2   15.87   15.69   15.01    0.18    0.46    0.20    0.18    0.13    0.07    8.13   24.82   20.35   16.06   15.82   15.08
 2008 187    35    96     1   214.5   212.2     2.3     0.0   12.29  109.65   15.84    0.31    0.00   11.98    3.26   11.87    0.00    7.75    23.6    19.6   15.55   15.31   14.80    0.20    0.48    0.20    0.19    0.14    0.07    7.94   24.05   19.80   15.74   15.46   14.87
 2008 188    36    96     1   209.9   207.7     2.2     0.0   12.81  110.24   17.96    0.31    0.00   12.50    4.12   13.99    0.00    7.72    22.9    19.1   15.21   14.95   14.60    0.14    0.48    0.20    0.18    0.15    0.07    7.86   23.36   19.27   15.39   15.10   14.66
 2008 189    37    96     1   205.3   203.4     1.8     0.0   13.40  111.16   19.96    0.31    0.00   13.09    5.43   15.86    0.00    7.67    22.4    18.5   14.83   14.60   14.40    0.13    0.35    0.19    0.16    0.14    0.05    7.80   22.73   18.72   14.99   14.74   14.46
 2008 190    38    96     1   202.0   200.6     1.4     0.0   14.02  112.16   21.90    0.31    0.00   13.71    6.83   16.34    0.00    7.63    22.1    18.0   14.57   14.40   14.33    0.13    0.22    0.16    0.13    0.11    0.04    7.76   22.32   18.19   14.70   14.51   14.37
 2008 191    39    96     1   197.5   196.4     1.2     0.0   14.65  113.04   23.81    0.31    0.00   14.34    9.58   16.81    0.00    4.74    22.6    17.5   14.16   14.11   14.24    0.15    0.16    0.14    0.10    0.09    0.03    4.89   22.74   17.68   14.26   14.20   14.27
 2008 192    40    96     1   191.1   190.1     1.0     0.0   15.25  113.73   26.27    0.31    0.00   14.94   12.31   18.60    0.00    4.65    21.6    16.9   13.63   13.55   14.00    0.18    0.18    0.11    0.07    0.07    0.03    4.82   21.76   16.97   13.70   13.63   14.03
 2008 193    41    96     1   181.7   180.8     0.9     0.0   15.85  114.45   28.43    0.31    0.00   15.54   19.68   19.04    0.00    3.07    19.6    16.3   12.70   12.75   13.88    0.12    0.19    0.08    0.06    0.06    0.03    3.18   19.76   16.37   12.76   12.81   13.91
 2008 194    42    96     1   176.4   175.4     1.0     0.0   16.42  114.92   30.71    0.31    0.00   16.11   21.48   20.83    0.00    3.02    18.8    15.7   12.32   12.28   13.58    0.17    0.25    0.08    0.05    0.05    0.03    3.20   19.06   15.83   12.37   12.33   13.61
 2008 195    43    96     1   170.1   169.1     1.0     0.0   17.01  115.52   32.84    0.31    0.00   16.70   25.83   21.24    0.00    1.30    12.2    15.4   14.37   12.75   13.34    0.19    0.28    0.07    0.04    0.04    0.03    1.49   12.51   15.51   14.41   12.79   13.37
 2008 196    44    96     1   163.0   161.8     1.2     0.0   17.55  115.88   35.57    0.31    0.00   17.24   30.36   21.63    0.00    1.24    11.6    14.7   13.79   12.05   12.85    0.21    0.32    0.09    0.06    0.05    0.03    1.45   11.95   14.84   13.85   12.10   12.88
 2008 197    45    96     1   157.0   155.8     1.3     0.0   18.09  116.32   38.17    0.31    0.00   17.78   32.37   23.53    0.00    1.28    11.2    14.2   13.26   11.57   12.39    0.22    0.35    0.10    0.07    0.05    0.03    1.50   11.55   14.25   13.34   11.62   12.42
 2008 198    46    96     1   148.0   146.9     1.2     0.0   18.66  116.98   40.41    0.31    0.00   18.34   38.11   25.10    0.00    1.38    10.6    13.3   12.52   10.87   11.65    0.13    0.36    0.10    0.07    0.04    0.03    1.51   11.00   13.43   12.58   10.91   11.69
 2008 199    47    96     1   140.1   139.1     1.0     0.0   19.24  117.69   42.35    0.31    0.00   18.93   43.31   26.45    0.00    1.42    10.2    12.6   11.87   10.28   10.98    0.11    0.33    0.08    0.05    0.04    0.03    1.54   10.50   12.72   11.92   10.31   11.02
 2008 200    48    96     1   133.6   132.7     0.9     0.0   19.84  118.44   43.99    0.31    0.00   19.53   48.56   26.71    0.00    0.63     7.2    12.1   12.66   10.23   10.48    0.11    0.25    0.07    0.04    0.04    0.03    0.74    7.41   12.16   12.70   10.27   10.51
 2008 201    49    96     1   128.4   127.4     1.0     0.0   20.37  118.80   46.16    0.31    0.00   20.06   51.84   26.95    0.00    0.61     6.9    11.6   12.24    9.85    9.99    0.17    0.29    0.09    0.06    0.04    0.03    0.78    7.19   11.72   12.29    9.89   10.02
 2008 202    50    96     1   118.1   117.0     1.1     0.0   20.91  119.28   48.20    0.31    0.00   20.60   59.33   28.25    0.00    0.61     6.5    10.9   11.48    8.99    8.92    0.21    0.30    0.09    0.05    0.04    0.03    0.82    6.80   11.00   11.54    9.03    8.96
 2008 203    51    96     1   110.9   109.9     1.0     0.0   21.48  119.94   50.00    0.31    0.00   21.17   64.20   29.35    0.00    0.68     6.2    10.3   10.84    8.41    8.32    0.20    0.28    0.09    0.04    0.04    0.03    0.88    6.47   10.36   10.87    8.45    8.35
 2008 204    52    96     1   104.7   103.8     0.9     0.0   22.06  120.63   51.52    0.31    0.00   21.75   69.36   29.49    0.00    0.49     4.8     9.5   11.02    8.18    7.83    0.16    0.23    0.07    0.04    0.04    0.03    0.65    5.01    9.52   11.06    8.22    7.86
 2008 205    53    96     1    99.3    98.3     1.0     0.0   22.59  121.05   53.27    0.31    0.00   22.28   72.41   30.57    0.00    0.50     4.6     8.9   10.50    7.73    7.38    0.20    0.26    0.08    0.05    0.04    0.03    0.70    4.83    9.02   10.55    7.77    7.41
 2008 206    54    96     1    92.3    91.3     1.0     0.0   23.14  121.60   54.76    0.31    0.00   22.83   77.53   31.47    0.00    0.53     4.3     8.4    9.89    7.08    6.77    0.22    0.27    0.08    0.04    0.04    0.03    0.75    4.61    8.46    9.93    7.12    6.80
 2008 207    55    96     1    87.0    86.1     1.0     0.0   23.70  122.20   56.06    0.31    0.00   23.39   81.30   32.26    0.00    0.59     4.2     7.9    9.33    6.62    6.37    0.22    0.26    0.07    0.04    0.04    0.03    0.80    4.42    7.96    9.37    6.67    6.40
 2008 208    56    96     1    82.2    81.4     0.9     0.0   24.28  122.83   57.17    0.31    0.00   23.97   85.49   32.33    0.00    0.40     3.1     7.1    9.27    6.73    6.01    0.21    0.24    0.05    0.04    0.04    0.03    0.60    3.38    7.13    9.31    6.77    6.05
 2008 209    57    96     1    78.9    77.9     1.0     0.0   24.80  123.22   58.50    0.31    0.00   24.49   87.13   33.17    0.00    0.41     3.0     6.7    8.85    6.46    5.79    0.25    0.28    0.07    0.05    0.04    0.03    0.66    3.30    6.78    8.90    6.50    5.83
 2008 210    58    96     1    71.8    70.8     1.0     0.0   25.34  123.75   59.61    0.31    0.00   25.03   93.65   33.21    0.00    0.43     2.9     6.3    8.32    5.67    5.09    0.27    0.29    0.07    0.04    0.04    0.03    0.70    3.17    6.34    8.36    5.71    5.12
 2008 211    59   303     2   100.3    65.5    34.8    16.4   25.89  124.30   60.61    0.31  156.43   25.58   98.28   33.79    0.00    1.04     2.7     5.8    7.76    5.12    4.61   50.66    0.29    0.07    0.03    0.04    0.03   51.70    3.04    5.91    7.79    5.16    4.64
 2008 212    60   303     2    93.5    72.6    20.9     5.3   26.45  136.99   61.44    0.31  166.05   26.14  106.30   33.81    0.00   19.14     2.7     5.4    7.22    4.64    4.20   29.98    0.26    0.06    0.04    0.04    0.03   49.12    2.92    5.50    7.26    4.68    4.23
 2008 213    61   303     2    82.3    65.5    16.8     2.1   27.01  140.80   62.25    0.31  168.42   26.70  118.01   33.82    0.00   13.77     4.7     5.0    6.59    4.32    3.46   23.24    0.62    0.05    0.04    0.04    0.03   37.01    5.35    5.07    6.63    4.36    3.50
 2008 214    62   303     2    78.5    63.3    15.2     1.2   27.53  142.91   63.33    0.31  169.03   27.21  121.11   34.27    0.00   15.58     4.6     4.8    6.24    4.01    3.18   19.42    1.11    0.17    0.04    0.04    0.03   35.00    5.76    4.92    6.28    4.05    3.21
 2008 215    63   303     2    71.6    60.0    11.5     0.6   28.06  146.19   64.26    0.31  169.41   27.75  127.65   34.46    0.00   17.63     4.6     4.5    5.75    3.48    2.79   13.74    1.21    0.18    0.04    0.04    0.03   31.37    5.80    4.64    5.78    3.52    2.82
 2008 216    64   303     2    67.5    59.1     8.4     0.3   28.61  149.50   65.08    0.31  169.59   28.29  131.32   34.70    0.00   19.69     4.7     4.3    5.38    3.23    2.63    9.41    1.08    0.13    0.04    0.04    0.03   29.11    5.79    4.41    5.41    3.27    2.67
 2008 217    65   303     2    59.9    54.6     5.2     0.2   29.17  152.33   65.75    0.31  169.73   28.86  138.70   34.82    0.00   19.49     4.6     3.9    4.79    2.80    2.34    5.42    0.83    0.08    0.04    0.04    0.03   24.92    5.47    4.02    4.83    2.84    2.37
 2008 218    66   303     2    54.5    51.3     3.2     0.1   29.74  154.54   66.30    0.31  169.83   29.43  143.98   34.96    0.00   18.98     4.6     3.7    4.34    2.54    2.16    2.92    0.59    0.05    0.04    0.04    0.03   21.90    5.19    3.70    4.38    2.59    2.19
 2008 219    67   303     2    50.0    48.1     1.9     0.0   30.32  156.15   66.76    0.31  169.91   30.01  148.41   35.08    0.00   18.10     4.5     3.4    3.95    2.35    2.01    1.46    0.40    0.05    0.04    0.04    0.03   19.56    4.90    3.42    3.99    2.39    2.05
 2008 220    68   303     2    43.8    42.6     1.2     0.0   30.92  157.30   67.11    0.31  169.98   30.61  154.81   35.08    0.00   12.08     6.0     3.0    3.43    2.08    1.79    0.65    0.27    0.05    0.04    0.04    0.03   12.73    6.27    3.06    3.47    2.12    1.83
 2008 221    69   303     2    41.2    40.0     1.2     0.0   31.47  157.82   67.60    0.31  170.02   31.16  157.33   35.16    0.00   11.59     5.8     2.8    3.10    1.94    1.69    0.58    0.31    0.04    0.04    0.04    0.03   12.17    6.09    2.84    3.15    1.98    1.73
 2008 222    70   303     2    34.0    32.9     1.1     0.0   32.04  158.43   67.96    0.31  170.06   31.73  164.65   35.20    0.00   10.00     5.2     2.2    2.38    1.53    1.37    0.45    0.30    0.04    0.04    0.04    0.03   10.45    5.48    2.23    2.42    1.57    1.40
 2008 223    71   303     2    29.9    29.0     1.0     0.0   32.63  159.12   68.21    0.31  170.10   32.31  169.04   35.20    0.00    5.88     5.3     2.4    2.05    1.34    1.21    0.33    0.25    0.04    0.04    0.04    0.03    6.21    5.60    2.43    2.09    1.38    1.24
 2008 224    72   303     2    30.1    29.1     1.0     0.0   33.18  159.63   68.59    0.31  170.12   32.87  169.04   35.22    0.00    5.76     5.2     2.4    2.07    1.38    1.26    0.31    0.28    0.04    0.04    0.04    0.03    6.07    5.47    2.43    2.11    1.43    1.29
 2008 225    73   303     2    26.3    25.3     1.0     0.0   33.75  160.19   68.88    0.31  170.15   33.44  173.03   35.25    0.00    5.09     4.8     2.0    1.72    1.18    1.08    0.27    0.27    0.04    0.04    0.04    0.03    5.36    5.07    2.08    1.76    1.22    1.12
 2008 226    74   303     2    26.4    25.4     0.9     0.0   34.33  160.81   69.14    0.31  170.17   34.01  173.25   35.27    0.00    5.04     4.7     2.0    1.73    1.21    1.11    0.22    0.25    0.04    0.04    0.04    0.03    5.26    4.96    2.08    1.77    1.25    1.15
 2008 227    75   303     2    24.2    23.4     0.8     0.0   34.91  161.46   69.34    0.31  170.19   34.60  175.72   35.28    0.00    4.51     4.4     1.8    1.58    1.13    1.04    0.18    0.21    0.04    0.04    0.04    0.03    4.69    4.60    1.89    1.62    1.17    1.08
 2008 228    76   303     2    23.3    22.5     0.7     0.0   35.51  162.11   69.50    0.31  170.22   35.19  177.09   35.28    0.00    4.25     4.2     1.8    1.51    1.12    1.02    0.14    0.17    0.04    0.04    0.04    0.03    4.39    4.37    1.81    1.56    1.16    1.05
 2008 229    77   303     2    23.7    23.1     0.7     0.0   36.11  162.76   69.63    0.31  170.24   35.80  177.09   35.28    0.00    4.28     4.2     1.8    1.56    1.17    1.05    0.11    0.13    0.04    0.04    0.04    0.03    4.38    4.37    1.86    1.60    1.21    1.09
 2008 230    78   303     2    24.2    23.5     0.7     0.0   36.71  163.35   69.77    0.31  170.25   36.40  177.09   35.28    0.00    4.24     4.2     1.9    1.59    1.23    1.09    0.12    0.11    0.04    0.04    0.04    0.03    4.36    4.36    1.90    1.64    1.27    1.12
 2008 231    79   303     2    24.6    24.0     0.6     0.0   37.31  163.94   69.88    0.31  170.27   37.00  177.09   35.28    0.00    4.23     4.3     1.9    1.64    1.28    1.13    0.13    0.10    0.04    0.04    0.04    0.03    4.35    4.36    1.95    1.68    1.32    1.16
 2008 232    80   303     2    25.1    24.5     0.6     0.0   37.91  164.54   69.98    0.31  170.28   37.59  177.09   35.28    0.00    4.24     4.3     1.9    1.71    1.32    1.16    0.12    0.09    0.04    0.04    0.04    0.03    4.35    4.37    1.98    1.75    1.36    1.19
 2008 233    81   303     2    25.6    25.0     0.6     0.0   38.51  165.13   70.05    0.31  170.30   38.19  177.09   35.28    0.00    4.26     4.3     2.0    1.77    1.37    1.19    0.11    0.09    0.04    0.04    0.04    0.03    4.37    4.40    2.02    1.81    1.41    1.23
 2008 234    82   303     2    26.2    25.6     0.6     0.0   39.11  165.72   70.10    0.31  170.31   38.79  177.09   35.28    0.00    4.30     4.3     2.0    1.82    1.41    1.23    0.10    0.09    0.04    0.04    0.04    0.03    4.40    4.42    2.08    1.86    1.46    1.26
 2008 235    83   303     2    26.7    26.1     0.6     0.0   39.70  166.30   70.14    0.31  170.33   39.39  177.09   35.28    0.00    4.35     4.3     2.1    1.87    1.46    1.26    0.09    0.09    0.04    0.04    0.04    0.03    4.44    4.43    2.14    1.91    1.50    1.29
 2008 236    84   303     2    27.3    26.7     0.6     0.0   40.30  166.89   70.17    0.31  170.34   39.99  177.09   35.28    0.00    4.40     4.3     2.2    1.92    1.50    1.29    0.09    0.09    0.04    0.04    0.04    0.03    4.49    4.44    2.21    1.97    1.55    1.33
 2008 237    85   303     2    27.8    27.2     0.6     0.0   40.89  167.47   70.18    0.31  170.35   40.58  177.09   35.28    0.00    4.46     4.4     2.2    1.98    1.55    1.33    0.09    0.09    0.04    0.04    0.04    0.03    4.55    4.45    2.28    2.02    1.59    1.36
 2008 238    86   303     2    28.4    27.8     0.6     0.0   41.49  168.07   70.18    0.31  170.37   41.17  177.09   35.28    0.00    4.54     4.4     2.3    2.03    1.59    1.36    0.06    0.09    0.04    0.04    0.04    0.03    4.60    4.49    2.35    2.07    1.63    1.39
 2008 239    87   303     2    29.0    28.4     0.6     0.0   42.08  168.64   70.18    0.31  170.39   41.76  177.09   35.28    0.00    4.51     4.5     2.4    2.09    1.63    1.39    0.06    0.09    0.04    0.04    0.04    0.03    4.57    4.58    2.40    2.13    1.67    1.43
 2008 240    88   303     2    29.5    29.0     0.6     0.0   42.66  169.21   70.18    0.31  170.40   42.35  177.09   35.28    0.00    4.58     4.6     2.4    2.13    1.66    1.43    0.06    0.08    0.04    0.04    0.04    0.03    4.63    4.65    2.45    2.18    1.70    1.46
 2008 241    89   303     2    30.1    29.5     0.6     0.0   43.24  169.78   70.18    0.31  170.42   42.93  177.09   35.28    0.00    4.64     4.7     2.5    2.18    1.70    1.46    0.06    0.08    0.04    0.04    0.04    0.03    4.69    4.73    2.49    2.22    1.74    1.49
 2008 242    90   303     2    30.7    30.1     0.6     0.0   43.82  170.35   70.18    0.31  170.43   43.51  177.09   35.28    0.00    4.71     4.7     2.5    2.22    1.73    1.49    0.05    0.08    0.04    0.04    0.04    0.03    4.77    4.81    2.54    2.26    1.77    1.52
 2008 243    91   303     2    31.2    30.7     0.6     0.0   44.40  170.92   70.18    0.31  170.45   44.09  177.09   35.28    0.00    4.81     4.8     2.5    2.26    1.76    1.52    0.05    0.08    0.04    0.04    0.04    0.03    4.86    4.87    2.59    2.31    1.80    1.56
 2008 244    92   303     2    31.8    31.2     0.6     0.0   44.98  171.48   70.18    0.31  170.47   44.67  177.09   35.28    0.00    4.88     4.9     2.6    2.30    1.79    1.56    0.06    0.08    0.04    0.04    0.04    0.03    4.94    4.95    2.64    2.35    1.83    1.59
 2008 245    93   303     2    32.3    31.8     0.6     0.0   45.55  172.04   70.18    0.31  170.48   45.24  177.09   35.28    0.00    3.03     5.9     2.7    2.35    1.82    1.59    0.05    0.08    0.04    0.04    0.04    0.03    3.08    5.94    2.71    2.39    1.86    1.62
 2008 246    94   303     2    32.9    32.3     0.6     0.0   46.11  172.57   70.18    0.31  170.50   45.80  177.09   35.28    0.00    2.80     5.8     2.9    2.40    1.85    1.62    0.08    0.08    0.04    0.04    0.04    0.03    2.88    5.85    2.94    2.44    1.90    1.66
 2008 247    95   303     2    33.4    32.8     0.6     0.0   46.67  173.10   70.18    0.31  170.51   46.36  177.09   35.28    0.00    2.07     5.9     3.1    2.46    1.89    1.66    0.10    0.08    0.04    0.04    0.04    0.03    2.18    5.99    3.16    2.50    1.93    1.69
 2008 248    96   303     2    34.0    33.3     0.7     0.0   47.22  173.57   70.18    0.31  170.52   46.90  177.09   35.28    0.00    1.46     5.3     3.7    2.54    1.92    1.69    0.12    0.11    0.04    0.04    0.04    0.03    1.59    5.38    3.79    2.59    1.96    1.72
 2008 249    97   303     2    34.5    33.8     0.7     0.0   47.75  174.04   70.18    0.31  170.54   47.44  177.09   35.28    0.00    1.45     5.2     3.7    2.73    1.97    1.72    0.14    0.14    0.04    0.04    0.04    0.03    1.59    5.36    3.73    2.78    2.01    1.75
 2008 250    98   303     2    34.8    34.1     0.7     0.0   48.29  174.54   70.33    0.31  170.56   47.98  177.09   35.28    0.00    1.43     5.1     3.7    2.84    2.03    1.75    0.15    0.15    0.04    0.04    0.04    0.03    1.58    5.21    3.76    2.89    2.07    1.79
 2008 251    99   303     2    35.2    34.5     0.7     0.0   48.83  175.07   70.47    0.31  170.58   48.52  177.09   35.28    0.00    1.42     4.9     3.8    2.92    2.09    1.79    0.14    0.15    0.04    0.04    0.04    0.03    1.57    5.07    3.82    2.96    2.13    1.82
 2008 252   100   303     2    35.7    35.0     0.7     0.0   49.38  175.61   70.58    0.31  170.59   49.06  177.09   35.28    0.00    1.10     4.8     4.0    3.00    2.15    1.82    0.15    0.14    0.04    0.04    0.04    0.03    1.25    4.93    4.00    3.04    2.19    1.86
 2008 253   101   303     2    36.0    35.3     0.8     0.0   49.90  176.07   70.73    0.31  170.61   49.59  177.09   35.28    0.00    1.08     4.6     4.0    3.09    2.21    1.86    0.16    0.17    0.04    0.04    0.04    0.03    1.24    4.80    4.02    3.13    2.25    1.89
 2008 254   102   303     2    36.4    35.6     0.8     0.0   50.43  176.56   70.87    0.31  170.62   50.12  177.09   35.28    0.00    1.06     4.5     4.0    3.17    2.27    1.89    0.17    0.18    0.04    0.04    0.04    0.03    1.23    4.64    4.08    3.21    2.31    1.93
 2008 255   103   303     2    35.9    35.2     0.7     0.0   50.97  177.11   70.98    0.31  170.64   50.66  177.93   35.28    0.00    1.05     4.3     4.0    3.17    2.27    1.88    0.16    0.17    0.04    0.04    0.04    0.03    1.21    4.42    4.04    3.21    2.31    1.91
 2008 256   104   303     2    34.5    33.8     0.7     0.0   51.52  177.67   71.07    0.31  170.66   51.20  179.80   35.28    0.00    1.02     4.0     3.8    3.08    2.20    1.82    0.16    0.14    0.04    0.04    0.04    0.03    1.18    4.12    3.87    3.12    2.24    1.85
 2008 257   105   303     2    32.2    31.5     0.6     0.0   52.08  178.28   71.15    0.31  170.68   51.76  182.59   35.28    0.00    0.97     3.6     3.6    2.89    2.07    1.71    0.15    0.09    0.04    0.04    0.04    0.03    1.12    3.71    3.60    2.94    2.11    1.74
 2008 258   106   303     2    29.9    29.2     0.6     0.0   52.64  178.86   71.20    0.31  170.70   52.33  185.41   35.28    0.00    0.93     3.2     3.3    2.71    1.94    1.60    0.13    0.08    0.04    0.04    0.04    0.03    1.06    3.30    3.34    2.75    1.98    1.63
 2008 259   107   303     2    28.3    27.7     0.6     0.0   53.21  179.42   71.24    0.31  170.70   52.90  187.50   35.28    0.00    0.91     2.9     3.1    2.59    1.86    1.52    0.14    0.08    0.04    0.04    0.04    0.03    1.04    3.02    3.15    2.63    1.90    1.56
 2008 260   108   303     2    25.5    24.9     0.6     0.0   53.79  179.99   71.25    0.31  170.71   53.47  190.86   35.28    0.00    0.86     2.5     2.8    2.34    1.69    1.38    0.13    0.08    0.04    0.04    0.04    0.03    0.99    2.63    2.83    2.39    1.73    1.41
 2008 261   109   303     2    23.8    23.2     0.6     0.0   54.36  180.57   71.25    0.31  170.71   54.05  193.14   35.28    0.00    0.86     2.3     2.6    2.19    1.58    1.29    0.11    0.08    0.04    0.04    0.04    0.03    0.97    2.39    2.62    2.24    1.63    1.33
 2008 262   110   303     2    22.3    21.7     0.6     0.0   54.94  181.17   71.25    0.31  170.71   54.62  195.18   35.28    0.00    0.85     2.1     2.4    2.06    1.50    1.22    0.07    0.08    0.04    0.04    0.04    0.03    0.93    2.21    2.44    2.10    1.54    1.25
 2008 263   111   303     2    20.8    20.2     0.6     0.0   55.51  181.74   71.25    0.31  170.72   55.20  197.31   35.28    0.00    0.83     2.0     2.2    1.91    1.40    1.14    0.07    0.08    0.04    0.04    0.04    0.03    0.91    2.06    2.23    1.96    1.44    1.17
 2008 264   112   303     2    18.6    18.1     0.6     0.0   56.08  182.31   71.25    0.31  170.72   55.77  200.00   35.28    0.00    0.78     1.8     1.9    1.71    1.26    1.03    0.07    0.08    0.04    0.04    0.04    0.03    0.85    1.85    1.96    1.75    1.30    1.06
 2008 265   113   303     2    16.6    16.0     0.6     0.0   56.65  182.88   71.25    0.31  170.72   56.34  202.59   35.28    0.00    0.73     1.6     1.7    1.51    1.12    0.92    0.07    0.08    0.04    0.04    0.04    0.03    0.80    1.65    1.72    1.55    1.17    0.95
 2008 266   114   303     2    14.7    14.1     0.6     0.0   57.22  183.45   71.25    0.31  170.73   56.91  205.07   35.28    0.00    0.68     1.4     1.5    1.32    0.99    0.82    0.07    0.08    0.04    0.04    0.04    0.03    0.75    1.46    1.50    1.36    1.03    0.85
 2008 267   115   303     2    11.7    11.1     0.6     0.0   57.79  184.01   71.25    0.31  170.73   57.47  208.66   35.28    0.00    0.57     1.1     1.1    1.03    0.78    0.65    0.07    0.08    0.04    0.04    0.04    0.03    0.64    1.16    1.16    1.07    0.82    0.69
 2008 268   116   303     2    10.6    10.0     0.6     0.0   58.35  184.57   71.25    0.31  170.73   58.04  210.31   35.28    0.00    0.54     1.0     1.0    0.92    0.71    0.59    0.07    0.07    0.04    0.04    0.04    0.03    0.62    1.05    1.04    0.96    0.75    0.63
 2008 269   117   303     2     8.9     8.3     0.6     0.0   58.91  185.13   71.25    0.31  170.73   58.59  212.54   35.28    0.00    0.47     0.8     0.8    0.76    0.59    0.50    0.07    0.07    0.04    0.04    0.04    0.03    0.55    0.89    0.85    0.80    0.63    0.53
 2008 270   118   303     2     9.4     8.9     0.6     0.0   59.46  185.68   71.25    0.31  170.74   59.14  212.54   35.28    0.00    0.53     0.9     0.9    0.80    0.63    0.53    0.07    0.07    0.04    0.04    0.04    0.03    0.61    0.95    0.90    0.84    0.67    0.57
 2008 271   119   303     2    10.0     9.4     0.6     0.0   60.00  186.22   71.25    0.31  170.74   59.69  212.54   35.28    0.00    0.59     0.9     0.9    0.84    0.67    0.57    0.07    0.07    0.04    0.04    0.04    0.03    0.67    1.02    0.94    0.89    0.71    0.60
 2008 272   120   303     2    10.5    10.0     0.5     0.0   60.53  186.76   71.25    0.31  170.74   60.22  212.54   35.28    0.00    0.65     1.0     0.9    0.89    0.71    0.60    0.07    0.07    0.04    0.04    0.04    0.03    0.72    1.08    0.98    0.93    0.75    0.63
