*GHG emissions output file

*DSSAT Cropping System Model Ver. 4.8.0.024 -stable  SEP 25, 2026 04:06:39

*RUN   1        : Sim2008                   MZCER048 fileX.MZ    1
 MODEL          : MZCER048 - Maize
 EXPERIMENT     : fileX.MZ    CNYC
 DATA PATH      :
 TREATMENT  1   : Sim2008                   MZCER048
  
!               |------ Daily (g/ha) -----|--- Cumulative (kg/ha) ---|---- Cum CO2-equiv kg[CO2eq]/ha ---|
!                    CO2      N2O      CH4      CO2      N2O      CH4      CO2      N2O      CH4    Total
!                g[C]/ha  g[N]/ha  g[C]/ha kg[C]/ha kg[N]/ha kg[C]/ha    CO2eq    CO2eq    CO2eq    CO2eq
@YEAR DOY   DAS    CO2ED    N2OED    CH4ED    CO2EC    N2OEC    CH4EC    CCEQC    NCEQC    MCEQC    TCEQC
 2008 153     1    24.49     0.00     0.00    24.49     0.00     0.00       90        0        0       90
 2008 154     2    19.50     0.00     0.00    43.99     0.00     0.00      161        0        0      162
 2008 155     3    16.53     0.00     0.00    60.52     0.00     0.00      222        0        0      223
 2008 156     4    16.43     0.00     0.00    76.95     0.00     0.00      282        1        0      283
 2008 157     5    16.40     0.00     0.00    93.36     0.00     0.00      343        1        0      343
 2008 158     6    15.29     0.00     0.00   108.65     0.00     0.00      399        1        0      400
 2008 159     7    11.55     0.00     0.00   120.20     0.00     0.00      441        1        0      442
 2008 160     8    13.56     0.00     0.00   133.76     0.00     0.00      491        1        0      492
 2008 161     9    14.71     0.00     0.00   148.47     0.00     0.00      545        1        0      546
 2008 162    10    15.32     0.00     0.00   163.79     0.00     0.00      601        2        0      603
 2008 163    11    14.59     0.00     0.00   178.38     0.01     0.00      655        3        0      657
 2008 164    12    11.12     0.00     0.00   189.50     0.01     0.00      695        3        0      698
 2008 165    13    11.04     0.00     0.00   200.54     0.01     0.00      736        4        0      740
 2008 166    14    11.19     0.00     0.00   211.73     0.01     0.00      777        4        0      781
 2008 167    15     9.72     0.00     0.00   221.45     0.01     0.00      813        4        0      817
 2008 168    16     9.94     0.00     0.00   231.39     0.01     0.00      849        5        0      854
 2008 169    17    10.00     0.00     0.00   241.40     0.01     0.00      886        5        0      891
 2008 170    18     9.61     0.00     0.00   251.00     0.01     0.00      921        7        0      928
 2008 171    19     9.31     0.00     0.00   260.32     0.02     0.00      955        9        0      964
 2008 172    20     9.63     0.00     0.00   269.95     0.02     0.00      991       11        0     1002
 2008 173    21     9.71     0.00     0.00   279.66     0.03     0.00     1026       13        0     1040
 2008 174    22    10.56     0.00     0.00   290.22     0.03     0.00     1065       16        0     1081
 2008 175    23    11.37     0.00     0.00   301.59     0.04     0.00     1107       18        0     1124
 2008 176    24    11.52     0.00     0.00   313.12     0.04     0.00     1149       19        0     1168
 2008 177    25    11.33     0.00     0.00   324.45     0.04     0.00     1191       21        0     1212
 2008 178    26    11.30     0.00     0.00   335.75     0.05     0.00     1232       23        0     1255
 2008 179    27    11.25     0.00     0.00   347.00     0.05     0.00     1273       24        0     1298
 2008 180    28    10.09     0.00     0.00   357.09     0.05     0.00     1311       25        0     1336
 2008 181    29     9.51     0.00     0.00   366.60     0.06     0.00     1345       26        0     1371
 2008 182    30     9.59     0.00     0.00   376.19     0.06     0.00     1381       27        0     1408
 2008 183    31     9.27     0.00     0.00   385.46     0.06     0.00     1415       29        0     1444
 2008 184    32     7.23     0.00     0.00   392.69     0.06     0.00     1441       30        0     1471
 2008 185    33     7.43     0.00     0.00   400.11     0.07     0.00     1468       32        0     1501
 2008 186    34     7.98     0.00     0.00   408.09     0.07     0.00     1498       34        0     1532
 2008 187    35     8.97     0.01     0.00   417.06     0.08     0.00     1531       37        0     1568
 2008 188    36     8.52     0.00     0.00   425.58     0.08     0.00     1562       37        0     1599
 2008 189    37     9.25     0.01     0.00   434.83     0.09     0.00     1596       42        0     1638
 2008 190    38     9.20     0.02     0.00   444.03     0.11     0.00     1630       50        0     1680
 2008 191    39     8.69     0.02     0.00   452.72     0.13     0.00     1661       61        0     1723
 2008 192    40     8.29     0.03     0.00   461.01     0.16     0.00     1692       76        0     1767
 2008 193    41     8.51     0.04     0.00   469.52     0.20     0.00     1723       92        0     1815
 2008 194    42     8.22     0.01     0.00   477.74     0.20     0.00     1753       95        0     1848
 2008 195    43     8.52     0.04     0.00   486.26     0.24     0.00     1785      113        0     1898
 2008 196    44     8.78     0.05     0.00   495.04     0.29     0.00     1817      136        0     1953
 2008 197    45     8.73     0.02     0.00   503.78     0.31     0.00     1849      147        0     1996
 2008 198    46     8.07     0.01     0.00   511.85     0.32     0.00     1878      150        0     2028
 2008 199    47     8.33     0.03     0.00   520.18     0.35     0.00     1909      163        0     2072
 2008 200    48     8.23     0.02     0.00   528.41     0.37     0.00     1939      175        0     2114
 2008 201    49     7.66     0.03     0.00   536.07     0.40     0.00     1967      189        0     2157
 2008 202    50     7.24     0.03     0.00   543.30     0.44     0.00     1994      205        0     2199
 2008 203    51     7.31     0.05     0.00   550.61     0.49     0.00     2021      228        0     2249
 2008 204    52     7.13     0.05     0.00   557.74     0.54     0.00     2047      253        0     2300
 2008 205    53     6.84     0.05     0.00   564.58     0.59     0.00     2072      276        0     2348
 2008 206    54     7.04     0.05     0.00   571.62     0.64     0.00     2098      299        0     2397
 2008 207    55     7.33     0.05     0.00   578.95     0.69     0.00     2125      321        0     2446
 2008 208    56     7.61     0.04     0.00   586.56     0.73     0.00     2153      342        0     2494
 2008 209    57     7.67     0.04     0.00   594.23     0.77     0.00     2181      361        0     2542
 2008 210    58     7.99     0.04     0.00   602.22     0.81     0.00     2210      380        0     2590
 2008 211    59     8.18     0.04     0.00   610.40     0.85     0.00     2240      398        0     2638
 2008 212    60     8.27     0.04     0.00   618.67     0.89     0.00     2271      416        0     2687
 2008 213    61     8.35     0.00     0.00   627.02     0.89     0.00     2301      416        0     2718
 2008 214    62     8.04     0.00     0.00   635.05     0.89     0.00     2331      417        0     2748
 2008 215    63     7.83     0.00     0.00   642.88     0.90     0.00     2359      419        0     2779
 2008 216    64     7.65     0.01     0.00   650.54     0.91     0.00     2387      424        0     2811
 2008 217    65     7.39     0.03     0.00   657.93     0.93     0.00     2415      437        0     2851
 2008 218    66     7.21     0.04     0.00   665.14     0.97     0.00     2441      455        0     2896
 2008 219    67     7.25     0.04     0.00   672.39     1.01     0.00     2468      472        0     2940
 2008 220    68     7.21     0.03     0.00   679.59     1.04     0.00     2494      488        0     2982
 2008 221    69     7.17     0.03     0.00   686.76     1.07     0.00     2520      502        0     3023
 2008 222    70     7.13     0.03     0.00   693.89     1.10     0.00     2547      516        0     3062
 2008 223    71     7.27     0.03     0.00   701.16     1.13     0.00     2573      528        0     3101
 2008 224    72     7.03     0.00     0.00   708.19     1.13     0.00     2599      528        0     3128
 2008 225    73     7.21     0.00     0.00   715.40     1.13     0.00     2626      529        0     3155
 2008 226    74     7.49     0.00     0.00   722.89     1.13     0.00     2653      530        0     3183
 2008 227    75     6.73     0.00     0.00   729.62     1.13     0.00     2678      530        0     3208
 2008 228    76     6.61     0.00     0.00   736.23     1.13     0.00     2702      531        0     3233
 2008 229    77     6.60     0.00     0.00   742.83     1.13     0.00     2726      531        0     3257
 2008 230    78     6.87     0.00     0.00   749.70     1.14     0.00     2751      532        0     3284
 2008 231    79     6.32     0.00     0.00   756.02     1.14     0.00     2775      533        0     3307
 2008 232    80     6.39     0.00     0.00   762.42     1.14     0.00     2798      534        0     3332
 2008 233    81     6.62     0.00     0.00   769.04     1.14     0.00     2822      535        0     3358
 2008 234    82     6.75     0.01     0.00   775.78     1.15     0.00     2847      538        0     3385
 2008 235    83     5.57     0.00     0.00   781.35     1.15     0.00     2868      538        0     3405
 2008 236    84     6.11     0.00     0.00   787.46     1.15     0.00     2890      538        0     3428
 2008 237    85     6.56     0.00     0.00   794.02     1.15     0.00     2914      540        0     3454
 2008 238    86     6.65     0.00     0.00   800.67     1.16     0.00     2938      542        0     3480
 2008 239    87     5.94     0.00     0.00   806.62     1.16     0.00     2960      542        0     3503
 2008 240    88     6.24     0.00     0.00   812.86     1.16     0.00     2983      543        0     3526
 2008 241    89     6.42     0.00     0.00   819.28     1.16     0.00     3007      544        0     3551
 2008 242    90     6.52     0.00     0.00   825.80     1.17     0.00     3031      546        0     3577
 2008 243    91     6.63     0.00     0.00   832.43     1.17     0.00     3055      547        0     3602
 2008 244    92     6.48     0.00     0.00   838.92     1.17     0.00     3079      549        0     3628
 2008 245    93     6.52     0.01     0.00   845.44     1.18     0.00     3103      551        0     3654
 2008 246    94     6.48     0.01     0.00   851.92     1.19     0.00     3127      556        0     3682
 2008 247    95     6.41     0.01     0.00   858.33     1.20     0.00     3150      562        0     3712
 2008 248    96     6.32     0.02     0.00   864.65     1.22     0.00     3173      570        0     3743
 2008 249    97     6.58     0.02     0.00   871.23     1.24     0.00     3197      580        0     3777
 2008 250    98     6.72     0.01     0.00   877.95     1.25     0.00     3222      585        0     3807
 2008 251    99     6.80     0.02     0.00   884.74     1.27     0.00     3247      593        0     3840
 2008 252   100     6.54     0.00     0.00   891.29     1.27     0.00     3271      593        0     3864
 2008 253   101     6.45     0.00     0.00   897.73     1.27     0.00     3295      593        0     3888
 2008 254   102     6.31     0.00     0.00   904.04     1.27     0.00     3318      594        0     3912
 2008 255   103     5.71     0.00     0.00   909.75     1.27     0.00     3339      594        0     3933
 2008 256   104     5.77     0.00     0.00   915.53     1.27     0.00     3360      594        0     3954
 2008 257   105     5.99     0.00     0.00   921.52     1.27     0.00     3382      595        0     3977
 2008 258   106     6.18     0.00     0.00   927.70     1.28     0.00     3405      597        0     4002
 2008 259   107     6.36     0.01     0.00   934.06     1.28     0.00     3428      600        0     4028
 2008 260   108     6.80     0.01     0.00   940.86     1.29     0.00     3453      605        0     4058
 2008 261   109     6.91     0.01     0.00   947.77     1.31     0.00     3478      612        0     4090
 2008 262   110     6.95     0.02     0.00   954.72     1.33     0.00     3504      621        0     4125
 2008 263   111     6.95     0.02     0.00   961.68     1.35     0.00     3529      632        0     4161
 2008 264   112     6.71     0.03     0.00   968.39     1.38     0.00     3554      644        0     4198
 2008 265   113     6.59     0.03     0.00   974.97     1.40     0.00     3578      656        0     4234
 2008 266   114     6.48     0.02     0.00   981.45     1.43     0.00     3602      668        0     4270
 2008 267   115     6.29     0.02     0.00   987.74     1.45     0.00     3625      679        0     4304
 2008 268   116     6.00     0.02     0.00   993.74     1.47     0.00     3647      686        0     4333
 2008 269   117     5.76     0.01     0.00   999.50     1.48     0.00     3668      692        0     4360
 2008 270   118     5.21     0.00     0.00  1004.71     1.48     0.00     3687      693        0     4380
 2008 271   119     4.93     0.01     0.00  1009.64     1.49     0.00     3705      697        0     4402
 2008 272   120     4.29     0.00     0.00  1013.93     1.49     0.00     3721      698        0     4419
 2008 273   121     3.92     0.00     0.00  1017.86     1.49     0.00     3736      698        0     4434
 2008 274   122     3.92     0.01     0.00  1021.77     1.50     0.00     3750      701        0     4451
 2008 275   123     4.30     0.02     0.00  1026.08     1.51     0.00     3766      708        0     4474
