*WEATHER MODULE DAILY OUTPUT FILE

*DSSAT Cropping System Model Ver. 4.8.0.024 -stable  SEP 25, 2026 04:06:39

*RUN   1        : Sim2008                   MZCER048 fileX.MZ    1
 MODEL          : MZCER048 - Maize
 EXPERIMENT     : fileX.MZ    CNYC
 DATA PATH      :
 TREATMENT  1   : Sim2008                   MZCER048
  
@YEAR DOY   DAS   PRED  DAYLD   TWLD   SRAD   PARD   CLDD   TMXD   TMND   TAVD   TDYD   TDWD   TGAD   TGRD   WDSD   CO2D   VPDF    VPD  OZON7   WDATE
 2008 153     1    0.0   14.4   15.5   21.0   42.0   0.36   28.5   18.4   23.6   25.1   18.4   23.6   25.1   86.4  385.1   0.00   0.00 -99.00 2008153
 2008 154     2    0.0   14.4   15.5   27.2   54.4   0.17   25.9   13.5   19.9   21.7   13.5   19.9   21.7   86.4  385.1   0.00   0.00 -99.00 2008154
 2008 155     3   27.1   14.4   15.5    6.0   12.0   0.82   22.6   15.3   19.1   20.1   15.3   19.1   20.1   86.4  385.1   0.00   0.00 -99.00 2008155
 2008 156     4    1.8   14.4   15.6   18.7   37.4   0.43   24.4   15.3   20.0   21.3   15.3   20.0   21.3   86.4  385.1   0.00   0.00 -99.00 2008156
 2008 157     5    0.0   14.4   15.6   23.0   46.0   0.30   28.6   12.1   20.6   23.1   12.1   20.6   23.1   86.4  385.1   0.00   0.00 -99.00 2008157
 2008 158     6   17.4   14.4   15.6    3.5    7.0   0.89   22.0   17.1   19.6   20.4   17.1   19.6   20.4   86.4  385.1   0.00   0.00 -99.00 2008158
 2008 159     7    0.0   14.4   15.6   26.6   53.2   0.19   32.3   14.7   23.8   26.4   14.7   23.8   26.4   86.4  385.1   0.00   0.00 -99.00 2008159
 2008 160     8    0.0   14.5   15.6   18.2   36.4   0.45   33.4   19.3   26.6   28.7   19.3   26.6   28.7   86.4  385.1   0.00   0.00 -99.00 2008160
 2008 161     9    0.0   14.5   15.6   20.7   41.4   0.37   32.4   17.8   25.3   27.5   17.8   25.3   27.5   86.4  385.1   0.00   0.00 -99.00 2008161
 2008 162    10    0.0   14.5   15.6   18.4   36.8   0.44   30.1   18.9   24.7   26.4   18.9   24.7   26.4   86.4  385.1   0.00   0.00 -99.00 2008162
 2008 163    11    0.0   14.5   15.7   19.3   38.6   0.42   26.2   16.2   21.4   22.9   16.2   21.4   22.9   86.4  385.1   0.00   0.00 -99.00 2008163
 2008 164    12    0.0   14.5   15.7   15.1   30.2   0.54   32.7   25.2   29.1   30.2   25.2   29.1   30.2   86.4  385.1   0.00   0.00 -99.00 2008164
 2008 165    13    0.0   14.5   15.7   12.7   25.4   0.62   31.0   19.5   25.4   27.2   19.5   25.4   27.2   86.4  385.1   0.00   0.00 -99.00 2008165
 2008 166    14   35.0   14.5   15.7   14.4   28.8   0.57   31.9   19.1   25.7   27.6   19.1   25.7   27.6   86.4  385.1   0.00   0.00 -99.00 2008166
 2008 167    15    0.9   14.5   15.7   21.2   42.4   0.36   30.8   18.0   24.6   26.5   18.0   24.6   26.5   86.4  385.3   0.00   0.00 -99.00 2008167
 2008 168    16    3.0   14.5   15.7    4.7    9.4   0.86   24.6   17.8   21.3   22.3   17.8   21.3   22.3   86.4  385.3   0.00   0.00 -99.00 2008168
 2008 169    17    0.0   14.5   15.7   13.9   27.8   0.58   26.1   17.2   21.8   23.1   17.2   21.8   23.1   86.4  385.3   0.00   0.00 -99.00 2008169
 2008 170    18    0.0   14.5   15.7   24.4   48.8   0.27   28.7   15.5   22.3   24.3   15.5   22.3   24.3   86.4  385.3   0.00   0.00 -99.00 2008170
 2008 171    19    0.0   14.5   15.7   16.0   32.0   0.52   30.1   21.5   25.9   27.2   21.5   25.9   27.2   86.4  385.3   0.00   0.00 -99.00 2008171
 2008 172    20    0.0   14.5   15.7   12.9   25.8   0.61   31.1   20.0   25.7   27.4   20.0   25.7   27.4   86.4  385.3   0.00   0.00 -99.00 2008172
 2008 173    21    0.0   14.5   15.7   17.5   35.0   0.47   34.5   20.2   27.6   29.7   20.2   27.6   29.7   86.4  385.3   0.00   0.00 -99.00 2008173
 2008 174    22    0.0   14.5   15.7   21.0   42.0   0.37   36.2   21.8   29.2   31.4   21.8   29.2   31.4   86.4  385.3   0.00   0.00 -99.00 2008174
 2008 175    23    4.2   14.5   15.7   17.1   34.2   0.49   32.0   21.7   27.0   28.6   21.7   27.0   28.6   86.4  385.3   0.00   0.00 -99.00 2008175
 2008 176    24    0.0   14.5   15.7   15.7   31.4   0.53   29.6   19.8   24.9   26.3   19.8   24.9   26.3   86.4  385.3   0.00   0.00 -99.00 2008176
 2008 177    25    0.0   14.5   15.7   23.1   46.2   0.30   33.9   20.0   27.2   29.3   20.0   27.2   29.3   86.4  385.3   0.00   0.00 -99.00 2008177
 2008 178    26    1.6   14.5   15.7   21.2   42.4   0.36   33.7   21.2   27.7   29.5   21.2   27.7   29.5   86.4  385.3   0.00   0.00 -99.00 2008178
 2008 179    27    8.5   14.5   15.7   17.4   34.8   0.48   29.7   18.4   24.2   25.9   18.4   24.2   25.9   86.4  385.3   0.00   0.00 -99.00 2008179
 2008 180    28    5.1   14.5   15.7   17.4   34.8   0.48   29.7   18.4   24.2   25.9   18.4   24.2   25.9   86.4  385.3   0.00   0.00 -99.00 2008180
 2008 181    29    0.8   14.5   15.7   17.4   34.8   0.48   29.7   18.4   24.2   25.9   18.4   24.2   25.9   86.4  385.3   0.00   0.00 -99.00 2008181
 2008 182    30    0.0   14.5   15.7   17.4   34.8   0.47   29.7   18.4   24.2   25.9   18.4   24.2   25.9   86.4  385.3   0.00   0.00 -99.00 2008182
 2008 183    31   50.4   14.5   15.7   16.3   32.6   0.51   31.2   22.3   26.9   28.2   22.3   26.9   28.2   86.4  385.3   0.00   0.00 -99.00 2008183
 2008 184    32    0.3   14.5   15.7   16.3   32.6   0.51   31.2   22.3   26.9   28.2   22.3   26.9   28.2   86.4  385.3   0.00   0.00 -99.00 2008184
 2008 185    33    0.0   14.5   15.6   25.0   50.0   0.24   36.0   23.9   30.1   31.9   23.9   30.1   31.9   86.4  385.3   0.00   0.00 -99.00 2008185
 2008 186    34    0.0   14.4   15.6   24.6   49.2   0.26   35.2   26.6   31.0   32.3   26.6   31.0   32.3   86.4  385.3   0.00   0.00 -99.00 2008186
 2008 187    35    7.9   14.4   15.6    4.7    9.4   0.86   29.1   22.9   26.1   27.0   22.9   26.1   27.0   86.4  385.3   0.00   0.00 -99.00 2008187
 2008 188    36    0.0   14.4   15.6   24.3   48.6   0.26   33.6   21.8   27.9   29.6   21.8   27.9   29.6   86.4  385.3   0.00   0.00 -99.00 2008188
 2008 189    37    0.0   14.4   15.6   12.3   24.6   0.63   31.0   23.4   27.3   28.4   23.4   27.3   28.4   86.4  385.3   0.00   0.00 -99.00 2008189
 2008 190    38    0.0   14.4   15.6    5.3   10.6   0.84   26.4   22.8   24.7   25.2   22.8   24.7   25.2   86.4  385.3   0.00   0.00 -99.00 2008190
 2008 191    39    0.0   14.4   15.6   11.7   23.4   0.64   29.7   22.8   26.3   27.4   22.8   26.3   27.4   86.4  385.3   0.00   0.00 -99.00 2008191
 2008 192    40    0.0   14.4   15.5   15.6   31.2   0.52   33.5   23.9   28.8   30.3   23.9   28.8   30.3   86.4  385.3   0.00   0.00 -99.00 2008192
 2008 193    41    8.4   14.3   15.5   18.6   37.2   0.43   33.5   24.2   29.0   30.4   24.2   29.0   30.4   86.4  385.3   0.00   0.00 -99.00 2008193
 2008 194    42    0.0   14.3   15.5   21.1   42.2   0.35   32.7   24.3   28.6   29.9   24.3   28.6   29.9   86.4  385.3   0.00   0.00 -99.00 2008194
 2008 195    43    0.0   14.3   15.5   21.4   42.8   0.34   32.9   21.4   27.3   29.0   21.4   27.3   29.0   86.4  385.3   0.00   0.00 -99.00 2008195
 2008 196    44    3.3   14.3   15.5   11.9   23.8   0.63   31.7   23.0   27.5   28.7   23.0   27.5   28.7   86.4  385.3   0.00   0.00 -99.00 2008196
 2008 197    45    9.3   14.3   15.5    7.4   14.8   0.77   27.7   19.9   23.9   25.0   19.9   23.9   25.0   86.4  385.5   0.00   0.00 -99.00 2008197
 2008 198    46    0.0   14.3   15.4   24.6   49.2   0.24   33.8   19.9   27.0   29.1   19.9   27.0   29.1   86.4  385.5   0.00   0.00 -99.00 2008198
 2008 199    47    1.9   14.2   15.4   13.8   27.6   0.57   32.4   23.3   28.0   29.3   23.3   28.0   29.3   86.4  385.5   0.00   0.00 -99.00 2008199
 2008 200    48    0.0   14.2   15.4    4.1    8.2   0.87   23.4   20.0   21.7   22.2   20.0   21.7   22.2   86.4  385.5   0.00   0.00 -99.00 2008200
 2008 201    49    0.5   14.2   15.4    6.6   13.2   0.80   24.7   20.9   22.8   23.4   20.9   22.8   23.4   86.4  385.5   0.00   0.00 -99.00 2008201
 2008 202    50    0.0   14.2   15.3   10.7   21.4   0.67   28.2   21.6   25.0   25.9   21.6   25.0   25.9   86.4  385.5   0.00   0.00 -99.00 2008202
 2008 203    51    0.0   14.1   15.3   22.3   44.6   0.30   31.8   17.7   24.9   27.0   17.7   24.9   27.0   86.4  385.5   0.00   0.00 -99.00 2008203
 2008 204    52    0.0   14.1   15.3    8.3   16.6   0.74   28.1   21.1   24.7   25.7   21.1   24.7   25.7   86.4  385.5   0.00   0.00 -99.00 2008204
 2008 205    53    0.0   14.1   15.3   16.8   33.6   0.47   28.4   22.1   25.3   26.2   22.1   25.3   26.2   86.4  385.5   0.00   0.00 -99.00 2008205
 2008 206    54    0.0   14.1   15.2   21.4   42.8   0.33   31.0   21.9   26.5   27.9   21.9   26.5   27.9   86.4  385.5   0.00   0.00 -99.00 2008206
 2008 207    55    0.0   14.0   15.2   25.5   51.0   0.20   33.8   18.8   26.4   28.6   18.8   26.4   28.6   86.4  385.5   0.00   0.00 -99.00 2008207
 2008 208    56    0.0   14.0   15.2   19.4   38.8   0.39   33.9   21.1   27.6   29.5   21.1   27.6   29.5   86.4  385.5   0.00   0.00 -99.00 2008208
 2008 209    57    0.0   14.0   15.1   21.4   42.8   0.32   34.7   22.9   28.9   31.1   22.9   28.9   31.1   86.4  385.5   0.00   0.00 -99.00 2008209
 2008 210    58    0.0   14.0   15.1   18.3   36.6   0.42   33.1   23.7   28.5   30.2   23.7   28.5   30.2   86.4  385.5   0.00   0.00 -99.00 2008210
 2008 211    59    0.0   13.9   15.1   22.2   44.4   0.29   35.1   21.8   28.5   31.0   21.8   28.5   31.0   86.4  385.5   0.00   0.00 -99.00 2008211
 2008 212    60   17.8   13.9   15.0   17.5   35.0   0.44   32.5   23.7   28.2   29.8   23.7   28.2   29.8   86.4  385.5   0.00   0.00 -99.00 2008212
 2008 213    61    4.4   13.9   15.0   16.3   32.6   0.48   26.7   24.9   25.8   26.1   24.9   25.8   26.1   86.4  385.5   0.00   0.00 -99.00 2008213
 2008 214    62    0.0   13.8   15.0   15.1   30.2   0.51   29.9   20.6   25.3   27.0   20.6   25.3   27.0   86.4  385.5   0.00   0.00 -99.00 2008214
 2008 215    63    0.0   13.8   15.0   15.1   30.2   0.51   29.9   20.6   25.3   27.0   20.6   25.3   27.0   86.4  385.5   0.00   0.00 -99.00 2008215
 2008 216    64    0.0   13.8   14.9   15.1   30.2   0.51   29.9   20.6   25.3   27.0   20.6   25.3   27.0   86.4  385.5   0.00   0.00 -99.00 2008216
 2008 217    65    0.0   13.8   14.9   15.1   30.2   0.51   29.9   20.6   25.3   27.0   20.6   25.3   27.0   86.4  385.5   0.00   0.00 -99.00 2008217
 2008 218    66    0.0   13.7   14.8   15.1   30.2   0.51   29.9   20.6   25.3   27.0   20.6   25.3   27.0   86.4  385.5   0.00   0.00 -99.00 2008218
 2008 219    67    0.0   13.7   14.8   15.1   30.2   0.50   29.9   20.6   25.3   27.0   20.6   25.3   27.0   86.4  385.5   0.00   0.00 -99.00 2008219
 2008 220    68    0.0   13.7   14.8   15.1   30.2   0.50   29.9   20.6   25.3   27.0   20.6   25.3   27.0   86.4  385.5   0.00   0.00 -99.00 2008220
 2008 221    69    0.0   13.6   14.7   15.1   30.2   0.50   29.9   20.6   25.3   27.0   20.6   25.3   27.0   86.4  385.5   0.00   0.00 -99.00 2008221
 2008 222    70    0.0   13.6   14.7   18.6   37.2   0.38   33.2   24.0   28.6   30.3   24.0   28.6   30.3   86.4  385.5   0.00   0.00 -99.00 2008222
 2008 223    71   35.8   13.6   14.7   21.5   43.0   0.28   33.8   22.1   28.0   30.1   22.1   28.0   30.1   86.4  385.5   0.00   0.00 -99.00 2008223
 2008 224    72    0.0   13.5   14.6   15.1   30.2   0.49   26.4   24.5   25.5   25.8   24.5   25.5   25.8   86.4  385.5   0.00   0.00 -99.00 2008224
 2008 225    73    0.0   13.5   14.6   12.8   25.6   0.57   32.3   22.6   27.5   29.2   22.6   27.5   29.2   86.4  385.5   0.00   0.00 -99.00 2008225
 2008 226    74   55.3   13.5   14.6    7.7   15.4   0.74   29.2   23.0   26.1   27.2   23.0   26.1   27.2   86.4  385.5   0.00   0.00 -99.00 2008226
 2008 227    75    0.1   13.4   14.5    7.8   15.6   0.74   29.0   22.6   25.8   26.9   22.6   25.8   26.9   86.4  385.5   0.00   0.00 -99.00 2008227
 2008 228    76    0.0   13.4   14.5   20.7   41.4   0.29   28.9   21.4   25.1   26.5   21.4   25.1   26.5   86.4  385.6   0.00   0.00 -99.00 2008228
 2008 229    77    0.0   13.3   14.4   19.0   38.0   0.35   29.8   17.2   23.5   25.7   17.2   23.5   25.7   86.4  385.6   0.00   0.00 -99.00 2008229
 2008 230    78    1.2   13.3   14.4    2.8    5.6   0.90   22.1   19.6   20.8   21.3   19.6   20.8   21.3   86.4  385.6   0.00   0.00 -99.00 2008230
 2008 231    79    0.0   13.3   14.4   18.3   36.6   0.37   29.9   16.7   23.3   25.6   16.7   23.3   25.6   86.4  385.6   0.00   0.00 -99.00 2008231
 2008 232    80    0.0   13.2   14.3   18.1   36.2   0.37   32.6   21.1   26.8   28.9   21.1   26.8   28.9   86.4  385.6   0.00   0.00 -99.00 2008232
 2008 233    81    0.0   13.2   14.3   16.0   32.0   0.44   31.1   21.8   26.4   28.1   21.8   26.4   28.1   86.4  385.6   0.00   0.00 -99.00 2008233
 2008 234    82   56.6   13.2   14.3    2.1    4.2   0.93   25.5   20.2   22.8   23.8   20.2   22.8   23.8   86.4  385.6   0.00   0.00 -99.00 2008234
 2008 235    83    0.0   13.1   14.2   23.4   46.8   0.17   29.7   19.7   24.7   26.4   19.7   24.7   26.4   86.4  385.6   0.00   0.00 -99.00 2008235
 2008 236    84    0.0   13.1   14.2   23.7   47.4   0.16   33.7   18.0   25.8   28.5   18.0   25.8   28.5   86.4  385.6   0.00   0.00 -99.00 2008236
 2008 237    85    0.0   13.1   14.1   15.9   31.8   0.43   30.9   21.4   26.1   27.8   21.4   26.1   27.8   86.4  385.6   0.00   0.00 -99.00 2008237
 2008 238    86   27.6   13.0   14.1   13.8   27.6   0.50   30.9   19.5   25.1   27.1   19.5   25.1   27.1   86.4  385.6   0.00   0.00 -99.00 2008238
 2008 239    87    0.0   13.0   14.1   11.2   22.4   0.59   29.3   19.9   24.5   26.2   19.9   24.5   26.2   86.4  385.6   0.00   0.00 -99.00 2008239
 2008 240    88    0.0   12.9   14.0   16.8   33.6   0.39   31.0   18.9   24.9   27.0   18.9   24.9   27.0   86.4  385.6   0.00   0.00 -99.00 2008240
 2008 241    89    0.0   12.9   14.0   19.0   38.0   0.30   32.4   19.9   26.0   28.2   19.9   26.0   28.2   86.4  385.6   0.00   0.00 -99.00 2008241
 2008 242    90    1.6   12.9   13.9   20.1   40.2   0.26   32.4   19.6   25.9   28.1   19.6   25.9   28.1   86.4  385.6   0.00   0.00 -99.00 2008242
 2008 243    91    0.0   12.8   13.9    4.9    9.8   0.82   25.2   19.7   22.4   23.4   19.7   22.4   23.4   86.4  385.6   0.00   0.00 -99.00 2008243
 2008 244    92    0.0   12.8   13.9   19.2   38.4   0.28   27.3   19.7   23.4   24.7   19.7   23.4   24.7   86.4  385.6   0.00   0.00 -99.00 2008244
 2008 245    93    0.0   12.7   13.8   23.7   47.4   0.11   29.3   13.9   21.4   24.1   13.9   21.4   24.1   86.4  385.6   0.00   0.00 -99.00 2008245
 2008 246    94    0.0   12.7   13.8   22.5   45.0   0.15   31.0   12.2   21.4   24.6   12.2   21.4   24.6   86.4  385.6   0.00   0.00 -99.00 2008246
 2008 247    95    0.0   12.7   13.7   19.5   39.0   0.26   30.7   18.1   24.3   26.4   18.1   24.3   26.4   86.4  385.6   0.00   0.00 -99.00 2008247
 2008 248    96    0.0   12.6   13.7   20.1   40.2   0.23   30.4   15.2   22.6   25.2   15.2   22.6   25.2   86.4  385.6   0.00   0.00 -99.00 2008248
 2008 249    97    2.0   12.6   13.7   20.5   41.0   0.21   31.2   19.9   25.4   27.3   19.9   25.4   27.3   86.4  385.6   0.00   0.00 -99.00 2008249
 2008 250    98    0.0   12.6   13.6   18.8   37.6   0.27   31.3   17.6   24.3   26.6   17.6   24.3   26.6   86.4  385.6   0.00   0.00 -99.00 2008250
 2008 251    99    8.0   12.5   13.6   17.2   34.4   0.33   30.6   19.2   24.7   26.7   19.2   24.7   26.7   86.4  385.6   0.00   0.00 -99.00 2008251
 2008 252   100    6.8   12.5   13.5   16.9   33.8   0.33   30.8   19.5   25.0   26.9   19.5   25.0   26.9   86.4  385.6   0.00   0.00 -99.00 2008252
 2008 253   101    4.2   12.4   13.5   15.2   30.4   0.40   30.0   17.7   23.7   25.7   17.7   23.7   25.7   86.4  385.6   0.00   0.00 -99.00 2008253
 2008 254   102   15.7   12.4   13.4    6.3   12.6   0.75   24.2   16.3   20.1   21.5   16.3   20.1   21.5   86.4  385.6   0.00   0.00 -99.00 2008254
 2008 255   103    0.0   12.4   13.4   21.7   43.4   0.13   31.0   13.8   22.1   25.0   13.8   22.1   25.0   86.4  385.6   0.00   0.00 -99.00 2008255
 2008 256   104    0.0   12.3   13.4   22.8   45.6   0.08   31.5   11.4   21.1   24.5   11.4   21.1   24.5   86.4  385.6   0.00   0.00 -99.00 2008256
 2008 257   105    0.0   12.3   13.3   19.6   39.2   0.20   31.5   13.2   22.0   25.1   13.2   22.0   25.1   86.4  385.6   0.00   0.00 -99.00 2008257
 2008 258   106    0.0   12.2   13.3   16.5   33.0   0.32   30.7   15.4   22.8   25.3   15.4   22.8   25.3   86.4  385.6   0.00   0.00 -99.00 2008258
 2008 259   107    0.0   12.2   13.2   19.9   39.8   0.17   30.8   14.2   22.2   24.9   14.2   22.2   24.9   86.4  385.8   0.00   0.00 -99.00 2008259
 2008 260   108    0.0   12.2   13.2   17.1   34.2   0.28   31.8   16.1   23.6   26.2   16.1   23.6   26.2   86.4  385.8   0.00   0.00 -99.00 2008260
 2008 261   109    0.0   12.1   13.2   16.3   32.6   0.31   31.0   17.5   24.0   26.2   17.5   24.0   26.2   86.4  385.8   0.00   0.00 -99.00 2008261
 2008 262   110    0.0   12.1   13.1   10.3   20.6   0.56   30.5   18.2   24.1   26.1   18.2   24.1   26.1   86.4  385.8   0.00   0.00 -99.00 2008262
 2008 263   111    0.0   12.0   13.1    4.9    9.8   0.79   24.9   18.3   21.5   22.5   18.3   21.5   22.5   86.4  385.8   0.00   0.00 -99.00 2008263
 2008 264   112    0.0   12.0   13.0   16.7   33.4   0.28   28.4   16.8   22.3   24.7   16.8   22.3   24.7   86.4  385.8   0.00   0.00 -99.00 2008264
 2008 265   113    1.0   11.9   13.0   12.8   25.6   0.44   29.7   16.0   22.5   25.3   16.0   22.5   25.3   86.4  385.8   0.00   0.00 -99.00 2008265
 2008 266   114    0.0   11.9   13.0    4.6    9.2   0.80   26.2   21.9   24.0   24.8   21.9   24.0   24.8   86.4  385.8   0.00   0.00 -99.00 2008266
 2008 267   115    2.4   11.9   12.9    6.5   13.0   0.71   23.3   16.7   19.8   21.2   16.7   19.8   21.2   86.4  385.8   0.00   0.00 -99.00 2008267
 2008 268   116    2.9   11.8   12.9    5.2   10.4   0.77   18.9   14.6   16.6   17.5   14.6   16.6   17.5   86.4  385.8   0.00   0.00 -99.00 2008268
 2008 269   117    4.9   11.8   12.8    5.4   10.8   0.76   18.6   12.9   15.6   16.7   12.9   15.6   16.7   86.4  385.8   0.00   0.00 -99.00 2008269
 2008 270   118    0.0   11.7   12.8   16.4   32.8   0.25   21.6   14.8   18.0   19.4   14.8   18.0   19.4   86.4  385.8   0.00   0.00 -99.00 2008270
 2008 271   119    4.4   11.7   12.8    4.8    9.6   0.78   16.0   11.6   13.7   14.6   11.6   13.7   14.6   86.4  385.8   0.00   0.00 -99.00 2008271
 2008 272   120    2.2   11.7   12.7    7.8   15.6   0.64   17.0   10.6   13.6   14.9   10.6   13.6   14.9   86.4  385.8   0.00   0.00 -99.00 2008272
 2008 273   121    0.0   11.6   12.7   12.3   24.6   0.43   20.2    7.1   13.3   15.9    7.1   13.3   15.9   86.4  385.8   0.00   0.00 -99.00 2008273
 2008 274   122    0.0   11.6   12.6   18.9   37.8   0.11   27.3    8.1   17.2   21.0    8.1   17.2   21.0   86.4  385.8   0.00   0.00 -99.00 2008274
 2008 275   123    0.0   11.5   12.6   10.9   21.8   0.48   21.2   10.7   15.7   17.7   10.7   15.7   17.7   86.4  385.8   0.00   0.00 -99.00 2008275
