*PLANT N OUTPUT FILE

*DSSAT Cropping System Model Ver. 4.8.0.024 -stable  SEP 25, 2026 04:13:08

*RUN   1        : Sim2008                   MZCER048 fileX.MZ    1
 MODEL          : MZCER048 - Maize
 EXPERIMENT     : fileX.MZ    CNYC
 DATA PATH      :
 TREATMENT  1   : Sim2008                   MZCER048
  
@YEAR DOY   DAS   DAP   CNAD   GNAD   VNAD   GN%D   VN%D   NUPC   LNAD   SNAD   LN%D   SN%D   RN%D   SNN0C   SNN1C
 2008 170    18     0    0.0    0.0    0.0   0.00   0.00    0.0    0.0    0.0    0.0   0.00   0.00    0.00    0.00
 2008 171    19     1    0.0    0.0    0.0   0.00   0.00    0.0    0.0    0.0    0.0   0.00   0.00    0.00    0.00
 2008 172    20     2    0.0    0.0    0.0   0.00   0.00    0.0    0.0    0.0    0.0   0.00   0.00    0.00    0.00
 2008 173    21     3    0.0    0.0    0.0   0.00   0.00    0.0    0.0    0.0    0.0   0.00   0.00    0.00    0.00
 2008 174    22     4    0.0    0.0    0.0   0.00   0.00    0.0    0.0    0.0    0.0   0.00   0.00    0.00    0.00
 2008 175    23     5    1.2    0.0    1.2   0.00   4.40    0.0    0.6    0.6    4.4   4.40   2.20    0.00    0.00
 2008 176    24     6    1.2    0.0    1.2   0.00   4.40    0.0    0.6    0.6    4.4   4.40   2.12    0.00    0.00
 2008 177    25     7    1.2    0.0    1.2   0.00   4.40    0.0    0.6    0.6    4.4   4.40   1.92    0.00    0.00
 2008 178    26     8    1.2    0.0    1.2   0.00   4.40    0.0    0.6    0.6    4.4   4.40   1.67    0.00    0.00
 2008 179    27     9    1.2    0.0    1.2   0.00   3.88    0.0    0.6    0.5    3.9   3.88   1.45    0.00    0.00
 2008 180    28    10    1.3    0.0    1.3   0.00   3.28    0.1    0.9    0.4    3.3   3.28   1.17    0.00    0.00
 2008 181    29    11    1.7    0.0    1.7   0.00   3.28    0.5    1.2    0.4    3.3   3.28   1.22    0.00    0.00
 2008 182    30    12    2.1    0.0    2.1   0.00   3.30    1.1    1.7    0.4    3.3   3.30   1.26    0.00    0.00
 2008 183    31    13    2.7    0.0    2.7   0.00   3.19    1.7    2.3    0.4    3.2   3.19   1.22    0.00    0.01
 2008 184    32    14    3.4    0.0    3.4   0.00   3.20    2.5    3.0    0.4    3.2   3.20   1.24    0.00    0.01
 2008 185    33    15    4.3    0.0    4.3   0.00   3.26    3.9    3.9    0.4    3.3   3.26   1.43    0.00    0.01
 2008 186    34    16    5.3    0.0    5.3   0.00   3.10    5.1    4.9    0.4    3.1   3.10   1.34    0.00    0.02
 2008 187    35    17    6.7    0.0    6.7   0.00   3.63    6.3    6.2    0.5    3.6   3.63   1.09    0.00    0.02
 2008 188    36    18    7.1    0.0    7.1   0.00   3.02    7.3    6.7    0.4    3.0   3.02   1.33    0.00    0.03
 2008 189    37    19    9.2    0.0    9.2   0.00   3.20    9.3    8.7    0.4    3.2   3.20   1.13    0.00    0.04
 2008 190    38    20   11.0    0.0   11.0   0.00   3.55   11.1   10.5    0.5    3.5   3.55   1.10    0.00    0.04
 2008 191    39    21   11.7    0.0   11.7   0.00   3.19   12.0   11.3    0.4    3.2   3.19   1.14    0.00    0.05
 2008 192    40    22   17.1    0.0   17.1   0.00   3.77   17.6   16.6    0.5    3.8   3.77   1.16    0.00    0.06
 2008 193    41    23   21.1    0.0   21.1   0.00   3.71   21.9   20.6    0.5    3.7   3.71   1.20    0.00    0.07
 2008 194    42    24   25.0    0.0   25.0   0.00   3.62   26.6   24.5    0.5    3.6   3.62   1.28    0.00    0.08
 2008 195    43    25   29.5    0.0   29.5   0.00   3.54   31.6   28.9    0.6    3.5   3.54   1.25    0.00    0.09
 2008 196    44    26   33.7    0.0   33.7   0.00   3.49   35.5   33.0    0.7    3.5   3.49   1.09    0.00    0.11
 2008 197    45    27   36.4    0.0   36.4   0.00   3.44   38.2   35.4    0.9    3.4   3.44   1.08    0.00    0.13
 2008 198    46    28   41.4    0.0   41.4   0.00   3.39   45.1   40.0    1.4    3.4   3.39   1.32    0.00    0.14
 2008 199    47    29   46.9    0.0   46.9   0.00   3.34   49.8   44.7    2.2    3.3   3.34   1.09    0.00    0.17
 2008 200    48    30   48.3    0.0   48.3   0.00   3.30   51.2   45.9    2.5    3.3   3.30   1.07    0.00    0.19
 2008 201    49    31   50.8    0.0   50.8   0.00   3.26   53.8   47.8    3.0    3.3   3.26   1.08    0.00    0.21
 2008 202    50    32   55.1    0.0   55.1   0.00   3.22   58.2   51.1    4.1    3.2   3.22   1.09    0.00    0.23
 2008 203    51    33   60.6    0.0   60.6   0.00   3.17   65.5   55.0    5.7    3.2   3.17   1.26    0.00    0.25
 2008 204    52    34   63.8    0.0   63.8   0.00   3.13   67.9   57.1    6.8    3.1   3.13   1.08    0.00    0.28
 2008 205    53    35   70.1    0.0   70.1   0.00   3.09   74.7   61.0    9.1    3.1   3.09   1.13    0.00    0.31
 2008 206    54    36   77.1    0.0   77.1   0.00   3.04   82.7   65.2   11.9    3.0   3.04   1.17    0.00    0.34
 2008 207    55    37   84.5    0.0   84.5   0.00   3.00   91.4   69.3   15.2    3.0   3.00   1.21    0.00    0.37
 2008 208    56    38   92.8    0.0   92.8   0.00   2.95   99.1   73.5   19.3    2.9   2.95   1.09    0.00    0.41
 2008 209    57    39  101.8    0.0  101.8   0.00   2.90  108.4   77.8   24.1    2.9   2.90   1.10    0.00    0.45
 2008 210    58    40  109.2    0.0  109.2   0.00   2.85  115.9   80.8   28.4    2.9   2.85   1.09    0.00    0.49
 2008 211    59    41  118.3    0.0  118.3   0.00   2.81  125.3   84.4   33.9    2.8   2.81   1.10    0.00    0.52
 2008 212    60    42  125.0    0.0  125.0   0.00   2.76  132.1   86.7   38.3    2.8   2.76   1.09    0.00    0.56
 2008 213    61    43  131.1    0.0  131.1   0.00   2.72  138.4   88.6   42.5    2.7   2.72   1.09    0.00    0.60
 2008 214    62    44  136.5    0.0  136.5   0.00   2.68  143.9   91.1   45.3    2.7   2.68   1.09    0.00    0.64
 2008 215    63    45  141.7    0.0  141.7   0.00   2.65  149.3   93.0   48.7    2.6   2.65   1.09    0.00    0.69
 2008 216    64    46  146.8    0.0  146.8   0.00   2.61  154.5   94.4   52.4    2.6   2.61   1.09    0.00    0.73
 2008 217    65    47  151.6    0.0  151.6   0.00   2.58  159.6   95.5   56.1    2.6   2.58   1.08    0.00    0.77
 2008 218    66    48  156.2    0.0  156.2   0.00   2.54  164.4   96.5   59.8    2.5   2.54   1.08    0.00    0.81
 2008 219    67    49  160.6    0.0  160.6   0.00   2.51  168.9   97.3   63.4    2.5   2.51   1.08    0.00    0.86
 2008 220    68    50  164.7    0.0  164.7   0.00   2.48  173.2   97.9   66.8    2.5   2.48   1.08    0.00    0.90
 2008 221    69    51  168.5    0.0  168.5   0.00   2.45  177.1   98.5   70.0    2.4   2.45   1.08    0.00    0.95
 2008 222    70    52  173.0    0.0  173.0   0.00   2.42  181.9   99.4   73.6    2.4   2.42   1.09    0.00    0.99
 2008 223    71    53  178.0    0.0  178.0   0.00   2.39  187.1  100.9   77.1    2.4   2.39   1.09    0.00    1.04
 2008 224    72    54  179.1    0.0  179.1   0.00   2.35  188.3  100.6   78.5    2.3   2.35   1.08    0.00    1.09
 2008 225    73    55  179.8    0.0  179.8   0.00   2.31  189.1  100.2   79.6    2.3   2.31   1.08    0.00    1.13
 2008 226    74    56  179.8    0.0  179.8   0.00   2.27  189.1   99.7   80.1    2.3   2.27   1.08    0.00    1.13
 2008 227    75    57  179.8    0.0  179.8   0.00   2.27  189.1   98.5   81.3    2.3   2.27   1.07    0.00    1.13
 2008 228    76    58  180.2    0.0  180.2   0.00   2.25  189.8   96.5   83.8    2.2   2.25   1.08    0.00    1.18
 2008 229    77    59  180.2    0.0  180.2   0.00   2.23  189.8   94.7   85.5    2.2   2.23   1.07    0.00    1.18
 2008 230    78    60  180.2    0.0  180.2   0.00   2.24  189.8   94.0   86.3    2.2   2.24   1.07    0.00    1.18
 2008 231    79    61  180.2    0.0  180.2   0.00   2.23  189.8   92.4   87.8    2.2   2.23   1.06    0.00    1.18
 2008 232    80    62  180.2    0.0  180.2   0.00   2.23  189.8   91.0   89.2    2.2   2.23   1.05    0.00    1.18
 2008 233    81    63  180.2    0.0  180.2   0.00   2.24  189.8   89.7   90.5    2.2   2.24   1.04    0.00    1.18
 2008 234    82    64  180.2    0.0  180.2   0.00   2.25  189.8   88.9   91.3    2.3   2.25   1.04    0.00    1.18
 2008 235    83    65  180.2    0.0  180.2   0.00   2.25  189.8   87.4   92.8    2.3   2.25   1.03    0.00    1.18
 2008 236    84    66  180.2    0.0  180.2   0.00   2.25  189.8   85.6   94.6    2.2   2.25   1.01    0.00    1.18
 2008 237    85    67  180.2    0.0  180.2   0.00   2.26  189.8   84.2   96.0    2.3   2.26   1.01    0.00    1.18
 2008 238    86    68  180.2    4.0  176.2   1.71   2.21  189.8   82.3   93.8    2.2   2.21   1.00    0.00    1.18
 2008 239    87    69  180.2    8.1  172.1   1.70   2.16  189.8   80.5   91.6    2.2   2.16   1.00    0.00    1.18
 2008 240    88    70  180.2   12.1  168.1   1.70   2.11  189.8   78.6   89.5    2.1   2.11   0.98    0.00    1.18
 2008 241    89    71  180.2   16.2  164.0   1.71   2.06  189.8   76.6   87.4    2.1   2.06   0.95    0.00    1.18
 2008 242    90    72  180.2   20.3  159.9   1.71   2.01  189.8   74.7   85.2    2.0   2.01   0.92    0.00    1.18
 2008 243    91    73  180.2   24.3  155.9   1.71   1.99  189.8   74.1   81.8    2.0   1.99   0.92    0.00    1.18
 2008 244    92    74  180.2   28.4  151.9   1.71   1.92  189.8   71.5   80.3    1.9   1.92   0.90    0.00    1.18
 2008 245    93    75  180.2   32.4  147.8   1.71   1.85  189.8   69.1   78.7    1.9   1.85   0.85    0.00    1.18
 2008 246    94    76  180.2   36.4  143.8   1.71   1.80  189.8   67.2   76.6    1.8   1.80   0.82    0.00    1.18
 2008 247    95    77  180.2   40.4  139.8   1.71   1.75  189.8   65.3   74.5    1.8   1.75   0.80    0.00    1.18
 2008 248    96    78  180.2   44.5  135.7   1.71   1.70  189.8   63.4   72.3    1.7   1.70   0.77    0.00    1.18
 2008 249    97    79  180.2   48.5  131.7   1.71   1.65  189.8   61.5   70.1    1.7   1.65   0.75    0.00    1.18
 2008 250    98    80  180.2   52.6  127.7   1.71   1.60  189.8   59.7   68.0    1.6   1.60   0.74    0.00    1.18
 2008 251    99    81  180.2   56.6  123.6   1.71   1.55  189.8   57.8   65.8    1.6   1.55   0.72    0.00    1.18
 2008 252   100    82  180.2   60.6  119.6   1.71   1.50  189.8   55.9   63.7    1.5   1.50   0.71    0.00    1.18
 2008 253   101    83  180.2   64.7  115.5   1.71   1.45  189.8   54.0   61.5    1.4   1.45   0.71    0.00    1.18
 2008 254   102    84  180.2   68.7  111.5   1.71   1.42  189.8   52.9   58.7    1.4   1.42   0.71    0.00    1.18
 2008 255   103    85  174.9   72.7  102.2   1.71   1.28  190.4   47.8   54.3    1.3   1.28   1.10    0.00    1.23
 2008 256   104    86  178.5   76.8  101.7   1.70   1.28  194.5   47.5   54.2    1.3   1.28   1.10    0.00    1.31
 2008 257   105    87  180.4   80.8   99.7   1.70   1.25  196.7   46.6   53.1    1.2   1.25   1.09    0.00    1.39
 2008 258   106    88  182.2   84.8   97.4   1.70   1.22  198.6   45.5   51.9    1.2   1.22   1.08    0.00    1.47
 2008 259   107    89  184.8   88.8   96.0   1.70   1.20  201.7   44.9   51.1    1.2   1.20   1.09    0.00    1.56
 2008 260   108    90  186.6   92.9   93.7   1.70   1.18  203.6   43.8   49.9    1.2   1.18   1.08    0.00    1.64
 2008 261   109    91  188.6   96.9   91.7   1.70   1.15  205.8   42.9   48.8    1.2   1.15   1.08    0.00    1.72
 2008 262   110    92  189.9  100.9   88.9   1.70   1.12  206.8   41.8   47.1    1.1   1.12   1.06    0.00    1.81
 2008 263   111    93  190.8  105.0   85.8   1.70   1.10  207.8   41.1   44.7    1.1   1.10   1.06    0.00    1.89
 2008 264   112    94  193.6  109.0   84.6   1.70   1.08  210.9   40.3   44.3    1.1   1.08   1.08    0.00    1.97
 2008 265   113    95  196.0  113.0   83.0   1.70   1.06  213.1   39.6   43.4    1.1   1.06   1.06    0.00    2.06
 2008 266   114    96  196.7  117.0   79.7   1.70   1.04  213.9   38.8   40.9    1.0   1.04   1.06    0.00    2.14
 2008 267   115    97  198.3  121.1   77.2   1.70   1.03  215.5   38.2   39.0    1.0   1.03   1.06    0.00    2.22
 2008 268   116    98  200.0  125.1   74.9   1.70   1.02  217.2   37.8   37.1    1.0   1.02   1.06    0.00    2.30
 2008 269   117    99  201.8  129.0   72.7   1.70   1.00  218.9   37.4   35.3    1.0   1.00   1.06    0.00    2.39
 2008 270   118   100  201.8  129.0   72.7   1.70   1.00  218.9   37.4   35.3    1.0   1.00   1.06    0.00    2.39
 2008 271   119   101  201.8  129.0   72.7   1.70   1.00  218.9   37.4   35.3    1.0   1.00   1.06    0.00    2.39
 2008 272   120   102  201.8  129.0   72.7   1.70   1.00  218.9   37.4   35.3    1.0   1.00   1.06    0.00    2.39
 2008 273   121   103  201.8  129.0   72.7   1.70   1.00  218.9   37.4   35.3    1.0   1.00   1.06    0.00    2.39
 2008 274   122   104  201.8  129.0   72.7   1.70   1.00  218.9   37.4   35.3    1.0   1.00   1.06    0.00    2.39
 2008 275   123   105  201.8  129.0   72.7   1.70   1.00  218.9   37.4   35.3    1.0   1.00   1.06    0.00    2.39
