*SOIL TEMPERATURE OUTPUT FILE (DAILY)

*DSSAT Cropping System Model Ver. 4.8.0.024 -stable  SEP 25, 2026 04:13:08

*RUN   1        : Sim2008                   MZCER048 fileX.MZ    1
 MODEL          : MZCER048 - Maize
 EXPERIMENT     : fileX.MZ    CNYC
 DATA PATH      :
 TREATMENT  1   : Sim2008                   MZCER048
  
! TAV  =    15.5
! TAMP =    25.5
!               Temperature (oC) by soil depth (cm):
!               Surface     0-5    5-15   15-30   30-45   45-60   60-90
@YEAR DOY   DAS    TS0D    TS1D    TS2D    TS3D    TS4D    TS5D    TS6D    
 2008 153     1    29.5    29.3    28.8    27.9    26.8    25.9    24.5
 2008 154     2    28.6    28.5    27.9    27.1    26.1    25.2    23.9
 2008 155     3    26.9    26.7    26.2    25.4    24.5    23.7    22.5
 2008 156     4    25.5    25.3    24.9    24.1    23.3    22.5    21.3
 2008 157     5    24.9    24.7    24.3    23.6    22.8    22.0    20.9
 2008 158     6    23.5    23.4    23.0    22.3    21.6    20.9    19.9
 2008 159     7    24.6    24.5    24.0    23.3    22.5    21.7    20.7
 2008 160     8    26.7    26.5    26.1    25.3    24.4    23.6    22.4
 2008 161     9    28.3    28.1    27.6    26.7    25.8    24.9    23.6
 2008 162    10    28.6    28.5    27.9    27.1    26.2    25.2    24.0
 2008 163    11    29.5    29.3    28.8    27.9    27.0    26.0    24.7
 2008 164    12    29.6    29.3    28.7    27.6    26.4    25.3    23.7
 2008 165    13    29.1    28.8    28.2    27.2    26.0    24.9    23.4
 2008 166    14    28.8    28.6    28.0    27.0    25.8    24.8    23.3
 2008 167    15    29.0    28.7    28.1    27.1    25.9    24.8    23.2
 2008 168    16    28.5    28.3    27.7    26.7    25.5    24.5    23.0
 2008 169    17    27.2    27.0    26.4    25.5    24.4    23.4    22.0
 2008 170    18    26.9    26.7    26.1    25.2    24.2    23.2    21.9
 2008 171    19    26.7    26.5    26.0    25.1    24.1    23.2    21.8
 2008 172    20    26.6    26.4    25.9    25.0    24.1    23.1    21.8
 2008 173    21    28.4    28.2    27.7    26.7    25.7    24.7    23.3
 2008 174    22    30.4    30.2    29.6    28.6    27.5    26.4    24.8
 2008 175    23    31.1    30.9    30.3    29.2    28.1    27.0    25.4
 2008 176    24    31.0    30.8    30.2    29.2    28.0    26.9    25.4
 2008 177    25    31.7    31.5    30.9    29.8    28.7    27.5    26.0
 2008 178    26    31.7    31.5    30.9    29.9    28.7    27.6    26.0
 2008 179    27    30.5    30.3    29.7    28.8    27.7    26.7    25.2
 2008 180    28    30.0    29.8    29.2    28.3    27.2    26.2    24.8
 2008 181    29    30.0    29.8    29.2    28.3    27.2    26.2    24.8
 2008 182    30    29.1    28.9    28.4    27.5    26.5    25.6    24.2
 2008 183    31    28.6    28.4    27.9    27.1    26.1    25.2    23.9
 2008 184    32    28.8    28.7    28.1    27.3    26.3    25.3    24.0
 2008 185    33    30.2    30.0    29.4    28.5    27.4    26.4    25.0
 2008 186    34    31.5    31.3    30.7    29.7    28.6    27.6    26.0
 2008 187    35    31.4    31.2    30.6    29.7    28.6    27.6    26.1
 2008 188    36    31.9    31.7    31.1    30.2    29.1    28.0    26.5
 2008 189    37    31.9    31.7    31.1    30.2    29.1    28.1    26.6
 2008 190    38    30.1    29.9    29.4    28.6    27.6    26.7    25.3
 2008 191    39    28.8    28.6    28.2    27.4    26.5    25.7    24.5
 2008 192    40    29.6    29.4    28.9    28.2    27.3    26.4    25.1
 2008 193    41    29.5    29.4    28.9    28.2    27.3    26.4    25.2
 2008 194    42    29.9    29.8    29.3    28.6    27.6    26.8    25.5
 2008 195    43    31.2    31.0    30.5    29.7    28.8    27.8    26.5
 2008 196    44    31.6    31.4    30.9    30.1    29.2    28.2    26.9
 2008 197    45    30.4    30.3    29.8    29.1    28.2    27.3    26.1
 2008 198    46    30.5    30.3    29.8    29.1    28.2    27.4    26.1
 2008 199    47    30.3    30.1    29.7    29.0    28.1    27.3    26.1
 2008 200    48    28.5    28.4    28.0    27.4    26.6    25.9    24.8
 2008 201    49    27.2    27.1    26.7    26.2    25.5    24.9    23.9
 2008 202    50    27.3    27.2    26.9    26.3    25.7    25.0    24.0
 2008 203    51    26.9    26.8    26.4    25.9    25.3    24.7    23.8
 2008 204    52    26.0    25.9    25.6    25.2    24.6    24.1    23.2
 2008 205    53    26.9    26.8    26.5    26.0    25.4    24.9    24.0
 2008 206    54    28.2    28.1    27.8    27.2    26.6    25.9    25.0
 2008 207    55    29.4    29.3    28.9    28.4    27.7    27.0    26.0
 2008 208    56    29.8    29.7    29.4    28.8    28.1    27.4    26.4
 2008 209    57    31.2    31.0    30.7    30.1    29.3    28.6    27.5
 2008 210    58    32.1    32.0    31.6    30.9    30.2    29.4    28.3
 2008 211    59    32.9    32.7    32.3    31.7    30.9    30.1    29.0
 2008 212    60    32.6    32.5    32.1    31.5    30.7    30.0    28.9
 2008 213    61    31.5    31.4    31.0    30.4    29.7    29.0    28.0
 2008 214    62    30.5    30.3    30.0    29.5    28.8    28.2    27.2
 2008 215    63    29.7    29.6    29.3    28.8    28.2    27.6    26.7
 2008 216    64    28.7    28.6    28.3    27.9    27.3    26.8    26.0
 2008 217    65    28.0    28.0    27.7    27.3    26.8    26.3    25.6
 2008 218    66    28.4    28.3    28.1    27.7    27.2    26.7    25.9
 2008 219    67    28.4    28.3    28.1    27.7    27.2    26.7    26.0
 2008 220    68    28.4    28.3    28.1    27.7    27.2    26.8    26.0
 2008 221    69    28.4    28.3    28.1    27.7    27.3    26.8    26.1
 2008 222    70    29.1    29.0    28.8    28.4    27.9    27.4    26.7
 2008 223    71    29.9    29.8    29.6    29.2    28.7    28.1    27.4
 2008 224    72    29.5    29.4    29.2    28.8    28.3    27.8    27.0
 2008 225    73    29.9    29.8    29.6    29.1    28.6    28.1    27.3
 2008 226    74    29.7    29.7    29.4    29.0    28.6    28.1    27.3
 2008 227    75    28.9    28.8    28.6    28.2    27.8    27.3    26.5
 2008 228    76    28.0    27.9    27.7    27.4    27.0    26.6    25.9
 2008 229    77    28.3    28.3    28.1    27.8    27.3    26.9    26.2
 2008 230    78    26.6    26.6    26.4    26.2    25.9    25.5    25.0
 2008 231    79    26.6    26.6    26.5    26.2    25.9    25.6    25.0
 2008 232    80    27.3    27.3    27.1    26.9    26.6    26.2    25.6
 2008 233    81    27.7    27.6    27.5    27.2    26.9    26.5    25.9
 2008 234    82    26.8    26.8    26.6    26.4    26.1    25.8    25.3
 2008 235    83    28.2    28.1    28.0    27.7    27.3    27.0    26.3
 2008 236    84    29.1    29.0    28.8    28.5    28.1    27.7    27.1
 2008 237    85    28.8    28.8    28.6    28.3    27.9    27.5    26.9
 2008 238    86    28.6    28.6    28.4    28.2    27.8    27.5    26.9
 2008 239    87    29.3    29.3    29.1    28.8    28.4    28.0    27.4
 2008 240    88    29.4    29.4    29.2    28.9    28.5    28.1    27.5
 2008 241    89    29.1    29.1    28.9    28.7    28.3    27.9    27.3
 2008 242    90    29.4    29.4    29.2    28.9    28.6    28.2    27.6
 2008 243    91    28.4    28.4    28.3    28.0    27.7    27.4    26.9
 2008 244    92    28.2    28.1    28.0    27.8    27.5    27.2    26.7
 2008 245    93    28.0    27.9    27.8    27.6    27.4    27.1    26.6
 2008 246    94    27.6    27.6    27.5    27.4    27.1    26.9    26.4
 2008 247    95    27.3    27.3    27.2    27.0    26.8    26.6    26.2
 2008 248    96    28.3    28.2    28.1    28.0    27.7    27.4    27.0
 2008 249    97    29.0    28.9    28.8    28.6    28.4    28.1    27.6
 2008 250    98    29.3    29.3    29.2    29.0    28.7    28.4    27.9
 2008 251    99    29.3    29.2    29.1    28.9    28.7    28.4    27.9
 2008 252   100    29.2    29.2    29.1    28.9    28.7    28.4    27.9
 2008 253   101    29.1    29.1    29.0    28.8    28.6    28.3    27.8
 2008 254   102    27.6    27.6    27.5    27.4    27.2    27.0    26.7
 2008 255   103    27.5    27.4    27.4    27.3    27.1    26.9    26.6
 2008 256   104    27.6    27.6    27.5    27.4    27.3    27.1    26.7
 2008 257   105    27.6    27.6    27.6    27.5    27.3    27.1    26.8
 2008 258   106    27.7    27.7    27.6    27.5    27.4    27.2    26.9
 2008 259   107    29.0    29.0    28.9    28.8    28.6    28.3    28.0
 2008 260   108    29.1    29.1    29.0    28.9    28.7    28.5    28.1
 2008 261   109    29.0    29.0    28.9    28.8    28.6    28.4    28.0
 2008 262   110    28.7    28.6    28.6    28.5    28.3    28.1    27.8
 2008 263   111    27.6    27.6    27.6    27.5    27.4    27.3    27.0
 2008 264   112    27.1    27.1    27.1    27.1    27.0    26.9    26.6
 2008 265   113    26.6    26.6    26.6    26.6    26.5    26.5    26.3
 2008 266   114    25.8    25.8    25.9    25.9    25.9    25.8    25.7
 2008 267   115    24.6    24.6    24.7    24.7    24.8    24.8    24.7
 2008 268   116    23.5    23.6    23.7    23.8    23.9    23.9    23.9
 2008 269   117    21.6    21.7    21.8    22.0    22.2    22.3    22.5
 2008 270   118    20.3    20.4    20.5    20.8    21.0    21.2    21.5
 2008 271   119    18.3    18.4    18.6    18.9    19.3    19.6    19.9
 2008 272   120    17.0    17.1    17.4    17.8    18.2    18.5    18.9
 2008 273   121    17.0    17.0    17.3    17.7    18.1    18.4    18.9
 2008 274   122    18.4    18.5    18.7    19.1    19.4    19.7    20.1
 2008 275   123    18.2    18.3    18.5    18.9    19.2    19.5    19.9
