Client started
Client closed





















RUN    TRT FLO MAT TOPWT HARWT  RAIN  TIRR   CET  PESW  TNUP  TNLF   TSON TSOC
           dap dap kg/ha kg/ha    mm    mm    mm    mm kg/ha kg/ha  kg/ha t/ha
  1 MZ   1  58 105 11355  6820   882     0   346   158   137     8   8229  153





















RUN    TRT FLO MAT TOPWT HARWT  RAIN  TIRR   CET  PESW  TNUP  TNLF   TSON TSOC
           dap dap kg/ha kg/ha    mm    mm    mm    mm kg/ha kg/ha  kg/ha t/ha
  1 MZ   1  58 105 11363  6827   882     0   346   158   137     8   8229  153





















RUN    TRT FLO MAT TOPWT HARWT  RAIN  TIRR   CET  PESW  TNUP  TNLF   TSON TSOC
           dap dap kg/ha kg/ha    mm    mm    mm    mm kg/ha kg/ha  kg/ha t/ha
  1 MZ   1  58 105 10280  6420   882   240   356   193   141    23   8230  153
 EFFECTIVE EARLY STOPPING

********************************
2026/10/08 09:16:55.738269
********************************
Client started
Client closed





















RUN    TRT FLO MAT TOPWT HARWT  RAIN  TIRR   CET  PESW  TNUP  TNLF   TSON TSOC
           dap dap kg/ha kg/ha    mm    mm    mm    mm kg/ha kg/ha  kg/ha t/ha
  1 MZ   1  60 102 13743  7767   617     0   319   130   178     7   8229  153





















RUN    TRT FLO MAT TOPWT HARWT  RAIN  TIRR   CET  PESW  TNUP  TNLF   TSON TSOC
           dap dap kg/ha kg/ha    mm    mm    mm    mm kg/ha kg/ha  kg/ha t/ha
  1 MZ   1  60 102 13742  7765   617     0   319   130   178     7   8229  153





















RUN    TRT FLO MAT TOPWT HARWT  RAIN  TIRR   CET  PESW  TNUP  TNLF   TSON TSOC
           dap dap kg/ha kg/ha    mm    mm    mm    mm kg/ha kg/ha  kg/ha t/ha
  1 MZ   1  60 102 12690  7371   617   240   347   161   174    47   8231  153
 EFFECTIVE EARLY STOPPING

********************************
2026/10/08 09:17:23.629038
********************************
Client started
Client closed





















RUN    TRT FLO MAT TOPWT HARWT  RAIN  TIRR   CET  PESW  TNUP  TNLF   TSON TSOC
           dap dap kg/ha kg/ha    mm    mm    mm    mm kg/ha kg/ha  kg/ha t/ha
  1 MZ   1  54  94 12228  6966   229     0   294    14   161    26   8237  153





















RUN    TRT FLO MAT TOPWT HARWT  RAIN  TIRR   CET  PESW  TNUP  TNLF   TSON TSOC
           dap dap kg/ha kg/ha    mm    mm    mm    mm kg/ha kg/ha  kg/ha t/ha
  1 MZ   1  54  94 12228  6966   229     0   294    14   161    26   8237  153





















RUN    TRT FLO MAT TOPWT HARWT  RAIN  TIRR   CET  PESW  TNUP  TNLF   TSON TSOC
           dap dap kg/ha kg/ha    mm    mm    mm    mm kg/ha kg/ha  kg/ha t/ha
  1 MZ   1  54  94 11577  6660   229   225   326   115   153   161   8232  153
 EFFECTIVE EARLY STOPPING

********************************
2026/10/08 09:17:29.402506
********************************
Client started
Client closed





















RUN    TRT FLO MAT TOPWT HARWT  RAIN  TIRR   CET  PESW  TNUP  TNLF   TSON TSOC
           dap dap kg/ha kg/ha    mm    mm    mm    mm kg/ha kg/ha  kg/ha t/ha
  1 MZ   1  56  97 10851  5649   673     0   313   147   139    25   8231  153





















RUN    TRT FLO MAT TOPWT HARWT  RAIN  TIRR   CET  PESW  TNUP  TNLF   TSON TSOC
           dap dap kg/ha kg/ha    mm    mm    mm    mm kg/ha kg/ha  kg/ha t/ha
  1 MZ   1  56  97 10851  5649   673     0   313   147   139    25   8231  153





















RUN    TRT FLO MAT TOPWT HARWT  RAIN  TIRR   CET  PESW  TNUP  TNLF   TSON TSOC
           dap dap kg/ha kg/ha    mm    mm    mm    mm kg/ha kg/ha  kg/ha t/ha
  1 MZ   1  56  97  9690  5220   673   210   334   162   128    66   8233  153
 EFFECTIVE EARLY STOPPING

********************************
2026/10/08 09:18:09.412003
********************************
Client started
Client closed





















RUN    TRT FLO MAT TOPWT HARWT  RAIN  TIRR   CET  PESW  TNUP  TNLF   TSON TSOC
           dap dap kg/ha kg/ha    mm    mm    mm    mm kg/ha kg/ha  kg/ha t/ha
  1 MZ   1  61 105 12727  6685   670     0   327    86   158     8   8227  153





















RUN    TRT FLO MAT TOPWT HARWT  RAIN  TIRR   CET  PESW  TNUP  TNLF   TSON TSOC
           dap dap kg/ha kg/ha    mm    mm    mm    mm kg/ha kg/ha  kg/ha t/ha
  1 MZ   1  61 105 12726  6684   670     0   327    86   158     8   8227  153





















RUN    TRT FLO MAT TOPWT HARWT  RAIN  TIRR   CET  PESW  TNUP  TNLF   TSON TSOC
           dap dap kg/ha kg/ha    mm    mm    mm    mm kg/ha kg/ha  kg/ha t/ha
  1 MZ   1  61 105 11217  6454   670   240   347   142   154    44   8229  153
 EFFECTIVE EARLY STOPPING

********************************
2026/10/08 09:18:30.522773
********************************
Client started
Client closed





















RUN    TRT FLO MAT TOPWT HARWT  RAIN  TIRR   CET  PESW  TNUP  TNLF   TSON TSOC
           dap dap kg/ha kg/ha    mm    mm    mm    mm kg/ha kg/ha  kg/ha t/ha
  1 MZ   1  61 103 12411  7552   661     0   327   166   165     7   8230  153





















RUN    TRT FLO MAT TOPWT HARWT  RAIN  TIRR   CET  PESW  TNUP  TNLF   TSON TSOC
           dap dap kg/ha kg/ha    mm    mm    mm    mm kg/ha kg/ha  kg/ha t/ha
  1 MZ   1  61 103 12409  7549   661     0   327   166   165     7   8230  153





















RUN    TRT FLO MAT TOPWT HARWT  RAIN  TIRR   CET  PESW  TNUP  TNLF   TSON TSOC
           dap dap kg/ha kg/ha    mm    mm    mm    mm kg/ha kg/ha  kg/ha t/ha
  1 MZ   1  61 103 11074  7227   661   240   368   195   168    28   8231  153
 EFFECTIVE EARLY STOPPING

********************************
2026/10/08 09:18:45.269880
********************************
Client started
Client closed





















RUN    TRT FLO MAT TOPWT HARWT  RAIN  TIRR   CET  PESW  TNUP  TNLF   TSON TSOC
           dap dap kg/ha kg/ha    mm    mm    mm    mm kg/ha kg/ha  kg/ha t/ha
  1 MZ   1  59 105 14254  7767   461     0   339    68   181    16   8229  153





















RUN    TRT FLO MAT TOPWT HARWT  RAIN  TIRR   CET  PESW  TNUP  TNLF   TSON TSOC
           dap dap kg/ha kg/ha    mm    mm    mm    mm kg/ha kg/ha  kg/ha t/ha
  1 MZ   1  59 105 14254  7767   461     0   339    68   181    16   8229  153





















RUN    TRT FLO MAT TOPWT HARWT  RAIN  TIRR   CET  PESW  TNUP  TNLF   TSON TSOC
           dap dap kg/ha kg/ha    mm    mm    mm    mm kg/ha kg/ha  kg/ha t/ha
  1 MZ   1  59 105 13400  7207   461   240   372   163   170   127   8226  153
 EFFECTIVE EARLY STOPPING

********************************
2026/10/08 09:19:26.207962
********************************
Client started
Client closed





















RUN    TRT FLO MAT TOPWT HARWT  RAIN  TIRR   CET  PESW  TNUP  TNLF   TSON TSOC
           dap dap kg/ha kg/ha    mm    mm    mm    mm kg/ha kg/ha  kg/ha t/ha
  1 MZ   1  57  96 11655  6261   637     0   330   100   151    11   8234  153





















RUN    TRT FLO MAT TOPWT HARWT  RAIN  TIRR   CET  PESW  TNUP  TNLF   TSON TSOC
           dap dap kg/ha kg/ha    mm    mm    mm    mm kg/ha kg/ha  kg/ha t/ha
  1 MZ   1  57  96 11655  6261   637     0   330   100   151    11   8234  153





















RUN    TRT FLO MAT TOPWT HARWT  RAIN  TIRR   CET  PESW  TNUP  TNLF   TSON TSOC
           dap dap kg/ha kg/ha    mm    mm    mm    mm kg/ha kg/ha  kg/ha t/ha
  1 MZ   1  57  96  9731  5256   637   225   356   177   127   112   8233  153
 EFFECTIVE EARLY STOPPING

********************************
2026/10/08 09:19:54.057956
********************************
Client started
Client closed





















RUN    TRT FLO MAT TOPWT HARWT  RAIN  TIRR   CET  PESW  TNUP  TNLF   TSON TSOC
           dap dap kg/ha kg/ha    mm    mm    mm    mm kg/ha kg/ha  kg/ha t/ha
  1 MZ   1  56 102 14588  9216   443     0   334    67   187     6   8234  153





















RUN    TRT FLO MAT TOPWT HARWT  RAIN  TIRR   CET  PESW  TNUP  TNLF   TSON TSOC
           dap dap kg/ha kg/ha    mm    mm    mm    mm kg/ha kg/ha  kg/ha t/ha
  1 MZ   1  56 102 14580  9209   443     0   334    67   186     6   8235  153





















RUN    TRT FLO MAT TOPWT HARWT  RAIN  TIRR   CET  PESW  TNUP  TNLF   TSON TSOC
           dap dap kg/ha kg/ha    mm    mm    mm    mm kg/ha kg/ha  kg/ha t/ha
  1 MZ   1  56 102 14947  9670   443   240   389   177   216    98   8227  153
 EFFECTIVE EARLY STOPPING

********************************
2026/10/08 09:20:20.005057
********************************
Client started
Client closed





















RUN    TRT FLO MAT TOPWT HARWT  RAIN  TIRR   CET  PESW  TNUP  TNLF   TSON TSOC
           dap dap kg/ha kg/ha    mm    mm    mm    mm kg/ha kg/ha  kg/ha t/ha
  1 MZ   1  56  93 11612  5010   400     0   310   102   142    43   8241  153





















RUN    TRT FLO MAT TOPWT HARWT  RAIN  TIRR   CET  PESW  TNUP  TNLF   TSON TSOC
           dap dap kg/ha kg/ha    mm    mm    mm    mm kg/ha kg/ha  kg/ha t/ha
  1 MZ   1  56  93 11612  5010   400     0   310   102   142    43   8241  153





















RUN    TRT FLO MAT TOPWT HARWT  RAIN  TIRR   CET  PESW  TNUP  TNLF   TSON TSOC
           dap dap kg/ha kg/ha    mm    mm    mm    mm kg/ha kg/ha  kg/ha t/ha
  1 MZ   1  56  93 12024  5754   400   210   363   204   153   161   8232  153
 EFFECTIVE EARLY STOPPING

********************************
2026/10/08 09:20:31.722433
********************************
Client started
Client closed





















RUN    TRT FLO MAT TOPWT HARWT  RAIN  TIRR   CET  PESW  TNUP  TNLF   TSON TSOC
           dap dap kg/ha kg/ha    mm    mm    mm    mm kg/ha kg/ha  kg/ha t/ha
  1 MZ   1  54  93  9513  5455   343     0   295    64   133    50   8235  153





















RUN    TRT FLO MAT TOPWT HARWT  RAIN  TIRR   CET  PESW  TNUP  TNLF   TSON TSOC
           dap dap kg/ha kg/ha    mm    mm    mm    mm kg/ha kg/ha  kg/ha t/ha
  1 MZ   1  54  93  9513  5455   343     0   295    64   133    50   8235  153





















RUN    TRT FLO MAT TOPWT HARWT  RAIN  TIRR   CET  PESW  TNUP  TNLF   TSON TSOC
           dap dap kg/ha kg/ha    mm    mm    mm    mm kg/ha kg/ha  kg/ha t/ha
  1 MZ   1  54  93  9121  5522   343   240   322   149   133   100   8235  153
 EFFECTIVE EARLY STOPPING

********************************
2026/10/08 09:21:12.617945
********************************
Client started
Client closed





















RUN    TRT FLO MAT TOPWT HARWT  RAIN  TIRR   CET  PESW  TNUP  TNLF   TSON TSOC
           dap dap kg/ha kg/ha    mm    mm    mm    mm kg/ha kg/ha  kg/ha t/ha
  1 MZ   1  58 103 13057  7419   434     0   316   131   174    19   8228  153





















RUN    TRT FLO MAT TOPWT HARWT  RAIN  TIRR   CET  PESW  TNUP  TNLF   TSON TSOC
           dap dap kg/ha kg/ha    mm    mm    mm    mm kg/ha kg/ha  kg/ha t/ha
  1 MZ   1  58 103 13057  7419   434     0   316   131   174    19   8228  153





















RUN    TRT FLO MAT TOPWT HARWT  RAIN  TIRR   CET  PESW  TNUP  TNLF   TSON TSOC
           dap dap kg/ha kg/ha    mm    mm    mm    mm kg/ha kg/ha  kg/ha t/ha
  1 MZ   1  58 103 12345  7550   434   240   350   198   175    68   8228  153
 EFFECTIVE EARLY STOPPING

********************************
2026/10/08 09:21:45.102795
********************************
Client started
Client closed





















RUN    TRT FLO MAT TOPWT HARWT  RAIN  TIRR   CET  PESW  TNUP  TNLF   TSON TSOC
           dap dap kg/ha kg/ha    mm    mm    mm    mm kg/ha kg/ha  kg/ha t/ha
  1 MZ   1  57 100 12707  7141   245     0   290     4   166     8   8239  153





















RUN    TRT FLO MAT TOPWT HARWT  RAIN  TIRR   CET  PESW  TNUP  TNLF   TSON TSOC
           dap dap kg/ha kg/ha    mm    mm    mm    mm kg/ha kg/ha  kg/ha t/ha
  1 MZ   1  57 100 12707  7141   245     0   290     4   166     8   8239  153





















RUN    TRT FLO MAT TOPWT HARWT  RAIN  TIRR   CET  PESW  TNUP  TNLF   TSON TSOC
           dap dap kg/ha kg/ha    mm    mm    mm    mm kg/ha kg/ha  kg/ha t/ha
  1 MZ   1  57 100 11770  6842   245   210   354    58   155   147   8230  153
 EFFECTIVE EARLY STOPPING

********************************
2026/10/08 09:21:51.015922
********************************
Client started
Client closed





















RUN    TRT FLO MAT TOPWT HARWT  RAIN  TIRR   CET  PESW  TNUP  TNLF   TSON TSOC
           dap dap kg/ha kg/ha    mm    mm    mm    mm kg/ha kg/ha  kg/ha t/ha
  1 MZ   1  58 105 14454  8690   691     0   360   151   176     7   8227  153





















RUN    TRT FLO MAT TOPWT HARWT  RAIN  TIRR   CET  PESW  TNUP  TNLF   TSON TSOC
           dap dap kg/ha kg/ha    mm    mm    mm    mm kg/ha kg/ha  kg/ha t/ha
  1 MZ   1  58 105 14445  8682   691     0   360   151   176     7   8227  153





















RUN    TRT FLO MAT TOPWT HARWT  RAIN  TIRR   CET  PESW  TNUP  TNLF   TSON TSOC
           dap dap kg/ha kg/ha    mm    mm    mm    mm kg/ha kg/ha  kg/ha t/ha
  1 MZ   1  58 105 13462  8468   691   240   385   197   191    55   8228  153
 EFFECTIVE EARLY STOPPING

********************************
2026/10/08 09:22:21.699145
********************************
Client started
Client closed





















RUN    TRT FLO MAT TOPWT HARWT  RAIN  TIRR   CET  PESW  TNUP  TNLF   TSON TSOC
           dap dap kg/ha kg/ha    mm    mm    mm    mm kg/ha kg/ha  kg/ha t/ha
  1 MZ   1  58 100 12338  6950   519     0   293   135   166    28   8230  153





















RUN    TRT FLO MAT TOPWT HARWT  RAIN  TIRR   CET  PESW  TNUP  TNLF   TSON TSOC
           dap dap kg/ha kg/ha    mm    mm    mm    mm kg/ha kg/ha  kg/ha t/ha
  1 MZ   1  58 100 12339  6950   519     0   293   135   166    27   8230  153





















RUN    TRT FLO MAT TOPWT HARWT  RAIN  TIRR   CET  PESW  TNUP  TNLF   TSON TSOC
           dap dap kg/ha kg/ha    mm    mm    mm    mm kg/ha kg/ha  kg/ha t/ha
  1 MZ   1  58 100 11743  6684   519   225   315   211   159   121   8229  153
 EFFECTIVE EARLY STOPPING

********************************
2026/10/08 09:22:46.037719
********************************
Client started
Client closed





















RUN    TRT FLO MAT TOPWT HARWT  RAIN  TIRR   CET  PESW  TNUP  TNLF   TSON TSOC
           dap dap kg/ha kg/ha    mm    mm    mm    mm kg/ha kg/ha  kg/ha t/ha
  1 MZ   1  61 103 13014  7482   831     0   356   102   156     6   8229  153





















RUN    TRT FLO MAT TOPWT HARWT  RAIN  TIRR   CET  PESW  TNUP  TNLF   TSON TSOC
           dap dap kg/ha kg/ha    mm    mm    mm    mm kg/ha kg/ha  kg/ha t/ha
  1 MZ   1  61 103 13011  7479   831     0   356   102   156     6   8229  153





















RUN    TRT FLO MAT TOPWT HARWT  RAIN  TIRR   CET  PESW  TNUP  TNLF   TSON TSOC
           dap dap kg/ha kg/ha    mm    mm    mm    mm kg/ha kg/ha  kg/ha t/ha
  1 MZ   1  61 103 11594  7177   831   240   382   164   165    31   8230  153
 EFFECTIVE EARLY STOPPING

********************************
2026/10/08 09:23:15.208990
********************************
Client started
Client closed





















RUN    TRT FLO MAT TOPWT HARWT  RAIN  TIRR   CET  PESW  TNUP  TNLF   TSON TSOC
           dap dap kg/ha kg/ha    mm    mm    mm    mm kg/ha kg/ha  kg/ha t/ha
  1 MZ   1  60 106 13495  7077   327     0   303    51   179    13   8235  153





















RUN    TRT FLO MAT TOPWT HARWT  RAIN  TIRR   CET  PESW  TNUP  TNLF   TSON TSOC
           dap dap kg/ha kg/ha    mm    mm    mm    mm kg/ha kg/ha  kg/ha t/ha
  1 MZ   1  60 106 13495  7077   327     0   303    51   179    12   8235  153





















RUN    TRT FLO MAT TOPWT HARWT  RAIN  TIRR   CET  PESW  TNUP  TNLF   TSON TSOC
           dap dap kg/ha kg/ha    mm    mm    mm    mm kg/ha kg/ha  kg/ha t/ha
  1 MZ   1  60 106 13135  7002   327   240   340   169   175   138   8226  153
 EFFECTIVE EARLY STOPPING

********************************
2026/10/08 09:23:50.738458
********************************
Client started
Client closed





















RUN    TRT FLO MAT TOPWT HARWT  RAIN  TIRR   CET  PESW  TNUP  TNLF   TSON TSOC
           dap dap kg/ha kg/ha    mm    mm    mm    mm kg/ha kg/ha  kg/ha t/ha
  1 MZ   1  54  92 11326  6386   610     0   325   183   152    32   8237  153





















RUN    TRT FLO MAT TOPWT HARWT  RAIN  TIRR   CET  PESW  TNUP  TNLF   TSON TSOC
           dap dap kg/ha kg/ha    mm    mm    mm    mm kg/ha kg/ha  kg/ha t/ha
  1 MZ   1  54  92 11326  6386   610     0   325   183   152    31   8237  153





















RUN    TRT FLO MAT TOPWT HARWT  RAIN  TIRR   CET  PESW  TNUP  TNLF   TSON TSOC
           dap dap kg/ha kg/ha    mm    mm    mm    mm kg/ha kg/ha  kg/ha t/ha
  1 MZ   1  54  92 11137  6295   610   195   348   193   150    88   8234  153
 EFFECTIVE EARLY STOPPING

********************************
2026/10/08 09:24:22.993807
********************************
Client started
Client closed





















RUN    TRT FLO MAT TOPWT HARWT  RAIN  TIRR   CET  PESW  TNUP  TNLF   TSON TSOC
           dap dap kg/ha kg/ha    mm    mm    mm    mm kg/ha kg/ha  kg/ha t/ha
  1 MZ   1  58 100 10648  6051   832     0   305   174   134     7   8232  153





















RUN    TRT FLO MAT TOPWT HARWT  RAIN  TIRR   CET  PESW  TNUP  TNLF   TSON TSOC
           dap dap kg/ha kg/ha    mm    mm    mm    mm kg/ha kg/ha  kg/ha t/ha
  1 MZ   1  58 100 10645  6048   832     0   305   174   134     7   8232  153





















RUN    TRT FLO MAT TOPWT HARWT  RAIN  TIRR   CET  PESW  TNUP  TNLF   TSON TSOC
           dap dap kg/ha kg/ha    mm    mm    mm    mm kg/ha kg/ha  kg/ha t/ha
  1 MZ   1  58 100  9653  5991   832   240   349   204   141    19   8234  153
 EFFECTIVE EARLY STOPPING

********************************
2026/10/08 09:24:28.753454
********************************
Client started
Client closed





















RUN    TRT FLO MAT TOPWT HARWT  RAIN  TIRR   CET  PESW  TNUP  TNLF   TSON TSOC
           dap dap kg/ha kg/ha    mm    mm    mm    mm kg/ha kg/ha  kg/ha t/ha
  1 MZ   1  61 103 13014  7482   831     0   356   102   156     6   8229  153





















RUN    TRT FLO MAT TOPWT HARWT  RAIN  TIRR   CET  PESW  TNUP  TNLF   TSON TSOC
           dap dap kg/ha kg/ha    mm    mm    mm    mm kg/ha kg/ha  kg/ha t/ha
  1 MZ   1  61 103 13011  7479   831     0   356   102   156     6   8229  153





















RUN    TRT FLO MAT TOPWT HARWT  RAIN  TIRR   CET  PESW  TNUP  TNLF   TSON TSOC
           dap dap kg/ha kg/ha    mm    mm    mm    mm kg/ha kg/ha  kg/ha t/ha
  1 MZ   1  61 103 12053  7510   831   240   375   159   172    22   8230  153
 EFFECTIVE EARLY STOPPING

********************************
2026/10/08 09:24:58.347503
********************************
Client started
Client closed





















RUN    TRT FLO MAT TOPWT HARWT  RAIN  TIRR   CET  PESW  TNUP  TNLF   TSON TSOC
           dap dap kg/ha kg/ha    mm    mm    mm    mm kg/ha kg/ha  kg/ha t/ha
  1 MZ   1  57  99 12511  7279   479     0   306   140   166    15   8232  153





















RUN    TRT FLO MAT TOPWT HARWT  RAIN  TIRR   CET  PESW  TNUP  TNLF   TSON TSOC
           dap dap kg/ha kg/ha    mm    mm    mm    mm kg/ha kg/ha  kg/ha t/ha
  1 MZ   1  57  99 12511  7279   479     0   306   140   166    15   8232  153





















RUN    TRT FLO MAT TOPWT HARWT  RAIN  TIRR   CET  PESW  TNUP  TNLF   TSON TSOC
           dap dap kg/ha kg/ha    mm    mm    mm    mm kg/ha kg/ha  kg/ha t/ha
  1 MZ   1  57  99 11301  6717   479   225   331   167   153    65   8233  153
 EFFECTIVE EARLY STOPPING

********************************
2026/10/08 09:25:33.542963
********************************
Client started
Client closed





















RUN    TRT FLO MAT TOPWT HARWT  RAIN  TIRR   CET  PESW  TNUP  TNLF   TSON TSOC
           dap dap kg/ha kg/ha    mm    mm    mm    mm kg/ha kg/ha  kg/ha t/ha
  1 MZ   1  61 104 14472  8259   428     0   316   110   190     6   8229  153





















RUN    TRT FLO MAT TOPWT HARWT  RAIN  TIRR   CET  PESW  TNUP  TNLF   TSON TSOC
           dap dap kg/ha kg/ha    mm    mm    mm    mm kg/ha kg/ha  kg/ha t/ha
  1 MZ   1  61 104 14471  8259   428     0   316   110   190     6   8229  153





















RUN    TRT FLO MAT TOPWT HARWT  RAIN  TIRR   CET  PESW  TNUP  TNLF   TSON TSOC
           dap dap kg/ha kg/ha    mm    mm    mm    mm kg/ha kg/ha  kg/ha t/ha
  1 MZ   1  61 104 14280  8480   428   225   348   169   197    66   8228  153
 EFFECTIVE EARLY STOPPING

********************************
2026/10/08 09:25:48.986456
********************************
Client started
Client closed





















RUN    TRT FLO MAT TOPWT HARWT  RAIN  TIRR   CET  PESW  TNUP  TNLF   TSON TSOC
           dap dap kg/ha kg/ha    mm    mm    mm    mm kg/ha kg/ha  kg/ha t/ha
  1 MZ   1  56  98 14438  7976   488     0   353    67   186     6   8233  153





















RUN    TRT FLO MAT TOPWT HARWT  RAIN  TIRR   CET  PESW  TNUP  TNLF   TSON TSOC
           dap dap kg/ha kg/ha    mm    mm    mm    mm kg/ha kg/ha  kg/ha t/ha
  1 MZ   1  56  98 14436  7974   488     0   353    67   186     6   8233  153





















RUN    TRT FLO MAT TOPWT HARWT  RAIN  TIRR   CET  PESW  TNUP  TNLF   TSON TSOC
           dap dap kg/ha kg/ha    mm    mm    mm    mm kg/ha kg/ha  kg/ha t/ha
  1 MZ   1  56  98 13917  7827   488   225   387   172   187   124   8230  153
 EFFECTIVE EARLY STOPPING

********************************
2026/10/08 09:26:18.431688
********************************
Client started
Client closed





















RUN    TRT FLO MAT TOPWT HARWT  RAIN  TIRR   CET  PESW  TNUP  TNLF   TSON TSOC
           dap dap kg/ha kg/ha    mm    mm    mm    mm kg/ha kg/ha  kg/ha t/ha
  1 MZ   1  58 104 15593  8762   551     0   357    87   185     7   8227  153





















RUN    TRT FLO MAT TOPWT HARWT  RAIN  TIRR   CET  PESW  TNUP  TNLF   TSON TSOC
           dap dap kg/ha kg/ha    mm    mm    mm    mm kg/ha kg/ha  kg/ha t/ha
  1 MZ   1  58 104 15587  8756   551     0   357    87   185     7   8227  153





















RUN    TRT FLO MAT TOPWT HARWT  RAIN  TIRR   CET  PESW  TNUP  TNLF   TSON TSOC
           dap dap kg/ha kg/ha    mm    mm    mm    mm kg/ha kg/ha  kg/ha t/ha
  1 MZ   1  58 104 15030  8769   551   240   389   156   201    63   8227  153
 EFFECTIVE EARLY STOPPING

********************************
2026/10/08 09:26:45.175382
********************************
Client started
Client closed





















RUN    TRT FLO MAT TOPWT HARWT  RAIN  TIRR   CET  PESW  TNUP  TNLF   TSON TSOC
           dap dap kg/ha kg/ha    mm    mm    mm    mm kg/ha kg/ha  kg/ha t/ha
  1 MZ   1  58  97 11289  6377   548     0   273   107   153    22   8234  153





















RUN    TRT FLO MAT TOPWT HARWT  RAIN  TIRR   CET  PESW  TNUP  TNLF   TSON TSOC
           dap dap kg/ha kg/ha    mm    mm    mm    mm kg/ha kg/ha  kg/ha t/ha
  1 MZ   1  58  97 11289  6377   548     0   273   107   153    22   8234  153





















RUN    TRT FLO MAT TOPWT HARWT  RAIN  TIRR   CET  PESW  TNUP  TNLF   TSON TSOC
           dap dap kg/ha kg/ha    mm    mm    mm    mm kg/ha kg/ha  kg/ha t/ha
  1 MZ   1  58  97 11002  6629   548   225   324   148   156    89   8232  153
 EFFECTIVE EARLY STOPPING

********************************
2026/10/08 09:27:05.610492
********************************
Client started
Client closed





















RUN    TRT FLO MAT TOPWT HARWT  RAIN  TIRR   CET  PESW  TNUP  TNLF   TSON TSOC
           dap dap kg/ha kg/ha    mm    mm    mm    mm kg/ha kg/ha  kg/ha t/ha
  1 MZ   1  58 105 11355  6820   882     0   346   158   137     8   8229  153





















RUN    TRT FLO MAT TOPWT HARWT  RAIN  TIRR   CET  PESW  TNUP  TNLF   TSON TSOC
           dap dap kg/ha kg/ha    mm    mm    mm    mm kg/ha kg/ha  kg/ha t/ha
  1 MZ   1  58 105 11363  6827   882     0   346   158   137     8   8229  153





















RUN    TRT FLO MAT TOPWT HARWT  RAIN  TIRR   CET  PESW  TNUP  TNLF   TSON TSOC
           dap dap kg/ha kg/ha    mm    mm    mm    mm kg/ha kg/ha  kg/ha t/ha
  1 MZ   1  58 105 10018  6293   882   240   361   200   139    29   8230  153
 EFFECTIVE EARLY STOPPING

********************************
2026/10/08 09:27:37.930957
********************************
Client started
Client closed





















RUN    TRT FLO MAT TOPWT HARWT  RAIN  TIRR   CET  PESW  TNUP  TNLF   TSON TSOC
           dap dap kg/ha kg/ha    mm    mm    mm    mm kg/ha kg/ha  kg/ha t/ha
  1 MZ   1  59 106 14455  8305   692     0   328   188   183     8   8225  153





















RUN    TRT FLO MAT TOPWT HARWT  RAIN  TIRR   CET  PESW  TNUP  TNLF   TSON TSOC
           dap dap kg/ha kg/ha    mm    mm    mm    mm kg/ha kg/ha  kg/ha t/ha
  1 MZ   1  59 106 14452  8302   692     0   328   188   182     8   8225  153





















RUN    TRT FLO MAT TOPWT HARWT  RAIN  TIRR   CET  PESW  TNUP  TNLF   TSON TSOC
           dap dap kg/ha kg/ha    mm    mm    mm    mm kg/ha kg/ha  kg/ha t/ha
  1 MZ   1  59 106 14276  8285   692   240   344   211   193    25   8226  153
 EFFECTIVE EARLY STOPPING

********************************
2026/10/08 09:28:13.627407
********************************
Client started
Client closed





















RUN    TRT FLO MAT TOPWT HARWT  RAIN  TIRR   CET  PESW  TNUP  TNLF   TSON TSOC
           dap dap kg/ha kg/ha    mm    mm    mm    mm kg/ha kg/ha  kg/ha t/ha
  1 MZ   1  58 102 13864  7808   663     0   372   187   182     9   8228  153





















RUN    TRT FLO MAT TOPWT HARWT  RAIN  TIRR   CET  PESW  TNUP  TNLF   TSON TSOC
           dap dap kg/ha kg/ha    mm    mm    mm    mm kg/ha kg/ha  kg/ha t/ha
  1 MZ   1  58 102 13864  7808   663     0   372   187   182     9   8228  153





















RUN    TRT FLO MAT TOPWT HARWT  RAIN  TIRR   CET  PESW  TNUP  TNLF   TSON TSOC
           dap dap kg/ha kg/ha    mm    mm    mm    mm kg/ha kg/ha  kg/ha t/ha
  1 MZ   1  58 102 12632  7630   663   240   387   218   175    44   8231  153
 EFFECTIVE EARLY STOPPING

********************************
2026/10/08 09:28:35.127431
********************************
Client started
Client closed





















RUN    TRT FLO MAT TOPWT HARWT  RAIN  TIRR   CET  PESW  TNUP  TNLF   TSON TSOC
           dap dap kg/ha kg/ha    mm    mm    mm    mm kg/ha kg/ha  kg/ha t/ha
  1 MZ   1  58 107 12381  6683   435     0   319   116   154    44   8224  153





















RUN    TRT FLO MAT TOPWT HARWT  RAIN  TIRR   CET  PESW  TNUP  TNLF   TSON TSOC
           dap dap kg/ha kg/ha    mm    mm    mm    mm kg/ha kg/ha  kg/ha t/ha
  1 MZ   1  58 107 12381  6683   435     0   319   116   154    43   8224  153





















RUN    TRT FLO MAT TOPWT HARWT  RAIN  TIRR   CET  PESW  TNUP  TNLF   TSON TSOC
           dap dap kg/ha kg/ha    mm    mm    mm    mm kg/ha kg/ha  kg/ha t/ha
  1 MZ   1  58 107 12016  6565   435   240   347   185   150   107   8225  153
 EFFECTIVE EARLY STOPPING

********************************
2026/10/08 09:29:14.016561
********************************
Client started
Client closed





















RUN    TRT FLO MAT TOPWT HARWT  RAIN  TIRR   CET  PESW  TNUP  TNLF   TSON TSOC
           dap dap kg/ha kg/ha    mm    mm    mm    mm kg/ha kg/ha  kg/ha t/ha
  1 MZ   1  54  93  9513  5455   343     0   295    64   133    50   8235  153





















RUN    TRT FLO MAT TOPWT HARWT  RAIN  TIRR   CET  PESW  TNUP  TNLF   TSON TSOC
           dap dap kg/ha kg/ha    mm    mm    mm    mm kg/ha kg/ha  kg/ha t/ha
  1 MZ   1  54  93  9513  5455   343     0   295    64   133    50   8235  153





















RUN    TRT FLO MAT TOPWT HARWT  RAIN  TIRR   CET  PESW  TNUP  TNLF   TSON TSOC
           dap dap kg/ha kg/ha    mm    mm    mm    mm kg/ha kg/ha  kg/ha t/ha
  1 MZ   1  54  93  9163  5523   343   225   331   142   132   128   8235  153
 EFFECTIVE EARLY STOPPING

********************************
2026/10/08 09:29:28.627850
********************************
Client started
Client closed





















RUN    TRT FLO MAT TOPWT HARWT  RAIN  TIRR   CET  PESW  TNUP  TNLF   TSON TSOC
           dap dap kg/ha kg/ha    mm    mm    mm    mm kg/ha kg/ha  kg/ha t/ha
  1 MZ   1  57  98 12937  7365   376     0   308    86   174    12   8235  153





















RUN    TRT FLO MAT TOPWT HARWT  RAIN  TIRR   CET  PESW  TNUP  TNLF   TSON TSOC
           dap dap kg/ha kg/ha    mm    mm    mm    mm kg/ha kg/ha  kg/ha t/ha
  1 MZ   1  57  98 12937  7365   376     0   308    86   174    12   8235  153





















RUN    TRT FLO MAT TOPWT HARWT  RAIN  TIRR   CET  PESW  TNUP  TNLF   TSON TSOC
           dap dap kg/ha kg/ha    mm    mm    mm    mm kg/ha kg/ha  kg/ha t/ha
  1 MZ   1  57  98 12718  7511   376   240   345   169   176    92   8232  153
 EFFECTIVE EARLY STOPPING

********************************
2026/10/08 09:30:04.114043
********************************
Client started
Client closed





















RUN    TRT FLO MAT TOPWT HARWT  RAIN  TIRR   CET  PESW  TNUP  TNLF   TSON TSOC
           dap dap kg/ha kg/ha    mm    mm    mm    mm kg/ha kg/ha  kg/ha t/ha
  1 MZ   1  58  97 11625  5645   282     0   292    23   145    39   8242  153





















RUN    TRT FLO MAT TOPWT HARWT  RAIN  TIRR   CET  PESW  TNUP  TNLF   TSON TSOC
           dap dap kg/ha kg/ha    mm    mm    mm    mm kg/ha kg/ha  kg/ha t/ha
  1 MZ   1  58  97 11624  5645   282     0   292    23   145    39   8242  153





















RUN    TRT FLO MAT TOPWT HARWT  RAIN  TIRR   CET  PESW  TNUP  TNLF   TSON TSOC
           dap dap kg/ha kg/ha    mm    mm    mm    mm kg/ha kg/ha  kg/ha t/ha
  1 MZ   1  58  97 13504  7554   282   210   357   105   176   165   8230  153
 EFFECTIVE EARLY STOPPING

********************************
2026/10/08 09:30:13.044503
********************************
Client started
Client closed





















RUN    TRT FLO MAT TOPWT HARWT  RAIN  TIRR   CET  PESW  TNUP  TNLF   TSON TSOC
           dap dap kg/ha kg/ha    mm    mm    mm    mm kg/ha kg/ha  kg/ha t/ha
  1 MZ   1  61 108 13781  8300   657     0   319   120   169     8   8225  153





















RUN    TRT FLO MAT TOPWT HARWT  RAIN  TIRR   CET  PESW  TNUP  TNLF   TSON TSOC
           dap dap kg/ha kg/ha    mm    mm    mm    mm kg/ha kg/ha  kg/ha t/ha
  1 MZ   1  61 108 13778  8297   657     0   319   120   169     8   8225  153





















RUN    TRT FLO MAT TOPWT HARWT  RAIN  TIRR   CET  PESW  TNUP  TNLF   TSON TSOC
           dap dap kg/ha kg/ha    mm    mm    mm    mm kg/ha kg/ha  kg/ha t/ha
  1 MZ   1  61 108 13260  8632   657   240   348   150   188    31   8227  153
 EFFECTIVE EARLY STOPPING

********************************
2026/10/08 09:31:00.025631
********************************
Client started
Client closed





















RUN    TRT FLO MAT TOPWT HARWT  RAIN  TIRR   CET  PESW  TNUP  TNLF   TSON TSOC
           dap dap kg/ha kg/ha    mm    mm    mm    mm kg/ha kg/ha  kg/ha t/ha
  1 MZ   1  62 108 14455  7865   743     0   343   181   187     7   8227  153





















RUN    TRT FLO MAT TOPWT HARWT  RAIN  TIRR   CET  PESW  TNUP  TNLF   TSON TSOC
           dap dap kg/ha kg/ha    mm    mm    mm    mm kg/ha kg/ha  kg/ha t/ha
  1 MZ   1  62 108 14452  7861   743     0   343   181   186     7   8227  153





















RUN    TRT FLO MAT TOPWT HARWT  RAIN  TIRR   CET  PESW  TNUP  TNLF   TSON TSOC
           dap dap kg/ha kg/ha    mm    mm    mm    mm kg/ha kg/ha  kg/ha t/ha
  1 MZ   1  62 108 14416  7897   743   225   367   200   198    37   8227  153
 EFFECTIVE EARLY STOPPING

********************************
2026/10/08 09:31:17.514754
********************************
Client started
Client closed





















RUN    TRT FLO MAT TOPWT HARWT  RAIN  TIRR   CET  PESW  TNUP  TNLF   TSON TSOC
           dap dap kg/ha kg/ha    mm    mm    mm    mm kg/ha kg/ha  kg/ha t/ha
  1 MZ   1  57  98 11070  5839   785     0   317   190   144    27   8231  153





















RUN    TRT FLO MAT TOPWT HARWT  RAIN  TIRR   CET  PESW  TNUP  TNLF   TSON TSOC
           dap dap kg/ha kg/ha    mm    mm    mm    mm kg/ha kg/ha  kg/ha t/ha
  1 MZ   1  57  98 11070  5839   785     0   317   190   144    27   8231  153





















RUN    TRT FLO MAT TOPWT HARWT  RAIN  TIRR   CET  PESW  TNUP  TNLF   TSON TSOC
           dap dap kg/ha kg/ha    mm    mm    mm    mm kg/ha kg/ha  kg/ha t/ha
  1 MZ   1  57  98 10256  5592   785   210   337   216   138    57   8232  153
 EFFECTIVE EARLY STOPPING

********************************
2026/10/08 09:31:29.501544
********************************
Client started
Client closed





















RUN    TRT FLO MAT TOPWT HARWT  RAIN  TIRR   CET  PESW  TNUP  TNLF   TSON TSOC
           dap dap kg/ha kg/ha    mm    mm    mm    mm kg/ha kg/ha  kg/ha t/ha
  1 MZ   1  55  97 12284  7031   743     0   316   183   161     7   8232  153





















RUN    TRT FLO MAT TOPWT HARWT  RAIN  TIRR   CET  PESW  TNUP  TNLF   TSON TSOC
           dap dap kg/ha kg/ha    mm    mm    mm    mm kg/ha kg/ha  kg/ha t/ha
  1 MZ   1  55  97 12283  7029   743     0   316   183   161     7   8232  153





















RUN    TRT FLO MAT TOPWT HARWT  RAIN  TIRR   CET  PESW  TNUP  TNLF   TSON TSOC
           dap dap kg/ha kg/ha    mm    mm    mm    mm kg/ha kg/ha  kg/ha t/ha
  1 MZ   1  55  97 11387  6700   743   240   345   197   156    44   8233  153
 EFFECTIVE EARLY STOPPING

********************************
2026/10/08 09:32:16.863207
********************************
Client started
Client closed





















RUN    TRT FLO MAT TOPWT HARWT  RAIN  TIRR   CET  PESW  TNUP  TNLF   TSON TSOC
           dap dap kg/ha kg/ha    mm    mm    mm    mm kg/ha kg/ha  kg/ha t/ha
  1 MZ   1  56  98 12320  6551   559     0   313   132   163    19   8230  153





















RUN    TRT FLO MAT TOPWT HARWT  RAIN  TIRR   CET  PESW  TNUP  TNLF   TSON TSOC
           dap dap kg/ha kg/ha    mm    mm    mm    mm kg/ha kg/ha  kg/ha t/ha
  1 MZ   1  56  98 12320  6551   559     0   313   132   163    19   8230  153





















RUN    TRT FLO MAT TOPWT HARWT  RAIN  TIRR   CET  PESW  TNUP  TNLF   TSON TSOC
           dap dap kg/ha kg/ha    mm    mm    mm    mm kg/ha kg/ha  kg/ha t/ha
  1 MZ   1  56  98 12000  6659   559   210   338   144   164    49   8231  153
 EFFECTIVE EARLY STOPPING

********************************
2026/10/08 09:32:44.195253
********************************
Client started
Client closed





















RUN    TRT FLO MAT TOPWT HARWT  RAIN  TIRR   CET  PESW  TNUP  TNLF   TSON TSOC
           dap dap kg/ha kg/ha    mm    mm    mm    mm kg/ha kg/ha  kg/ha t/ha
  1 MZ   1  56  94 11171  6748   590     0   295   144   156     7   8234  153





















RUN    TRT FLO MAT TOPWT HARWT  RAIN  TIRR   CET  PESW  TNUP  TNLF   TSON TSOC
           dap dap kg/ha kg/ha    mm    mm    mm    mm kg/ha kg/ha  kg/ha t/ha
  1 MZ   1  56  94 11172  6748   590     0   295   144   156     7   8234  153





















RUN    TRT FLO MAT TOPWT HARWT  RAIN  TIRR   CET  PESW  TNUP  TNLF   TSON TSOC
           dap dap kg/ha kg/ha    mm    mm    mm    mm kg/ha kg/ha  kg/ha t/ha
  1 MZ   1  56  94 10551  6737   590   210   319   181   154    55   8235  153
 EFFECTIVE EARLY STOPPING

********************************
2026/10/08 09:33:02.308699
********************************
Client started
Client closed





















RUN    TRT FLO MAT TOPWT HARWT  RAIN  TIRR   CET  PESW  TNUP  TNLF   TSON TSOC
           dap dap kg/ha kg/ha    mm    mm    mm    mm kg/ha kg/ha  kg/ha t/ha
  1 MZ   1  58 100 12835  6848   288     0   294    55   161    31   8233  153





















RUN    TRT FLO MAT TOPWT HARWT  RAIN  TIRR   CET  PESW  TNUP  TNLF   TSON TSOC
           dap dap kg/ha kg/ha    mm    mm    mm    mm kg/ha kg/ha  kg/ha t/ha
  1 MZ   1  58 100 12835  6848   288     0   294    55   161    31   8233  153





















RUN    TRT FLO MAT TOPWT HARWT  RAIN  TIRR   CET  PESW  TNUP  TNLF   TSON TSOC
           dap dap kg/ha kg/ha    mm    mm    mm    mm kg/ha kg/ha  kg/ha t/ha
  1 MZ   1  58 100 12494  6734   288   225   331   157   158   126   8230  153
 EFFECTIVE EARLY STOPPING

********************************
2026/10/08 09:33:22.755279
********************************
Client started
Client closed





















RUN    TRT FLO MAT TOPWT HARWT  RAIN  TIRR   CET  PESW  TNUP  TNLF   TSON TSOC
           dap dap kg/ha kg/ha    mm    mm    mm    mm kg/ha kg/ha  kg/ha t/ha
  1 MZ   1  57 102 12224  6749   526     0   284   115   161    10   8230  153





















RUN    TRT FLO MAT TOPWT HARWT  RAIN  TIRR   CET  PESW  TNUP  TNLF   TSON TSOC
           dap dap kg/ha kg/ha    mm    mm    mm    mm kg/ha kg/ha  kg/ha t/ha
  1 MZ   1  57 102 12225  6749   526     0   284   115   161    10   8230  153





















RUN    TRT FLO MAT TOPWT HARWT  RAIN  TIRR   CET  PESW  TNUP  TNLF   TSON TSOC
           dap dap kg/ha kg/ha    mm    mm    mm    mm kg/ha kg/ha  kg/ha t/ha
  1 MZ   1  57 102 11179  6696   526   225   323   150   157    61   8231  153
 EFFECTIVE EARLY STOPPING

********************************
2026/10/08 09:34:05.053655
********************************
Client started
Client closed





















RUN    TRT FLO MAT TOPWT HARWT  RAIN  TIRR   CET  PESW  TNUP  TNLF   TSON TSOC
           dap dap kg/ha kg/ha    mm    mm    mm    mm kg/ha kg/ha  kg/ha t/ha
  1 MZ   1  57  96 12335  6388   688     0   294   224   169    14   8232  153





















RUN    TRT FLO MAT TOPWT HARWT  RAIN  TIRR   CET  PESW  TNUP  TNLF   TSON TSOC
           dap dap kg/ha kg/ha    mm    mm    mm    mm kg/ha kg/ha  kg/ha t/ha
  1 MZ   1  57  96 12335  6388   688     0   294   224   169    13   8232  153





















RUN    TRT FLO MAT TOPWT HARWT  RAIN  TIRR   CET  PESW  TNUP  TNLF   TSON TSOC
           dap dap kg/ha kg/ha    mm    mm    mm    mm kg/ha kg/ha  kg/ha t/ha
  1 MZ   1  57  96 11725  6182   688   210   335   246   162    86   8232  153
 EFFECTIVE EARLY STOPPING

********************************
2026/10/08 09:34:31.242232
********************************
Client started
Client closed





















RUN    TRT FLO MAT TOPWT HARWT  RAIN  TIRR   CET  PESW  TNUP  TNLF   TSON TSOC
           dap dap kg/ha kg/ha    mm    mm    mm    mm kg/ha kg/ha  kg/ha t/ha
  1 MZ   1  59 102 12958  6738   291     0   281    60   161    26   8240  153





















RUN    TRT FLO MAT TOPWT HARWT  RAIN  TIRR   CET  PESW  TNUP  TNLF   TSON TSOC
           dap dap kg/ha kg/ha    mm    mm    mm    mm kg/ha kg/ha  kg/ha t/ha
  1 MZ   1  59 102 12958  6738   291     0   281    60   161    26   8240  153





















RUN    TRT FLO MAT TOPWT HARWT  RAIN  TIRR   CET  PESW  TNUP  TNLF   TSON TSOC
           dap dap kg/ha kg/ha    mm    mm    mm    mm kg/ha kg/ha  kg/ha t/ha
  1 MZ   1  59 102 13536  7366   291   225   336   182   171   181   8228  153
 EFFECTIVE EARLY STOPPING

********************************
2026/10/08 09:34:49.674209
********************************
Client started
Client closed





















RUN    TRT FLO MAT TOPWT HARWT  RAIN  TIRR   CET  PESW  TNUP  TNLF   TSON TSOC
           dap dap kg/ha kg/ha    mm    mm    mm    mm kg/ha kg/ha  kg/ha t/ha
  1 MZ   1  58  96 11895  6090   472     0   312   133   147    40   8238  153





















RUN    TRT FLO MAT TOPWT HARWT  RAIN  TIRR   CET  PESW  TNUP  TNLF   TSON TSOC
           dap dap kg/ha kg/ha    mm    mm    mm    mm kg/ha kg/ha  kg/ha t/ha
  1 MZ   1  58  96 11894  6090   472     0   312   132   147    40   8238  153





















RUN    TRT FLO MAT TOPWT HARWT  RAIN  TIRR   CET  PESW  TNUP  TNLF   TSON TSOC
           dap dap kg/ha kg/ha    mm    mm    mm    mm kg/ha kg/ha  kg/ha t/ha
  1 MZ   1  58  96 11697  6059   472   210   345   230   145   157   8233  153
 EFFECTIVE EARLY STOPPING

********************************
2026/10/08 09:35:01.592704
********************************
Client started
Client closed





















RUN    TRT FLO MAT TOPWT HARWT  RAIN  TIRR   CET  PESW  TNUP  TNLF   TSON TSOC
           dap dap kg/ha kg/ha    mm    mm    mm    mm kg/ha kg/ha  kg/ha t/ha
  1 MZ   1  58  98 12139  6576   300     0   269     3   162    21   8241  153





















RUN    TRT FLO MAT TOPWT HARWT  RAIN  TIRR   CET  PESW  TNUP  TNLF   TSON TSOC
           dap dap kg/ha kg/ha    mm    mm    mm    mm kg/ha kg/ha  kg/ha t/ha
  1 MZ   1  58  98 12139  6576   300     0   269     3   162    21   8241  153





















RUN    TRT FLO MAT TOPWT HARWT  RAIN  TIRR   CET  PESW  TNUP  TNLF   TSON TSOC
           dap dap kg/ha kg/ha    mm    mm    mm    mm kg/ha kg/ha  kg/ha t/ha
  1 MZ   1  58  98 12541  7298   300   210   356    59   171   158   8232  153
 EFFECTIVE EARLY STOPPING

********************************
2026/10/08 09:35:49.257030
********************************
Client started
Client closed





















RUN    TRT FLO MAT TOPWT HARWT  RAIN  TIRR   CET  PESW  TNUP  TNLF   TSON TSOC
           dap dap kg/ha kg/ha    mm    mm    mm    mm kg/ha kg/ha  kg/ha t/ha
  1 MZ   1  56  94 10694  6219   334     0   272    80   158    22   8244  153





















RUN    TRT FLO MAT TOPWT HARWT  RAIN  TIRR   CET  PESW  TNUP  TNLF   TSON TSOC
           dap dap kg/ha kg/ha    mm    mm    mm    mm kg/ha kg/ha  kg/ha t/ha
  1 MZ   1  56  94 10693  6218   334     0   272    80   158    22   8244  153





















RUN    TRT FLO MAT TOPWT HARWT  RAIN  TIRR   CET  PESW  TNUP  TNLF   TSON TSOC
           dap dap kg/ha kg/ha    mm    mm    mm    mm kg/ha kg/ha  kg/ha t/ha
  1 MZ   1  56  94 11658  6264   334   210   339   159   156   152   8234  153
 EFFECTIVE EARLY STOPPING

********************************
2026/10/08 09:36:01.387405
********************************
Client started
Client closed





















RUN    TRT FLO MAT TOPWT HARWT  RAIN  TIRR   CET  PESW  TNUP  TNLF   TSON TSOC
           dap dap kg/ha kg/ha    mm    mm    mm    mm kg/ha kg/ha  kg/ha t/ha
  1 MZ   1  58 100 10648  6051   832     0   305   174   134     7   8232  153





















RUN    TRT FLO MAT TOPWT HARWT  RAIN  TIRR   CET  PESW  TNUP  TNLF   TSON TSOC
           dap dap kg/ha kg/ha    mm    mm    mm    mm kg/ha kg/ha  kg/ha t/ha
  1 MZ   1  58 100 10645  6048   832     0   305   174   134     7   8232  153





















RUN    TRT FLO MAT TOPWT HARWT  RAIN  TIRR   CET  PESW  TNUP  TNLF   TSON TSOC
           dap dap kg/ha kg/ha    mm    mm    mm    mm kg/ha kg/ha  kg/ha t/ha
  1 MZ   1  58 100 10074  6147   832   225   336   208   145    30   8233  153
 EFFECTIVE EARLY STOPPING

********************************
2026/10/08 09:36:33.534624
********************************
Client started
Client closed





















RUN    TRT FLO MAT TOPWT HARWT  RAIN  TIRR   CET  PESW  TNUP  TNLF   TSON TSOC
           dap dap kg/ha kg/ha    mm    mm    mm    mm kg/ha kg/ha  kg/ha t/ha
  1 MZ   1  56  93 11612  5010   400     0   310   102   142    43   8241  153





















RUN    TRT FLO MAT TOPWT HARWT  RAIN  TIRR   CET  PESW  TNUP  TNLF   TSON TSOC
           dap dap kg/ha kg/ha    mm    mm    mm    mm kg/ha kg/ha  kg/ha t/ha
  1 MZ   1  56  93 11612  5010   400     0   310   102   142    43   8241  153





















RUN    TRT FLO MAT TOPWT HARWT  RAIN  TIRR   CET  PESW  TNUP  TNLF   TSON TSOC
           dap dap kg/ha kg/ha    mm    mm    mm    mm kg/ha kg/ha  kg/ha t/ha
  1 MZ   1  56  93 12345  5829   400   210   358   211   156   185   8231  153
 EFFECTIVE EARLY STOPPING

********************************
2026/10/08 09:37:03.352262
********************************
Client started
Client closed





















RUN    TRT FLO MAT TOPWT HARWT  RAIN  TIRR   CET  PESW  TNUP  TNLF   TSON TSOC
           dap dap kg/ha kg/ha    mm    mm    mm    mm kg/ha kg/ha  kg/ha t/ha
  1 MZ   1  57  97 12460  6793   446     0   320   136   168    22   8232  153





















RUN    TRT FLO MAT TOPWT HARWT  RAIN  TIRR   CET  PESW  TNUP  TNLF   TSON TSOC
           dap dap kg/ha kg/ha    mm    mm    mm    mm kg/ha kg/ha  kg/ha t/ha
  1 MZ   1  57  97 12460  6793   446     0   320   136   168    22   8232  153





















RUN    TRT FLO MAT TOPWT HARWT  RAIN  TIRR   CET  PESW  TNUP  TNLF   TSON TSOC
           dap dap kg/ha kg/ha    mm    mm    mm    mm kg/ha kg/ha  kg/ha t/ha
  1 MZ   1  57  97 12230  6920   446   210   344   170   169    62   8232  153
 EFFECTIVE EARLY STOPPING

********************************
2026/10/08 09:37:35.675329
********************************
Client started
Client closed





















RUN    TRT FLO MAT TOPWT HARWT  RAIN  TIRR   CET  PESW  TNUP  TNLF   TSON TSOC
           dap dap kg/ha kg/ha    mm    mm    mm    mm kg/ha kg/ha  kg/ha t/ha
  1 MZ   1  60 106 13495  7077   327     0   303    51   179    13   8235  153





















RUN    TRT FLO MAT TOPWT HARWT  RAIN  TIRR   CET  PESW  TNUP  TNLF   TSON TSOC
           dap dap kg/ha kg/ha    mm    mm    mm    mm kg/ha kg/ha  kg/ha t/ha
  1 MZ   1  60 106 13495  7077   327     0   303    51   179    12   8235  153





















RUN    TRT FLO MAT TOPWT HARWT  RAIN  TIRR   CET  PESW  TNUP  TNLF   TSON TSOC
           dap dap kg/ha kg/ha    mm    mm    mm    mm kg/ha kg/ha  kg/ha t/ha
  1 MZ   1  60 106 13310  7052   327   240   346   181   177   161   8225  153
 EFFECTIVE EARLY STOPPING

********************************
2026/10/08 09:37:41.592604
********************************
Client started
Client closed





















RUN    TRT FLO MAT TOPWT HARWT  RAIN  TIRR   CET  PESW  TNUP  TNLF   TSON TSOC
           dap dap kg/ha kg/ha    mm    mm    mm    mm kg/ha kg/ha  kg/ha t/ha
  1 MZ   1  57  96 12075  6812   487     0   304    53   160     6   8234  153





















RUN    TRT FLO MAT TOPWT HARWT  RAIN  TIRR   CET  PESW  TNUP  TNLF   TSON TSOC
           dap dap kg/ha kg/ha    mm    mm    mm    mm kg/ha kg/ha  kg/ha t/ha
  1 MZ   1  57  96 12075  6812   487     0   304    53   159     6   8234  153





















RUN    TRT FLO MAT TOPWT HARWT  RAIN  TIRR   CET  PESW  TNUP  TNLF   TSON TSOC
           dap dap kg/ha kg/ha    mm    mm    mm    mm kg/ha kg/ha  kg/ha t/ha
  1 MZ   1  57  96 10854  6157   487   210   360   102   148   111   8232  153
 EFFECTIVE EARLY STOPPING

********************************
2026/10/08 09:38:20.075878
********************************
Client started
Client closed





















RUN    TRT FLO MAT TOPWT HARWT  RAIN  TIRR   CET  PESW  TNUP  TNLF   TSON TSOC
           dap dap kg/ha kg/ha    mm    mm    mm    mm kg/ha kg/ha  kg/ha t/ha
  1 MZ   1  61 105 12727  6685   670     0   327    86   158     8   8227  153





















RUN    TRT FLO MAT TOPWT HARWT  RAIN  TIRR   CET  PESW  TNUP  TNLF   TSON TSOC
           dap dap kg/ha kg/ha    mm    mm    mm    mm kg/ha kg/ha  kg/ha t/ha
  1 MZ   1  61 105 12726  6684   670     0   327    86   158     8   8227  153





















RUN    TRT FLO MAT TOPWT HARWT  RAIN  TIRR   CET  PESW  TNUP  TNLF   TSON TSOC
           dap dap kg/ha kg/ha    mm    mm    mm    mm kg/ha kg/ha  kg/ha t/ha
  1 MZ   1  61 105 11546  6285   670   240   353   156   152    62   8228  153
 EFFECTIVE EARLY STOPPING

********************************
2026/10/08 09:38:35.319509
********************************
Client started
Client closed





















RUN    TRT FLO MAT TOPWT HARWT  RAIN  TIRR   CET  PESW  TNUP  TNLF   TSON TSOC
           dap dap kg/ha kg/ha    mm    mm    mm    mm kg/ha kg/ha  kg/ha t/ha
  1 MZ   1  60  99 11008  5561  1023     0   317   181   144    26   8232  153





















RUN    TRT FLO MAT TOPWT HARWT  RAIN  TIRR   CET  PESW  TNUP  TNLF   TSON TSOC
           dap dap kg/ha kg/ha    mm    mm    mm    mm kg/ha kg/ha  kg/ha t/ha
  1 MZ   1  60  99 11009  5561  1023     0   317   181   144    25   8232  153





















RUN    TRT FLO MAT TOPWT HARWT  RAIN  TIRR   CET  PESW  TNUP  TNLF   TSON TSOC
           dap dap kg/ha kg/ha    mm    mm    mm    mm kg/ha kg/ha  kg/ha t/ha
  1 MZ   1  60  99 10285  5363  1023   240   354   221   138    75   8232  153
 EFFECTIVE EARLY STOPPING

********************************
2026/10/08 09:39:10.827427
********************************
Client started
Client closed





















RUN    TRT FLO MAT TOPWT HARWT  RAIN  TIRR   CET  PESW  TNUP  TNLF   TSON TSOC
           dap dap kg/ha kg/ha    mm    mm    mm    mm kg/ha kg/ha  kg/ha t/ha
  1 MZ   1  58 103 12360  7009   678     0   277   140   165     7   8229  153





















RUN    TRT FLO MAT TOPWT HARWT  RAIN  TIRR   CET  PESW  TNUP  TNLF   TSON TSOC
           dap dap kg/ha kg/ha    mm    mm    mm    mm kg/ha kg/ha  kg/ha t/ha
  1 MZ   1  58 103 12359  7008   678     0   277   140   164     7   8229  153





















RUN    TRT FLO MAT TOPWT HARWT  RAIN  TIRR   CET  PESW  TNUP  TNLF   TSON TSOC
           dap dap kg/ha kg/ha    mm    mm    mm    mm kg/ha kg/ha  kg/ha t/ha
  1 MZ   1  58 103 12135  7085   678   225   320   176   167    65   8228  153
 EFFECTIVE EARLY STOPPING

********************************
2026/10/08 09:39:40.329571
********************************
Client started
Client closed





















RUN    TRT FLO MAT TOPWT HARWT  RAIN  TIRR   CET  PESW  TNUP  TNLF   TSON TSOC
           dap dap kg/ha kg/ha    mm    mm    mm    mm kg/ha kg/ha  kg/ha t/ha
  1 MZ   1  57  98 12937  7365   376     0   308    86   174    12   8235  153





















RUN    TRT FLO MAT TOPWT HARWT  RAIN  TIRR   CET  PESW  TNUP  TNLF   TSON TSOC
           dap dap kg/ha kg/ha    mm    mm    mm    mm kg/ha kg/ha  kg/ha t/ha
  1 MZ   1  57  98 12937  7365   376     0   308    86   174    12   8235  153





















RUN    TRT FLO MAT TOPWT HARWT  RAIN  TIRR   CET  PESW  TNUP  TNLF   TSON TSOC
           dap dap kg/ha kg/ha    mm    mm    mm    mm kg/ha kg/ha  kg/ha t/ha
  1 MZ   1  57  98 12737  7536   376   225   356   156   176    90   8232  153
 EFFECTIVE EARLY STOPPING

********************************
2026/10/08 09:39:55.526925
********************************
Client started
Client closed





















RUN    TRT FLO MAT TOPWT HARWT  RAIN  TIRR   CET  PESW  TNUP  TNLF   TSON TSOC
           dap dap kg/ha kg/ha    mm    mm    mm    mm kg/ha kg/ha  kg/ha t/ha
  1 MZ   1  60 108 11943  6735   976     0   340   127   134     6   8225  153





















RUN    TRT FLO MAT TOPWT HARWT  RAIN  TIRR   CET  PESW  TNUP  TNLF   TSON TSOC
           dap dap kg/ha kg/ha    mm    mm    mm    mm kg/ha kg/ha  kg/ha t/ha
  1 MZ   1  60 108 11938  6729   976     0   340   127   134     6   8225  153





















RUN    TRT FLO MAT TOPWT HARWT  RAIN  TIRR   CET  PESW  TNUP  TNLF   TSON TSOC
           dap dap kg/ha kg/ha    mm    mm    mm    mm kg/ha kg/ha  kg/ha t/ha
  1 MZ   1  60 108 12260  7421   976   240   363   167   171    22   8226  153
 EFFECTIVE EARLY STOPPING

********************************
2026/10/08 09:40:37.438607
********************************
Client started
Client closed





















RUN    TRT FLO MAT TOPWT HARWT  RAIN  TIRR   CET  PESW  TNUP  TNLF   TSON TSOC
           dap dap kg/ha kg/ha    mm    mm    mm    mm kg/ha kg/ha  kg/ha t/ha
  1 MZ   1  59 109 14135  7917   584     0   342   194   184    11   8227  153





















RUN    TRT FLO MAT TOPWT HARWT  RAIN  TIRR   CET  PESW  TNUP  TNLF   TSON TSOC
           dap dap kg/ha kg/ha    mm    mm    mm    mm kg/ha kg/ha  kg/ha t/ha
  1 MZ   1  59 109 14135  7917   584     0   342   194   184    11   8227  153





















RUN    TRT FLO MAT TOPWT HARWT  RAIN  TIRR   CET  PESW  TNUP  TNLF   TSON TSOC
           dap dap kg/ha kg/ha    mm    mm    mm    mm kg/ha kg/ha  kg/ha t/ha
  1 MZ   1  59 109 13724  7766   584   240   364   242   180    59   8226  153
 EFFECTIVE EARLY STOPPING

********************************
2026/10/08 09:40:49.526160
********************************
Client started
Client closed





















RUN    TRT FLO MAT TOPWT HARWT  RAIN  TIRR   CET  PESW  TNUP  TNLF   TSON TSOC
           dap dap kg/ha kg/ha    mm    mm    mm    mm kg/ha kg/ha  kg/ha t/ha
  1 MZ   1  56  94 10694  6219   334     0   272    80   158    22   8244  153





















RUN    TRT FLO MAT TOPWT HARWT  RAIN  TIRR   CET  PESW  TNUP  TNLF   TSON TSOC
           dap dap kg/ha kg/ha    mm    mm    mm    mm kg/ha kg/ha  kg/ha t/ha
  1 MZ   1  56  94 10693  6218   334     0   272    80   158    22   8244  153





















RUN    TRT FLO MAT TOPWT HARWT  RAIN  TIRR   CET  PESW  TNUP  TNLF   TSON TSOC
           dap dap kg/ha kg/ha    mm    mm    mm    mm kg/ha kg/ha  kg/ha t/ha
  1 MZ   1  56  94 11601  6241   334   210   340   154   156   151   8234  153
 EFFECTIVE EARLY STOPPING

********************************
2026/10/08 09:41:31.018089
********************************
Client started
Client closed





















RUN    TRT FLO MAT TOPWT HARWT  RAIN  TIRR   CET  PESW  TNUP  TNLF   TSON TSOC
           dap dap kg/ha kg/ha    mm    mm    mm    mm kg/ha kg/ha  kg/ha t/ha
  1 MZ   1  58  95 10725  5063   268     0   302    10   134    54   8237  153





















RUN    TRT FLO MAT TOPWT HARWT  RAIN  TIRR   CET  PESW  TNUP  TNLF   TSON TSOC
           dap dap kg/ha kg/ha    mm    mm    mm    mm kg/ha kg/ha  kg/ha t/ha
  1 MZ   1  58  95 10725  5063   268     0   302    10   134    54   8237  153





















RUN    TRT FLO MAT TOPWT HARWT  RAIN  TIRR   CET  PESW  TNUP  TNLF   TSON TSOC
           dap dap kg/ha kg/ha    mm    mm    mm    mm kg/ha kg/ha  kg/ha t/ha
  1 MZ   1  58  95 10398  5002   268   210   361   106   131   186   8231  153
 EFFECTIVE EARLY STOPPING

********************************
2026/10/08 09:41:45.463028
********************************
Client started
Client closed





















RUN    TRT FLO MAT TOPWT HARWT  RAIN  TIRR   CET  PESW  TNUP  TNLF   TSON TSOC
           dap dap kg/ha kg/ha    mm    mm    mm    mm kg/ha kg/ha  kg/ha t/ha
  1 MZ   1  58  96 11895  6090   472     0   312   133   147    40   8238  153





















RUN    TRT FLO MAT TOPWT HARWT  RAIN  TIRR   CET  PESW  TNUP  TNLF   TSON TSOC
           dap dap kg/ha kg/ha    mm    mm    mm    mm kg/ha kg/ha  kg/ha t/ha
  1 MZ   1  58  96 11894  6090   472     0   312   132   147    40   8238  153





















RUN    TRT FLO MAT TOPWT HARWT  RAIN  TIRR   CET  PESW  TNUP  TNLF   TSON TSOC
           dap dap kg/ha kg/ha    mm    mm    mm    mm kg/ha kg/ha  kg/ha t/ha
  1 MZ   1  58  96 11744  6074   472   210   358   225   145   164   8233  153
 EFFECTIVE EARLY STOPPING

********************************
2026/10/08 09:42:21.048889
********************************
Client started
Client closed





















RUN    TRT FLO MAT TOPWT HARWT  RAIN  TIRR   CET  PESW  TNUP  TNLF   TSON TSOC
           dap dap kg/ha kg/ha    mm    mm    mm    mm kg/ha kg/ha  kg/ha t/ha
  1 MZ   1  57 100 12707  7141   245     0   290     4   166     8   8239  153





















RUN    TRT FLO MAT TOPWT HARWT  RAIN  TIRR   CET  PESW  TNUP  TNLF   TSON TSOC
           dap dap kg/ha kg/ha    mm    mm    mm    mm kg/ha kg/ha  kg/ha t/ha
  1 MZ   1  57 100 12707  7141   245     0   290     4   166     8   8239  153





















RUN    TRT FLO MAT TOPWT HARWT  RAIN  TIRR   CET  PESW  TNUP  TNLF   TSON TSOC
           dap dap kg/ha kg/ha    mm    mm    mm    mm kg/ha kg/ha  kg/ha t/ha
  1 MZ   1  57 100 12519  7243   245   225   361    91   166   154   8229  153
 EFFECTIVE EARLY STOPPING

********************************
2026/10/08 09:42:39.025214
********************************
Client started
Client closed





















RUN    TRT FLO MAT TOPWT HARWT  RAIN  TIRR   CET  PESW  TNUP  TNLF   TSON TSOC
           dap dap kg/ha kg/ha    mm    mm    mm    mm kg/ha kg/ha  kg/ha t/ha
  1 MZ   1  58 101 11953  7251   411     0   298    74   170    11   8229  153





















RUN    TRT FLO MAT TOPWT HARWT  RAIN  TIRR   CET  PESW  TNUP  TNLF   TSON TSOC
           dap dap kg/ha kg/ha    mm    mm    mm    mm kg/ha kg/ha  kg/ha t/ha
  1 MZ   1  58 101 11953  7251   411     0   298    74   170    11   8229  153





















RUN    TRT FLO MAT TOPWT HARWT  RAIN  TIRR   CET  PESW  TNUP  TNLF   TSON TSOC
           dap dap kg/ha kg/ha    mm    mm    mm    mm kg/ha kg/ha  kg/ha t/ha
  1 MZ   1  58 101 11213  7061   411   225   342   135   166    86   8229  153
 EFFECTIVE EARLY STOPPING

********************************
2026/10/08 09:43:23.086533
********************************
Client started
Client closed





















RUN    TRT FLO MAT TOPWT HARWT  RAIN  TIRR   CET  PESW  TNUP  TNLF   TSON TSOC
           dap dap kg/ha kg/ha    mm    mm    mm    mm kg/ha kg/ha  kg/ha t/ha
  1 MZ   1  57 102 12224  6749   526     0   284   115   161    10   8230  153





















RUN    TRT FLO MAT TOPWT HARWT  RAIN  TIRR   CET  PESW  TNUP  TNLF   TSON TSOC
           dap dap kg/ha kg/ha    mm    mm    mm    mm kg/ha kg/ha  kg/ha t/ha
  1 MZ   1  57 102 12225  6749   526     0   284   115   161    10   8230  153





















RUN    TRT FLO MAT TOPWT HARWT  RAIN  TIRR   CET  PESW  TNUP  TNLF   TSON TSOC
           dap dap kg/ha kg/ha    mm    mm    mm    mm kg/ha kg/ha  kg/ha t/ha
  1 MZ   1  57 102 11315  6685   526   225   322   151   157    60   8230  153
 EFFECTIVE EARLY STOPPING

********************************
2026/10/08 09:43:31.951385
********************************
Client started
Client closed





















RUN    TRT FLO MAT TOPWT HARWT  RAIN  TIRR   CET  PESW  TNUP  TNLF   TSON TSOC
           dap dap kg/ha kg/ha    mm    mm    mm    mm kg/ha kg/ha  kg/ha t/ha
  1 MZ   1  57 100 12707  7141   245     0   290     4   166     8   8239  153





















RUN    TRT FLO MAT TOPWT HARWT  RAIN  TIRR   CET  PESW  TNUP  TNLF   TSON TSOC
           dap dap kg/ha kg/ha    mm    mm    mm    mm kg/ha kg/ha  kg/ha t/ha
  1 MZ   1  57 100 12707  7141   245     0   290     4   166     8   8239  153





















RUN    TRT FLO MAT TOPWT HARWT  RAIN  TIRR   CET  PESW  TNUP  TNLF   TSON TSOC
           dap dap kg/ha kg/ha    mm    mm    mm    mm kg/ha kg/ha  kg/ha t/ha
  1 MZ   1  57 100 12205  7081   245   225   347    69   162   139   8231  153
 EFFECTIVE EARLY STOPPING

********************************
2026/10/08 09:44:17.177530
********************************
Client started
Client closed





















RUN    TRT FLO MAT TOPWT HARWT  RAIN  TIRR   CET  PESW  TNUP  TNLF   TSON TSOC
           dap dap kg/ha kg/ha    mm    mm    mm    mm kg/ha kg/ha  kg/ha t/ha
  1 MZ   1  58 109 13825  8187   357     0   314    80   187    10   8230  153





















RUN    TRT FLO MAT TOPWT HARWT  RAIN  TIRR   CET  PESW  TNUP  TNLF   TSON TSOC
           dap dap kg/ha kg/ha    mm    mm    mm    mm kg/ha kg/ha  kg/ha t/ha
  1 MZ   1  58 109 13825  8187   357     0   314    80   187    10   8230  153





















RUN    TRT FLO MAT TOPWT HARWT  RAIN  TIRR   CET  PESW  TNUP  TNLF   TSON TSOC
           dap dap kg/ha kg/ha    mm    mm    mm    mm kg/ha kg/ha  kg/ha t/ha
  1 MZ   1  58 109 13889  8419   357   240   360   152   191    85   8224  153
 EFFECTIVE EARLY STOPPING

********************************
2026/10/08 09:44:40.939295
********************************
Client started
Client closed





















RUN    TRT FLO MAT TOPWT HARWT  RAIN  TIRR   CET  PESW  TNUP  TNLF   TSON TSOC
           dap dap kg/ha kg/ha    mm    mm    mm    mm kg/ha kg/ha  kg/ha t/ha
  1 MZ   1  58 100 12338  6950   519     0   293   135   166    28   8230  153





















RUN    TRT FLO MAT TOPWT HARWT  RAIN  TIRR   CET  PESW  TNUP  TNLF   TSON TSOC
           dap dap kg/ha kg/ha    mm    mm    mm    mm kg/ha kg/ha  kg/ha t/ha
  1 MZ   1  58 100 12339  6950   519     0   293   135   166    27   8230  153





















RUN    TRT FLO MAT TOPWT HARWT  RAIN  TIRR   CET  PESW  TNUP  TNLF   TSON TSOC
           dap dap kg/ha kg/ha    mm    mm    mm    mm kg/ha kg/ha  kg/ha t/ha
  1 MZ   1  58 100 11797  6699   519   240   313   229   160   117   8229  153
 EFFECTIVE EARLY STOPPING

********************************
2026/10/08 09:44:55.777491
********************************
Client started
Client closed





















RUN    TRT FLO MAT TOPWT HARWT  RAIN  TIRR   CET  PESW  TNUP  TNLF   TSON TSOC
           dap dap kg/ha kg/ha    mm    mm    mm    mm kg/ha kg/ha  kg/ha t/ha
  1 MZ   1  56  94 11171  6748   590     0   295   144   156     7   8234  153





















RUN    TRT FLO MAT TOPWT HARWT  RAIN  TIRR   CET  PESW  TNUP  TNLF   TSON TSOC
           dap dap kg/ha kg/ha    mm    mm    mm    mm kg/ha kg/ha  kg/ha t/ha
  1 MZ   1  56  94 11172  6748   590     0   295   144   156     7   8234  153





















RUN    TRT FLO MAT TOPWT HARWT  RAIN  TIRR   CET  PESW  TNUP  TNLF   TSON TSOC
           dap dap kg/ha kg/ha    mm    mm    mm    mm kg/ha kg/ha  kg/ha t/ha
  1 MZ   1  56  94 10267  6739   590   210   327   175   155    46   8235  153
 EFFECTIVE EARLY STOPPING

********************************
2026/10/08 09:45:19.505604
********************************
Client started
Client closed





















RUN    TRT FLO MAT TOPWT HARWT  RAIN  TIRR   CET  PESW  TNUP  TNLF   TSON TSOC
           dap dap kg/ha kg/ha    mm    mm    mm    mm kg/ha kg/ha  kg/ha t/ha
  1 MZ   1  58  95 10725  5063   268     0   302    10   134    54   8237  153





















RUN    TRT FLO MAT TOPWT HARWT  RAIN  TIRR   CET  PESW  TNUP  TNLF   TSON TSOC
           dap dap kg/ha kg/ha    mm    mm    mm    mm kg/ha kg/ha  kg/ha t/ha
  1 MZ   1  58  95 10725  5063   268     0   302    10   134    54   8237  153





















RUN    TRT FLO MAT TOPWT HARWT  RAIN  TIRR   CET  PESW  TNUP  TNLF   TSON TSOC
           dap dap kg/ha kg/ha    mm    mm    mm    mm kg/ha kg/ha  kg/ha t/ha
  1 MZ   1  58  95 10519  5036   268   210   348   106   132   187   8231  153
 EFFECTIVE EARLY STOPPING

********************************
2026/10/08 09:45:49.310894
********************************
Client started
Client closed





















RUN    TRT FLO MAT TOPWT HARWT  RAIN  TIRR   CET  PESW  TNUP  TNLF   TSON TSOC
           dap dap kg/ha kg/ha    mm    mm    mm    mm kg/ha kg/ha  kg/ha t/ha
  1 MZ   1  55  96 10352  6399   886     0   295   184   138     7   8233  153





















RUN    TRT FLO MAT TOPWT HARWT  RAIN  TIRR   CET  PESW  TNUP  TNLF   TSON TSOC
           dap dap kg/ha kg/ha    mm    mm    mm    mm kg/ha kg/ha  kg/ha t/ha
  1 MZ   1  55  96 10349  6396   886     0   295   185   138     7   8233  153





















RUN    TRT FLO MAT TOPWT HARWT  RAIN  TIRR   CET  PESW  TNUP  TNLF   TSON TSOC
           dap dap kg/ha kg/ha    mm    mm    mm    mm kg/ha kg/ha  kg/ha t/ha
  1 MZ   1  55  96  9575  6369   886   210   325   217   146    48   8234  153
 EFFECTIVE EARLY STOPPING

********************************
2026/10/08 09:46:33.644000
********************************
Client started
Client closed





















RUN    TRT FLO MAT TOPWT HARWT  RAIN  TIRR   CET  PESW  TNUP  TNLF   TSON TSOC
           dap dap kg/ha kg/ha    mm    mm    mm    mm kg/ha kg/ha  kg/ha t/ha
  1 MZ   1  58  97 11625  5645   282     0   292    23   145    39   8242  153





















RUN    TRT FLO MAT TOPWT HARWT  RAIN  TIRR   CET  PESW  TNUP  TNLF   TSON TSOC
           dap dap kg/ha kg/ha    mm    mm    mm    mm kg/ha kg/ha  kg/ha t/ha
  1 MZ   1  58  97 11624  5645   282     0   292    23   145    39   8242  153





















RUN    TRT FLO MAT TOPWT HARWT  RAIN  TIRR   CET  PESW  TNUP  TNLF   TSON TSOC
           dap dap kg/ha kg/ha    mm    mm    mm    mm kg/ha kg/ha  kg/ha t/ha
  1 MZ   1  58  97 13512  7559   282   210   358   104   176   166   8231  153
 EFFECTIVE EARLY STOPPING

********************************
2026/10/08 09:46:42.247503
********************************
Client started
Client closed





















RUN    TRT FLO MAT TOPWT HARWT  RAIN  TIRR   CET  PESW  TNUP  TNLF   TSON TSOC
           dap dap kg/ha kg/ha    mm    mm    mm    mm kg/ha kg/ha  kg/ha t/ha
  1 MZ   1  54  92 11326  6386   610     0   325   183   152    32   8237  153





















RUN    TRT FLO MAT TOPWT HARWT  RAIN  TIRR   CET  PESW  TNUP  TNLF   TSON TSOC
           dap dap kg/ha kg/ha    mm    mm    mm    mm kg/ha kg/ha  kg/ha t/ha
  1 MZ   1  54  92 11326  6386   610     0   325   183   152    31   8237  153





















RUN    TRT FLO MAT TOPWT HARWT  RAIN  TIRR   CET  PESW  TNUP  TNLF   TSON TSOC
           dap dap kg/ha kg/ha    mm    mm    mm    mm kg/ha kg/ha  kg/ha t/ha
  1 MZ   1  54  92 11274  6360   610   210   356   216   152   105   8234  153
 EFFECTIVE EARLY STOPPING

********************************
2026/10/08 09:47:12.120182
********************************
Client started
Client closed





















RUN    TRT FLO MAT TOPWT HARWT  RAIN  TIRR   CET  PESW  TNUP  TNLF   TSON TSOC
           dap dap kg/ha kg/ha    mm    mm    mm    mm kg/ha kg/ha  kg/ha t/ha
  1 MZ   1  59 102 11284  6408   784     0   300   169   135     6   8230  153





















RUN    TRT FLO MAT TOPWT HARWT  RAIN  TIRR   CET  PESW  TNUP  TNLF   TSON TSOC
           dap dap kg/ha kg/ha    mm    mm    mm    mm kg/ha kg/ha  kg/ha t/ha
  1 MZ   1  59 102 11281  6405   784     0   300   169   134     6   8230  153





















RUN    TRT FLO MAT TOPWT HARWT  RAIN  TIRR   CET  PESW  TNUP  TNLF   TSON TSOC
           dap dap kg/ha kg/ha    mm    mm    mm    mm kg/ha kg/ha  kg/ha t/ha
  1 MZ   1  59 102  9679  5710   784   225   341   213   130    69   8230  153
 EFFECTIVE EARLY STOPPING

********************************
2026/10/08 09:47:50.729649
********************************
Client started
Client closed





















RUN    TRT FLO MAT TOPWT HARWT  RAIN  TIRR   CET  PESW  TNUP  TNLF   TSON TSOC
           dap dap kg/ha kg/ha    mm    mm    mm    mm kg/ha kg/ha  kg/ha t/ha
  1 MZ   1  58 100 10648  6051   832     0   305   174   134     7   8232  153





















RUN    TRT FLO MAT TOPWT HARWT  RAIN  TIRR   CET  PESW  TNUP  TNLF   TSON TSOC
           dap dap kg/ha kg/ha    mm    mm    mm    mm kg/ha kg/ha  kg/ha t/ha
  1 MZ   1  58 100 10645  6048   832     0   305   174   134     7   8232  153





















RUN    TRT FLO MAT TOPWT HARWT  RAIN  TIRR   CET  PESW  TNUP  TNLF   TSON TSOC
           dap dap kg/ha kg/ha    mm    mm    mm    mm kg/ha kg/ha  kg/ha t/ha
  1 MZ   1  58 100 10465  6238   832   225   336   214   147    32   8233  153
 EFFECTIVE EARLY STOPPING

********************************
2026/10/08 09:48:02.430805
********************************
Client started
Client closed





















RUN    TRT FLO MAT TOPWT HARWT  RAIN  TIRR   CET  PESW  TNUP  TNLF   TSON TSOC
           dap dap kg/ha kg/ha    mm    mm    mm    mm kg/ha kg/ha  kg/ha t/ha
  1 MZ   1  61 103 13014  7482   831     0   356   102   156     6   8229  153





















RUN    TRT FLO MAT TOPWT HARWT  RAIN  TIRR   CET  PESW  TNUP  TNLF   TSON TSOC
           dap dap kg/ha kg/ha    mm    mm    mm    mm kg/ha kg/ha  kg/ha t/ha
  1 MZ   1  61 103 13011  7479   831     0   356   102   156     6   8229  153





















RUN    TRT FLO MAT TOPWT HARWT  RAIN  TIRR   CET  PESW  TNUP  TNLF   TSON TSOC
           dap dap kg/ha kg/ha    mm    mm    mm    mm kg/ha kg/ha  kg/ha t/ha
  1 MZ   1  61 103 12221  7543   831   225   384   152   173    27   8230  153
 EFFECTIVE EARLY STOPPING

********************************
2026/10/08 09:48:23.163299
********************************
Client started
Client closed





















RUN    TRT FLO MAT TOPWT HARWT  RAIN  TIRR   CET  PESW  TNUP  TNLF   TSON TSOC
           dap dap kg/ha kg/ha    mm    mm    mm    mm kg/ha kg/ha  kg/ha t/ha
  1 MZ   1  59 106 14455  8305   692     0   328   188   183     8   8225  153





















RUN    TRT FLO MAT TOPWT HARWT  RAIN  TIRR   CET  PESW  TNUP  TNLF   TSON TSOC
           dap dap kg/ha kg/ha    mm    mm    mm    mm kg/ha kg/ha  kg/ha t/ha
  1 MZ   1  59 106 14452  8302   692     0   328   188   182     8   8225  153





















RUN    TRT FLO MAT TOPWT HARWT  RAIN  TIRR   CET  PESW  TNUP  TNLF   TSON TSOC
           dap dap kg/ha kg/ha    mm    mm    mm    mm kg/ha kg/ha  kg/ha t/ha
  1 MZ   1  59 106 14402  8344   692   210   355   225   195    42   8226  153
 EFFECTIVE EARLY STOPPING

********************************
2026/10/08 09:49:12.336002
********************************
Client started
Client closed





















RUN    TRT FLO MAT TOPWT HARWT  RAIN  TIRR   CET  PESW  TNUP  TNLF   TSON TSOC
           dap dap kg/ha kg/ha    mm    mm    mm    mm kg/ha kg/ha  kg/ha t/ha
  1 MZ   1  55 100 12124  7189   557     0   310   168   156    26   8230  153





















RUN    TRT FLO MAT TOPWT HARWT  RAIN  TIRR   CET  PESW  TNUP  TNLF   TSON TSOC
           dap dap kg/ha kg/ha    mm    mm    mm    mm kg/ha kg/ha  kg/ha t/ha
  1 MZ   1  55 100 12124  7189   557     0   310   168   156    25   8230  153





















RUN    TRT FLO MAT TOPWT HARWT  RAIN  TIRR   CET  PESW  TNUP  TNLF   TSON TSOC
           dap dap kg/ha kg/ha    mm    mm    mm    mm kg/ha kg/ha  kg/ha t/ha
  1 MZ   1  55 100 11700  7048   557   210   340   183   153    61   8231  153
 EFFECTIVE EARLY STOPPING

********************************
2026/10/08 09:49:21.166944
********************************
Client started
Client closed





















RUN    TRT FLO MAT TOPWT HARWT  RAIN  TIRR   CET  PESW  TNUP  TNLF   TSON TSOC
           dap dap kg/ha kg/ha    mm    mm    mm    mm kg/ha kg/ha  kg/ha t/ha
  1 MZ   1  57  96 12335  6388   688     0   294   224   169    14   8232  153





















RUN    TRT FLO MAT TOPWT HARWT  RAIN  TIRR   CET  PESW  TNUP  TNLF   TSON TSOC
           dap dap kg/ha kg/ha    mm    mm    mm    mm kg/ha kg/ha  kg/ha t/ha
  1 MZ   1  57  96 12335  6388   688     0   294   224   169    13   8232  153





















RUN    TRT FLO MAT TOPWT HARWT  RAIN  TIRR   CET  PESW  TNUP  TNLF   TSON TSOC
           dap dap kg/ha kg/ha    mm    mm    mm    mm kg/ha kg/ha  kg/ha t/ha
  1 MZ   1  57  96 12091  6315   688   195   336   252   166    91   8231  153
 EFFECTIVE EARLY STOPPING

********************************
2026/10/08 09:49:57.971737
********************************
Client started
Client closed





















RUN    TRT FLO MAT TOPWT HARWT  RAIN  TIRR   CET  PESW  TNUP  TNLF   TSON TSOC
           dap dap kg/ha kg/ha    mm    mm    mm    mm kg/ha kg/ha  kg/ha t/ha
  1 MZ   1  58 105 11355  6820   882     0   346   158   137     8   8229  153





















RUN    TRT FLO MAT TOPWT HARWT  RAIN  TIRR   CET  PESW  TNUP  TNLF   TSON TSOC
           dap dap kg/ha kg/ha    mm    mm    mm    mm kg/ha kg/ha  kg/ha t/ha
  1 MZ   1  58 105 11363  6827   882     0   346   158   137     8   8229  153





















RUN    TRT FLO MAT TOPWT HARWT  RAIN  TIRR   CET  PESW  TNUP  TNLF   TSON TSOC
           dap dap kg/ha kg/ha    mm    mm    mm    mm kg/ha kg/ha  kg/ha t/ha
  1 MZ   1  58 105 10927  6800   882   150   360   175   150    51   8229  153
 EFFECTIVE EARLY STOPPING

********************************
2026/10/08 09:50:33.234741
********************************
Client started
Client closed





















RUN    TRT FLO MAT TOPWT HARWT  RAIN  TIRR   CET  PESW  TNUP  TNLF   TSON TSOC
           dap dap kg/ha kg/ha    mm    mm    mm    mm kg/ha kg/ha  kg/ha t/ha
  1 MZ   1  58 107 12381  6683   435     0   319   116   154    44   8224  153





















RUN    TRT FLO MAT TOPWT HARWT  RAIN  TIRR   CET  PESW  TNUP  TNLF   TSON TSOC
           dap dap kg/ha kg/ha    mm    mm    mm    mm kg/ha kg/ha  kg/ha t/ha
  1 MZ   1  58 107 12381  6683   435     0   319   116   154    43   8224  153





















RUN    TRT FLO MAT TOPWT HARWT  RAIN  TIRR   CET  PESW  TNUP  TNLF   TSON TSOC
           dap dap kg/ha kg/ha    mm    mm    mm    mm kg/ha kg/ha  kg/ha t/ha
  1 MZ   1  58 107 12170  6588   435   180   339   177   151   194   8224  153
 EFFECTIVE EARLY STOPPING

********************************
2026/10/08 09:50:45.105761
********************************
Client started
Client closed





















RUN    TRT FLO MAT TOPWT HARWT  RAIN  TIRR   CET  PESW  TNUP  TNLF   TSON TSOC
           dap dap kg/ha kg/ha    mm    mm    mm    mm kg/ha kg/ha  kg/ha t/ha
  1 MZ   1  57  99 12511  7279   479     0   306   140   166    15   8232  153





















RUN    TRT FLO MAT TOPWT HARWT  RAIN  TIRR   CET  PESW  TNUP  TNLF   TSON TSOC
           dap dap kg/ha kg/ha    mm    mm    mm    mm kg/ha kg/ha  kg/ha t/ha
  1 MZ   1  57  99 12511  7279   479     0   306   140   166    15   8232  153





















RUN    TRT FLO MAT TOPWT HARWT  RAIN  TIRR   CET  PESW  TNUP  TNLF   TSON TSOC
           dap dap kg/ha kg/ha    mm    mm    mm    mm kg/ha kg/ha  kg/ha t/ha
  1 MZ   1  57  99 12448  7403   479   150   341   152   168    93   8231  153
 EFFECTIVE EARLY STOPPING

********************************
2026/10/08 09:51:06.043955
********************************
Client started
Client closed





















RUN    TRT FLO MAT TOPWT HARWT  RAIN  TIRR   CET  PESW  TNUP  TNLF   TSON TSOC
           dap dap kg/ha kg/ha    mm    mm    mm    mm kg/ha kg/ha  kg/ha t/ha
  1 MZ   1  58  96 11627  5855   399     0   306    74   154    37   8235  153





















RUN    TRT FLO MAT TOPWT HARWT  RAIN  TIRR   CET  PESW  TNUP  TNLF   TSON TSOC
           dap dap kg/ha kg/ha    mm    mm    mm    mm kg/ha kg/ha  kg/ha t/ha
  1 MZ   1  58  96 11627  5855   399     0   306    74   154    37   8235  153





















RUN    TRT FLO MAT TOPWT HARWT  RAIN  TIRR   CET  PESW  TNUP  TNLF   TSON TSOC
           dap dap kg/ha kg/ha    mm    mm    mm    mm kg/ha kg/ha  kg/ha t/ha
  1 MZ   1  58  96 11562  5841   399   120   324   135   153   174   8232  153
 EFFECTIVE EARLY STOPPING

********************************
2026/10/08 09:51:29.377929
********************************
Client started
Client closed





















RUN    TRT FLO MAT TOPWT HARWT  RAIN  TIRR   CET  PESW  TNUP  TNLF   TSON TSOC
           dap dap kg/ha kg/ha    mm    mm    mm    mm kg/ha kg/ha  kg/ha t/ha
  1 MZ   1  59  97 10766  6259   906     0   326   165   140     6   8234  153





















RUN    TRT FLO MAT TOPWT HARWT  RAIN  TIRR   CET  PESW  TNUP  TNLF   TSON TSOC
           dap dap kg/ha kg/ha    mm    mm    mm    mm kg/ha kg/ha  kg/ha t/ha
  1 MZ   1  59  97 10765  6259   906     0   326   165   140     6   8234  153





















RUN    TRT FLO MAT TOPWT HARWT  RAIN  TIRR   CET  PESW  TNUP  TNLF   TSON TSOC
           dap dap kg/ha kg/ha    mm    mm    mm    mm kg/ha kg/ha  kg/ha t/ha
  1 MZ   1  59  97 10133  6252   906   150   337   176   155    55   8235  153
 EFFECTIVE EARLY STOPPING

********************************
2026/10/08 09:52:20.674883
********************************
Client started
Client closed





















RUN    TRT FLO MAT TOPWT HARWT  RAIN  TIRR   CET  PESW  TNUP  TNLF   TSON TSOC
           dap dap kg/ha kg/ha    mm    mm    mm    mm kg/ha kg/ha  kg/ha t/ha
  1 MZ   1  58 105 14454  8690   691     0   360   151   176     7   8227  153





















RUN    TRT FLO MAT TOPWT HARWT  RAIN  TIRR   CET  PESW  TNUP  TNLF   TSON TSOC
           dap dap kg/ha kg/ha    mm    mm    mm    mm kg/ha kg/ha  kg/ha t/ha
  1 MZ   1  58 105 14445  8682   691     0   360   151   176     7   8227  153





















RUN    TRT FLO MAT TOPWT HARWT  RAIN  TIRR   CET  PESW  TNUP  TNLF   TSON TSOC
           dap dap kg/ha kg/ha    mm    mm    mm    mm kg/ha kg/ha  kg/ha t/ha
  1 MZ   1  58 105 13524  8675   691   225   386   202   196    69   8228  153
 EFFECTIVE EARLY STOPPING

********************************
2026/10/08 09:52:30.202871
********************************
Client started
Client closed





















RUN    TRT FLO MAT TOPWT HARWT  RAIN  TIRR   CET  PESW  TNUP  TNLF   TSON TSOC
           dap dap kg/ha kg/ha    mm    mm    mm    mm kg/ha kg/ha  kg/ha t/ha
  1 MZ   1  58 101 11953  7251   411     0   298    74   170    11   8229  153





















RUN    TRT FLO MAT TOPWT HARWT  RAIN  TIRR   CET  PESW  TNUP  TNLF   TSON TSOC
           dap dap kg/ha kg/ha    mm    mm    mm    mm kg/ha kg/ha  kg/ha t/ha
  1 MZ   1  58 101 11953  7251   411     0   298    74   170    11   8229  153





















RUN    TRT FLO MAT TOPWT HARWT  RAIN  TIRR   CET  PESW  TNUP  TNLF   TSON TSOC
           dap dap kg/ha kg/ha    mm    mm    mm    mm kg/ha kg/ha  kg/ha t/ha
  1 MZ   1  58 101 11519  7127   411   180   333   115   167    83   8228  153
 EFFECTIVE EARLY STOPPING

********************************
2026/10/08 09:52:57.534914
********************************
Client started
Client closed





















RUN    TRT FLO MAT TOPWT HARWT  RAIN  TIRR   CET  PESW  TNUP  TNLF   TSON TSOC
           dap dap kg/ha kg/ha    mm    mm    mm    mm kg/ha kg/ha  kg/ha t/ha
  1 MZ   1  57  98 13822  8212   393     0   300    98   183     6   8232  153





















RUN    TRT FLO MAT TOPWT HARWT  RAIN  TIRR   CET  PESW  TNUP  TNLF   TSON TSOC
           dap dap kg/ha kg/ha    mm    mm    mm    mm kg/ha kg/ha  kg/ha t/ha
  1 MZ   1  57  98 13819  8210   393     0   300    98   183     6   8232  153





















RUN    TRT FLO MAT TOPWT HARWT  RAIN  TIRR   CET  PESW  TNUP  TNLF   TSON TSOC
           dap dap kg/ha kg/ha    mm    mm    mm    mm kg/ha kg/ha  kg/ha t/ha
  1 MZ   1  57  98 13741  8319   393   195   334   164   189   127   8229  153
 EFFECTIVE EARLY STOPPING

********************************
2026/10/08 09:53:39.453517
********************************
Client started
Client closed





















RUN    TRT FLO MAT TOPWT HARWT  RAIN  TIRR   CET  PESW  TNUP  TNLF   TSON TSOC
           dap dap kg/ha kg/ha    mm    mm    mm    mm kg/ha kg/ha  kg/ha t/ha
  1 MZ   1  56  96 11606  6601   584     0   311   166   159    20   8231  153





















RUN    TRT FLO MAT TOPWT HARWT  RAIN  TIRR   CET  PESW  TNUP  TNLF   TSON TSOC
           dap dap kg/ha kg/ha    mm    mm    mm    mm kg/ha kg/ha  kg/ha t/ha
  1 MZ   1  56  96 11606  6601   584     0   311   166   159    20   8231  153





















RUN    TRT FLO MAT TOPWT HARWT  RAIN  TIRR   CET  PESW  TNUP  TNLF   TSON TSOC
           dap dap kg/ha kg/ha    mm    mm    mm    mm kg/ha kg/ha  kg/ha t/ha
  1 MZ   1  56  96 11085  6466   584   195   336   212   156    62   8232  153
 EFFECTIVE EARLY STOPPING

********************************
2026/10/08 09:54:00.882819
********************************
Client started
Client closed





















RUN    TRT FLO MAT TOPWT HARWT  RAIN  TIRR   CET  PESW  TNUP  TNLF   TSON TSOC
           dap dap kg/ha kg/ha    mm    mm    mm    mm kg/ha kg/ha  kg/ha t/ha
  1 MZ   1  57  99 11733  6593   736     0   316   137   158     8   8231  153





















RUN    TRT FLO MAT TOPWT HARWT  RAIN  TIRR   CET  PESW  TNUP  TNLF   TSON TSOC
           dap dap kg/ha kg/ha    mm    mm    mm    mm kg/ha kg/ha  kg/ha t/ha
  1 MZ   1  57  99 11734  6593   736     0   316   137   158     8   8231  153





















RUN    TRT FLO MAT TOPWT HARWT  RAIN  TIRR   CET  PESW  TNUP  TNLF   TSON TSOC
           dap dap kg/ha kg/ha    mm    mm    mm    mm kg/ha kg/ha  kg/ha t/ha
  1 MZ   1  57  99 11077  6376   736   150   339   158   156    64   8231  153
 EFFECTIVE EARLY STOPPING

********************************
2026/10/08 09:54:12.636421
********************************
Client started
Client closed





















RUN    TRT FLO MAT TOPWT HARWT  RAIN  TIRR   CET  PESW  TNUP  TNLF   TSON TSOC
           dap dap kg/ha kg/ha    mm    mm    mm    mm kg/ha kg/ha  kg/ha t/ha
  1 MZ   1  56  94 10694  6219   334     0   272    80   158    22   8244  153





















RUN    TRT FLO MAT TOPWT HARWT  RAIN  TIRR   CET  PESW  TNUP  TNLF   TSON TSOC
           dap dap kg/ha kg/ha    mm    mm    mm    mm kg/ha kg/ha  kg/ha t/ha
  1 MZ   1  56  94 10693  6218   334     0   272    80   158    22   8244  153





















RUN    TRT FLO MAT TOPWT HARWT  RAIN  TIRR   CET  PESW  TNUP  TNLF   TSON TSOC
           dap dap kg/ha kg/ha    mm    mm    mm    mm kg/ha kg/ha  kg/ha t/ha
  1 MZ   1  56  94 11643  6258   334   135   307   147   156   149   8236  153
 EFFECTIVE EARLY STOPPING

********************************
2026/10/08 09:54:57.622002
********************************
Client started
Client closed





















RUN    TRT FLO MAT TOPWT HARWT  RAIN  TIRR   CET  PESW  TNUP  TNLF   TSON TSOC
           dap dap kg/ha kg/ha    mm    mm    mm    mm kg/ha kg/ha  kg/ha t/ha
  1 MZ   1  56 100 12560  6755   193     0   287     6   159    26   8243  153





















RUN    TRT FLO MAT TOPWT HARWT  RAIN  TIRR   CET  PESW  TNUP  TNLF   TSON TSOC
           dap dap kg/ha kg/ha    mm    mm    mm    mm kg/ha kg/ha  kg/ha t/ha
  1 MZ   1  56 100 12560  6755   193     0   287     6   159    26   8243  153





















RUN    TRT FLO MAT TOPWT HARWT  RAIN  TIRR   CET  PESW  TNUP  TNLF   TSON TSOC
           dap dap kg/ha kg/ha    mm    mm    mm    mm kg/ha kg/ha  kg/ha t/ha
  1 MZ   1  56 100 13658  7870   193   180   353    86   177    69   8230  153
 EFFECTIVE EARLY STOPPING

********************************
2026/10/08 09:55:12.323102
********************************
Client started
Client closed





















RUN    TRT FLO MAT TOPWT HARWT  RAIN  TIRR   CET  PESW  TNUP  TNLF   TSON TSOC
           dap dap kg/ha kg/ha    mm    mm    mm    mm kg/ha kg/ha  kg/ha t/ha
  1 MZ   1  55 100 12124  7189   557     0   310   168   156    26   8230  153





















RUN    TRT FLO MAT TOPWT HARWT  RAIN  TIRR   CET  PESW  TNUP  TNLF   TSON TSOC
           dap dap kg/ha kg/ha    mm    mm    mm    mm kg/ha kg/ha  kg/ha t/ha
  1 MZ   1  55 100 12124  7189   557     0   310   168   156    25   8230  153





















RUN    TRT FLO MAT TOPWT HARWT  RAIN  TIRR   CET  PESW  TNUP  TNLF   TSON TSOC
           dap dap kg/ha kg/ha    mm    mm    mm    mm kg/ha kg/ha  kg/ha t/ha
  1 MZ   1  55 100 11989  7144   557   135   336   177   155    33   8230  153
 EFFECTIVE EARLY STOPPING

********************************
2026/10/08 09:55:39.257044
********************************
Client started
Client closed





















RUN    TRT FLO MAT TOPWT HARWT  RAIN  TIRR   CET  PESW  TNUP  TNLF   TSON TSOC
           dap dap kg/ha kg/ha    mm    mm    mm    mm kg/ha kg/ha  kg/ha t/ha
  1 MZ   1  57  98 13822  8212   393     0   300    98   183     6   8232  153





















RUN    TRT FLO MAT TOPWT HARWT  RAIN  TIRR   CET  PESW  TNUP  TNLF   TSON TSOC
           dap dap kg/ha kg/ha    mm    mm    mm    mm kg/ha kg/ha  kg/ha t/ha
  1 MZ   1  57  98 13819  8210   393     0   300    98   183     6   8232  153





















RUN    TRT FLO MAT TOPWT HARWT  RAIN  TIRR   CET  PESW  TNUP  TNLF   TSON TSOC
           dap dap kg/ha kg/ha    mm    mm    mm    mm kg/ha kg/ha  kg/ha t/ha
  1 MZ   1  57  98 13786  8209   393   105   319   145   187    45   8229  153
 EFFECTIVE EARLY STOPPING

********************************
2026/10/08 09:56:00.015616
********************************
Client started
Client closed





















RUN    TRT FLO MAT TOPWT HARWT  RAIN  TIRR   CET  PESW  TNUP  TNLF   TSON TSOC
           dap dap kg/ha kg/ha    mm    mm    mm    mm kg/ha kg/ha  kg/ha t/ha
  1 MZ   1  60 106 13495  7077   327     0   303    51   179    13   8235  153





















RUN    TRT FLO MAT TOPWT HARWT  RAIN  TIRR   CET  PESW  TNUP  TNLF   TSON TSOC
           dap dap kg/ha kg/ha    mm    mm    mm    mm kg/ha kg/ha  kg/ha t/ha
  1 MZ   1  60 106 13495  7077   327     0   303    51   179    12   8235  153





















RUN    TRT FLO MAT TOPWT HARWT  RAIN  TIRR   CET  PESW  TNUP  TNLF   TSON TSOC
           dap dap kg/ha kg/ha    mm    mm    mm    mm kg/ha kg/ha  kg/ha t/ha
  1 MZ   1  60 106 13567  7151   327    60   310    73   179    68   8231  153
 EFFECTIVE EARLY STOPPING

********************************
2026/10/08 09:56:50.678589
********************************
Client started
Client closed





















RUN    TRT FLO MAT TOPWT HARWT  RAIN  TIRR   CET  PESW  TNUP  TNLF   TSON TSOC
           dap dap kg/ha kg/ha    mm    mm    mm    mm kg/ha kg/ha  kg/ha t/ha
  1 MZ   1  59 102 12958  6738   291     0   281    60   161    26   8240  153





















RUN    TRT FLO MAT TOPWT HARWT  RAIN  TIRR   CET  PESW  TNUP  TNLF   TSON TSOC
           dap dap kg/ha kg/ha    mm    mm    mm    mm kg/ha kg/ha  kg/ha t/ha
  1 MZ   1  59 102 12958  6738   291     0   281    60   161    26   8240  153





















RUN    TRT FLO MAT TOPWT HARWT  RAIN  TIRR   CET  PESW  TNUP  TNLF   TSON TSOC
           dap dap kg/ha kg/ha    mm    mm    mm    mm kg/ha kg/ha  kg/ha t/ha
  1 MZ   1  59 102 13588  7368   291    60   291    89   172    80   8234  153
 EFFECTIVE EARLY STOPPING

********************************
2026/10/08 09:57:11.345750
********************************
Client started
Client closed





















RUN    TRT FLO MAT TOPWT HARWT  RAIN  TIRR   CET  PESW  TNUP  TNLF   TSON TSOC
           dap dap kg/ha kg/ha    mm    mm    mm    mm kg/ha kg/ha  kg/ha t/ha
  1 MZ   1  58  95 10725  5063   268     0   302    10   134    54   8237  153





















RUN    TRT FLO MAT TOPWT HARWT  RAIN  TIRR   CET  PESW  TNUP  TNLF   TSON TSOC
           dap dap kg/ha kg/ha    mm    mm    mm    mm kg/ha kg/ha  kg/ha t/ha
  1 MZ   1  58  95 10725  5063   268     0   302    10   134    54   8237  153





















RUN    TRT FLO MAT TOPWT HARWT  RAIN  TIRR   CET  PESW  TNUP  TNLF   TSON TSOC
           dap dap kg/ha kg/ha    mm    mm    mm    mm kg/ha kg/ha  kg/ha t/ha
  1 MZ   1  58  95 10746  5086   268    60   311    34   134   108   8234  153
 EFFECTIVE EARLY STOPPING

********************************
2026/10/08 09:57:41.095127
********************************
Client started
Client closed





















RUN    TRT FLO MAT TOPWT HARWT  RAIN  TIRR   CET  PESW  TNUP  TNLF   TSON TSOC
           dap dap kg/ha kg/ha    mm    mm    mm    mm kg/ha kg/ha  kg/ha t/ha
  1 MZ   1  61 103 13014  7482   831     0   356   102   156     6   8229  153





















RUN    TRT FLO MAT TOPWT HARWT  RAIN  TIRR   CET  PESW  TNUP  TNLF   TSON TSOC
           dap dap kg/ha kg/ha    mm    mm    mm    mm kg/ha kg/ha  kg/ha t/ha
  1 MZ   1  61 103 13011  7479   831     0   356   102   156     6   8229  153





















RUN    TRT FLO MAT TOPWT HARWT  RAIN  TIRR   CET  PESW  TNUP  TNLF   TSON TSOC
           dap dap kg/ha kg/ha    mm    mm    mm    mm kg/ha kg/ha  kg/ha t/ha
  1 MZ   1  61 103 13153  7795   831    60   361   109   175     6   8229  153
 EFFECTIVE EARLY STOPPING

********************************
2026/10/08 09:58:10.851144
********************************
Client started
Client closed





















RUN    TRT FLO MAT TOPWT HARWT  RAIN  TIRR   CET  PESW  TNUP  TNLF   TSON TSOC
           dap dap kg/ha kg/ha    mm    mm    mm    mm kg/ha kg/ha  kg/ha t/ha
  1 MZ   1  55  97 12284  7031   743     0   316   183   161     7   8232  153





















RUN    TRT FLO MAT TOPWT HARWT  RAIN  TIRR   CET  PESW  TNUP  TNLF   TSON TSOC
           dap dap kg/ha kg/ha    mm    mm    mm    mm kg/ha kg/ha  kg/ha t/ha
  1 MZ   1  55  97 12283  7029   743     0   316   183   161     7   8232  153





















RUN    TRT FLO MAT TOPWT HARWT  RAIN  TIRR   CET  PESW  TNUP  TNLF   TSON TSOC
           dap dap kg/ha kg/ha    mm    mm    mm    mm kg/ha kg/ha  kg/ha t/ha
  1 MZ   1  55  97 12149  6981   743    45   315   184   163    29   8232  153
 EFFECTIVE EARLY STOPPING

********************************
2026/10/08 09:58:22.822757
********************************
Client started
Client closed





















RUN    TRT FLO MAT TOPWT HARWT  RAIN  TIRR   CET  PESW  TNUP  TNLF   TSON TSOC
           dap dap kg/ha kg/ha    mm    mm    mm    mm kg/ha kg/ha  kg/ha t/ha
  1 MZ   1  59 107 12731  7798   614     0   344   102   159     7   8228  153





















RUN    TRT FLO MAT TOPWT HARWT  RAIN  TIRR   CET  PESW  TNUP  TNLF   TSON TSOC
           dap dap kg/ha kg/ha    mm    mm    mm    mm kg/ha kg/ha  kg/ha t/ha
  1 MZ   1  59 107 12727  7793   614     0   344   102   158     7   8228  153





















RUN    TRT FLO MAT TOPWT HARWT  RAIN  TIRR   CET  PESW  TNUP  TNLF   TSON TSOC
           dap dap kg/ha kg/ha    mm    mm    mm    mm kg/ha kg/ha  kg/ha t/ha
  1 MZ   1  59 107 12516  7833   614    75   346   111   177    13   8227  153
 EFFECTIVE EARLY STOPPING

********************************
2026/10/08 09:59:04.969125
********************************
Client started
Client closed





















RUN    TRT FLO MAT TOPWT HARWT  RAIN  TIRR   CET  PESW  TNUP  TNLF   TSON TSOC
           dap dap kg/ha kg/ha    mm    mm    mm    mm kg/ha kg/ha  kg/ha t/ha
  1 MZ   1  59 105 13871  8325   363     0   324    26   166     5   8235  153





















RUN    TRT FLO MAT TOPWT HARWT  RAIN  TIRR   CET  PESW  TNUP  TNLF   TSON TSOC
           dap dap kg/ha kg/ha    mm    mm    mm    mm kg/ha kg/ha  kg/ha t/ha
  1 MZ   1  59 105 13868  8322   363     0   324    26   166     5   8235  153





















RUN    TRT FLO MAT TOPWT HARWT  RAIN  TIRR   CET  PESW  TNUP  TNLF   TSON TSOC
           dap dap kg/ha kg/ha    mm    mm    mm    mm kg/ha kg/ha  kg/ha t/ha
  1 MZ   1  59 105 14288  8943   363    60   331    33   196    11   8234  153
 EFFECTIVE EARLY STOPPING

********************************
2026/10/08 09:59:17.239746
********************************
Client started
Client closed





















RUN    TRT FLO MAT TOPWT HARWT  RAIN  TIRR   CET  PESW  TNUP  TNLF   TSON TSOC
           dap dap kg/ha kg/ha    mm    mm    mm    mm kg/ha kg/ha  kg/ha t/ha
  1 MZ   1  57  98 11070  5839   785     0   317   190   144    27   8231  153





















RUN    TRT FLO MAT TOPWT HARWT  RAIN  TIRR   CET  PESW  TNUP  TNLF   TSON TSOC
           dap dap kg/ha kg/ha    mm    mm    mm    mm kg/ha kg/ha  kg/ha t/ha
  1 MZ   1  57  98 11070  5839   785     0   317   190   144    27   8231  153





















RUN    TRT FLO MAT TOPWT HARWT  RAIN  TIRR   CET  PESW  TNUP  TNLF   TSON TSOC
           dap dap kg/ha kg/ha    mm    mm    mm    mm kg/ha kg/ha  kg/ha t/ha
  1 MZ   1  57  98 10723  5715   785    60   320   186   140    44   8230  153
 EFFECTIVE EARLY STOPPING

********************************
2026/10/08 09:59:50.960823
********************************
Client started
Client closed





















RUN    TRT FLO MAT TOPWT HARWT  RAIN  TIRR   CET  PESW  TNUP  TNLF   TSON TSOC
           dap dap kg/ha kg/ha    mm    mm    mm    mm kg/ha kg/ha  kg/ha t/ha
  1 MZ   1  60  99 11008  5561  1023     0   317   181   144    26   8232  153





















RUN    TRT FLO MAT TOPWT HARWT  RAIN  TIRR   CET  PESW  TNUP  TNLF   TSON TSOC
           dap dap kg/ha kg/ha    mm    mm    mm    mm kg/ha kg/ha  kg/ha t/ha
  1 MZ   1  60  99 11009  5561  1023     0   317   181   144    25   8232  153





















RUN    TRT FLO MAT TOPWT HARWT  RAIN  TIRR   CET  PESW  TNUP  TNLF   TSON TSOC
           dap dap kg/ha kg/ha    mm    mm    mm    mm kg/ha kg/ha  kg/ha t/ha
  1 MZ   1  60  99 10941  5546  1023    45   318   181   144    34   8232  153
 EFFECTIVE EARLY STOPPING

********************************
2026/10/08 10:00:21.127794
********************************
Client started
Client closed





















RUN    TRT FLO MAT TOPWT HARWT  RAIN  TIRR   CET  PESW  TNUP  TNLF   TSON TSOC
           dap dap kg/ha kg/ha    mm    mm    mm    mm kg/ha kg/ha  kg/ha t/ha
  1 MZ   1  58 107 12381  6683   435     0   319   116   154    44   8224  153





















RUN    TRT FLO MAT TOPWT HARWT  RAIN  TIRR   CET  PESW  TNUP  TNLF   TSON TSOC
           dap dap kg/ha kg/ha    mm    mm    mm    mm kg/ha kg/ha  kg/ha t/ha
  1 MZ   1  58 107 12381  6683   435     0   319   116   154    43   8224  153





















RUN    TRT FLO MAT TOPWT HARWT  RAIN  TIRR   CET  PESW  TNUP  TNLF   TSON TSOC
           dap dap kg/ha kg/ha    mm    mm    mm    mm kg/ha kg/ha  kg/ha t/ha
  1 MZ   1  58 107 12364  6674   435    45   321   120   153    26   8224  153
 EFFECTIVE EARLY STOPPING

********************************
2026/10/08 10:00:42.133511
********************************
Client started
Client closed





















RUN    TRT FLO MAT TOPWT HARWT  RAIN  TIRR   CET  PESW  TNUP  TNLF   TSON TSOC
           dap dap kg/ha kg/ha    mm    mm    mm    mm kg/ha kg/ha  kg/ha t/ha
  1 MZ   1  59 106 14455  8305   692     0   328   188   183     8   8225  153





















RUN    TRT FLO MAT TOPWT HARWT  RAIN  TIRR   CET  PESW  TNUP  TNLF   TSON TSOC
           dap dap kg/ha kg/ha    mm    mm    mm    mm kg/ha kg/ha  kg/ha t/ha
  1 MZ   1  59 106 14452  8302   692     0   328   188   182     8   8225  153





















RUN    TRT FLO MAT TOPWT HARWT  RAIN  TIRR   CET  PESW  TNUP  TNLF   TSON TSOC
           dap dap kg/ha kg/ha    mm    mm    mm    mm kg/ha kg/ha  kg/ha t/ha
  1 MZ   1  59 106 14536  8388   692    45   331   185   196    26   8224  153
 EFFECTIVE EARLY STOPPING

********************************
2026/10/08 10:01:03.159037
********************************
Client started
Client closed





















RUN    TRT FLO MAT TOPWT HARWT  RAIN  TIRR   CET  PESW  TNUP  TNLF   TSON TSOC
           dap dap kg/ha kg/ha    mm    mm    mm    mm kg/ha kg/ha  kg/ha t/ha
  1 MZ   1  58 103 12360  7009   678     0   277   140   165     7   8229  153





















RUN    TRT FLO MAT TOPWT HARWT  RAIN  TIRR   CET  PESW  TNUP  TNLF   TSON TSOC
           dap dap kg/ha kg/ha    mm    mm    mm    mm kg/ha kg/ha  kg/ha t/ha
  1 MZ   1  58 103 12359  7008   678     0   277   140   164     7   8229  153





















RUN    TRT FLO MAT TOPWT HARWT  RAIN  TIRR   CET  PESW  TNUP  TNLF   TSON TSOC
           dap dap kg/ha kg/ha    mm    mm    mm    mm kg/ha kg/ha  kg/ha t/ha
  1 MZ   1  58 103 12335  7009   678    45   284   138   168    43   8227  153
 EFFECTIVE EARLY STOPPING

********************************
2026/10/08 10:01:23.984403
********************************
Client started
Client closed





















RUN    TRT FLO MAT TOPWT HARWT  RAIN  TIRR   CET  PESW  TNUP  TNLF   TSON TSOC
           dap dap kg/ha kg/ha    mm    mm    mm    mm kg/ha kg/ha  kg/ha t/ha
  1 MZ   1  58  95 10725  5063   268     0   302    10   134    54   8237  153





















RUN    TRT FLO MAT TOPWT HARWT  RAIN  TIRR   CET  PESW  TNUP  TNLF   TSON TSOC
           dap dap kg/ha kg/ha    mm    mm    mm    mm kg/ha kg/ha  kg/ha t/ha
  1 MZ   1  58  95 10725  5063   268     0   302    10   134    54   8237  153





















RUN    TRT FLO MAT TOPWT HARWT  RAIN  TIRR   CET  PESW  TNUP  TNLF   TSON TSOC
           dap dap kg/ha kg/ha    mm    mm    mm    mm kg/ha kg/ha  kg/ha t/ha
  1 MZ   1  58  95 10746  5086   268    45   306    24   134   107   8235  153
 EFFECTIVE EARLY STOPPING

********************************
2026/10/08 10:01:54.201434
********************************
Client started
Client closed





















RUN    TRT FLO MAT TOPWT HARWT  RAIN  TIRR   CET  PESW  TNUP  TNLF   TSON TSOC
           dap dap kg/ha kg/ha    mm    mm    mm    mm kg/ha kg/ha  kg/ha t/ha
  1 MZ   1  57  96 12335  6388   688     0   294   224   169    14   8232  153





















RUN    TRT FLO MAT TOPWT HARWT  RAIN  TIRR   CET  PESW  TNUP  TNLF   TSON TSOC
           dap dap kg/ha kg/ha    mm    mm    mm    mm kg/ha kg/ha  kg/ha t/ha
  1 MZ   1  57  96 12335  6388   688     0   294   224   169    13   8232  153





















RUN    TRT FLO MAT TOPWT HARWT  RAIN  TIRR   CET  PESW  TNUP  TNLF   TSON TSOC
           dap dap kg/ha kg/ha    mm    mm    mm    mm kg/ha kg/ha  kg/ha t/ha
  1 MZ   1  57  96 12275  6365   688    45   299   225   168    58   8231  153
 EFFECTIVE EARLY STOPPING

********************************
2026/10/08 10:02:24.908870
********************************
Client started
Client closed





















RUN    TRT FLO MAT TOPWT HARWT  RAIN  TIRR   CET  PESW  TNUP  TNLF   TSON TSOC
           dap dap kg/ha kg/ha    mm    mm    mm    mm kg/ha kg/ha  kg/ha t/ha
  1 MZ   1  59 102 11284  6408   784     0   300   169   135     6   8230  153





















RUN    TRT FLO MAT TOPWT HARWT  RAIN  TIRR   CET  PESW  TNUP  TNLF   TSON TSOC
           dap dap kg/ha kg/ha    mm    mm    mm    mm kg/ha kg/ha  kg/ha t/ha
  1 MZ   1  59 102 11281  6405   784     0   300   169   134     6   8230  153





















RUN    TRT FLO MAT TOPWT HARWT  RAIN  TIRR   CET  PESW  TNUP  TNLF   TSON TSOC
           dap dap kg/ha kg/ha    mm    mm    mm    mm kg/ha kg/ha  kg/ha t/ha
  1 MZ   1  59 102 11249  6493   784    45   304   169   149    21   8230  153
 EFFECTIVE EARLY STOPPING

********************************
2026/10/08 10:02:45.812396
********************************
Client started
Client closed





















RUN    TRT FLO MAT TOPWT HARWT  RAIN  TIRR   CET  PESW  TNUP  TNLF   TSON TSOC
           dap dap kg/ha kg/ha    mm    mm    mm    mm kg/ha kg/ha  kg/ha t/ha
  1 MZ   1  55  97 12284  7031   743     0   316   183   161     7   8232  153





















RUN    TRT FLO MAT TOPWT HARWT  RAIN  TIRR   CET  PESW  TNUP  TNLF   TSON TSOC
           dap dap kg/ha kg/ha    mm    mm    mm    mm kg/ha kg/ha  kg/ha t/ha
  1 MZ   1  55  97 12283  7029   743     0   316   183   161     7   8232  153





















RUN    TRT FLO MAT TOPWT HARWT  RAIN  TIRR   CET  PESW  TNUP  TNLF   TSON TSOC
           dap dap kg/ha kg/ha    mm    mm    mm    mm kg/ha kg/ha  kg/ha t/ha
  1 MZ   1  55  97 12149  6981   743    45   315   184   163    29   8232  153
 EFFECTIVE EARLY STOPPING

********************************
2026/10/08 10:03:18.613201
********************************
