*SOIL WATER DAILY OUTPUT FILE

*DSSAT Cropping System Model Ver. 4.8.0.024 -stable  SEP 25, 2026 04:13:08

*RUN   1        : Sim2008                   MZCER048 fileX.MZ    1
 MODEL          : MZCER048 - Maize
 EXPERIMENT     : fileX.MZ    CNYC
 DATA PATH      :
 TREATMENT  1   : Sim2008                   MZCER048
  
!                                                                                                 Soil water content (mm3/mm3) by soil depth (cm):
!                                                                                                 0-5    5-15   15-30   30-45   45-60   60-90
@YEAR DOY   DAS  SWTD  SWXD   ROFC   DRNC   PREC  IR#C  IRRC  DTWT    MWTD  TDFD  TDFC   ROFD    SW1D    SW2D    SW3D    SW4D    SW5D    SW6D    
 2008 152     0   270   183      0      0      0     0     0     0    0.00   0.0   0.0   0.00   0.300   0.300   0.300   0.300   0.300   0.300
 2008 153     1   265   178      0      0      0     0     0    45    0.00   0.0   0.0   0.00   0.197   0.293   0.303   0.301   0.299   0.300
 2008 154     2   262   175      0      0      0     0     0    90    0.00   0.0   0.0   0.00   0.186   0.271   0.301   0.302   0.299   0.301
 2008 155     3   284   197      4      0     27     0     0    90    0.00   0.0   0.0   3.82   0.431   0.366   0.301   0.303   0.299   0.301
 2008 156     4   281   194      4      0     29     0     0    90    0.00   0.0   0.0   0.00   0.359   0.353   0.311   0.304   0.299   0.301
 2008 157     5   277   190      4      0     29     0     0    90    0.00   0.0   0.0   0.00   0.276   0.336   0.319   0.307   0.299   0.302
 2008 158     6   292   205      5      0     46     0     0    90    0.00   0.0   0.0   1.65   0.443   0.384   0.327   0.310   0.300   0.302
 2008 159     7   285   198      5      0     46     0     0    90    0.00   0.0   0.0   0.00   0.307   0.369   0.333   0.314   0.301   0.302
 2008 160     8   283   196      5      0     46     0     0    90    0.00   0.0   0.0   0.00   0.282   0.345   0.336   0.318   0.302   0.303
 2008 161     9   281   194      5      0     46     0     0    90    0.00   0.0   0.0   0.00   0.302   0.314   0.335   0.321   0.303   0.303
 2008 162    10   280   193      5      0     46     0     0    90    0.00   0.0   0.0   0.00   0.295   0.307   0.331   0.322   0.305   0.304
 2008 163    11   395   308      5      0     46     1   120    90    0.00   0.0   0.0   0.00   0.361   0.450   0.481   0.532   0.533   0.335
 2008 164    12   392   305      5      0     46     1   120    90    0.00   0.0   0.0   0.00   0.298   0.444   0.475   0.524   0.509   0.356
 2008 165    13   390   303      5      0     46     1   120    90    0.00   0.0   0.0   0.00   0.290   0.422   0.469   0.516   0.490   0.374
 2008 166    14   411   324     16      0     81     1   120    90    0.00   0.0   0.0  10.34   0.380   0.451   0.484   0.531   0.524   0.386
 2008 167    15   407   320     16      0     82     1   120    90    0.00   0.0   0.0   0.00   0.301   0.446   0.481   0.529   0.521   0.392
 2008 168    16   409   322     16      0     85     1   120    90    0.00   0.0   0.0   0.00   0.365   0.426   0.479   0.527   0.519   0.397
 2008 169    17   404   317     16      3     85     1   120    90    0.00   0.0   0.0   0.00   0.319   0.422   0.473   0.520   0.511   0.400
 2008 170    18   398   311     16      6     85     1   120    90    0.00   0.0   0.0   0.00   0.291   0.412   0.467   0.512   0.504   0.400
 2008 171    19   394   307     16     10     85     1   120    90    0.00   0.0   0.0   0.00   0.304   0.388   0.462   0.505   0.497   0.400
 2008 172    20   390   303     16     13     85     1   120    90    0.00   0.0   0.0   0.00   0.309   0.372   0.457   0.498   0.491   0.400
 2008 173    21   386   299     16     16     85     1   120    90    0.00   0.0   0.0   0.00   0.312   0.360   0.452   0.492   0.485   0.400
 2008 174    22   383   296     16     18     85     1   120    90    0.00   0.0   0.0   0.00   0.314   0.349   0.447   0.486   0.479   0.400
 2008 175    23   383   296     16     18     89     1   120    89    0.00   0.0   0.0   0.00   0.344   0.342   0.444   0.484   0.479   0.403
 2008 176    24   380   293     16     21     89     1   120    89    0.00   0.0   0.0   0.00   0.327   0.341   0.439   0.478   0.474   0.403
 2008 177    25   377   290     16     23     89     1   120    89    0.00   0.0   0.0   0.00   0.315   0.339   0.435   0.473   0.469   0.403
 2008 178    26   377   290     16     23     91     1   120    89    0.00   0.0   0.0   0.00   0.335   0.331   0.432   0.471   0.469   0.405
 2008 179    27   381   294     16     23    100     1   120    89    0.00   0.0   0.0   0.15   0.361   0.353   0.429   0.470   0.469   0.407
 2008 180    28   383   296     16     23    105     1   120    88    0.00   0.0   0.0   0.01   0.395   0.356   0.426   0.468   0.469   0.410
 2008 181    29   380   293     16     23    105     1   120    88    0.00   0.0   0.0   0.00   0.354   0.355   0.424   0.466   0.469   0.412
 2008 182    30   377   290     16     26    105     1   120    88    0.00   0.0   0.0   0.00   0.325   0.352   0.420   0.462   0.464   0.411
 2008 183    31   403   316     35     26    156     1   120    87    0.00   0.0   0.0  19.48   0.373   0.449   0.483   0.488   0.465   0.413
 2008 184    32   399   312     35     26    156     1   120    87    0.00   0.0   0.0   0.00   0.307   0.442   0.480   0.488   0.466   0.415
 2008 185    33   392   305     35     29    156     1   120    87    0.00   0.0   0.0   0.00   0.273   0.421   0.472   0.482   0.461   0.414
 2008 186    34   387   300     35     33    156     1   120    87    0.00   0.0   0.0   0.00   0.294   0.384   0.465   0.475   0.457   0.413
 2008 187    35   393   306     36     33    164     1   120    87    0.00   0.0   0.0   0.12   0.438   0.375   0.461   0.475   0.458   0.415
 2008 188    36   384   297     36     36    164     1   120    87    0.00   0.0   0.0   0.00   0.347   0.367   0.454   0.468   0.453   0.414
 2008 189    37   379   292     36     38    164     1   120    87    0.00   0.0   0.0   0.00   0.304   0.362   0.448   0.462   0.449   0.413
 2008 190    38   376   289     36     40    164     1   120    87    0.00   0.0   0.0   0.00   0.310   0.346   0.442   0.457   0.445   0.413
 2008 191    39   371   284     36     43    164     1   120    88    0.00   0.0   0.0   0.00   0.305   0.332   0.436   0.452   0.441   0.412
 2008 192    40   367   280     36     44    164     1   120    88    0.00   0.0   0.0   0.00   0.306   0.320   0.425   0.446   0.437   0.411
 2008 193    41   371   284     36     45    172     1   120    88    0.00   0.0   0.0   0.07   0.407   0.327   0.414   0.443   0.436   0.412
 2008 194    42   364   277     36     46    172     1   120    88    0.00   0.0   0.0   0.00   0.338   0.324   0.405   0.436   0.431   0.412
 2008 195    43   358   271     36     48    172     1   120    88    0.00   0.0   0.0   0.00   0.292   0.322   0.397   0.429   0.426   0.410
 2008 196    44   358   271     36     48    176     1   120    88    0.00   0.0   0.0   0.00   0.363   0.313   0.384   0.426   0.425   0.411
 2008 197    45   365   278     36     48    185     1   120    88    0.00   0.0   0.0   0.26   0.415   0.368   0.380   0.423   0.424   0.411
 2008 198    46   357   270     36     50    185     1   120    88    0.00   0.0   0.0   0.00   0.356   0.357   0.372   0.416   0.418   0.409
 2008 199    47   355   268     36     50    187     1   120    88    0.00   0.0   0.0   0.00   0.364   0.352   0.368   0.411   0.416   0.409
 2008 200    48   353   266     36     51    187     1   120    88    0.00   0.0   0.0   0.00   0.356   0.349   0.367   0.408   0.413   0.408
 2008 201    49   352   265     36     51    187     1   120    88    0.00   0.0   0.0   0.00   0.354   0.347   0.366   0.406   0.411   0.408
 2008 202    50   349   262     36     52    187     1   120    89    0.00   0.0   0.0   0.00   0.336   0.342   0.362   0.402   0.408   0.407
 2008 203    51   343   256     36     53    187     1   120    89    0.00   0.0   0.0   0.00   0.302   0.333   0.356   0.396   0.402   0.404
 2008 204    52   340   253     36     53    187     1   120    89    0.00   0.0   0.0   0.00   0.319   0.319   0.353   0.391   0.399   0.403
 2008 205    53   336   249     36     53    187     1   120    90    0.00   0.0   0.0   0.00   0.298   0.315   0.350   0.384   0.395   0.400
 2008 206    54   330   243     36     54    187     1   120    90    0.00   0.0   0.0   0.00   0.291   0.303   0.343   0.375   0.390   0.397
 2008 207    55   324   237     36     54    187     1   120    90    0.00   0.0   0.0   0.00   0.281   0.294   0.338   0.364   0.383   0.394
 2008 208    56   319   232     36     54    187     1   120    90    0.00   0.0   0.0   0.00   0.271   0.288   0.333   0.358   0.373   0.392
 2008 209    57   314   227     36     54    187     1   120    90    0.00   0.0   0.0   0.00   0.261   0.280   0.326   0.354   0.362   0.389
 2008 210    58   309   222     36     54    187     1   120    90    0.00   0.0   0.0   0.00   0.255   0.273   0.321   0.349   0.356   0.385
 2008 211    59   304   217     36     54    187     1   120    90    0.00   0.0   0.0   0.00   0.245   0.265   0.314   0.342   0.351   0.380
 2008 212    60   316   229     37     54    205     1   120    90    0.00   0.0   0.0   1.17   0.445   0.322   0.309   0.337   0.347   0.375
 2008 213    61   317   230     37     54    210     1   120    90    0.00   0.0   0.0   0.02   0.429   0.344   0.317   0.335   0.344   0.371
 2008 214    62   313   226     37     54    210     1   120    90    0.00   0.0   0.0   0.00   0.413   0.323   0.324   0.334   0.341   0.367
 2008 215    63   310   223     37     54    210     1   120    90    0.00   0.0   0.0   0.00   0.388   0.312   0.327   0.333   0.339   0.363
 2008 216    64   306   219     37     54    210     1   120    90    0.00   0.0   0.0   0.00   0.351   0.310   0.327   0.333   0.337   0.360
 2008 217    65   302   215     37     54    210     1   120    90    0.00   0.0   0.0   0.00   0.313   0.308   0.327   0.332   0.334   0.356
 2008 218    66   299   212     37     54    210     1   120    90    0.00   0.0   0.0   0.00   0.297   0.301   0.324   0.330   0.332   0.353
 2008 219    67   295   208     37     54    210     1   120    90    0.00   0.0   0.0   0.00   0.291   0.292   0.320   0.328   0.330   0.350
 2008 220    68   292   205     37     54    210     1   120    90    0.00   0.0   0.0   0.00   0.282   0.285   0.315   0.326   0.327   0.346
 2008 221    69   288   201     37     54    210     1   120    90    0.00   0.0   0.0   0.00   0.275   0.279   0.311   0.323   0.325   0.343
 2008 222    70   284   197     37     54    210     1   120    90    0.00   0.0   0.0   0.00   0.265   0.270   0.305   0.319   0.321   0.339
 2008 223    71   305   218     46     54    245     1   120    90    0.00   0.0   0.0   8.69   0.443   0.431   0.302   0.314   0.317   0.334
 2008 224    72   302   215     46     54    245     1   120    90    0.00   0.0   0.0   0.00   0.428   0.403   0.313   0.312   0.314   0.331
 2008 225    73   299   212     46     54    245     1   120    90    0.00   0.0   0.0   0.00   0.415   0.379   0.320   0.312   0.313   0.328
 2008 226    74   328   241     70     54    301     1   120    90    0.00   0.0   0.0  24.64   0.450   0.436   0.460   0.320   0.312   0.326
 2008 227    75   326   239     70     54    301     1   120    90    0.00   0.0   0.0   0.00   0.444   0.430   0.445   0.331   0.313   0.324
 2008 228    76   321   234     70     54    301     1   120    90    0.00   0.0   0.0   0.00   0.431   0.415   0.426   0.341   0.312   0.320
 2008 229    77   317   230     70     54    301     1   120    90    0.00   0.0   0.0   0.00   0.418   0.404   0.409   0.346   0.312   0.317
 2008 230    78   317   230     70     54    302     1   120    90    0.00   0.0   0.0   0.00   0.436   0.401   0.402   0.348   0.316   0.318
 2008 231    79   313   226     70     54    302     1   120    90    0.00   0.0   0.0   0.00   0.423   0.390   0.389   0.350   0.316   0.315
 2008 232    80   309   222     70     54    302     1   120    90    0.00   0.0   0.0   0.00   0.409   0.379   0.376   0.350   0.316   0.313
 2008 233    81   305   218     70     54    302     1   120    90    0.00   0.0   0.0   0.00   0.395   0.369   0.365   0.349   0.317   0.312
 2008 234    82   336   249     96     54    359     1   120    90    0.00   0.0   0.0  25.12   0.453   0.453   0.477   0.363   0.319   0.313
 2008 235    83   330   243     96     54    359     1   120    90    0.00   0.0   0.0   0.00   0.432   0.437   0.462   0.359   0.324   0.311
 2008 236    84   325   238     96     54    359     1   120    90    0.00   0.0   0.0   0.00   0.412   0.421   0.446   0.360   0.322   0.309
 2008 237    85   321   234     96     54    359     1   120    90    0.00   0.0   0.0   0.00   0.398   0.411   0.435   0.360   0.321   0.308
 2008 238    86   338   251    103     54    386     1   120    90    0.00   0.0   0.0   7.49   0.446   0.448   0.476   0.388   0.323   0.308
 2008 239    87   335   248    103     54    386     1   120    90    0.00   0.0   0.0   0.00   0.432   0.441   0.467   0.375   0.337   0.308
 2008 240    88   331   244    103     54    386     1   120    90    0.00   0.0   0.0   0.00   0.416   0.432   0.455   0.363   0.344   0.309
 2008 241    89   326   239    103     54    386     1   120    90    0.00   0.0   0.0   0.00   0.400   0.421   0.444   0.362   0.337   0.310
 2008 242    90   323   236    103     54    388     1   120    90    0.00   0.0   0.0   0.00   0.415   0.412   0.434   0.358   0.331   0.309
 2008 243    91   322   235    103     54    388     1   120    90    0.00   0.0   0.0   0.00   0.408   0.406   0.425   0.362   0.330   0.312
 2008 244    92   318   231    103     54    388     1   120    90    0.00   0.0   0.0   0.00   0.393   0.395   0.414   0.360   0.327   0.312
 2008 245    93   313   226    103     54    388     1   120    90    0.00   0.0   0.0   0.00   0.377   0.383   0.401   0.357   0.324   0.310
 2008 246    94   307   220    103     54    388     1   120    90    0.00   0.0   0.0   0.00   0.362   0.372   0.388   0.353   0.322   0.309
 2008 247    95   303   216    103     54    388     1   120    90    0.00   0.0   0.0   0.00   0.350   0.362   0.376   0.350   0.320   0.307
 2008 248    96   298   211    103     54    388     1   120    90    0.00   0.0   0.0   0.00   0.338   0.354   0.364   0.347   0.318   0.306
 2008 249    97   295   208    103     54    390     1   120    90    0.00   0.0   0.0   0.00   0.364   0.346   0.352   0.342   0.316   0.304
 2008 250    98   291   204    103     54    390     1   120    90    0.00   0.0   0.0   0.00   0.352   0.335   0.344   0.338   0.314   0.302
 2008 251    99   295   208    103     54    398     1   120    90    0.00   0.0   0.0   0.14   0.444   0.347   0.340   0.334   0.311   0.300
 2008 252   100   297   210    103     54    405     1   120    90    0.00   0.0   0.0   0.26   0.444   0.390   0.338   0.331   0.309   0.299
 2008 253   101   298   211    104     54    409     1   120    90    0.00   0.0   0.0   0.09   0.445   0.407   0.338   0.328   0.307   0.297
 2008 254   102   310   223    106     54    425     1   120    90    0.00   0.0   0.0   2.75   0.452   0.442   0.388   0.330   0.307   0.297
 2008 255   103   305   218    106     54    425     1   120    90    0.00   0.0   0.0   0.00   0.437   0.429   0.371   0.337   0.304   0.294
 2008 256   104   300   213    106     54    425     1   120    90    0.00   0.0   0.0   0.00   0.421   0.417   0.355   0.339   0.303   0.291
 2008 257   105   295   208    106     54    425     1   120    90    0.00   0.0   0.0   0.00   0.405   0.405   0.348   0.335   0.302   0.288
 2008 258   106   291   204    106     54    425     1   120    90    0.00   0.0   0.0   0.00   0.391   0.391   0.345   0.332   0.302   0.286
 2008 259   107   287   200    106     54    425     1   120    90    0.00   0.0   0.0   0.00   0.374   0.375   0.341   0.328   0.300   0.284
 2008 260   108   283   196    106     54    425     1   120    90    0.00   0.0   0.0   0.00   0.360   0.360   0.338   0.325   0.298   0.282
 2008 261   109   279   192    106     54    425     1   120    90    0.00   0.0   0.0   0.00   0.346   0.344   0.336   0.323   0.297   0.279
 2008 262   110   276   189    106     54    425     1   120    90    0.00   0.0   0.0   0.00   0.337   0.331   0.335   0.322   0.296   0.279
 2008 263   111   275   188    106     54    425     1   120    90    0.00   0.0   0.0   0.00   0.333   0.319   0.335   0.323   0.296   0.279
 2008 264   112   272   185    106     54    425     1   120    90    0.00   0.0   0.0   0.00   0.302   0.314   0.331   0.320   0.295   0.277
 2008 265   113   270   183    106     54    426     1   120    90    0.00   0.0   0.0   0.00   0.323   0.302   0.326   0.318   0.293   0.276
 2008 266   114   269   182    106     54    426     1   120    90    0.00   0.0   0.0   0.00   0.295   0.307   0.325   0.317   0.293   0.276
 2008 267   115   270   183    106     54    428     1   120    90    0.00   0.0   0.0   0.00   0.348   0.298   0.322   0.316   0.293   0.276
 2008 268   116   271   184    106     54    431     1   120    90    0.00   0.0   0.0   0.00   0.361   0.309   0.323   0.315   0.293   0.276
 2008 269   117   275   188    106     54    436     1   120    90    0.00   0.0   0.0   0.00   0.420   0.314   0.324   0.315   0.293   0.276
 2008 270   118   272   185    106     54    436     1   120    90    0.00   0.0   0.0   0.00   0.374   0.313   0.324   0.314   0.291   0.275
 2008 271   119   275   188    106     54    440     1   120    90    0.00   0.0   0.0   0.00   0.426   0.317   0.326   0.314   0.292   0.275
 2008 272   120   276   189    106     54    442     1   120    90    0.00   0.0   0.0   0.00   0.427   0.322   0.327   0.315   0.291   0.275
 2008 273   121   274   187    106     54    442     1   120    90    0.00   0.0   0.0   0.00   0.396   0.316   0.328   0.315   0.291   0.274
 2008 274   122   269   182    106     54    442     1   120    90    0.00   0.0   0.0   0.00   0.350   0.313   0.326   0.313   0.289   0.272
 2008 275   123   267   180    106     54    442     1   120    90    0.00   0.0   0.0   0.00   0.314   0.312   0.326   0.313   0.288   0.271
