*INFO DETAIL FILE

******************************************************************************

*DSSAT Cropping System Model Ver. 4.8.0.024 -stable  SEP 25, 2026 04:10:07

*RUN   1        : Sim2008                   MZCER048 fileX.MZ    1
 MODEL          : MZCER048 - Maize
 EXPERIMENT     : fileX.MZ    CNYC
 DATA PATH      :
 TREATMENT  1   : Sim2008                   MZCER048
  

 CSM     YEAR DOY = 2008 153
 RNMODE = C                                                                    
 PATHEX =                                                                      
 FILEX  = fileX.MZX                                                            
 FILEB  =                                                                      
 FILEIO = DSSAT48.INP                                                          
 MODEL  = MZCER048                                                             
 TRTNUM =     1                                                                

 SOILDYN  YEAR DOY = 2008 153
 The soil file has missing or invalid data.                                    
 Default values have been used for these variables:                            
   STONES, ADCOEF                                                              
 These defaults may or may not be important to your results.                   

 RETC  YEAR DOY = 2008 153
 Soil RETC parameters:                                                         
  LYR DS  SWCN   WCR    Hb Lambd  Alpha     m     n Texture                    
   1   5  1.00 0.030  14.0 0.421  0.004 0.337 1.509 Clay                       
   2  15  1.00 0.030  14.0 0.421  0.004 0.337 1.509 Clay                       
   3  30  1.00 0.036  13.8 0.388  0.004 0.318 1.467 Clay                       
   4  45  1.00 0.040  10.8 0.371  0.005 0.308 1.444 Clay                       
   5  60  1.00 0.040  10.8 0.371  0.005 0.308 1.444 Clay                       
   6  90  1.00 0.023  17.9 0.546  0.003 0.406 1.684 Clay                       

 SOILDYN  YEAR DOY = 2008 153
 Soil ID: YC99001200                                                           
 CINNAMON SOIL                                                                 
                                                                               
   SALB SWCON    CN  DMOD  SLPF SMPX                                           
   0.13  0.05  81.0  1.00  1.00 IB001                                          
 Soil layer distribution method: 2                                             
      DS DLAYR    LL   DUL   SAT  Root    BD    OC  CLAY  SILT  SAND           
 LYR  cm    cm  frac  frac  frac  Grow g/cm3     %     %     %     %    pH     
   1   5     5 0.090 0.330 0.460 1.000  1.34  1.30  68.2   7.6  24.2   8.3     
   2  15    10 0.090 0.330 0.460 1.000  1.34  1.30  68.2   7.6  24.2   8.3     
   3  30    15 0.110 0.360 0.490 1.000  1.42  0.99  66.4  10.2  23.4   8.4     
   4  45    15 0.120 0.370 0.540 1.000  1.44  0.58  69.9   9.9  20.2   8.3     
   5  60    15 0.120 0.370 0.540 1.000  1.44  0.58  69.9   9.9  20.2   8.3     
   6  90    30 0.070 0.400 0.550 1.000  1.51  0.43  72.3  12.9  14.8   8.3     

 SOILDYN  YEAR DOY = 2008 153
 Additional soil properties                                                    
                Convert                                                        
    Cation Adsrp  ppm /  KSAT  SLCF  TOTN  OrgN                                
   L  Exch  Coef  kg/ha  cm/h     %     % kg/ha                                
   1  12.4   0.0   1.49   1.0   0.0  0.08   527                                
   2  12.4   0.0   0.75   1.0   0.0  0.08  1053                                
   3  12.4   0.0   0.47   1.0   0.0  0.05  1039                                
   4  12.4   0.0   0.46   1.0   0.0  0.05  1058                                
   5  12.4   0.0   0.46   1.0   0.0  0.05  1058                                
   6  12.4   0.0   0.22   1.0   0.0  0.04  1771                                

 IPWTH   YEAR DOY = 2008 153
 CNYC0801.WTH                                                                  
 Found daily weather data headers for:                                         
   SRAD           Col   9 -  13                                                
   TMAX           Col  15 -  19                                                
   TMIN           Col  21 -  25                                                
   RAIN           Col  27 -  31                                                

 CO2VAL  YEAR DOY = 2008 153
  759 CO2 data points read from file.                                          
 ///opt/dssat_pdi/StandardData/CO2048.WDA                                      

 ENDRUN  YEAR DOY = 2008 275
 Normal end of run        1                                                    
