*MANAGEMENT OPERATIONS EVENT SUMMARY

*DSSAT Cropping System Model Ver. 4.8.0.024 -stable  SEP 25, 2026 04:10:07
!---------------------------------------------------------------------------------------------
@RUN Date........  DOY    DAS    DAP  CR  Stage         Operation       Quantities
!---------------------------------------------------------------------------------------------
   1 JUN  1, 2008  153      1      0  MZ  14 Start Sim 
   1 JUN 11, 2008  163     11      0  MZ                Irrigation       120.0 mm
   1 JUN 17, 2008  169     17      0  MZ                Fertilizer         96. kg[N]/ha 
   1 JUN 18, 2008  170     18      0  MZ                Planting       
   1 JUN 18, 2008  170     18      0  MZ  07 Sowing    
   1 JUN 19, 2008  171     19      1  MZ  08 Germinate 
   1 JUN 23, 2008  175     23      5  MZ  09 Emergence 
   1 JUL  6, 2008  188     36     18  MZ  01 End Juveni
   1 JUL 12, 2008  194     42     24  MZ  02 Floral Ini
   1 JUL 29, 2008  211     59     41  MZ                Fertilizer        207. kg[N]/ha 
   1 AUG 14, 2008  227     75     57  MZ  03 75% Silkin
   1 AUG 25, 2008  238     86     68  MZ  04 Beg Gr Fil
   1 SEP 26, 2008  270    118    100  MZ  05 End Gr Fil
   1 OCT  1, 2008  275    123    105  MZ  16 Harvest   
   1 OCT  1, 2008  275    123    105  MZ                Harvest Yield    7578. kg/ha
 
