*Soil Inorganic Nitrogen daily output file

*DSSAT Cropping System Model Ver. 4.8.0.024 -stable  SEP 25, 2026 04:10:07

*RUN   1        : Sim2008                   MZCER048 fileX.MZ    1
 MODEL          : MZCER048 - Maize
 EXPERIMENT     : fileX.MZ    CNYC
 DATA PATH      :
 TREATMENT  1   : Sim2008                   MZCER048
  
!                                                                                                                                      NO3 (ppm) at soil dep. (cm):                    NH4 (ppm) at soil dep. (cm):                    Total Inorganic N @dep(ppm):
!                                                                                                                                       0-5    5-15   15-30   30-45   45-60   60-90     0-5    5-15   15-30   30-45   45-60   60-90     0-5    5-15   15-30   30-45   45-60   60-90
@YEAR DOY   DAS  NAPC  NI#M    NIAD    NITD    NHTD   NURTD    NMNC    NITC    NDNC    NIMC    AMLC   NNMNC    NUCM    NLCC    TDNC    NI1D    NI2D    NI3D    NI4D    NI5D    NI6D    NH1D    NH2D    NH3D    NH4D    NH5D    NH6D    NT1D    NT2D    NT3D    NT4D    NT5D    NT6D    
 2008 152     0     0     0   137.7    85.7    52.0     0.0    0.00    0.00    0.00    0.00    0.00    0.00    0.00    0.00    0.00   10.00    10.0     8.0    6.00    6.00    5.00    4.00    4.00    4.00    4.00    4.00    4.00   14.00   14.00   12.00   10.00   10.00    9.00
 2008 153     1     0     0   137.7   116.6    21.1     0.0    0.27   30.96    0.00    0.21    0.00    0.07    0.00    0.00    0.00   12.94    12.6    10.7    8.49    8.26    7.06    0.94    1.07    1.38    1.57    1.75    1.96   13.89   13.68   12.12   10.06   10.01    9.03
 2008 154     2     0     0   137.9   128.5     9.4     0.0    0.54   42.85    0.00    0.29    0.00    0.25    0.00    0.00    0.00   13.71    13.3    11.6    9.46    9.22    8.05    0.25    0.28    0.52    0.67    0.81    1.00   13.95   13.58   12.11   10.12   10.03    9.05
 2008 155     3     0     0   138.1   133.4     4.7     0.0    0.81   47.77    0.00    0.31    0.00    0.50    0.00    0.00    0.00    6.91    16.8    11.9    9.85    9.64    8.54    0.07    0.09    0.24    0.32    0.41    0.54    6.99   16.92   12.18   10.17   10.04    9.08
 2008 156     4     0     0   138.3   135.5     2.8     0.0    1.06   49.90    0.00    0.31    0.00    0.74    0.00    0.00    0.00    6.72    16.1    12.5   10.08    9.83    8.78    0.06    0.06    0.14    0.18    0.24    0.33    6.78   16.18   12.65   10.26   10.07    9.11
 2008 157     5     0     0   138.6   136.7     1.9     0.0    1.31   51.07    0.00    0.32    0.00    0.99    0.00    0.00    0.00    6.71    15.4    12.9   10.27    9.94    8.92    0.04    0.06    0.10    0.12    0.16    0.21    6.75   15.44   13.02   10.39   10.10    9.13
 2008 158     6     0     0   138.9   137.5     1.4     0.0    1.58   51.83    0.00    0.32    0.00    1.27    0.00    0.00    0.00    4.50    15.7    13.3   10.46   10.03    9.01    0.04    0.06    0.08    0.09    0.12    0.15    4.54   15.77   13.37   10.55   10.14    9.16
 2008 159     7     0     0   139.1   138.0     1.2     0.0    1.86   52.34    0.00    0.32    0.00    1.55    0.00    0.00    0.00    4.45    15.0    13.6   10.65   10.10    9.08    0.06    0.09    0.07    0.08    0.09    0.11    4.51   15.12   13.63   10.73   10.20    9.19
 2008 160     8     0     0   139.4   138.4     1.0     0.0    2.17   52.80    0.07    0.32    0.00    1.85    0.00    0.00    0.00    4.48    14.5    13.7   10.85   10.18    9.13    0.06    0.10    0.06    0.07    0.08    0.09    4.54   14.60   13.73   10.92   10.26    9.22
 2008 161     9     0     0   139.7   138.8     0.9     0.0    2.53   53.26    0.10    0.32    0.00    2.21    0.00    0.00    0.00    4.51    14.2    13.6   11.02   10.27    9.19    0.07    0.12    0.06    0.06    0.07    0.07    4.58   14.37   13.70   11.08   10.33    9.26
 2008 162    10     0     0   140.1   139.3     0.8     0.0    2.93   53.75    0.10    0.32    0.00    2.62    0.00    0.00    0.00    4.56    14.3    13.5   11.12   10.34    9.24    0.08    0.11    0.05    0.06    0.06    0.05    4.64   14.41   13.59   11.18   10.40    9.30
 2008 163    11     0     0   140.5   139.7     0.8     0.0    3.36   54.21    0.10    0.32    0.00    3.04    0.00    0.00    0.00    0.59     4.0     8.5   12.78   17.90   10.99    0.10    0.12    0.05    0.05    0.05    0.05    0.68    4.07    8.51   12.83   17.95   11.04
 2008 164    12     0     0   140.9   139.9     1.0     0.0    3.74   54.37    0.10    0.32    0.00    3.42    0.00    0.00    0.00    0.62     3.9     8.3   12.52   16.95   11.67    0.13    0.17    0.07    0.07    0.07    0.05    0.76    4.07    8.39   12.60   17.03   11.72
 2008 165    13     0     0   141.3   140.1     1.2     0.0    4.13   54.60    0.10    0.32    0.00    3.81    0.00    0.00    0.00    0.72     3.9     8.2   12.29   16.19   12.25    0.12    0.22    0.09    0.09    0.09    0.04    0.84    4.09    8.28   12.38   16.28   12.30
 2008 166    14     0     0   141.7   140.4     1.3     0.0    4.53   54.86    0.10    0.32    0.00    4.22    0.00    0.00    0.00    0.42     3.1     7.6   12.10   16.75   12.67    0.12    0.25    0.11    0.11    0.10    0.04    0.54    3.38    7.71   12.21   16.85   12.72
 2008 167    15     0     0   142.1   140.6     1.5     0.0    4.91   55.04    0.10    0.32    0.00    4.59    0.00    0.00    0.00    0.46     3.1     7.5   12.01   16.57   12.87    0.17    0.30    0.13    0.12    0.12    0.04    0.63    3.40    7.66   12.14   16.68   12.92
 2008 168    16     0     0   141.8   140.1     1.6     0.0    5.29   55.28    0.78    0.32    0.00    4.98    0.00    0.00    0.00    0.57     3.0     7.4   11.83   16.33   13.04    0.15    0.34    0.14    0.14    0.13    0.04    0.72    3.39    7.54   11.97   16.46   13.09
 2008 169    17    96     1   236.0   186.3    49.8     0.0    5.69   55.53    1.42    0.32    0.00    5.37    0.00    1.48    0.00   72.26     3.0     7.2   11.51   15.82   13.11   71.83    0.36    0.16    0.15    0.14    0.04  144.09    3.39    7.36   11.67   15.96   13.16
 2008 170    18    96     1   234.1   213.1    21.0     0.0    6.07   84.70    1.99    0.32    0.00    5.76    0.00    3.20    0.00  115.40     3.0     7.0   11.22   15.38   13.08   28.70    0.38    0.17    0.16    0.15    0.05  144.10    3.40    7.21   11.38   15.53   13.13
 2008 171    19    96     1   232.3   222.5     9.8     0.0    6.46   96.27    2.50    0.32    0.00    6.14    0.00    4.81    0.00  132.27     3.0     6.9   10.95   14.98   13.05   11.89    0.39    0.18    0.17    0.16    0.05  144.16    3.42    7.07   11.13   15.14   13.11
 2008 172    20    96     1   230.8   225.5     5.3     0.0    6.86  101.21    2.97    0.32    0.00    6.55    0.00    6.30    0.00  139.16     3.1     6.8   10.71   14.61   13.02    5.08    0.37    0.18    0.18    0.16    0.06  144.24    3.46    6.95   10.89   14.77   13.08
 2008 173    21    96     1   229.4   226.0     3.4     0.0    7.27  103.53    3.40    0.32    0.00    6.95    0.00    7.67    0.00  142.08     3.2     6.6   10.49   14.28   13.00    2.24    0.35    0.19    0.18    0.16    0.06  144.32    3.52    6.84   10.67   14.44   13.06
 2008 174    22    96     1   228.1   225.7     2.4     0.0    7.72  104.95    3.83    0.32    0.00    7.40    0.00    8.95    0.00  143.56     3.3     6.6   10.29   13.97   12.98    0.87    0.31    0.19    0.18    0.16    0.06  144.42    3.59    6.74   10.47   14.13   13.03
 2008 175    23    96     1   228.1   226.2     1.9     0.0    8.22  105.90    4.26    0.32    0.00    7.90    0.00    8.97    0.00  142.83     4.1     6.5   10.20   13.88   13.07    0.32    0.27    0.18    0.17    0.16    0.06  143.14    4.37    6.66   10.37   14.04   13.13
 2008 176    24    96     1   227.0   225.2     1.8     0.0    8.73  106.53    4.69    0.32    0.00    8.42    0.00   10.17    0.00  142.71     4.4     6.4   10.02   13.60   13.05    0.26    0.24    0.18    0.17    0.15    0.06  142.97    4.60    6.57   10.19   13.75   13.10
 2008 177    25    96     1   226.0   224.3     1.7     0.0    9.25  107.17    5.10    0.32    0.00    8.94    0.00   11.26    0.00  142.92     4.5     6.3    9.86   13.34   13.03    0.17    0.22    0.17    0.16    0.15    0.06  143.09    4.70    6.50   10.02   13.49   13.08
 2008 178    26    96     1   226.1   224.5     1.6     0.0    9.79  107.78    5.49    0.32    0.00    9.47    0.00   11.30    0.00  142.71     4.8     6.3    9.78   13.26   13.11    0.14    0.21    0.16    0.15    0.14    0.06  142.86    4.98    6.43    9.93   13.41   13.16
 2008 179    27    96     1   226.2   224.7     1.6     0.0   10.33  108.36    5.88    0.32    0.00   10.01    0.00   11.36    0.00  124.93    13.8     6.2    9.71   13.19   13.18    0.17    0.20    0.15    0.14    0.14    0.06  125.11   13.97    6.40    9.85   13.33   13.24
 2008 180    28    96     1   226.2   224.7     1.6     0.0   10.83  108.86    6.29    0.32    0.00   10.52    0.00   11.43    0.00  122.08    15.2     6.2    9.64   13.11   13.25    0.20    0.21    0.15    0.14    0.14    0.06  122.29   15.44    6.38    9.78   13.25   13.31
 2008 181    29    96     1   226.1   224.5     1.6     0.0   11.32  109.32    6.71    0.32    0.00   11.01    0.09   11.52    0.00  120.92    15.8     6.2    9.56   13.04   13.32    0.24    0.21    0.14    0.14    0.13    0.06  121.16   15.98    6.36    9.70   13.17   13.38
 2008 182    30    96     1   224.6   223.1     1.6     0.0   11.82  109.83    7.13    0.32    0.00   11.50    0.53   12.64    0.00  120.11    15.9     6.2    9.42   12.80   13.27    0.23    0.21    0.14    0.13    0.13    0.06  120.34   16.09    6.34    9.56   12.93   13.33
 2008 183    31    96     1   224.1   222.6     1.5     0.0   12.30  110.36    7.50    0.32    0.00   11.99    1.08   12.74    0.00   47.86    36.8    14.5   10.37   12.77   13.33    0.18    0.22    0.14    0.13    0.13    0.06   48.03   36.99   14.62   10.50   12.90   13.39
 2008 184    32    96     1   222.5   220.9     1.6     0.0   12.71  110.63    8.76    0.32    0.00   12.40    1.68   12.85    0.00   46.94    35.9    14.4   10.39   12.74   13.38    0.21    0.23    0.15    0.14    0.13    0.06   47.15   36.12   14.59   10.52   12.87   13.44
 2008 185    33    96     1   219.2   217.5     1.7     0.0   13.13  110.97    9.98    0.32    0.00   12.82    2.53   14.44    0.00   46.23    34.9    14.3   10.30   12.49   13.30    0.16    0.27    0.17    0.14    0.13    0.06   46.40   35.13   14.43   10.44   12.62   13.36
 2008 186    34    96     1   215.8   214.1     1.7     0.0   13.58  111.37   11.08    0.32    0.00   13.27    3.86   15.90    0.00   45.39    33.8    14.0   10.20   12.26   13.23    0.14    0.29    0.18    0.14    0.13    0.06   45.53   34.08   14.22   10.34   12.39   13.29
 2008 187    35    96     1   214.0   212.4     1.7     0.0   14.08  111.89   11.98    0.32    0.00   13.77    5.06   16.01    0.00   44.09    33.4    13.9   10.17   12.23   13.28    0.13    0.25    0.18    0.14    0.12    0.06   44.22   33.65   14.04   10.31   12.36   13.34
 2008 188    36    96     1   211.0   209.4     1.6     0.0   14.57  112.35   12.81    0.32    0.00   14.25    6.25   17.42    0.00   43.35    32.6    13.7   10.03   12.02   13.21    0.19    0.22    0.19    0.14    0.12    0.06   43.54   32.86   13.87   10.16   12.14   13.27
 2008 189    37    96     1   208.5   206.9     1.6     0.0   15.09  112.88   13.57    0.32    0.00   14.77    7.33   18.61    0.00   42.87    32.1    13.5    9.89   11.84   13.15    0.19    0.20    0.18    0.13    0.12    0.06   43.06   32.29   13.64   10.02   11.96   13.21
 2008 190    38    96     1   205.3   203.8     1.5     0.0   15.61  113.46   14.25    0.32    0.00   15.29    9.25   19.71    0.00   42.29    31.4    13.2    9.70   11.62   13.09    0.14    0.18    0.18    0.13    0.11    0.06   42.42   31.54   13.35    9.82   11.73   13.15
 2008 191    39    96     1   202.4   200.9     1.5     0.0   16.10  113.97   14.77    0.32    0.00   15.79   11.06   20.71    0.00   41.71    30.8    12.9    9.51   11.41   13.04    0.13    0.18    0.17    0.12    0.11    0.06   41.84   31.00   13.05    9.63   11.51   13.10
 2008 192    40    96     1   200.7   199.2     1.5     0.0   16.57  114.44   15.17    0.32    0.00   16.26   11.96   21.62    0.00   42.50    30.1    12.6    9.39   11.23   13.00    0.13    0.18    0.17    0.12    0.11    0.06   42.63   30.33   12.82    9.51   11.34   13.06
 2008 193    41    96     1   195.1   193.7     1.4     0.0   17.06  115.01   15.52    0.32    0.00   16.75   17.58   21.71    0.00   39.45    29.4    12.1    9.02   10.95   13.03    0.13    0.15    0.16    0.11    0.10    0.06   39.58   29.59   12.21    9.13   11.05   13.09
 2008 194    42    96     1   190.2   188.8     1.4     0.0   17.54  115.52   15.83    0.32    0.00   17.23   21.89   22.48    0.00   37.68    28.8    11.6    8.68   10.58   12.96    0.18    0.14    0.15    0.11    0.10    0.06   37.87   28.97   11.71    8.79   10.68   13.02
 2008 195    43    96     1   185.1   183.8     1.3     0.0   18.04  116.07   16.09    0.32    0.00   17.72   26.56   23.17    0.00   35.62    28.3    11.1    8.37   10.21   12.84    0.18    0.14    0.13    0.10    0.10    0.06   35.80   28.46   11.25    8.47   10.30   12.90
 2008 196    44    96     1   180.2   179.0     1.2     0.0   18.55  116.69   16.33    0.32    0.00   18.24   31.62   23.26    0.00   36.34    26.5    10.7    8.10    9.90   12.67    0.13    0.13    0.12    0.10    0.09    0.06   36.47   26.67   10.83    8.20    9.99   12.73
 2008 197    45    96     1   176.6   175.4     1.1     0.0   19.07  117.25   16.54    0.32    0.00   18.76   35.47   23.34    0.00   26.87    30.2    10.5    7.91    9.67   12.50    0.16    0.12    0.10    0.09    0.09    0.06   27.04   30.28   10.63    8.00    9.75   12.55
 2008 198    46    96     1   173.5   172.3     1.2     0.0   19.56  117.69   16.72    0.32    0.00   19.24   38.16   24.03    0.00   26.32    29.5    10.5    7.77    9.42   12.30    0.21    0.16    0.09    0.09    0.09    0.06   26.53   29.63   10.56    7.86    9.51   12.36
 2008 199    47    96     1   166.9   165.7     1.2     0.0   20.05  118.19   16.86    0.32    0.00   19.74   45.07   24.10    0.00   25.01    28.2    10.1    7.44    9.03   11.94    0.20    0.18    0.08    0.08    0.08    0.06   25.21   28.35   10.18    7.52    9.11   12.00
 2008 200    48    96     1   162.0   160.8     1.2     0.0   20.54  118.70   16.98    0.32    0.00   20.23   49.84   24.54    0.00   24.20    27.3     9.9    7.22    8.72   11.61    0.20    0.19    0.08    0.08    0.08    0.06   24.41   27.47    9.96    7.30    8.80   11.67
 2008 201    49    96     1   160.9   159.7     1.2     0.0   21.00  119.15   17.13    0.32    0.00   20.69   51.19   24.60    0.00   23.89    27.1     9.9    7.15    8.65   11.55    0.19    0.19    0.08    0.08    0.08    0.06   24.08   27.28    9.94    7.23    8.73   11.61
 2008 202    50    96     1   158.2   157.0     1.2     0.0   21.44  119.58   17.32    0.32    0.00   21.13   53.77   24.97    0.00   23.41    26.6     9.8    7.03    8.46   11.36    0.18    0.18    0.08    0.08    0.08    0.06   23.60   26.76    9.84    7.11    8.55   11.42
 2008 203    51    96     1   153.7   152.6     1.1     0.0   21.88  120.02   17.44    0.32    0.00   21.56   58.23   25.26    0.00   22.75    25.8     9.5    6.83    8.19   11.06    0.18    0.18    0.08    0.08    0.08    0.06   22.93   25.94    9.60    6.91    8.28   11.12
 2008 204    52    96     1   146.6   145.6     1.1     0.0   22.31  120.50   17.50    0.32    0.00   22.00   65.49   25.45    0.00   22.21    24.3     9.1    6.51    7.79   10.57    0.15    0.18    0.06    0.08    0.08    0.06   22.36   24.51    9.12    6.58    7.87   10.63
 2008 205    53    96     1   144.5   143.4     1.0     0.0   22.73  120.96   17.54    0.32    0.00   22.41   67.91   25.60    0.00   22.22    23.9     8.9    6.40    7.65   10.42    0.14    0.15    0.06    0.07    0.08    0.06   22.36   24.09    8.94    6.48    7.73   10.48
 2008 206    54    96     1   137.9   136.9     1.0     0.0   23.15  121.44   17.57    0.32    0.00   22.84   74.74   25.70    0.00   22.06    22.5     8.4    6.12    7.28    9.97    0.13    0.14    0.06    0.07    0.08    0.06   22.19   22.67    8.44    6.19    7.36   10.03
 2008 207    55    96     1   130.4   129.5     0.9     0.0   23.60  121.97   17.59    0.32    0.00   23.29   82.71   25.70    0.00   21.63    21.0     7.8    5.79    6.86    9.47    0.12    0.13    0.05    0.07    0.07    0.05   21.75   21.13    7.86    5.86    6.93    9.52
 2008 208    56    96     1   122.1   121.3     0.8     0.0   24.07  122.52   17.60    0.32    0.00   23.76   91.42   25.70    0.00   21.02    19.3     7.3    5.40    6.40    8.91    0.11    0.12    0.05    0.06    0.07    0.05   21.14   19.45    7.31    5.45    6.47    8.96
 2008 209    57    96     1   114.9   114.1     0.8     0.0   24.54  123.04   17.60    0.32    0.00   24.23   99.12   25.70    0.00   20.49    17.9     6.8    5.03    6.00    8.42    0.11    0.11    0.05    0.05    0.07    0.04   20.60   17.96    6.86    5.08    6.06    8.46
 2008 210    58    96     1   106.1   105.4     0.7     0.0   25.04  123.59   17.60    0.32    0.00   24.73  108.41   25.70    0.00   19.52    16.2     6.3    4.63    5.55    7.80    0.10    0.11    0.05    0.05    0.05    0.04   19.62   16.28    6.30    4.68    5.60    7.84
 2008 211    59   303     2   130.0    99.8    30.2    13.2   25.55  124.14   17.60    0.32  162.88   25.23  115.94   25.70    0.00   20.89    14.8     5.8    4.34    5.17    7.30   44.15    0.10    0.05    0.05    0.05    0.04   65.05   14.93    5.85    4.38    5.21    7.34
 2008 212    60   303     2   121.4   118.4     3.1     4.5   26.07  149.46   17.60    0.32  171.23   25.75  125.34   25.70    0.00   50.98    16.8     5.4    4.07    4.80    6.83    3.67    0.10    0.04    0.05    0.05    0.04   54.66   16.94    5.44    4.11    4.85    6.87
 2008 213    61   303     2   117.4   112.4     5.1     1.8   26.58  150.20   17.60    0.32  171.64   26.27  132.12   25.70    0.00   41.62    19.3     5.5    3.82    4.46    6.39    2.77    2.06    0.04    0.05    0.05    0.04   44.39   21.38    5.58    3.86    4.51    6.42
 2008 214    62   303     2   112.5   108.4     4.1     0.8   27.08  152.28   17.60    0.32  171.87   26.77  138.39   25.70    0.00   40.40    18.4     5.8    3.63    4.19    6.04    1.94    1.66    0.10    0.05    0.05    0.04   42.34   20.09    5.91    3.67    4.24    6.07
 2008 215    63   303     2   107.7   105.3     2.5     0.3   27.56  154.58   17.60    0.32  172.00   27.25  143.91   25.70    0.00   37.98    18.6     5.9    3.50    3.98    5.75    1.30    0.73    0.11    0.05    0.05    0.04   39.28   19.33    6.06    3.55    4.03    5.79
 2008 216    64   303     2   102.9   101.3     1.6     0.1   28.04  155.93   17.60    0.32  172.08   27.72  149.32   25.70    0.00   34.12    18.7     6.0    3.40    3.79    5.50    0.78    0.38    0.09    0.05    0.05    0.04   34.90   19.13    6.12    3.45    3.84    5.54
 2008 217    65   303     2    98.1    96.9     1.2     0.1   28.49  156.85   17.65    0.32  172.13   28.18  154.54   25.70    0.00   30.21    18.7     6.1    3.30    3.62    5.26    0.40    0.24    0.08    0.05    0.05    0.04   30.61   18.89    6.15    3.35    3.67    5.30
 2008 218    66   303     2    93.5    92.6     0.9     0.0   28.94  157.56   17.65    0.32  172.16   28.62  159.56   25.70    0.00   28.30    17.8     5.9    3.20    3.46    5.03    0.16    0.18    0.07    0.05    0.05    0.04   28.46   17.99    6.01    3.25    3.51    5.07
 2008 219    67   303     2    89.2    88.4     0.8     0.0   29.39  158.11   17.65    0.32  172.18   29.07  164.36   25.70    0.00   26.87    16.9     5.7    3.08    3.30    4.81    0.09    0.14    0.06    0.05    0.05    0.04   26.96   17.05    5.77    3.14    3.36    4.85
 2008 220    68   303     2    85.1    84.3     0.7     0.0   29.83  158.59   17.65    0.32  172.19   29.52  168.90   25.70    0.00   25.49    16.1     5.5    2.97    3.16    4.60    0.07    0.12    0.06    0.05    0.05    0.04   25.57   16.21    5.51    3.02    3.21    4.64
 2008 221    69   303     2    81.2    80.5     0.7     0.0   30.28  159.04   17.65    0.32  172.21   29.96  173.17   25.70    0.00   24.28    15.3     5.2    2.86    3.03    4.41    0.07    0.11    0.05    0.05    0.05    0.04   24.35   15.38    5.27    2.91    3.08    4.45
 2008 222    70   303     2    77.7    77.0     0.7     0.0   30.72  159.48   17.65    0.32  172.23   30.41  177.12   25.70    0.00   23.20    14.5     5.0    2.76    2.91    4.23    0.07    0.11    0.05    0.05    0.05    0.04   23.27   14.61    5.04    2.81    2.96    4.27
 2008 223    71   303     2    73.4    72.7     0.7     0.0   31.18  159.93   17.65    0.32  172.24   30.86  181.86   25.70    0.00    9.51    19.4     5.0    2.63    2.76    4.01    0.07    0.10    0.05    0.05    0.05    0.04    9.58   19.46    5.03    2.68    2.81    4.05
 2008 224    72   303     2    68.6    67.8     0.8     0.0   31.62  160.29   17.65    0.32  172.26   31.30  187.10   25.70    0.00    9.14    17.5     5.1    2.42    2.52    3.66    0.09    0.15    0.05    0.05    0.05    0.04    9.24   17.68    5.20    2.47    2.57    3.70
 2008 225    73   303     2    67.8    67.0     0.8     0.0   32.07  160.67   17.65    0.32  172.27   31.76  188.35   25.70    0.00    8.96    16.4     5.6    2.46    2.49    3.61    0.12    0.18    0.05    0.05    0.05    0.04    9.08   16.60    5.64    2.50    2.54    3.65
 2008 226    74   303     2    67.5    66.6     0.8     0.0   32.54  161.10   17.65    0.32  172.28   32.22  189.12   25.70    0.00    3.75    11.5     9.9    2.68    2.50    3.60    0.14    0.19    0.05    0.05    0.05    0.04    3.89   11.72    9.99    2.73    2.54    3.64
 2008 227    75   303     2    67.9    66.9     1.0     0.0   32.97  161.41   17.65    0.32  172.30   32.65  189.12   25.70    0.00    3.72    11.4     9.7    3.02    2.55    3.62    0.17    0.22    0.07    0.05    0.05    0.04    3.88   11.66    9.78    3.07    2.60    3.66
 2008 228    76   303     2    68.1    67.1     1.0     0.0   33.39  161.73   17.85    0.32  172.31   33.07  189.12   25.70    0.00    3.64    11.2     9.5    3.41    2.61    3.65    0.19    0.24    0.09    0.05    0.05    0.04    3.83   11.40    9.54    3.46    2.66    3.69
 2008 229    77   303     2    67.6    66.5     1.1     0.0   33.80  162.08   18.02    0.32  172.32   33.49  189.82   25.70    0.00    3.56    10.9     9.2    3.66    2.65    3.64    0.19    0.25    0.10    0.05    0.05    0.04    3.76   11.11    9.25    3.71    2.70    3.68
 2008 230    78   303     2    67.9    66.8     1.1     0.0   34.24  162.48   18.15    0.32  172.34   33.92  189.82   25.70    0.00    3.52    10.7     9.1    3.81    2.73    3.67    0.20    0.26    0.10    0.05    0.05    0.04    3.72   11.00    9.15    3.86    2.78    3.71
 2008 231    79   303     2    68.1    67.0     1.1     0.0   34.64  162.85   18.35    0.32  172.35   34.32  189.82   25.70    0.00    3.46    10.6     8.9    4.04    2.80    3.70    0.21    0.26    0.10    0.05    0.05    0.04    3.67   10.84    8.98    4.09    2.86    3.74
 2008 232    80   303     2    68.3    67.2     1.1     0.0   35.04  163.25   18.51    0.32  172.37   34.73  189.82   25.70    0.00    3.42    10.5     8.7    4.22    2.88    3.74    0.21    0.25    0.10    0.05    0.05    0.04    3.63   10.71    8.84    4.27    2.93    3.78
 2008 233    81   303     2    68.6    67.5     1.1     0.0   35.46  163.69   18.62    0.32  172.38   35.15  189.82   25.70    0.00    3.40    10.4     8.6    4.38    2.96    3.78    0.20    0.23    0.09    0.05    0.05    0.04    3.61   10.61    8.72    4.43    3.01    3.82
 2008 234    82   303     2    68.9    67.9     1.0     0.0   35.89  164.15   18.70    0.32  172.40   35.58  189.82   25.70    0.00    1.42     7.4    10.6    4.90    3.04    3.82    0.19    0.22    0.09    0.05    0.05    0.04    1.61    7.63   10.69    4.95    3.09    3.86
 2008 235    83   303     2    68.9    67.8     1.1     0.0   36.26  164.41   19.07    0.32  172.41   35.95  189.82   25.70    0.00    1.39     7.2    10.3    5.05    3.21    3.86    0.21    0.25    0.10    0.05    0.05    0.04    1.61    7.44   10.39    5.11    3.26    3.90
 2008 236    84   303     2    69.0    67.8     1.2     0.0   36.67  164.74   19.39    0.32  172.42   36.35  189.82   25.70    0.00    1.39     7.0    10.0    5.28    3.29    3.91    0.21    0.27    0.12    0.05    0.05    0.04    1.60    7.29   10.10    5.33    3.34    3.95
 2008 237    85   303     2    69.1    67.9     1.2     0.0   37.09  165.13   19.67    0.32  172.44   36.78  189.82   25.70    0.00    1.41     6.9     9.7    5.45    3.39    3.96    0.20    0.28    0.13    0.05    0.05    0.04    1.61    7.17    9.86    5.50    3.44    4.00
 2008 238    86   303     2    69.3    68.1     1.2     0.0   37.53  165.55   19.90    0.32  172.46   37.21  189.82   25.70    0.00    0.80     5.5     9.8    6.26    3.51    4.01    0.19    0.28    0.13    0.05    0.05    0.04    0.99    5.76    9.98    6.31    3.56    4.05
 2008 239    87   303     2    69.3    68.1     1.3     0.0   37.93  165.84   20.23    0.32  172.47   37.61  189.82   25.70    0.00    0.79     5.3     9.6    6.15    3.84    4.06    0.20    0.30    0.14    0.06    0.05    0.04    1.00    5.63    9.73    6.21    3.89    4.10
 2008 240    88   303     2    69.4    68.1     1.3     0.0   38.34  166.19   20.54    0.32  172.48   38.03  189.82   25.70    0.00    0.80     5.2     9.3    6.09    4.08    4.13    0.21    0.32    0.16    0.06    0.05    0.04    1.01    5.53    9.50    6.15    4.13    4.17
 2008 241    89   303     2    69.6    68.3     1.3     0.0   38.77  166.60   20.81    0.32  172.50   38.45  189.82   25.70    0.00    0.83     5.1     9.1    6.24    4.13    4.21    0.20    0.33    0.16    0.05    0.05    0.04    1.03    5.44    9.26    6.29    4.18    4.25
 2008 242    90   303     2    69.8    68.5     1.3     0.0   39.20  167.03   21.04    0.32  172.52   38.89  189.82   25.70    0.00    0.87     5.1     9.0    6.30    4.17    4.28    0.19    0.33    0.16    0.05    0.05    0.04    1.06    5.39    9.12    6.35    4.22    4.32
 2008 243    91   303     2    70.0    68.7     1.3     0.0   39.64  167.49   21.24    0.32  172.53   39.32  189.82   25.70    0.00    0.89     5.0     8.7    6.45    4.23    4.35    0.18    0.32    0.15    0.05    0.05    0.04    1.07    5.33    8.90    6.50    4.28    4.39
 2008 244    92   303     2    70.2    69.0     1.3     0.0   40.07  167.93   21.41    0.32  172.53   39.75  189.82   25.70    0.00    0.92     5.0     8.6    6.54    4.30    4.41    0.20    0.30    0.15    0.05    0.05    0.04    1.12    5.29    8.73    6.59    4.35    4.45
 2008 245    93   303     2    70.5    69.3     1.2     0.0   40.50  168.40   21.56    0.32  172.54   40.19  189.82   25.70    0.00    0.96     5.0     8.4    6.62    4.39    4.47    0.20    0.28    0.14    0.05    0.05    0.04    1.16    5.25    8.58    6.67    4.44    4.51
 2008 246    94   303     2    70.8    69.7     1.1     0.0   40.93  168.89   21.66    0.32  172.54   40.61  189.82   25.70    0.00    1.01     5.0     8.3    6.69    4.48    4.53    0.20    0.26    0.13    0.05    0.05    0.04    1.21    5.24    8.43    6.74    4.53    4.57
 2008 247    95   303     2    71.2    70.1     1.1     0.0   41.35  169.38   21.74    0.32  172.54   41.04  189.82   25.70    0.00    1.08     5.0     8.2    6.76    4.57    4.59    0.18    0.23    0.11    0.05    0.05    0.04    1.26    5.24    8.29    6.81    4.62    4.63
 2008 248    96   303     2    71.5    70.5     1.0     0.0   41.77  169.86   21.79    0.32  172.54   41.46  189.82   25.70    0.00    1.14     5.0     8.1    6.83    4.65    4.64    0.17    0.21    0.10    0.05    0.05    0.04    1.31    5.25    8.17    6.88    4.70    4.68
 2008 249    97   303     2    71.9    71.0     0.9     0.0   42.21  170.37   21.81    0.32  172.54   41.89  189.82   25.70    0.00    1.22     5.1     8.0    6.88    4.74    4.70    0.15    0.18    0.09    0.05    0.05    0.04    1.37    5.29    8.07    6.93    4.79    4.74
 2008 250    98   303     2    72.4    71.5     0.8     0.0   42.65  170.91   21.83    0.32  172.55   42.34  189.82   25.70    0.00    1.26     5.1     8.0    6.93    4.82    4.75    0.15    0.16    0.06    0.05    0.05    0.04    1.42    5.26    8.03    6.97    4.87    4.79
 2008 251    99   303     2    72.8    72.0     0.8     0.0   43.10  171.41   21.83    0.32  172.55   42.79  189.82   25.70    0.00    1.16     5.1     8.0    6.97    4.89    4.80    0.15    0.14    0.05    0.05    0.05    0.04    1.31    5.28    8.04    7.02    4.94    4.84
 2008 252   100   303     2    73.2    72.4     0.8     0.0   43.54  171.84   21.86    0.32  172.55   43.23  189.82   25.70    0.00    0.91     5.1     8.0    7.02    4.95    4.85    0.18    0.14    0.05    0.05    0.05    0.04    1.09    5.27    8.09    7.07    5.00    4.88
 2008 253   101   303     2    73.6    72.8     0.8     0.0   43.98  172.23   21.91    0.32  172.55   43.66  189.82   25.70    0.00    0.79     5.0     8.1    7.09    5.02    4.89    0.21    0.16    0.05    0.05    0.05    0.04    1.00    5.18    8.12    7.14    5.07    4.93
 2008 254   102   303     2    74.0    73.1     0.9     0.0   44.40  172.61   21.98    0.32  172.55   44.09  189.82   25.70    0.00    0.51     4.2     8.5    7.20    5.09    4.94    0.24    0.18    0.05    0.05    0.05    0.04    0.75    4.38    8.59    7.25    5.13    4.97
 2008 255   103   303     2    74.3    73.3     1.0     0.0   44.79  172.90   22.05    0.32  172.55   44.48  189.82   25.70    0.00    0.51     4.1     8.3    7.48    5.17    4.98    0.26    0.21    0.06    0.05    0.05    0.04    0.78    4.30    8.32    7.53    5.22    5.02
 2008 256   104   303     2    74.1    73.0     1.0     0.0   45.18  173.24   22.11    0.32  172.56   44.87  190.36   25.70    0.00    0.53     4.0     8.0    7.62    5.24    4.99    0.28    0.23    0.07    0.05    0.05    0.04    0.81    4.22    8.03    7.67    5.29    5.03
 2008 257   105   303     2    70.2    69.2     1.0     0.0   45.58  173.64   22.16    0.32  172.56   45.27  194.54   25.70    0.00    0.55     3.8     7.4    7.20    5.04    4.75    0.28    0.24    0.06    0.05    0.05    0.04    0.83    4.00    7.50    7.25    5.09    4.79
 2008 258   106   303     2    68.4    67.4     1.0     0.0   45.99  174.06   22.20    0.32  172.56   45.68  196.75   25.70    0.00    0.58     3.6     7.2    7.01    4.97    4.64    0.27    0.24    0.05    0.05    0.05    0.04    0.86    3.83    7.22    7.06    5.02    4.68
 2008 259   107   303     2    66.9    66.0     1.0     0.0   46.41  174.50   22.24    0.32  172.56   46.09  198.57   25.70    0.00    0.63     3.4     7.0    6.87    4.92    4.57    0.25    0.23    0.05    0.05    0.05    0.04    0.89    3.67    7.00    6.92    4.97    4.60
 2008 260   108   303     2    64.2    63.3     0.9     0.0   46.84  174.99   22.26    0.32  172.57   46.53  201.75   25.70    0.00    0.68     3.2     6.6    6.59    4.76    4.40    0.22    0.21    0.05    0.05    0.05    0.04    0.91    3.44    6.65    6.64    4.80    4.43
 2008 261   109   303     2    62.7    61.9     0.8     0.0   47.28  175.49   22.28    0.32  172.57   46.96  203.61   25.70    0.00    0.75     3.1     6.4    6.45    4.69    4.31    0.19    0.19    0.05    0.05    0.05    0.04    0.94    3.29    6.44    6.50    4.73    4.35
 2008 262   110   303     2    61.0    60.2     0.8     0.0   47.72  175.98   22.28    0.32  172.57   47.40  205.76   25.70    0.00    0.81     3.0     6.2    6.28    4.59    4.21    0.16    0.16    0.05    0.05    0.05    0.03    0.97    3.14    6.21    6.33    4.64    4.25
 2008 263   111   303     2    60.4    59.6     0.8     0.0   48.15  176.45   22.28    0.32  172.57   47.83  206.84   25.70    0.00    0.87     2.9     6.0    6.23    4.57    4.18    0.14    0.14    0.05    0.05    0.05    0.03    1.01    3.05    6.09    6.28    4.62    4.21
 2008 264   112   303     2    59.8    59.1     0.7     0.0   48.56  176.90   22.28    0.32  172.57   48.25  207.77   25.70    0.00    0.88     2.9     5.9    6.18    4.56    4.15    0.13    0.11    0.05    0.05    0.05    0.04    1.01    3.01    5.99    6.23    4.61    4.19
 2008 265   113   303     2    57.1    56.4     0.7     0.0   48.97  177.33   22.28    0.32  172.58   48.65  210.94   25.70    0.00    0.91     2.8     5.6    5.88    4.37    3.98    0.11    0.10    0.05    0.05    0.05    0.04    1.02    2.88    5.64    5.93    4.42    4.01
 2008 266   114   303     2    55.3    54.6     0.7     0.0   49.37  177.73   22.28    0.32  172.58   49.05  213.13   25.70    0.00    0.87     2.7     5.4    5.68    4.25    3.86    0.10    0.10    0.05    0.05    0.05    0.04    0.97    2.80    5.43    5.73    4.30    3.90
 2008 267   115   303     2    54.9    54.2     0.7     0.0   49.75  178.11   22.28    0.32  172.58   49.43  213.90   25.70    0.00    0.91     2.7     5.3    5.62    4.24    3.84    0.10    0.10    0.05    0.05    0.05    0.04    1.01    2.80    5.34    5.67    4.29    3.88
 2008 268   116   303     2    53.7    53.0     0.7     0.0   50.11  178.45   22.28    0.32  172.58   49.80  215.47   25.70    0.00    0.82     2.6     5.2    5.49    4.16    3.77    0.11    0.10    0.05    0.05    0.05    0.04    0.94    2.75    5.20    5.54    4.21    3.80
 2008 269   117   303     2    52.3    51.6     0.7     0.0   50.46  178.77   22.28    0.32  172.58   50.15  217.17   25.70    0.00    0.76     2.6     5.0    5.34    4.07    3.68    0.13    0.10    0.05    0.05    0.05    0.04    0.88    2.66    5.06    5.40    4.12    3.72
 2008 270   118   303     2    50.9    50.1     0.8     0.0   50.77  179.05   22.28    0.32  172.59   50.46  218.92   25.70    0.00    0.71     2.4     4.8    5.20    3.97    3.59    0.15    0.10    0.06    0.06    0.05    0.04    0.86    2.55    4.90    5.25    4.02    3.63
 2008 271   119   303     2    51.2    50.4     0.8     0.0   51.07  179.33   22.28    0.32  172.59   50.75  218.92   25.70    0.00    0.68     2.4     4.9    5.24    4.01    3.62    0.15    0.11    0.06    0.06    0.05    0.04    0.84    2.53    4.91    5.29    4.06    3.66
 2008 272   120   303     2    51.4    50.6     0.8     0.0   51.33  179.56   22.29    0.32  172.59   51.01  218.92   25.70    0.00    0.64     2.4     4.9    5.27    4.04    3.64    0.17    0.11    0.06    0.06    0.05    0.04    0.81    2.52    4.91    5.33    4.10    3.68
 2008 273   121   303     2    51.7    50.8     0.8     0.0   51.57  179.78   22.29    0.32  172.59   51.25  218.92   25.70    0.00    0.62     2.4     4.9    5.31    4.08    3.67    0.18    0.11    0.06    0.06    0.05    0.04    0.80    2.48    4.91    5.37    4.14    3.71
 2008 274   122   303     2    51.9    51.1     0.8     0.0   51.81  180.01   22.29    0.32  172.60   51.49  218.92   25.70    0.00    0.60     2.3     4.8    5.35    4.12    3.70    0.19    0.11    0.06    0.06    0.05    0.04    0.79    2.45    4.91    5.41    4.18    3.74
 2008 275   123   303     2    52.2    51.3     0.8     0.0   52.07  180.28   22.29    0.32  172.60   51.76  218.92   25.70    0.00    0.60     2.3     4.8    5.39    4.17    3.72    0.18    0.11    0.06    0.06    0.05    0.04    0.78    2.43    4.91    5.45    4.22    3.76
