*SOIL-PLANT-ATMOSPHERE MODULE OUTPUT FILE

*DSSAT Cropping System Model Ver. 4.8.0.024 -stable  SEP 25, 2026 04:14:10

*RUN   1        : Sim2008                   MZCER048 fileX.MZ    1
 MODEL          : MZCER048 - Maize
 EXPERIMENT     : fileX.MZ    CNYC
 DATA PATH      :
 TREATMENT  1   : Sim2008                   MZCER048
  
@YEAR DOY   DAS   SRAA  TMAXA  TMINA    REFA    EOAA    EOPA    EOSA    ETAA    EPAA    ESAA    EFAA    EMAA    EOAC    ETAC    EPAC    ESAC    EFAC    EMAC    KCAA    KBSA    KEAA
 2008 153     1  22.95  33.08  19.46 -99.000   6.493   0.000   6.493   5.696   0.000   5.696   0.000   0.000    6.49    5.70    0.00    5.70    0.00    0.00 -99.000 -99.000 -99.000 
 2008 154     2  24.17  32.89  15.73 -99.000   6.503   0.000   6.503   2.503   0.000   2.503   0.000   0.000   13.00    8.20    0.00    8.20    0.00    0.00 -99.000 -99.000 -99.000 
 2008 155     3  17.20  38.16  21.56 -99.000   5.818   0.000   5.818   1.394   0.000   1.394   0.000   0.000   18.81    9.59    0.00    9.59    0.00    0.00 -99.000 -99.000 -99.000 
 2008 156     4  19.73  37.08  26.15 -99.000   6.513   0.000   6.513   1.087   0.000   1.087   0.000   0.000   25.33   10.68    0.00   10.68    0.00    0.00 -99.000 -99.000 -99.000 
 2008 157     5  11.36  37.44  27.47 -99.000   3.854   0.000   3.854   0.922   0.000   0.922   0.000   0.000   29.18   11.60    0.00   11.60    0.00    0.00 -99.000 -99.000 -99.000 
 2008 158     6  24.83  32.06  21.41 -99.000   6.895   0.000   6.895   0.816   0.000   0.816   0.000   0.000   36.08   12.42    0.00   12.42    0.00    0.00 -99.000 -99.000 -99.000 
 2008 159     7  20.90  34.21  21.89 -99.000   5.955   0.000   5.955   0.739   0.000   0.739   0.000   0.000   42.03   13.16    0.00   13.16    0.00    0.00 -99.000 -99.000 -99.000 
 2008 160     8  23.71  35.39  20.30 -99.000   6.882   0.000   6.882   0.681   0.000   0.681   0.000   0.000   48.91   13.84    0.00   13.84    0.00    0.00 -99.000 -99.000 -99.000 
 2008 161     9  31.29  35.65  20.23 -99.000   9.207   0.000   9.207   0.634   0.000   0.634   0.000   0.000   58.12   14.47    0.00   14.47    0.00    0.00 -99.000 -99.000 -99.000 
 2008 162    10  21.91  31.47  17.44 -99.000   5.873   0.000   5.873   0.596   0.000   0.596   0.000   0.000   63.99   15.07    0.00   15.07    0.00    0.00 -99.000 -99.000 -99.000 
 2008 163    11  24.93  33.15  18.54 -99.000   6.858   0.000   6.858   6.159   0.000   6.159   0.000   0.000   70.85   21.23    0.00   21.23    0.00    0.00 -99.000 -99.000 -99.000 
 2008 164    12  20.37  32.04  21.63 -99.000   5.830   0.000   5.830   3.344   0.000   3.344   0.000   0.000   76.68   24.57    0.00   24.57    0.00    0.00 -99.000 -99.000 -99.000 
 2008 165    13   6.68  31.71  21.56 -99.000   1.879   0.000   1.879   1.607   0.000   1.607   0.000   0.000   78.56   26.18    0.00   26.18    0.00    0.00 -99.000 -99.000 -99.000 
 2008 166    14  24.00  40.57  23.18 -99.000   9.409   0.000   9.409   1.112   0.000   1.112   0.000   0.000   87.97   27.29    0.00   27.29    0.00    0.00 -99.000 -99.000 -99.000 
 2008 167    15  15.63  36.03  24.59 -99.000   4.949   0.000   4.949   2.878   0.000   2.878   0.000   0.000   92.92   30.17    0.00   30.17    0.00    0.00 -99.000 -99.000 -99.000 
 2008 168    16  21.65  34.46  19.41 -99.000   6.263   0.000   6.263   6.158   0.000   6.158   0.000   0.000   99.18   36.33    0.00   36.33    0.00    0.00 -99.000 -99.000 -99.000 
 2008 169    17  18.87  35.95  21.21 -99.000   5.839   0.000   5.839   3.346   0.000   3.346   0.000   0.000  105.02   39.67    0.00   39.67    0.00    0.00 -99.000 -99.000 -99.000 
 2008 170    18  22.73  34.66  20.69 -99.000   6.550   0.000   6.550   1.449   0.000   1.449   0.000   0.000  111.57   41.12    0.00   41.12    0.00    0.00 -99.000 -99.000 -99.000 
 2008 171    19  15.23  31.82  20.02 -99.000   4.268   0.000   4.268   1.112   0.000   1.112   0.000   0.000  115.84   42.23    0.00   42.23    0.00    0.00 -99.000 -99.000 -99.000 
 2008 172    20  21.05  32.03  17.59 -99.000   5.820   0.000   5.820   0.938   0.000   0.938   0.000   0.000  121.66   43.17    0.00   43.17    0.00    0.00 -99.000 -99.000 -99.000 
 2008 173    21  13.08  23.18  18.27 -99.000   3.288   0.000   3.288   3.288   0.000   3.288   0.000   0.000  124.95   46.46    0.00   46.46    0.00    0.00 -99.000 -99.000 -99.000 
 2008 174    22  19.04  26.50  17.63 -99.000   5.029   0.000   5.029   5.029   0.000   5.029   0.000   0.000  129.97   51.49    0.00   51.49    0.00    0.00 -99.000 -99.000 -99.000 
 2008 175    23   6.69  21.65  16.56 -99.000   1.641   0.000   1.641   1.641   0.000   1.641   0.000   0.000  131.62   53.13    0.00   53.13    0.00    0.00 -99.000 -99.000 -99.000 
 2008 176    24   6.68  17.89  14.34 -99.000   1.552   0.000   1.552   1.552   0.000   1.552   0.000   0.000  133.17   54.68    0.00   54.68    0.00    0.00 -99.000 -99.000 -99.000 
 2008 177    25   9.98  19.56  14.89 -99.000   2.381   0.000   2.381   2.381   0.000   2.381   0.000   0.000  135.55   57.06    0.00   57.06    0.00    0.00 -99.000 -99.000 -99.000 
 2008 178    26  26.33  28.60  17.76 -99.000   7.148   0.000   7.148   5.736   0.000   5.736   0.000   0.000  142.70   62.80    0.00   62.80    0.00    0.00 -99.000 -99.000 -99.000 
 2008 179    27  27.44  32.53  18.64 -99.000   7.653   0.021   7.632   1.994   0.021   1.973   0.000   0.000  150.35   64.79    0.02   64.77    0.00    0.00 -99.000 -99.000 -99.000 
 2008 180    28  26.80  31.61  19.69 -99.000   7.458   0.044   7.413   1.337   0.044   1.293   0.000   0.000  157.81   66.13    0.07   66.06    0.00    0.00 -99.000 -99.000 -99.000 
 2008 181    29  21.42  35.57  19.40 -99.000   6.375   0.060   6.315   1.097   0.060   1.038   0.000   0.000  164.18   67.23    0.12   67.10    0.00    0.00 -99.000 -99.000 -99.000 
 2008 182    30  24.07  34.29  20.09 -99.000   6.915   0.153   6.761   1.045   0.153   0.892   0.000   0.000  171.10   68.27    0.28   67.99    0.00    0.00 -99.000 -99.000 -99.000 
 2008 183    31   9.60  33.07  22.75 -99.000   2.767   0.104   2.663   0.898   0.104   0.794   0.000   0.000  173.86   69.17    0.38   68.79    0.00    0.00 -99.000 -99.000 -99.000 
 2008 184    32  11.94  29.47  21.77 -99.000   3.283   0.182   3.101   0.905   0.182   0.723   0.000   0.000  177.15   70.07    0.56   69.51    0.00    0.00 -99.000 -99.000 -99.000 
 2008 185    33  17.74  30.74  22.42 -99.000   4.953   0.364   4.587   1.033   0.364   0.668   0.000   0.000  182.10   71.11    0.93   70.18    0.00    0.00 -99.000 -99.000 -99.000 
 2008 186    34  23.11  34.67  24.38 -99.000   6.788   0.651   6.134   1.275   0.651   0.624   0.000   0.000  188.89   72.38    1.58   70.80    0.00    0.00 -99.000 -99.000 -99.000 
 2008 187    35  18.87  35.32  22.51 -99.000   5.561   0.698   4.860   1.286   0.698   0.588   0.000   0.000  194.45   73.67    2.28   71.39    0.00    0.00 -99.000 -99.000 -99.000 
 2008 188    36  14.11  31.30  21.54 -99.000   3.884   0.613   3.268   3.207   0.613   2.594   0.000   0.000  198.33   76.88    2.89   73.99    0.00    0.00 -99.000 -99.000 -99.000 
 2008 189    37  18.40  35.92  22.71 -99.000   5.627   1.060   4.562   3.692   1.060   2.632   0.000   0.000  203.96   80.57    3.95   76.62    0.00    0.00 -99.000 -99.000 -99.000 
 2008 190    38   8.55  37.58  25.46 -99.000   2.858   0.651   2.204   2.060   0.651   1.409   0.000   0.000  206.82   82.63    4.60   78.03    0.00    0.00 -99.000 -99.000 -99.000 
 2008 191    39  13.15  40.50  26.22 -99.000   5.029   1.320   3.704   2.414   1.320   1.094   0.000   0.000  211.85   85.04    5.92   79.12    0.00    0.00 -99.000 -99.000 -99.000 
 2008 192    40  11.85  32.20  22.35 -99.000   3.235   0.934   2.297   2.530   0.934   1.596   0.000   0.000  215.08   87.57    6.85   80.72    0.00    0.00 -99.000 -99.000 -99.000 
 2008 193    41  16.33  39.42  24.11 -99.000   5.878   1.923   3.947   4.527   1.923   2.604   0.000   0.000  220.96   92.10    8.78   83.32    0.00    0.00 -99.000 -99.000 -99.000 
 2008 194    42  24.78  33.91  25.50 -99.000   6.994   2.575   4.407   3.981   2.575   1.406   0.000   0.000  227.95   96.08   11.35   84.73    0.00    0.00 -99.000 -99.000 -99.000 
 2008 195    43  21.29  29.85  21.86 -99.000   5.531   2.384   3.135   3.477   2.384   1.093   0.000   0.000  233.49   99.56   13.74   85.82    0.00    0.00 -99.000 -99.000 -99.000 
 2008 196    44  12.22  33.44  22.16 -99.000   3.268   1.568   1.692   2.494   1.568   0.926   0.000   0.000  236.75  102.05   15.30   86.75    0.00    0.00 -99.000 -99.000 -99.000 
 2008 197    45  19.81  31.16  23.82 -99.000   5.196   2.748   2.434   3.566   2.748   0.818   0.000   0.000  241.95  105.62   18.05   87.56    0.00    0.00 -99.000 -99.000 -99.000 
 2008 198    46  14.85  39.03  25.12 -99.000   4.977   2.915   2.050   3.656   2.915   0.741   0.000   0.000  246.93  109.27   20.97   88.30    0.00    0.00 -99.000 -99.000 -99.000 
 2008 199    47   6.93  36.18  27.52 -99.000   2.030   1.274   0.750   1.956   1.274   0.682   0.000   0.000  248.96  111.23   22.24   88.99    0.00    0.00 -99.000 -99.000 -99.000 
 2008 200    48  23.19  41.56  27.74 -99.000   8.791   5.708   3.061   6.344   5.708   0.636   0.000   0.000  257.75  117.57   27.95   89.62    0.00    0.00 -99.000 -99.000 -99.000 
 2008 201    49  17.61  38.08  28.32 -99.000   5.657   3.885   1.756   4.482   3.885   0.597   0.000   0.000  263.40  122.05   31.83   90.22    0.00    0.00 -99.000 -99.000 -99.000 
 2008 202    50  10.54  39.93  28.80 -99.000   3.689   2.664   1.015   3.229   2.664   0.565   0.000   0.000  267.09  125.28   34.50   90.79    0.00    0.00 -99.000 -99.000 -99.000 
 2008 203    51   6.45  34.84  27.55 -99.000   1.738   1.281   0.452   1.733   1.281   0.452   0.000   0.000  268.83  127.02   35.78   91.24    0.00    0.00 -99.000 -99.000 -99.000 
 2008 204    52   6.44  32.58  26.95 -99.000   1.698   1.273   0.418   1.692   1.273   0.418   0.000   0.000  270.53  128.71   37.05   91.66    0.00    0.00 -99.000 -99.000 -99.000 
 2008 205    53   7.84  32.84  24.91 -99.000   2.038   1.553   0.478   2.030   1.553   0.478   0.000   0.000  272.57  130.74   38.61   92.13    0.00    0.00 -99.000 -99.000 -99.000 
 2008 206    54  13.71  36.24  26.41 -99.000   3.914   3.034   0.867   3.901   3.034   0.867   0.000   0.000  276.48  134.64   41.64   93.00    0.00    0.00 -99.000 -99.000 -99.000 
 2008 207    55   6.39  36.65  27.15 -99.000   1.865   1.480   0.379   1.859   1.480   0.379   0.000   0.000  278.35  136.50   43.12   93.38    0.00    0.00 -99.000 -99.000 -99.000 
 2008 208    56  13.64  39.23  29.28 -99.000   4.605   3.689   0.902   4.591   3.689   0.902   0.000   0.000  282.95  141.09   46.81   94.28    0.00    0.00 -99.000 -99.000 -99.000 
 2008 209    57  20.28  37.89  27.14 -99.000   6.305   5.112   1.171   6.284   5.112   1.171   0.000   0.000  289.26  147.37   51.92   95.45    0.00    0.00 -99.000 -99.000 -99.000 
 2008 210    58  19.40  36.23  25.78 -99.000   5.468   4.519   0.930   5.449   4.519   0.930   0.000   0.000  294.72  152.82   56.44   96.38    0.00    0.00 -99.000 -99.000 -99.000 
 2008 211    59  17.97  35.77  26.60 -99.000   4.948   4.164   0.766   4.770   4.164   0.607   0.000   0.000  299.67  157.59   60.60   96.99    0.00    0.00 -99.000 -99.000 -99.000 
 2008 212    60  16.80  36.88  25.92 -99.000   4.876   4.162   0.696   4.858   4.162   0.696   0.000   0.000  304.55  162.45   64.77   97.68    0.00    0.00 -99.000 -99.000 -99.000 
 2008 213    61  12.51  33.88  25.93 -99.000   3.239   2.794   0.433   3.227   2.794   0.433   0.000   0.000  307.79  165.68   67.56   98.12    0.00    0.00 -99.000 -99.000 -99.000 
 2008 214    62  18.28  34.34  26.78 -99.000   4.775   4.170   0.587   4.757   4.170   0.587   0.000   0.000  312.56  170.43   71.73   98.70    0.00    0.00 -99.000 -99.000 -99.000 
 2008 215    63  20.35  37.95  24.91 -99.000   6.162   5.447   0.692   6.139   5.447   0.692   0.000   0.000  318.73  176.57   77.18   99.40    0.00    0.00 -99.000 -99.000 -99.000 
 2008 216    64  23.75  36.91  24.34 -99.000   6.786   6.050   0.709   6.759   6.050   0.709   0.000   0.000  325.51  183.33   83.23  100.11    0.00    0.00 -99.000 -99.000 -99.000 
 2008 217    65  24.60  36.64  22.94 -99.000   6.857   6.169   0.660   6.829   6.169   0.660   0.000   0.000  332.37  190.16   89.40  100.77    0.00    0.00 -99.000 -99.000 -99.000 
 2008 218    66  20.65  34.94  21.66 -99.000   5.214   4.730   0.462   5.191   4.730   0.462   0.000   0.000  337.58  195.35   94.13  101.23    0.00    0.00 -99.000 -99.000 -99.000 
 2008 219    67  19.04  33.11  22.20 -99.000   4.730   4.317   0.392   4.709   4.317   0.392   0.000   0.000  342.31  200.06   98.44  101.62    0.00    0.00 -99.000 -99.000 -99.000 
 2008 220    68   8.19  28.99  21.95 -99.000   1.944   1.783   0.152   1.934   1.783   0.152   0.000   0.000  344.26  202.00  100.23  101.77    0.00    0.00 -99.000 -99.000 -99.000 
 2008 221    69  12.75  31.20  24.00 -99.000   3.141   2.888   0.239   3.127   2.888   0.239   0.000   0.000  347.40  205.12  103.11  102.01    0.00    0.00 -99.000 -99.000 -99.000 
 2008 222    70  18.48  33.88  25.03 -99.000   4.711   4.346   0.345   4.691   4.346   0.345   0.000   0.000  352.11  209.81  107.46  102.35    0.00    0.00 -99.000 -99.000 -99.000 
 2008 223    71  18.48  36.51  26.17 -99.000   5.205   4.824   0.360   5.184   4.824   0.360   0.000   0.000  357.31  215.00  112.28  102.71    0.00    0.00 -99.000 -99.000 -99.000 
 2008 224    72  20.69  35.15  26.44 -99.000   5.424   5.047   0.356   5.402   5.047   0.356   0.000   0.000  362.74  220.40  117.33  103.07    0.00    0.00 -99.000 -99.000 -99.000 
 2008 225    73  22.59  37.00  25.33 -99.000   6.490   5.985   0.479   6.464   5.985   0.479   0.000   0.000  369.23  226.86  123.31  103.55    0.00    0.00 -99.000 -99.000 -99.000 
 2008 226    74  19.10  34.33  23.32 -99.000   4.835   4.451   0.362   4.814   4.451   0.362   0.000   0.000  374.06  231.68  127.77  103.91    0.00    0.00 -99.000 -99.000 -99.000 
 2008 227    75  11.27  32.41  24.02 -99.000   2.810   2.584   0.214   2.798   2.584   0.214   0.000   0.000  376.87  234.48  130.35  104.13    0.00    0.00 -99.000 -99.000 -99.000 
 2008 228    76  10.81  30.52  22.20 -99.000   2.619   2.405   0.202   2.607   2.405   0.202   0.000   0.000  379.49  237.08  132.75  104.33    0.00    0.00 -99.000 -99.000 -99.000 
 2008 229    77  16.45  29.92  21.80 -99.000   3.947   3.620   0.308   3.928   3.620   0.308   0.000   0.000  383.44  241.01  136.37  104.64    0.00    0.00 -99.000 -99.000 -99.000 
 2008 230    78  12.83  27.75  22.92 -99.000   3.029   2.775   0.239   3.014   2.775   0.239   0.000   0.000  386.47  244.02  139.15  104.88    0.00    0.00 -99.000 -99.000 -99.000 
 2008 231    79  16.64  31.72  21.94 -99.000   4.078   3.732   0.326   4.059   3.732   0.326   0.000   0.000  390.54  248.08  142.88  105.20    0.00    0.00 -99.000 -99.000 -99.000 
 2008 232    80  17.40  32.12  21.02 -99.000   4.254   3.889   0.345   4.234   3.889   0.345   0.000   0.000  394.80  252.32  146.77  105.55    0.00    0.00 -99.000 -99.000 -99.000 
 2008 233    81  11.44  32.15  22.78 -99.000   2.832   2.587   0.233   2.819   2.587   0.233   0.000   0.000  397.63  255.14  149.36  105.78    0.00    0.00 -99.000 -99.000 -99.000 
 2008 234    82  20.42  31.29  23.10 -99.000   5.023   4.564   0.436   5.000   4.564   0.436   0.000   0.000  402.65  260.14  153.92  106.21    0.00    0.00 -99.000 -99.000 -99.000 
 2008 235    83  14.13  32.25  21.48 -99.000   3.470   3.150   0.304   3.454   3.150   0.304   0.000   0.000  406.12  263.59  157.07  106.52    0.00    0.00 -99.000 -99.000 -99.000 
 2008 236    84  19.23  29.14  21.27 -99.000   4.559   4.131   0.405   4.536   4.131   0.405   0.000   0.000  410.68  268.13  161.20  106.92    0.00    0.00 -99.000 -99.000 -99.000 
 2008 237    85  13.29  27.98  18.26 -99.000   3.042   2.752   0.274   3.026   2.752   0.274   0.000   0.000  413.72  271.15  163.95  107.20    0.00    0.00 -99.000 -99.000 -99.000 
 2008 238    86  12.25  29.36  21.05 -99.000   2.907   2.627   0.266   2.893   2.627   0.266   0.000   0.000  416.63  274.05  166.58  107.46    0.00    0.00 -99.000 -99.000 -99.000 
 2008 239    87   8.46  28.51  23.78 -99.000   2.028   1.830   0.189   2.019   1.830   0.189   0.000   0.000  418.66  276.06  168.41  107.65    0.00    0.00 -99.000 -99.000 -99.000 
 2008 240    88   5.61  26.37  20.73 -99.000   1.284   1.155   0.122   1.277   1.155   0.122   0.000   0.000  419.94  277.34  169.57  107.77    0.00    0.00 -99.000 -99.000 -99.000 
 2008 241    89  17.88  29.22  18.89 -99.000   4.186   3.759   0.406   4.165   3.759   0.406   0.000   0.000  424.13  281.51  173.33  108.18    0.00    0.00 -99.000 -99.000 -99.000 
 2008 242    90  14.49  28.77  19.74 -99.000   3.394   3.040   0.337   3.377   3.040   0.337   0.000   0.000  427.52  284.88  176.37  108.52    0.00    0.00 -99.000 -99.000 -99.000 
 2008 243    91  14.82  27.98  18.78 -99.000   3.415   3.049   0.348   3.398   3.049   0.348   0.000   0.000  430.94  288.28  179.42  108.87    0.00    0.00 -99.000 -99.000 -99.000 
 2008 244    92   6.94  24.68  20.07 -99.000   1.554   1.383   0.163   1.546   1.383   0.163   0.000   0.000  432.49  289.83  180.80  109.03    0.00    0.00 -99.000 -99.000 -99.000 
 2008 245    93  13.15  28.30  21.33 -99.000   3.101   2.752   0.334   3.086   2.752   0.334   0.000   0.000  435.59  292.91  183.55  109.36    0.00    0.00 -99.000 -99.000 -99.000 
 2008 246    94  15.17  29.87  14.41 -99.000   3.456   3.052   0.386   3.438   3.052   0.386   0.000   0.000  439.05  296.35  186.60  109.75    0.00    0.00 -99.000 -99.000 -99.000 
 2008 247    95  20.74  30.64  15.68 -99.000   4.814   4.234   0.555   4.790   4.234   0.555   0.000   0.000  443.86  301.14  190.84  110.30    0.00    0.00 -99.000 -99.000 -99.000 
 2008 248    96  12.85  23.34  12.21 -99.000   2.662   2.327   0.319   2.646   2.327   0.319   0.000   0.000  446.53  303.79  193.16  110.62    0.00    0.00 -99.000 -99.000 -99.000 
 2008 249    97   5.32  22.01  14.76 -99.000   1.108   0.965   0.136   1.101   0.965   0.136   0.000   0.000  447.63  304.89  194.13  110.76    0.00    0.00 -99.000 -99.000 -99.000 
 2008 250    98  13.74  30.37  14.32 -99.000   3.165   2.749   0.400   3.149   2.749   0.400   0.000   0.000  450.80  308.04  196.88  111.16    0.00    0.00 -99.000 -99.000 -99.000 
 2008 251    99  17.52  29.88  16.06 -99.000   4.064   3.508   0.535   4.044   3.508   0.535   0.000   0.000  454.86  312.08  200.39  111.69    0.00    0.00 -99.000 -99.000 -99.000 
 2008 252   100  12.51  23.12  12.79 -99.000   2.608   2.233   0.360   2.593   2.233   0.360   0.000   0.000  457.47  314.67  202.62  112.05    0.00    0.00 -99.000 -99.000 -99.000 
 2008 253   101  13.68  27.46  13.56 -99.000   3.036   2.587   0.433   3.020   2.587   0.433   0.000   0.000  460.51  317.69  205.21  112.49    0.00    0.00 -99.000 -99.000 -99.000 
 2008 254   102  19.60  28.73  11.22 -99.000   4.338   3.669   0.646   4.315   3.669   0.646   0.000   0.000  464.85  322.01  208.87  113.13    0.00    0.00 -99.000 -99.000 -99.000 
 2008 255   103   5.95  27.55  12.77 -99.000   1.314   1.103   0.204   1.307   1.103   0.204   0.000   0.000  466.16  323.31  209.98  113.34    0.00    0.00 -99.000 -99.000 -99.000 
 2008 256   104  15.13  27.23  14.26 -99.000   3.370   2.803   0.549   3.352   2.803   0.549   0.000   0.000  469.53  326.67  212.78  113.88    0.00    0.00 -99.000 -99.000 -99.000 
 2008 257   105  23.62  30.09  18.96 -99.000   5.634   4.643   0.965   5.608   4.643   0.965   0.000   0.000  475.16  332.27  217.42  114.85    0.00    0.00 -99.000 -99.000 -99.000 
 2008 258   106  13.95  27.97  12.07 -99.000   3.086   2.503   0.567   3.070   2.503   0.567   0.000   0.000  478.25  335.34  219.93  115.42    0.00    0.00 -99.000 -99.000 -99.000 
 2008 259   107  19.30  29.96  12.57 -99.000   4.393   3.520   0.851   4.371   3.520   0.851   0.000   0.000  482.64  339.71  223.45  116.27    0.00    0.00 -99.000 -99.000 -99.000 
 2008 260   108  24.64  33.17  16.30 -99.000   5.983   4.724   1.233   5.957   4.724   1.233   0.000   0.000  488.63  345.67  228.17  117.50    0.00    0.00 -99.000 -99.000 -99.000 
 2008 261   109   8.44  28.31  14.49 -99.000   1.919   1.480   0.429   1.909   1.480   0.429   0.000   0.000  490.54  347.58  229.65  117.93    0.00    0.00 -99.000 -99.000 -99.000 
 2008 262   110  18.61  30.59  13.01 -99.000   4.322   3.265   1.037   4.302   3.265   1.037   0.000   0.000  494.87  351.88  232.92  118.97    0.00    0.00 -99.000 -99.000 -99.000 
 2008 263   111  13.60  27.90  14.83 -99.000   3.103   2.287   0.802   3.089   2.287   0.802   0.000   0.000  497.97  354.97  235.20  119.77    0.00    0.00 -99.000 -99.000 -99.000 
 2008 264   112  15.35  27.80  14.73 -99.000   3.504   2.512   0.977   3.489   2.512   0.977   0.000   0.000  501.47  358.46  237.71  120.75    0.00    0.00 -99.000 -99.000 -99.000 
 2008 265   113   4.74  26.11  14.99 -99.000   1.066   0.740   0.322   1.062   0.740   0.322   0.000   0.000  502.54  359.52  238.45  121.07    0.00    0.00 -99.000 -99.000 -99.000 
 2008 266   114  16.44  31.17  23.27 -99.000   4.173   2.799   1.359   4.159   2.799   1.359   0.000   0.000  506.71  363.68  241.25  122.43    0.00    0.00 -99.000 -99.000 -99.000 
 2008 267   115  16.96  28.44  18.41 -99.000   4.026   2.699   1.312   3.780   2.699   1.081   0.000   0.000  510.74  367.46  243.95  123.51    0.00    0.00 -99.000 -99.000 -99.000 
 2008 268   116  17.96  30.00  13.62 -99.000   4.181   2.802   1.362   4.164   2.802   1.362   0.000   0.000  514.92  371.62  246.75  124.87    0.00    0.00 -99.000 -99.000 -99.000 
