*GHG emissions output file

*DSSAT Cropping System Model Ver. 4.8.0.024 -stable  SEP 25, 2026 04:14:10

*RUN   1        : Sim2008                   MZCER048 fileX.MZ    1
 MODEL          : MZCER048 - Maize
 EXPERIMENT     : fileX.MZ    CNYC
 DATA PATH      :
 TREATMENT  1   : Sim2008                   MZCER048
  
!               |------ Daily (g/ha) -----|--- Cumulative (kg/ha) ---|---- Cum CO2-equiv kg[CO2eq]/ha ---|
!                    CO2      N2O      CH4      CO2      N2O      CH4      CO2      N2O      CH4    Total
!                g[C]/ha  g[N]/ha  g[C]/ha kg[C]/ha kg[N]/ha kg[C]/ha    CO2eq    CO2eq    CO2eq    CO2eq
@YEAR DOY   DAS    CO2ED    N2OED    CH4ED    CO2EC    N2OEC    CH4EC    CCEQC    NCEQC    MCEQC    TCEQC
 2008 153     1    21.80     0.00     0.00    21.80     0.00     0.00       80        0        0       80
 2008 154     2    16.56     0.00     0.00    38.36     0.00     0.00      141        0        0      141
 2008 155     3    14.50     0.00     0.00    52.86     0.00     0.00      194        1        0      195
 2008 156     4    13.72     0.00     0.00    66.59     0.00     0.00      244        1        0      245
 2008 157     5    13.21     0.00     0.00    79.80     0.00     0.00      293        1        0      294
 2008 158     6    12.86     0.00     0.00    92.66     0.00     0.00      340        1        0      341
 2008 159     7    12.30     0.00     0.00   104.96     0.00     0.00      385        1        0      387
 2008 160     8    11.99     0.00     0.00   116.95     0.00     0.00      429        2        0      431
 2008 161     9    11.48     0.00     0.00   128.43     0.00     0.00      471        2        0      473
 2008 162    10    11.12     0.00     0.00   139.55     0.00     0.00      512        2        0      514
 2008 163    11    10.42     0.00     0.00   149.98     0.00     0.00      550        2        0      553
 2008 164    12    11.84     0.00     0.00   161.82     0.01     0.00      594        2        0      596
 2008 165    13    10.18     0.00     0.00   172.00     0.01     0.00      631        3        0      634
 2008 166    14    11.04     0.00     0.00   183.03     0.01     0.00      672        3        0      675
 2008 167    15    11.80     0.00     0.00   194.83     0.01     0.00      715        3        0      718
 2008 168    16    12.41     0.00     0.00   207.25     0.01     0.00      761        3        0      764
 2008 169    17    10.36     0.00     0.00   217.61     0.01     0.00      799        3        0      802
 2008 170    18     9.97     0.01     0.00   227.58     0.01     0.00      835        6        0      841
 2008 171    19    11.78     0.00     0.00   239.36     0.02     0.00      878        8        0      887
 2008 172    20    11.50     0.00     0.00   250.86     0.02     0.00      921       10        0      931
 2008 173    21    11.39     0.00     0.00   262.25     0.03     0.00      962       12        0      975
 2008 174    22     8.42     0.00     0.00   270.67     0.03     0.00      993       13        0     1006
 2008 175    23     7.96     0.00     0.00   278.63     0.03     0.00     1023       14        0     1037
 2008 176    24     6.62     0.00     0.00   285.25     0.03     0.00     1047       14        0     1061
 2008 177    25     5.90     0.00     0.00   291.15     0.03     0.00     1069       14        0     1083
 2008 178    26     5.34     0.00     0.00   296.50     0.03     0.00     1088       15        0     1103
 2008 179    27     6.11     0.01     0.00   302.61     0.04     0.00     1111       17        0     1128
 2008 180    28     7.18     0.01     0.00   309.79     0.04     0.00     1137       19        0     1156
 2008 181    29     8.60     0.01     0.00   318.39     0.05     0.00     1168       22        0     1191
 2008 182    30    10.28     0.01     0.00   328.66     0.06     0.00     1206       26        0     1232
 2008 183    31    11.76     0.01     0.00   340.43     0.07     0.00     1249       32        0     1281
 2008 184    32    12.18     0.02     0.00   352.61     0.08     0.00     1294       39        0     1333
 2008 185    33    12.05     0.02     0.00   364.65     0.10     0.00     1338       49        0     1387
 2008 186    34    11.99     0.03     0.00   376.64     0.13     0.00     1382       61        0     1443
 2008 187    35    11.85     0.03     0.00   388.49     0.16     0.00     1426       75        0     1501
 2008 188    36    11.69     0.03     0.00   400.18     0.20     0.00     1469       91        0     1560
 2008 189    37    10.82     0.00     0.00   411.00     0.20     0.00     1508       94        0     1602
 2008 190    38    11.25     0.03     0.00   422.26     0.23     0.00     1550      106        0     1655
 2008 191    39    11.23     0.03     0.00   433.49     0.26     0.00     1591      122        0     1713
 2008 192    40    11.22     0.03     0.00   444.71     0.29     0.00     1632      138        0     1770
 2008 193    41    10.80     0.00     0.00   455.51     0.30     0.00     1672      139        0     1811
 2008 194    42    11.07     0.02     0.00   466.58     0.32     0.00     1712      148        0     1861
 2008 195    43    10.97     0.04     0.00   477.55     0.36     0.00     1753      167        0     1920
 2008 196    44    10.76     0.04     0.00   488.31     0.40     0.00     1792      186        0     1978
 2008 197    45    10.48     0.04     0.00   498.79     0.44     0.00     1831      204        0     2035
 2008 198    46    10.46     0.04     0.00   509.24     0.47     0.00     1869      222        0     2091
 2008 199    47    10.16     0.04     0.00   519.40     0.51     0.00     1906      239        0     2146
 2008 200    48    10.19     0.04     0.00   529.59     0.55     0.00     1944      256        0     2199
 2008 201    49     9.97     0.03     0.00   539.56     0.58     0.00     1980      272        0     2252
 2008 202    50     9.90     0.03     0.00   549.46     0.61     0.00     2017      287        0     2303
 2008 203    51     9.71     0.03     0.00   559.17     0.64     0.00     2052      301        0     2354
 2008 204    52     9.49     0.00     0.00   568.66     0.65     0.00     2087      302        0     2389
 2008 205    53     9.81     0.01     0.00   578.47     0.65     0.00     2123      306        0     2429
 2008 206    54     9.91     0.02     0.00   588.38     0.68     0.00     2159      317        0     2476
 2008 207    55     9.71     0.03     0.00   598.09     0.71     0.00     2195      331        0     2526
 2008 208    56     9.31     0.00     0.00   607.40     0.71     0.00     2229      331        0     2560
 2008 209    57     9.58     0.01     0.00   616.98     0.71     0.00     2264      334        0     2599
 2008 210    58     9.64     0.03     0.00   626.62     0.74     0.00     2300      348        0     2647
 2008 211    59     9.46     0.03     0.00   636.08     0.77     0.00     2334      361        0     2695
 2008 212    60     9.33     0.03     0.00   645.40     0.80     0.00     2369      374        0     2743
 2008 213    61     9.21     0.03     0.00   654.62     0.83     0.00     2402      386        0     2789
 2008 214    62     9.13     0.02     0.00   663.75     0.85     0.00     2436      398        0     2834
 2008 215    63     9.01     0.02     0.00   672.76     0.87     0.00     2469      409        0     2878
 2008 216    64     8.81     0.02     0.00   681.57     0.90     0.00     2501      419        0     2921
 2008 217    65     8.56     0.02     0.00   690.13     0.92     0.00     2533      429        0     2962
 2008 218    66     8.30     0.02     0.00   698.42     0.94     0.00     2563      438        0     3001
 2008 219    67     8.11     0.02     0.00   706.53     0.95     0.00     2593      447        0     3040
 2008 220    68     7.94     0.02     0.00   714.47     0.97     0.00     2622      455        0     3077
 2008 221    69     7.88     0.02     0.00   722.35     0.99     0.00     2651      462        0     3113
 2008 222    70     7.76     0.01     0.00   730.12     1.00     0.00     2680      469        0     3149
 2008 223    71     7.58     0.01     0.00   737.70     1.02     0.00     2707      476        0     3183
 2008 224    72     7.40     0.01     0.00   745.09     1.03     0.00     2734      482        0     3216
 2008 225    73     7.21     0.01     0.00   752.30     1.04     0.00     2761      488        0     3248
 2008 226    74     6.95     0.01     0.00   759.25     1.05     0.00     2786      493        0     3280
 2008 227    75     6.73     0.01     0.00   765.97     1.06     0.00     2811      498        0     3309
 2008 228    76     7.04     0.00     0.00   773.01     1.06     0.00     2837      499        0     3336
 2008 229    77     7.32     0.00     0.00   780.33     1.07     0.00     2864      500        0     3364
 2008 230    78     7.40     0.01     0.00   787.73     1.08     0.00     2891      504        0     3395
 2008 231    79     7.79     0.00     0.00   795.52     1.08     0.00     2920      505        0     3424
 2008 232    80     7.84     0.00     0.00   803.36     1.08     0.00     2948      506        0     3454
 2008 233    81     7.87     0.00     0.00   811.23     1.08     0.00     2977      507        0     3484
 2008 234    82     7.84     0.01     0.00   819.06     1.09     0.00     3006      510        0     3516
 2008 235    83     7.76     0.01     0.00   826.82     1.10     0.00     3034      514        0     3548
 2008 236    84     7.67     0.01     0.00   834.50     1.10     0.00     3063      517        0     3580
 2008 237    85     7.52     0.01     0.00   842.02     1.11     0.00     3090      521        0     3611
 2008 238    86     7.35     0.01     0.00   849.37     1.12     0.00     3117      524        0     3641
 2008 239    87     7.17     0.01     0.00   856.55     1.13     0.00     3144      527        0     3671
 2008 240    88     7.00     0.01     0.00   863.54     1.13     0.00     3169      530        0     3699
 2008 241    89     6.83     0.00     0.00   870.37     1.13     0.00     3194      530        0     3725
 2008 242    90     7.06     0.00     0.00   877.43     1.13     0.00     3220      531        0     3751
 2008 243    91     7.09     0.01     0.00   884.52     1.14     0.00     3246      534        0     3780
 2008 244    92     7.00     0.01     0.00   891.52     1.15     0.00     3272      537        0     3809
 2008 245    93     6.96     0.01     0.00   898.48     1.15     0.00     3297      540        0     3837
 2008 246    94     6.90     0.01     0.00   905.38     1.16     0.00     3323      543        0     3865
 2008 247    95     6.74     0.01     0.00   912.12     1.16     0.00     3347      545        0     3893
 2008 248    96     6.67     0.01     0.00   918.79     1.17     0.00     3372      548        0     3920
 2008 249    97     6.64     0.00     0.00   925.43     1.17     0.00     3396      550        0     3946
 2008 250    98     6.70     0.00     0.00   932.13     1.17     0.00     3421      550        0     3971
 2008 251    99     6.90     0.00     0.00   939.03     1.18     0.00     3446      551        0     3997
 2008 252   100     6.93     0.01     0.00   945.96     1.18     0.00     3472      553        0     4025
 2008 253   101     6.87     0.00     0.00   952.82     1.18     0.00     3497      553        0     4050
 2008 254   102     6.96     0.00     0.00   959.78     1.18     0.00     3522      554        0     4076
 2008 255   103     7.05     0.00     0.00   966.83     1.19     0.00     3548      555        0     4103
 2008 256   104     7.09     0.01     0.00   973.93     1.19     0.00     3574      558        0     4132
 2008 257   105     7.04     0.01     0.00   980.97     1.20     0.00     3600      560        0     4160
 2008 258   106     6.97     0.00     0.00   987.94     1.20     0.00     3626      562        0     4188
 2008 259   107     6.87     0.00     0.00   994.81     1.21     0.00     3651      564        0     4215
 2008 260   108     6.68     0.00     0.00  1001.49     1.21     0.00     3675      566        0     4242
 2008 261   109     6.45     0.00     0.00  1007.94     1.21     0.00     3699      568        0     4268
 2008 262   110     6.58     0.00     0.00  1014.52     1.22     0.00     3723      570        0     4294
 2008 263   111     6.54     0.00     0.00  1021.06     1.22     0.00     3747      572        0     4319
 2008 264   112     6.40     0.00     0.00  1027.46     1.23     0.00     3771      574        0     4345
 2008 265   113     6.23     0.00     0.00  1033.69     1.23     0.00     3794      576        0     4369
 2008 266   114     6.15     0.00     0.00  1039.84     1.23     0.00     3816      577        0     4394
 2008 267   115     5.97     0.00     0.00  1045.82     1.24     0.00     3838      579        0     4417
 2008 268   116     5.75     0.00     0.00  1051.57     1.24     0.00     3859      581        0     4440
