*SIMULATION OVERVIEW FILE

*DSSAT Cropping System Model Ver. 4.8.0.024 -stable  SEP 25, 2026 04:14:10

*RUN   1        : Sim2008                   MZCER048 fileX.MZ    1
 MODEL          : MZCER048 - Maize
 EXPERIMENT     : fileX.MZ    CNYC
 DATA PATH      :
 TREATMENT  1   : Sim2008                   MZCER048


 CROP           : Maize            CULTIVAR : Yucheng  No985   ECOTYPE :IB0001
 STARTING DATE  : JUN  1 2008
 PLANTING DATE  : JUN 18 2008      PLANTS/m2 :     6.6    ROW SPACING :  50.cm
 WEATHER        : CNYC   2008
 SOIL           : YC99001200     TEXTURE : -99   - Cinnamon soil
 SOIL INITIAL C : DEPTH: 90cm EXTR. H2O:247.5mm  NO3: 85.7kg/ha  NH4: 52.0kg/ha
 WATER BALANCE  : IRRIGATE ON REPORTED DATE(S)
 IRRIGATION     :      120 mm IN     1 APPLICATIONS
 NITROGEN BAL.  : SOIL-N & N-UPTAKE SIMULATION; NO N-FIXATION
 N-FERTILIZER   :      303 kg/ha IN     2 APPLICATIONS
 RESIDUE/MANURE : INITIAL :  1000 kg/ha ;       0 kg/ha IN     0 APPLICATIONS
 ENVIRONM. OPT. : DAYL=    0.00  SRAD=    0.00  TMAX=    0.00  TMIN=    0.00
                  RAIN=    0.00  CO2 =    0.00  DEW =    0.00  WIND=    0.00
 SIMULATION OPT : WATER   :Y  NITROGEN:Y  N-FIX:N  PHOSPH :N  PESTS  :N
                  PHOTO   :C  ET      :R  INFIL:S  HYDROL :R  SOM    :G
                  CO2 385ppm  NSWIT   :1  EVAP :R  SOIL   :2  STEMP  :D
 MANAGEMENT OPT : PLANTING:R  IRRIG   :R  FERT :R  RESIDUE:R  HARVEST:M
                  WEATHER :W  TILLAGE :Y

*SUMMARY OF SOIL AND GENETIC INPUT PARAMETERS

   SOIL LOWER UPPER   SAT  EXTR  INIT   ROOT   BULK     pH    NO3    NH4    ORG
  DEPTH LIMIT LIMIT    SW    SW    SW   DIST   DENS                          C
   cm   cm3/cm3    cm3/cm3    cm3/cm3         g/cm3         ugN/g  ugN/g     %
-------------------------------------------------------------------------------
  0-  5 0.090 0.330 0.460 0.240 0.300   1.00   1.34   8.30  10.00   4.00   1.30
  5- 15 0.090 0.330 0.460 0.240 0.300   1.00   1.34   8.30  10.00   4.00   1.30
 15- 30 0.110 0.360 0.490 0.250 0.300   1.00   1.42   8.40   8.00   4.00   0.99
 30- 45 0.120 0.370 0.540 0.250 0.300   1.00   1.44   8.30   6.00   4.00   0.58
 45- 60 0.120 0.370 0.540 0.250 0.300   1.00   1.44   8.30   6.00   4.00   0.58
 60- 90 0.070 0.400 0.550 0.330 0.300   1.00   1.51   8.30   5.00   4.00   0.43

TOT- 90   8.7  33.5  47.0  24.8  27.0  <--cm   -  kg/ha-->   85.7   52.0  91752
SOIL ALBEDO    : 0.13      EVAPORATION LIMIT : 6.00         MIN. FACTOR  : 1.00
RUNOFF CURVE # :81.00      DRAINAGE RATE     : 0.05         FERT. FACTOR : 1.00

 Maize            CULTIVAR: ZD0985-Yucheng  No985     ECOTYPE: IB0001
 P1     : 245.20  P2     : 0.4940  P5     : 690.30
 G2     : 530.60  G3     : 12.500  PHINT  : 40.000


*SIMULATED CROP AND SOIL STATUS AT MAIN DEVELOPMENT STAGES

 RUN NO.     1     Sim2008                 

        CROP GROWTH     BIOMASS         LEAF   CROP N     STRESS      STRESS                                           
   DATE  AGE STAGE        kg/ha    LAI   NUM  kg/ha  %   H2O  Nitr Phos1 Phos2  RSTG                                   
 ------  --- ----------   -----  -----  ----  ---  ---  ----  ----  ----  ----  ----                                   
  1 JUN    0 Start Sim        0   0.00   0.0    0  0.0  0.00  0.00  0.00  0.00     7
 18 JUN    0 Sowing           0   0.00   0.0    0  0.0  0.00  0.00  0.00  0.00     8
 19 JUN    1 Germinate        0   0.00   0.0    0  0.0  0.00  0.00  0.00  0.00     9
 26 JUN    8 Emergence       26   0.00   2.1    1  4.4  0.00  0.00  0.00  0.00     1
  8 JUL   20 End Juveni     229   0.45   8.9    8  3.4  0.00  0.00  0.00  0.00     2
 14 JUL   26 Floral Ini     697   1.11  12.1   25  3.6  0.00  0.00  0.00  0.00     3
 11 AUG   54 75% Silkin    6918   3.80  25.0  143  2.1  0.00  0.00  0.00  0.00     4
 20 AUG   63 Beg Gr Fil    9009   3.57  25.0  143  1.6  0.00  0.00  0.00  0.00     5
 22 SEP   96 End Gr Fil   16402   1.64  25.0  195  1.2  0.00  0.00  0.00  0.00     6
 24 SEP   98 Maturity     16402   1.64  25.0  195  1.2  0.00  0.00  0.00  0.00    10
 24 SEP   98 Harvest      16402   1.64  25.0  195  1.2  0.00  0.00  0.00  0.00    10


*MAIN GROWTH AND DEVELOPMENT VARIABLES

@     VARIABLE                                         SIMULATED     MEASURED
      --------                                         ---------     --------
      Anthesis day (dap)                                      54          -99
      Physiological maturity day (dap)                        98          -99
      Yield at harvest maturity (kg [dm]/ha)                7948          -99
      Number at maturity (no/m2)                            1932          -99
      Unit wt at maturity (g [dm]/unit)                   0.4115          -99
      Number at maturity (no/unit)                         292.7          -99
      Tops weight at maturity (kg [dm]/ha)                 16402          -99
      By-product produced (stalk) at maturity (kg[dm]/ha    8521          -99
      Leaf area index, maximum                              3.97          -99
      Harvest index at maturity                            0.485          -99
      Grain N at maturity (kg/ha)                            136          -99
      Tops N at maturity (kg/ha)                             195          -99
      Stem N at maturity (kg/ha)                              60          -99
      Grain N at maturity (%)                                1.7          -99
      Tops weight at anthesis (kg [dm]/ha)                  6572          -99
      Tops N at anthesis (kg/ha)                             140          -99
      Leaf number per stem at maturity                     24.99          -99
      Emergence day (dap)                                      8          -99


*ENVIRONMENTAL AND STRESS FACTORS

 |-----Development Phase------|--------------------------------------Environment--------------------------------------|-----------------Stress-----------------|
                              |---------------Average--------------|-----Cumulative-----|--------Count of days--------|          (0=Min, 1=Max Stress)         |
                         Time  Temp  Temp  Temp Solar Photop                Evapo    Pot TMIN TMIN TMAX TMAX TMAX RAIN|----Water----|---Nitrogen--|-Phosphorus-|
                         Span   Max   Min  Mean   Rad  [day]    CO2   Rain  Trans     ET   <    <    >    >    >    >   Photo         Photo         Photo
                         days    øC    øC    øC MJ/m2     hr    ppm     mm     mm     mm  0øC  2øC 30øC 32øC 34øC  0mm  synth Growth  synth Growth  synth Growth
----------------------------------------------------------------------------------------------------------------------------------------------------------------
 Emergence-End Juvenile    12  32.8  21.1  26.9  20.0  14.47  385.3   13.0   23.5   68.4    0    0   10    7    5    1  0.000  0.000  0.002  0.005  0.000  0.000
 End Juvenil-Floral Init    6  35.6  24.3  29.9  16.0  14.36  385.3    6.7   19.0   29.5    0    0    5    5    3    1  0.000  0.000  0.001  0.003  0.000  0.000
 Floral Init-End Lf Grow   28  35.6  25.6  30.6  15.4  13.96  385.5   17.1  115.4  123.8    0    0   27   25   19    3  0.000  0.000  0.000  0.000  0.000  0.000
 End Lf Grth-Beg Grn Fil    9  32.3  23.2  27.8  16.4  13.38  385.6   42.6   37.3   37.5    0    0    7    5    3    2  0.000  0.000  0.000  0.000  0.000  0.000
 Grain Filling Phase       33  28.4  16.8  22.6  14.1  12.59  385.7   45.1  107.2  107.7    0    0    8    3    0    7  0.000  0.000  0.000  0.000  0.000  0.000
   
 Planting to Harvest       98  31.6  21.0  26.3  15.6  13.53  385.5  257.7  327.8  405.7    0    0   61   47   31   19  0.000  0.000  0.000  0.001  0.000  0.000
----------------------------------------------------------------------------------------------------------------------------------------------------------------


*Resource Productivity
 Growing season length:  98 days 

 Precipitation during growing season       257.7 mm[rain]
   Dry Matter Productivity                  6.37 kg[DM]/m3[rain]          =   63.7 kg[DM]/ha per mm[rain]
   Yield Productivity                       3.08 kg[grain yield]/m3[rain] =   30.8 kg[yield]/ha per mm[rain]

 Evapotranspiration during growing season  327.8 mm[ET]
   Dry Matter Productivity                  5.00 kg[DM]/m3[ET]            =   50.0 kg[DM]/ha per mm[ET]
   Yield Productivity                       2.42 kg[grain yield]/m3[ET]   =   24.2 kg[yield]/ha per mm[ET]

 Transpiration during growing season       246.8 mm[EP]
   Dry Matter Productivity                  6.65 kg[DM]/m3[EP]            =   66.5 kg[DM]/ha per mm[EP]
   Yield Productivity                       3.22 kg[grain yield]/m3[EP]   =   32.2 kg[yield]/ha per mm[EP]

 Irrigation during growing season          120.0 mm[irrig]
   Dry Matter Productivity                 13.67 kg[DM]/m3[irrig]         =  136.7 kg[DM]/ha per mm[irrig]
   Yield Productivity                       6.62 kg[grain yield]/m3[irrig]=   66.2 kg[yield]/ha per mm[irrig]

 N applied during growing season            303. kg[N applied]/ha
   Dry Matter Productivity                  54.1 kg[DM]/kg[N applied]
   Yield Productivity                       26.2 kg[yield]/kg[N applied]

 N uptake during growing season              205 kg[N uptake]/ha
   Dry Matter Productivity                  80.0 kg[DM]/kg[N uptake]
   Yield Productivity                       38.8 kg[yield]/kg[N uptake]

--------------------------------------------------------------------------------------------------------------

                     Maize YIELD :     7948 kg/ha    [Dry weight] 

**************************************************************************************************************
