*PLANT N OUTPUT FILE

*DSSAT Cropping System Model Ver. 4.8.0.024 -stable  SEP 25, 2026 04:14:10

*RUN   1        : Sim2008                   MZCER048 fileX.MZ    1
 MODEL          : MZCER048 - Maize
 EXPERIMENT     : fileX.MZ    CNYC
 DATA PATH      :
 TREATMENT  1   : Sim2008                   MZCER048
  
@YEAR DOY   DAS   DAP   CNAD   GNAD   VNAD   GN%D   VN%D   NUPC   LNAD   SNAD   LN%D   SN%D   RN%D   SNN0C   SNN1C
 2008 170    18     0    0.0    0.0    0.0   0.00   0.00    0.0    0.0    0.0    0.0   0.00   0.00    0.00    0.00
 2008 171    19     1    0.0    0.0    0.0   0.00   0.00    0.0    0.0    0.0    0.0   0.00   0.00    0.00    0.00
 2008 172    20     2    0.0    0.0    0.0   0.00   0.00    0.0    0.0    0.0    0.0   0.00   0.00    0.00    0.00
 2008 173    21     3    0.0    0.0    0.0   0.00   0.00    0.0    0.0    0.0    0.0   0.00   0.00    0.00    0.00
 2008 174    22     4    0.0    0.0    0.0   0.00   0.00    0.0    0.0    0.0    0.0   0.00   0.00    0.00    0.00
 2008 175    23     5    0.0    0.0    0.0   0.00   0.00    0.0    0.0    0.0    0.0   0.00   0.00    0.00    0.00
 2008 176    24     6    0.0    0.0    0.0   0.00   0.00    0.0    0.0    0.0    0.0   0.00   0.00    0.00    0.00
 2008 177    25     7    0.0    0.0    0.0   0.00   0.00    0.0    0.0    0.0    0.0   0.00   0.00    0.00    0.00
 2008 178    26     8    1.2    0.0    1.2   0.00   4.40    0.0    0.6    0.6    4.4   4.40   2.19    0.00    0.00
 2008 179    27     9    1.2    0.0    1.2   0.00   4.40    0.0    0.6    0.6    4.4   4.40   2.08    0.00    0.00
 2008 180    28    10    1.2    0.0    1.2   0.00   4.40    0.0    0.6    0.6    4.4   4.40   1.86    0.00    0.00
 2008 181    29    11    1.2    0.0    1.2   0.00   4.40    0.0    0.6    0.6    4.4   4.40   1.64    0.00    0.00
 2008 182    30    12    1.2    0.0    1.2   0.00   3.82    0.0    0.7    0.5    3.8   3.82   1.36    0.00    0.00
 2008 183    31    13    1.3    0.0    1.3   0.00   3.09    0.1    0.9    0.4    3.1   3.09   1.11    0.00    0.00
 2008 184    32    14    1.7    0.0    1.7   0.00   3.21    0.6    1.3    0.4    3.2   3.21   1.14    0.00    0.00
 2008 185    33    15    2.2    0.0    2.2   0.00   3.15    1.2    1.8    0.4    3.1   3.15   1.26    0.00    0.00
 2008 186    34    16    2.9    0.0    2.9   0.00   3.01    2.0    2.5    0.4    3.0   3.01   1.36    0.00    0.01
 2008 187    35    17    3.9    0.0    3.9   0.00   3.05    3.1    3.5    0.4    3.1   3.05   1.27    0.00    0.01
 2008 188    36    18    5.0    0.0    5.0   0.00   3.18    4.3    4.6    0.4    3.2   3.18   1.21    0.00    0.01
 2008 189    37    19    6.2    0.0    6.2   0.00   3.04    5.7    5.8    0.4    3.0   3.04   1.27    0.00    0.02
 2008 190    38    20    7.9    0.0    7.9   0.00   3.43    7.3    7.4    0.5    3.4   3.43   1.15    0.00    0.02
 2008 191    39    21    8.9    0.0    8.9   0.00   3.40    8.5    8.5    0.4    3.4   3.40   1.23    0.00    0.02
 2008 192    40    22   10.1    0.0   10.1   0.00   3.20    9.7    9.7    0.4    3.2   3.20   1.17    0.00    0.03
 2008 193    41    23   11.9    0.0   11.9   0.00   3.16   11.8   11.5    0.4    3.2   3.16   1.25    0.00    0.03
 2008 194    42    24   18.3    0.0   18.3   0.00   3.77   18.8   17.8    0.5    3.8   3.77   1.37    0.00    0.04
 2008 195    43    25   21.7    0.0   21.7   0.00   3.71   22.8   21.2    0.5    3.7   3.71   1.33    0.00    0.05
 2008 196    44    26   25.2    0.0   25.2   0.00   3.62   26.0   24.7    0.5    3.6   3.62   1.10    0.00    0.06
 2008 197    45    27   29.8    0.0   29.8   0.00   3.54   31.4   29.3    0.6    3.5   3.54   1.25    0.00    0.07
 2008 198    46    28   35.2    0.0   35.2   0.00   3.62   36.5   34.4    0.8    3.6   3.62   1.12    0.00    0.09
 2008 199    47    29   36.1    0.0   36.1   0.00   3.44   37.3   35.1    0.9    3.4   3.44   1.09    0.00    0.10
 2008 200    48    30   44.9    0.0   44.9   0.00   3.73   46.5   43.2    1.7    3.7   3.73   1.17    0.00    0.11
 2008 201    49    31   47.3    0.0   47.3   0.00   3.42   48.9   44.7    2.6    3.4   3.42   1.13    0.00    0.13
 2008 202    50    32   49.3    0.0   49.3   0.00   3.35   50.9   46.1    3.2    3.3   3.35   1.11    0.00    0.14
 2008 203    51    33   49.6    0.0   49.6   0.00   3.17   51.2   45.7    3.9    3.2   3.17   1.08    0.00    0.16
 2008 204    52    34   51.7    0.0   51.7   0.00   3.12   53.3   46.9    4.7    3.1   3.12   1.08    0.00    0.17
 2008 205    53    35   54.4    0.0   54.4   0.00   3.06   56.1   48.4    5.9    3.1   3.06   1.09    0.00    0.19
 2008 206    54    36   59.6    0.0   59.6   0.00   3.03   61.5   51.3    8.2    3.0   3.03   1.11    0.00    0.20
 2008 207    55    37   61.0    0.0   61.0   0.00   2.97   62.8   51.7    9.2    3.0   2.97   1.09    0.00    0.22
 2008 208    56    38   65.6    0.0   65.6   0.00   2.99   67.6   54.2   11.4    3.0   2.99   1.12    0.00    0.23
 2008 209    57    39   71.4    0.0   71.4   0.00   2.92   73.7   56.3   15.1    2.9   2.92   1.14    0.00    0.25
 2008 210    58    40   77.0    0.0   77.0   0.00   2.81   79.4   57.8   19.2    2.8   2.81   1.12    0.00    0.27
 2008 211    59    41   83.2    0.0   83.2   0.00   2.76   85.8   59.7   23.5    2.8   2.76   1.12    0.00    0.29
 2008 212    60    42   88.8    0.0   88.8   0.00   2.72   91.6   61.5   27.4    2.7   2.72   1.12    0.00    0.30
 2008 213    61    43   92.0    0.0   92.0   0.00   2.65   94.8   63.0   29.1    2.7   2.65   1.10    0.00    0.32
 2008 214    62    44   98.4    0.0   98.4   0.00   2.61  101.4   65.2   33.2    2.6   2.61   1.11    0.00    0.34
 2008 215    63    45  105.4    0.0  105.4   0.00   2.60  108.7   67.6   37.8    2.6   2.60   1.13    0.00    0.36
 2008 216    64    46  112.3    0.0  112.3   0.00   2.55  115.9   69.2   43.1    2.5   2.55   1.13    0.00    0.39
 2008 217    65    47  119.8    0.0  119.8   0.00   2.50  123.5   71.0   48.7    2.5   2.50   1.12    0.00    0.41
 2008 218    66    48  125.4    0.0  125.4   0.00   2.46  129.3   72.2   53.1    2.5   2.46   1.11    0.00    0.43
 2008 219    67    49  130.3    0.0  130.3   0.00   2.43  134.4   73.3   56.9    2.4   2.43   1.11    0.00    0.46
 2008 220    68    50  130.4    0.0  130.4   0.00   2.37  134.5   72.6   57.8    2.4   2.37   1.08    0.00    0.48
 2008 221    69    51  133.3    0.0  133.3   0.00   2.35  137.6   73.2   60.1    2.3   2.35   1.09    0.00    0.51
 2008 222    70    52  137.5    0.0  137.5   0.00   2.33  142.1   74.8   62.8    2.3   2.33   1.10    0.00    0.53
 2008 223    71    53  140.0    0.0  140.0   0.00   2.30  144.7   75.5   64.5    2.3   2.30   1.11    0.00    0.56
 2008 224    72    54  142.8    0.0  142.8   0.00   2.31  147.7   74.9   67.9    2.3   2.31   1.10    0.00    0.59
 2008 225    73    55  142.8    0.0  142.8   0.00   2.28  147.7   73.2   69.6    2.3   2.28   1.07    0.00    0.59
 2008 226    74    56  142.8    0.0  142.8   0.00   2.27  147.7   71.8   71.0    2.3   2.27   1.05    0.00    0.59
 2008 227    75    57  142.8    0.0  142.8   0.00   2.27  147.7   70.8   72.0    2.3   2.27   1.03    0.00    0.59
 2008 228    76    58  142.8    0.0  142.8   0.00   2.27  147.7   69.9   73.0    2.3   2.27   1.02    0.00    0.59
 2008 229    77    59  142.8    0.0  142.8   0.00   2.28  147.7   68.7   74.1    2.3   2.28   1.01    0.00    0.59
 2008 230    78    60  142.8    0.0  142.8   0.00   2.28  147.7   67.7   75.2    2.3   2.28   0.99    0.00    0.59
 2008 231    79    61  142.8    0.0  142.8   0.00   2.29  147.7   66.5   76.3    2.3   2.29   0.98    0.00    0.59
 2008 232    80    62  142.8    0.0  142.8   0.00   2.30  147.7   65.3   77.5    2.3   2.30   0.96    0.00    0.59
 2008 233    81    63  142.8    4.0  138.8   1.76   2.23  147.7   63.5   75.3    2.2   2.23   0.96    0.00    0.59
 2008 234    82    64  142.8    8.1  134.7   1.75   2.17  147.7   61.6   73.1    2.2   2.17   0.91    0.00    0.59
 2008 235    83    65  142.8   12.3  130.5   1.75   2.10  147.7   59.7   70.8    2.1   2.10   0.90    0.00    0.59
 2008 236    84    66  142.8   16.5  126.4   1.74   2.03  147.7   57.8   68.6    2.0   2.03   0.86    0.00    0.59
 2008 237    85    67  142.8   20.6  122.3   1.73   1.97  147.7   55.9   66.3    2.0   1.97   0.86    0.00    0.59
 2008 238    86    68  142.8   24.7  118.2   1.73   1.90  147.7   54.1   64.1    1.9   1.90   0.86    0.00    0.59
 2008 239    87    69  142.8   28.9  114.0   1.73   1.86  147.7   52.8   61.2    1.9   1.86   0.87    0.00    0.59
 2008 240    88    70  142.8   33.0  109.9   1.72   1.83  147.7   52.1   57.8    1.8   1.83   0.87    0.00    0.59
 2008 241    89    71  142.8   37.1  105.8   1.72   1.75  147.7   49.7   56.1    1.7   1.75   0.84    0.00    0.59
 2008 242    90    72  142.8   41.2  101.7   1.72   1.67  147.7   47.6   54.1    1.7   1.67   0.83    0.00    0.59
 2008 243    91    73  142.8   45.3   97.6   1.72   1.60  147.7   45.5   52.0    1.6   1.60   0.82    0.00    0.59
 2008 244    92    74  142.8   49.4   93.5   1.72   1.56  147.7   44.4   49.1    1.6   1.56   0.83    0.00    0.59
 2008 245    93    75  142.8   53.5   89.4   1.71   1.49  147.7   42.4   46.9    1.5   1.49   0.83    0.00    0.59
 2008 246    94    76  141.6   57.6   84.0   1.71   1.39  148.3   39.7   44.3    1.4   1.39   1.08    0.00    0.62
 2008 247    95    77  145.0   61.7   83.3   1.71   1.37  152.5   38.9   44.4    1.4   1.37   1.12    0.00    0.66
 2008 248    96    78  148.1   65.8   82.3   1.71   1.35  155.1   38.4   43.9    1.4   1.35   1.07    0.00    0.70
 2008 249    97    79  149.3   69.9   79.4   1.71   1.33  156.3   38.0   41.5    1.3   1.33   1.07    0.00    0.74
 2008 250    98    80  152.1   74.0   78.1   1.71   1.31  159.2   37.3   40.8    1.3   1.31   1.07    0.00    0.77
 2008 251    99    81  155.2   78.1   77.1   1.71   1.28  162.7   36.6   40.6    1.3   1.28   1.09    0.00    0.81
 2008 252   100    82  158.2   82.2   76.0   1.71   1.27  165.5   36.1   39.9    1.3   1.27   1.07    0.00    0.85
 2008 253   101    83  161.2   86.3   74.9   1.71   1.25  168.5   35.5   39.3    1.2   1.25   1.07    0.00    0.89
 2008 254   102    84  164.8   90.4   74.4   1.71   1.23  172.8   35.0   39.4    1.2   1.23   1.10    0.00    0.93
 2008 255   103    85  166.2   94.5   71.7   1.71   1.21  173.9   34.5   37.2    1.2   1.21   1.07    0.00    0.98
 2008 256   104    86  169.4   98.6   70.7   1.71   1.19  177.1   33.9   36.8    1.2   1.19   1.08    0.00    1.02
 2008 257   105    87  173.0  102.7   70.2   1.71   1.17  181.6   33.2   37.1    1.2   1.17   1.12    0.00    1.06
 2008 258   106    88  176.0  106.8   69.2   1.71   1.15  184.2   32.7   36.5    1.1   1.15   1.07    0.00    1.10
 2008 259   107    89  179.5  111.0   68.5   1.71   1.13  188.1   32.1   36.4    1.1   1.13   1.09    0.00    1.15
 2008 260   108    90  183.1  115.1   68.0   1.71   1.10  192.4   31.4   36.6    1.1   1.10   1.12    0.00    1.19
 2008 261   109    91  185.0  119.2   65.8   1.71   1.09  193.9   30.9   34.9    1.1   1.09   1.07    0.00    1.24
 2008 262   110    92  188.2  123.3   65.0   1.71   1.07  197.5   30.4   34.6    1.1   1.07   1.08    0.00    1.28
 2008 263   111    93  191.0  127.4   63.6   1.71   1.05  200.1   29.8   33.8    1.0   1.05   1.07    0.00    1.33
 2008 264   112    94  194.0  131.5   62.5   1.71   1.03  203.1   29.3   33.2    1.0   1.03   1.07    0.00    1.38
 2008 265   113    95  195.4  135.6   59.9   1.71   1.02  204.5   28.9   30.9    1.0   1.02   1.07    0.00    1.42
 2008 266   114    96  195.4  135.6   59.9   1.71   1.02  204.5   28.9   30.9    1.0   1.02   1.07    0.00    1.42
 2008 267   115    97  195.4  135.6   59.9   1.71   1.02  204.5   28.9   30.9    1.0   1.02   1.07    0.00    1.42
 2008 268   116    98  195.4  135.6   59.9   1.71   1.02  204.5   28.9   30.9    1.0   1.02   1.07    0.00    1.42
