*Soil Inorganic Nitrogen daily output file

*DSSAT Cropping System Model Ver. 4.8.0.024 -stable  SEP 25, 2026 04:14:10

*RUN   1        : Sim2008                   MZCER048 fileX.MZ    1
 MODEL          : MZCER048 - Maize
 EXPERIMENT     : fileX.MZ    CNYC
 DATA PATH      :
 TREATMENT  1   : Sim2008                   MZCER048
  
!                                                                                                                                      NO3 (ppm) at soil dep. (cm):                    NH4 (ppm) at soil dep. (cm):                    Total Inorganic N @dep(ppm):
!                                                                                                                                       0-5    5-15   15-30   30-45   45-60   60-90     0-5    5-15   15-30   30-45   45-60   60-90     0-5    5-15   15-30   30-45   45-60   60-90
@YEAR DOY   DAS  NAPC  NI#M    NIAD    NITD    NHTD   NURTD    NMNC    NITC    NDNC    NIMC    AMLC   NNMNC    NUCM    NLCC    TDNC    NI1D    NI2D    NI3D    NI4D    NI5D    NI6D    NH1D    NH2D    NH3D    NH4D    NH5D    NH6D    NT1D    NT2D    NT3D    NT4D    NT5D    NT6D    
 2008 152     0     0     0   137.7    85.7    52.0     0.0    0.00    0.00    0.00    0.00    0.00    0.00    0.00    0.00    0.00   10.00    10.0     8.0    6.00    6.00    5.00    4.00    4.00    4.00    4.00    4.00    4.00   14.00   14.00   12.00   10.00   10.00    9.00
 2008 153     1     0     0   137.5   100.1    37.4     0.0    0.09   14.42    0.00    0.21    0.00   -0.12    0.00    0.00    0.00   13.42    12.4     9.8    7.06    6.61    5.32    0.46    1.28    2.32    2.99    3.38    3.68   13.88   13.68   12.11   10.05    9.99    9.01
 2008 154     2     0     0   137.5   107.6    29.9     0.0    0.18   21.91    0.00    0.29    0.00   -0.11    0.00    0.00    0.00   13.91    13.2    10.7    7.84    7.12    5.62    0.05    0.40    1.37    2.25    2.87    3.40   13.96   13.58   12.10   10.09    9.99    9.01
 2008 155     3     0     0   137.6   112.8    24.8     0.0    0.27   27.08    0.00    0.31    0.00   -0.04    0.00    0.00    0.00   14.26    13.3    11.3    8.44    7.58    5.91    0.00    0.13    0.81    1.68    2.41    3.11   14.26   13.41   12.10   10.12    9.99    9.02
 2008 156     4     0     0   137.7   116.9    20.8     0.0    0.38   31.27    0.00    0.31    0.00    0.07    0.00    0.00    0.00   14.63    13.2    11.6    8.91    8.01    6.21    0.00    0.05    0.47    1.22    1.98    2.82   14.64   13.23   12.11   10.13    9.99    9.03
 2008 157     5     0     0   137.8   120.5    17.4     0.0    0.53   34.82    0.00    0.31    0.00    0.22    0.00    0.00    0.00   15.04    13.0    11.9    9.28    8.40    6.51    0.01    0.03    0.27    0.86    1.60    2.52   15.05   13.05   12.13   10.14   10.00    9.03
 2008 158     6     0     0   138.0   123.5    14.5     0.0    0.71   37.89    0.00    0.31    0.00    0.40    0.00    0.00    0.00   15.45    12.9    12.0    9.55    8.74    6.82    0.02    0.04    0.16    0.60    1.26    2.22   15.48   12.89   12.15   10.15   10.01    9.04
 2008 159     7     0     0   138.2   126.1    12.1     0.0    0.92   40.50    0.00    0.31    0.00    0.61    0.00    0.00    0.00   15.87    12.7    12.1    9.75    9.03    7.12    0.03    0.05    0.10    0.41    0.98    1.93   15.90   12.76   12.16   10.16   10.02    9.05
 2008 160     8     0     0   138.4   128.4    10.0     0.0    1.15   42.80    0.00    0.31    0.00    0.84    0.00    0.00    0.00   16.29    12.6    12.1    9.89    9.27    7.40    0.04    0.06    0.07    0.28    0.75    1.66   16.33   12.64   12.17   10.17   10.03    9.06
 2008 161     9     0     0   138.7   130.4     8.3     0.0    1.41   44.78    0.00    0.31    0.00    1.10    0.00    0.00    0.00   16.71    12.5    12.1    9.99    9.47    7.66    0.04    0.07    0.06    0.19    0.57    1.41   16.75   12.55   12.17   10.19   10.04    9.07
 2008 162    10     0     0   139.0   132.2     6.8     0.0    1.68   46.52    0.00    0.31    0.00    1.37    0.00    0.00    0.00   17.12    12.4    12.1   10.07    9.62    7.89    0.05    0.07    0.05    0.14    0.43    1.18   17.17   12.46   12.17   10.21   10.04    9.08
 2008 163    11     0     0   139.2   133.6     5.6     0.0    1.95   47.96    0.00    0.31    0.00    1.64    0.00    0.00    0.00    1.66     8.0     7.7   15.34   16.27    8.17    0.05    0.08    0.05    0.11    0.32    0.98    1.71    8.06    7.79   15.45   16.60    9.16
 2008 164    12     0     0   139.5   134.6     4.9     0.0    2.24   48.97    0.00    0.31    0.00    1.93    0.00    0.00    0.00    1.69     7.9     7.6   14.99   15.46    9.02    0.10    0.13    0.07    0.12    0.28    0.81    1.79    8.01    7.72   15.11   15.75    9.82
 2008 165    13     0     0   139.8   135.3     4.5     0.0    2.51   49.69    0.00    0.31    0.00    2.19    0.00    0.00    0.00    1.77     7.8     7.6   14.86   15.07    9.45    0.10    0.18    0.09    0.13    0.25    0.69    1.87    7.97    7.71   14.99   15.32   10.15
 2008 166    14     0     0   140.1   136.0     4.1     0.0    2.80   50.39    0.00    0.31    0.00    2.49    0.00    0.00    0.00    1.85     7.8     7.5   14.56   14.33   10.14    0.11    0.22    0.10    0.14    0.22    0.59    1.96    7.97    7.65   14.70   14.55   10.73
 2008 167    15     0     0   140.4   136.8     3.6     0.0    3.13   51.16    0.00    0.31    0.00    2.82    0.00    0.00    0.00    1.93     7.8     7.5   14.44   14.04   10.51    0.12    0.24    0.12    0.15    0.19    0.50    2.05    8.00    7.62   14.59   14.23   11.00
 2008 168    16     0     0   140.4   137.2     3.2     0.0    3.51   51.98    0.40    0.31    0.00    3.20    0.00    0.00    0.00    1.07     6.7     7.8   14.48   14.15   10.84    0.16    0.24    0.13    0.16    0.14    0.40    1.23    6.99    7.88   14.64   14.30   11.24
 2008 169    17    96     1   236.2   185.3    50.9     0.0    3.87   52.61    0.94    0.31    0.00    3.56    0.00    0.00    0.00   72.82     6.6     7.6   14.06   13.61   11.44   71.81    0.29    0.15    0.17    0.12    0.32  144.63    6.86    7.72   14.23   13.73   11.76
 2008 170    18    96     1   235.9   230.8     5.1     0.0    4.24   98.78    1.47    0.31    0.00    3.93    0.00    0.00    0.00  140.70     6.4     7.4   13.61   13.52   11.83    3.84    0.34    0.16    0.18    0.10    0.25  144.54    6.75    7.56   13.79   13.62   12.08
 2008 171    19    96     1   235.9   233.5     2.3     0.0    4.69  102.00    1.96    0.31    0.00    4.38    0.00    0.00    0.00  144.53     6.4     7.2   13.23   13.43   12.17    0.12    0.33    0.17    0.19    0.08    0.19  144.65    6.72    7.41   13.42   13.51   12.36
 2008 172    20    96     1   235.9   233.8     2.1     0.0    5.13  102.66    2.37    0.31    0.00    4.82    0.00    0.00    0.00  144.64     6.4     7.1   12.89   13.36   12.46    0.13    0.31    0.18    0.19    0.07    0.14  144.77    6.72    7.29   13.08   13.43   12.60
 2008 173    21    96     1   236.0   234.0     1.9     0.0    5.59  103.30    2.74    0.31    0.00    5.28    0.00    0.00    0.00   57.24    43.8     8.5   13.92   14.73   12.56    0.14    0.29    0.18    0.19    0.06    0.11   57.38   44.14    8.72   14.11   14.79   12.67
 2008 174    22    96     1   235.0   233.0     2.0     0.0    5.97  103.55    3.99    0.31    0.00    5.66    0.00    0.03    0.00   35.69    42.8    13.3   13.91   16.54   12.69    0.19    0.29    0.20    0.20    0.07    0.10   35.89   43.12   13.55   14.11   16.61   12.79
 2008 175    23    96     1   233.9   231.8     2.1     0.0    6.33  103.78    5.27    0.31    0.00    6.02    0.00    0.18    0.00   21.68    39.2    16.9   14.39   17.41   13.27    0.21    0.33    0.21    0.21    0.08    0.09   21.90   39.55   17.09   14.60   17.50   13.36
 2008 176    24    96     1   232.7   230.5     2.2     0.0    6.64  103.95    6.46    0.31    0.00    6.33    0.00    0.48    0.00   16.92    36.3    18.3   14.69   17.23   13.84    0.26    0.37    0.22    0.22    0.10    0.09   17.18   36.69   18.47   14.91   17.33   13.92
 2008 177    25    96     1   231.1   228.7     2.4     0.0    6.93  104.09    7.54    0.31    0.00    6.62    0.00    1.34    0.00    8.60    27.5    20.3   16.13   17.03   15.76    0.29    0.41    0.24    0.23    0.11    0.09    8.89   27.87   20.49   16.36   17.14   15.85
 2008 178    26    96     1   227.2   224.7     2.5     0.0    7.19  104.21    8.97    0.31    0.00    6.88    0.00    4.01    0.00    8.50    26.8    19.9   15.92   16.65   15.54    0.31    0.44    0.24    0.24    0.12    0.09    8.81   27.20   20.16   16.16   16.77   15.63
 2008 179    27    96     1   223.7   221.1     2.6     0.0    7.49  104.43   10.36    0.31    0.00    7.18    0.00    6.45    0.00    8.63    26.2    19.6   15.70   16.29   15.33    0.25    0.47    0.25    0.25    0.13    0.10    8.88   26.64   19.83   15.95   16.43   15.43
 2008 180    28    96     1   220.4   217.8     2.6     0.0    7.85  104.75   11.72    0.31    0.00    7.54    0.00    8.71    0.00    8.75    25.7    19.2   15.49   15.96   15.13    0.21    0.48    0.26    0.25    0.14    0.10    8.96   26.22   19.50   15.74   16.10   15.24
 2008 181    29    96     1   217.4   214.8     2.6     0.0    8.28  105.21   13.10    0.31    0.00    7.96    0.00   10.80    0.00    8.86    25.5    18.9   15.27   15.64   14.94    0.19    0.45    0.25    0.25    0.15    0.10    9.05   25.92   19.17   15.52   15.79   15.05
 2008 182    30    96     1   214.5   212.0     2.4     0.0    8.79  105.87   14.58    0.31    0.00    8.48    0.00   12.75    0.00    8.99    25.3    18.6   15.06   15.33   14.76    0.16    0.37    0.25    0.23    0.15    0.10    9.15   25.69   18.84   15.29   15.48   14.86
 2008 183    31    96     1   211.6   209.5     2.2     0.0    9.39  106.71   16.15    0.31    0.00    9.08    0.00   14.57    0.00    9.12    25.3    18.3   14.85   15.04   14.58    0.14    0.27    0.23    0.21    0.15    0.10    9.26   25.54   18.49   15.06   15.18   14.68
 2008 184    32    96     1   208.9   207.0     1.9     0.0   10.02  107.60   17.69    0.31    0.00    9.71    0.08   16.27    0.00    9.23    25.2    17.9   14.65   14.76   14.41    0.13    0.21    0.20    0.18    0.14    0.09    9.36   25.43   18.15   14.83   14.90   14.50
 2008 185    33    96     1   206.0   204.4     1.7     0.0   10.66  108.43   19.13    0.31    0.00   10.34    0.57   17.85    0.00    9.25    25.0    17.6   14.46   14.51   14.26    0.13    0.18    0.18    0.15    0.12    0.08    9.38   25.22   17.78   14.61   14.63   14.33
 2008 186    34    96     1   203.2   201.8     1.5     0.0   11.30  109.26   20.47    0.31    0.00   10.98    1.17   19.33    0.00    9.62    24.7    17.2   14.27   14.26   14.10    0.13    0.17    0.16    0.12    0.11    0.07    9.75   24.86   17.40   14.39   14.37   14.17
 2008 187    35    96     1   200.4   199.1     1.2     0.0   11.94  110.14   21.77    0.31    0.00   11.63    2.01   20.72    0.00   10.54    24.0    16.9   14.07   14.04   13.96    0.13    0.13    0.14    0.10    0.09    0.06   10.67   24.17   17.01   14.17   14.13   14.01
 2008 188    36    96     1   198.3   197.2     1.1     0.0   12.59  110.95   23.02    0.31    0.00   12.28    3.07   21.15    0.00    8.74    24.5    16.6   13.93   13.96   13.89    0.13    0.12    0.11    0.09    0.07    0.05    8.87   24.63   16.71   14.02   14.03   13.94
 2008 189    37    96     1   195.0   193.9     1.0     0.0   13.21  111.59   24.27    0.31    0.00   12.90    4.30   22.58    0.00    8.59    24.0    16.3   13.69   13.72   13.74    0.19    0.17    0.09    0.07    0.07    0.04    8.77   24.13   16.35   13.77   13.79   13.78
 2008 190    38    96     1   191.7   190.8     0.9     0.0   13.86  112.36   25.55    0.31    0.00   13.55    5.68   23.85    0.00    8.54    23.5    15.9   13.42   13.50   13.59    0.18    0.19    0.08    0.06    0.05    0.03    8.72   23.71   15.96   13.48   13.55   13.62
 2008 191    39    96     1   188.2   187.5     0.8     0.0   14.51  113.14   26.85    0.31    0.00   14.20    7.29   25.02    0.00    8.56    23.1    15.5   13.09   13.27   13.43    0.12    0.17    0.06    0.05    0.04    0.03    8.68   23.28   15.55   13.14   13.32   13.46
 2008 192    40    96     1   186.0   185.3     0.7     0.0   15.16  113.87   28.15    0.31    0.00   14.85    8.49   25.38    0.00    8.43    22.9    15.2   12.85   13.14   13.34    0.12    0.15    0.05    0.04    0.04    0.03    8.54   23.08   15.25   12.89   13.18   13.37
 2008 193    41    96     1   183.0   182.3     0.7     0.0   15.80  114.49   29.45    0.31    0.00   15.49    9.71   26.49    0.00    8.30    22.6    14.9   12.57   12.88   13.18    0.18    0.13    0.05    0.04    0.04    0.03    8.48   22.73   14.97   12.61   12.92   13.21
 2008 194    42    96     1   179.5   178.8     0.7     0.0   16.45  115.17   30.65    0.31    0.00   16.14   11.76   27.42    0.00    8.20    22.2    14.5   12.20   12.57   13.04    0.17    0.12    0.04    0.04    0.04    0.03    8.38   22.35   14.58   12.25   12.61   13.07
 2008 195    43    96     1   171.2   170.5     0.6     0.0   17.10  115.86   31.71    0.31    0.00   16.79   18.85   28.24    0.00    8.10    20.6    13.5   11.37   11.97   12.87    0.12    0.12    0.04    0.04    0.04    0.03    8.21   20.74   13.56   11.41   12.01   12.90
 2008 196    44    96     1   166.3   165.6     0.6     0.0   17.75  116.51   32.62    0.31    0.00   17.44   22.76   28.98    0.00    9.32    19.4    13.1   10.92   11.50   12.63    0.11    0.12    0.04    0.04    0.04    0.03    9.43   19.47   13.10   10.96   11.54   12.66
 2008 197    45    96     1   162.3   161.6     0.6     0.0   18.38  117.15   33.39    0.31    0.00   18.07   25.98   29.61    0.00   10.37    18.4    12.8   10.58   11.11   12.36    0.11    0.11    0.04    0.04    0.04    0.03   10.48   18.53   12.80   10.62   11.15   12.40
 2008 198    46    96     1   156.3   155.7     0.6     0.0   19.02  117.78   34.04    0.31    0.00   18.71   31.36   30.16    0.00   11.08    17.4    12.2   10.09   10.58   12.00    0.11    0.11    0.04    0.04    0.04    0.03   11.19   17.54   12.22   10.13   10.62   12.03
 2008 199    47    96     1   150.8   150.2     0.6     0.0   19.65  118.41   34.60    0.31    0.00   19.34   36.47   30.63    0.00   11.45    16.8    11.6    9.68   10.11   11.60    0.10    0.11    0.04    0.04    0.04    0.03   11.56   16.89   11.65    9.72   10.15   11.64
 2008 200    48    96     1   149.7   149.0     0.6     0.0   20.28  119.04   35.09    0.31    0.00   19.97   37.34   31.05    0.00   12.21    16.7    11.4    9.59    9.96   11.47    0.10    0.11    0.04    0.04    0.04    0.03   12.31   16.80   11.44    9.63   10.00   11.51
 2008 201    49    96     1   140.5   139.9     0.6     0.0   20.90  119.67   35.46    0.31    0.00   20.59   46.47   31.36    0.00   12.08    15.6    10.5    8.97    9.26   10.85    0.10    0.10    0.04    0.04    0.04    0.03   12.18   15.75   10.50    9.01    9.30   10.88
 2008 202    50    96     1   138.1   137.5     0.6     0.0   21.52  120.29   35.74    0.31    0.00   21.21   48.90   31.60    0.00   12.64    15.5    10.1    8.79    9.05   10.64    0.10    0.10    0.04    0.04    0.04    0.03   12.74   15.56   10.17    8.83    9.09   10.68
 2008 203    51    96     1   136.3   135.7     0.6     0.0   22.13  120.91   35.98    0.31    0.00   21.82   50.94   31.73    0.00   13.08    15.3     9.9    8.60    8.89   10.49    0.10    0.10    0.04    0.04    0.04    0.03   13.17   15.38    9.99    8.64    8.93   10.52
 2008 204    52    96     1   136.4   135.7     0.6     0.0   22.74  121.48   36.20    0.31    0.00   22.43   51.19   31.86    0.00   11.71    16.1    10.0    8.52    8.86   10.46    0.15    0.10    0.04    0.04    0.04    0.03   11.86   16.22   10.06    8.56    8.90   10.49
 2008 205    53    96     1   134.5   133.9     0.7     0.0   23.36  122.09   36.38    0.31    0.00   23.04   53.31   32.01    0.00   10.68    16.2    10.1    8.32    8.73   10.29    0.16    0.10    0.04    0.04    0.04    0.03   10.84   16.29   10.17    8.36    8.77   10.32
 2008 206    54    96     1   132.1   131.4     0.6     0.0   23.98  122.72   36.53    0.31    0.00   23.67   56.09   32.13    0.00    9.87    16.0    10.2    8.09    8.56   10.08    0.14    0.10    0.04    0.04    0.04    0.03   10.01   16.09   10.26    8.13    8.61   10.12
 2008 207    55    96     1   127.1   126.5     0.6     0.0   24.59  123.37   36.63    0.31    0.00   24.28   61.48   32.21    0.00    9.54    15.5     9.9    7.73    8.21    9.71    0.10    0.10    0.04    0.04    0.04    0.03    9.64   15.56    9.90    7.77    8.25    9.74
 2008 208    56    96     1   126.2   125.5     0.7     0.0   25.19  123.93   36.72    0.31    0.00   24.88   62.84   32.29    0.00    8.83    15.5    10.0    7.68    8.10    9.61    0.16    0.10    0.04    0.04    0.04    0.03    8.99   15.62   10.01    7.72    8.14    9.64
 2008 209    57    96     1   121.9   121.2     0.7     0.0   25.80  124.53   36.78    0.31    0.00   25.49   67.65   32.34    0.00    8.00    14.9     9.8    7.45    7.74    9.28    0.18    0.10    0.04    0.04    0.04    0.03    8.18   15.05    9.88    7.49    7.79    9.32
 2008 210    58    96     1   116.4   115.8     0.6     0.0   26.42  125.18   36.81    0.31    0.00   26.10   73.66   32.36    0.00    7.16    14.2     9.6    7.17    7.30    8.89    0.12    0.10    0.04    0.04    0.04    0.03    7.27   14.30    9.66    7.21    7.34    8.92
 2008 211    59   303     2   137.6   111.8    25.8    10.5   27.02  125.81   36.81    0.31  170.14   26.71   79.43   32.36    0.00    8.78    13.5     9.2    6.90    6.87    8.52   37.75    0.10    0.04    0.04    0.04    0.03   46.53   13.55    9.23    6.94    6.91    8.55
 2008 212    60   303     2   134.1   131.7     2.5     2.9   27.62  150.41   36.81    0.31  175.44   27.31   85.75   32.36    0.00   45.02    12.9     8.8    6.64    6.51    8.19    2.85    0.09    0.04    0.04    0.04    0.03   47.87   12.95    8.86    6.68    6.55    8.23
 2008 213    61   303     2   130.5   128.4     2.0     0.9   28.22  152.79   36.81    0.31  175.96   27.91   91.55   32.36    0.00   46.09    12.3     8.5    6.41    6.19    7.90    2.25    0.09    0.04    0.04    0.04    0.03   48.34   12.40    8.52    6.45    6.24    7.93
 2008 214    62   303     2   128.2   127.3     0.9     0.3   28.82  154.80   36.81    0.31  176.19   28.51   94.82   32.36    0.00   47.44    12.0     8.3    6.30    6.02    7.75    0.52    0.09    0.04    0.04    0.04    0.03   47.97   12.12    8.35    6.34    6.06    7.78
 2008 215    63   303     2   122.3   121.6     0.7     0.1   29.41  155.68   36.81    0.31  176.24   29.10  101.44   32.36    0.00   45.65    11.4     7.9    6.02    5.69    7.41    0.23    0.09    0.04    0.04    0.04    0.03   45.88   11.50    7.95    6.06    5.73    7.44
 2008 216    64   303     2   115.6   115.0     0.6     0.0   29.99  156.37   36.81    0.31  176.28   29.67  108.69   32.36    0.00   43.27    10.7     7.5    5.71    5.34    7.03    0.09    0.08    0.04    0.04    0.04    0.03   43.36   10.82    7.51    5.75    5.38    7.07
 2008 217    65   303     2   109.0   108.5     0.5     0.0   30.55  156.96   36.81    0.31  176.31   30.24  115.85   32.36    0.00   40.77    10.1     7.0    5.41    5.00    6.66    0.05    0.08    0.04    0.04    0.04    0.03   40.82   10.15    7.08    5.45    5.04    6.69
 2008 218    66   303     2   101.9   101.3     0.5     0.0   31.11  157.51   36.81    0.31  176.34   30.80  123.52   32.36    0.00   38.00     9.4     6.6    5.08    4.64    6.25    0.03    0.07    0.04    0.04    0.04    0.03   38.04    9.43    6.61    5.12    4.68    6.29
 2008 219    67   303     2    96.6    96.1     0.5     0.0   31.65  158.03   36.81    0.31  176.36   31.34  129.31   32.36    0.00   35.96     8.8     6.2    4.84    4.38    5.95    0.05    0.07    0.04    0.04    0.04    0.03   36.01    8.90    6.27    4.88    4.42    5.99
 2008 220    68   303     2    92.0    91.5     0.5     0.0   32.18  158.57   36.81    0.31  176.37   31.87  134.39   32.36    0.00   34.21     8.4     5.9    4.62    4.15    5.69    0.04    0.07    0.04    0.04    0.04    0.03   34.24    8.44    5.97    4.66    4.20    5.73
 2008 221    69   303     2    92.4    91.9     0.5     0.0   32.72  159.09   36.81    0.31  176.39   32.40  134.53   32.36    0.00   34.39     8.4     6.0    4.65    4.16    5.72    0.04    0.06    0.04    0.04    0.04    0.03   34.44    8.47    5.99    4.69    4.20    5.75
 2008 222    70   303     2    89.9    89.4     0.5     0.0   33.24  159.60   36.81    0.31  176.40   32.93  137.59   32.36    0.00   33.42     8.1     5.8    4.53    4.03    5.57    0.04    0.06    0.04    0.04    0.04    0.03   33.46    8.20    5.82    4.57    4.07    5.60
 2008 223    71   303     2    85.9    85.4     0.5     0.0   33.76  160.11   36.81    0.31  176.42   33.44  142.07   32.36    0.00   31.87     7.7     5.5    4.34    3.85    5.34    0.03    0.06    0.04    0.04    0.04    0.03   31.90    7.81    5.56    4.38    3.89    5.38
 2008 224    72   303     2    83.8    83.3     0.5     0.0   34.26  160.61   36.81    0.31  176.43   33.95  144.70   32.36    0.00   31.06     7.5     5.4    4.25    3.74    5.22    0.03    0.06    0.03    0.04    0.04    0.03   31.09    7.59    5.42    4.28    3.78    5.25
 2008 225    73   303     2    81.2    80.7     0.5     0.0   34.75  161.10   36.81    0.31  176.44   34.44  147.71   32.36    0.00   30.20     7.3     5.2    4.12    3.62    5.07    0.03    0.05    0.03    0.04    0.04    0.03   30.23    7.32    5.24    4.16    3.66    5.10
 2008 226    74   303     2    81.7    81.2     0.5     0.0   35.23  161.59   36.81    0.31  176.45   34.92  147.71   32.36    0.00   30.38     7.3     5.2    4.16    3.64    5.10    0.03    0.05    0.03    0.04    0.04    0.03   30.41    7.34    5.26    4.19    3.68    5.13
 2008 227    75   303     2    82.1    81.7     0.5     0.0   35.70  162.05   36.81    0.31  176.46   35.39  147.71   32.36    0.00   29.47     7.9     5.3    4.19    3.65    5.13    0.03    0.05    0.03    0.04    0.04    0.03   29.50    7.91    5.29    4.23    3.69    5.17
 2008 228    76   303     2    82.6    82.1     0.5     0.0   36.18  162.50   36.81    0.31  176.47   35.87  147.71   32.36    0.00   26.72     9.3     5.3    4.22    3.67    5.17    0.08    0.05    0.03    0.04    0.04    0.03   26.79    9.39    5.31    4.26    3.71    5.20
 2008 229    77   303     2    83.1    82.6     0.5     0.0   36.68  162.96   36.81    0.31  176.49   36.37  147.71   32.36    0.00   23.80    10.9     5.3    4.25    3.69    5.20    0.09    0.05    0.03    0.04    0.04    0.03   23.90   10.95    5.35    4.29    3.73    5.23
 2008 230    78   303     2    83.6    83.1     0.5     0.0   37.18  163.47   36.81    0.31  176.51   36.87  147.71   32.36    0.00    9.36    18.0     5.5    4.28    3.71    5.23    0.06    0.06    0.03    0.03    0.04    0.03    9.42   18.10    5.52    4.32    3.75    5.26
 2008 231    79   303     2    84.1    83.5     0.5     0.0   37.70  163.91   36.81    0.31  176.53   37.39  147.71   32.36    0.00    9.29    17.2     6.1    4.31    3.73    5.26    0.09    0.09    0.03    0.03    0.04    0.03    9.38   17.26    6.18    4.35    3.76    5.29
 2008 232    80   303     2    84.6    84.0     0.5     0.0   38.23  164.42   36.81    0.31  176.55   37.92  147.71   32.36    0.00    9.26    16.4     6.8    4.35    3.75    5.29    0.10    0.09    0.03    0.03    0.04    0.03    9.36   16.44    6.82    4.38    3.78    5.33
 2008 233    81   303     2    85.1    84.6     0.5     0.0   38.75  164.92   36.81    0.31  176.57   38.44  147.71   32.36    0.00    9.09    15.7     7.4    4.39    3.76    5.33    0.10    0.09    0.03    0.03    0.04    0.03    9.18   15.78    7.41    4.42    3.80    5.36
 2008 234    82   303     2    85.6    85.1     0.5     0.0   39.28  165.44   36.81    0.31  176.58   38.97  147.71   32.36    0.00    8.44    15.4     7.9    4.44    3.78    5.36    0.09    0.08    0.03    0.03    0.04    0.03    8.54   15.43    7.93    4.47    3.82    5.39
 2008 235    83   303     2    86.1    85.6     0.5     0.0   39.79  165.97   36.81    0.31  176.61   39.48  147.71   32.36    0.00    8.29    15.0     8.3    4.50    3.80    5.39    0.05    0.08    0.03    0.03    0.04    0.03    8.34   15.08    8.30    4.53    3.84    5.42
 2008 236    84   303     2    86.6    86.1     0.5     0.0   40.31  166.46   36.81    0.31  176.62   40.00  147.71   32.36    0.00    8.33    14.7     8.5    4.56    3.82    5.42    0.05    0.08    0.03    0.03    0.03    0.03    8.38   14.78    8.57    4.59    3.86    5.45
 2008 237    85   303     2    87.1    86.6     0.5     0.0   40.81  166.96   36.81    0.31  176.64   40.50  147.71   32.36    0.00    8.38    14.5     8.7    4.62    3.84    5.45    0.05    0.08    0.03    0.03    0.03    0.03    8.43   14.58    8.76    4.66    3.87    5.48
 2008 238    86   303     2    87.5    87.1     0.5     0.0   41.31  167.44   36.81    0.31  176.66   41.00  147.71   32.36    0.00    8.42    14.4     8.9    4.69    3.86    5.48    0.05    0.08    0.03    0.03    0.03    0.03    8.47   14.46    8.90    4.72    3.89    5.50
 2008 239    87   303     2    88.0    87.5     0.5     0.0   41.80  167.92   36.81    0.31  176.68   41.48  147.71   32.36    0.00    8.47    14.3     9.0    4.74    3.88    5.50    0.05    0.07    0.03    0.03    0.03    0.03    8.52   14.38    9.02    4.77    3.91    5.53
 2008 240    88   303     2    88.5    88.0     0.5     0.0   42.27  168.39   36.81    0.31  176.69   41.96  147.71   32.36    0.00    7.98    14.5     9.1    4.80    3.90    5.53    0.05    0.07    0.03    0.03    0.03    0.03    8.03   14.60    9.12    4.83    3.93    5.56
 2008 241    89   303     2    88.9    88.4     0.5     0.0   42.74  168.82   36.81    0.31  176.71   42.43  147.71   32.36    0.00    7.07    14.7     9.3    4.86    3.92    5.56    0.08    0.07    0.03    0.03    0.03    0.03    7.14   14.77    9.36    4.89    3.95    5.59
 2008 242    90   303     2    89.4    88.9     0.5     0.0   43.22  169.28   36.81    0.31  176.73   42.91  147.71   32.36    0.00    6.24    14.7     9.6    4.92    3.94    5.59    0.08    0.08    0.03    0.03    0.03    0.03    6.32   14.80    9.67    4.95    3.97    5.62
 2008 243    91   303     2    89.8    89.4     0.5     0.0   43.70  169.76   36.81    0.31  176.75   43.39  147.71   32.36    0.00    5.76    14.6     9.9    4.99    3.96    5.62    0.06    0.08    0.03    0.03    0.03    0.03    5.82   14.66    9.98    5.02    3.99    5.64
 2008 244    92   303     2    90.3    89.8     0.5     0.0   44.18  170.22   36.81    0.31  176.77   43.87  147.71   32.36    0.00    5.81    14.3    10.2    5.06    3.98    5.64    0.05    0.08    0.03    0.03    0.03    0.03    5.86   14.42   10.19    5.09    4.02    5.67
 2008 245    93   303     2    90.8    90.3     0.5     0.0   44.65  170.68   36.81    0.31  176.78   44.34  147.71   32.36    0.00    5.45    14.3    10.4    5.14    4.00    5.67    0.06    0.08    0.03    0.03    0.03    0.03    5.51   14.35   10.40    5.17    4.04    5.70
 2008 246    94   303     2    91.2    90.7     0.5     0.0   45.12  171.13   36.81    0.31  176.80   44.81  147.71   32.36    0.00    5.45    14.1    10.5    5.21    4.03    5.70    0.05    0.08    0.03    0.03    0.03    0.03    5.50   14.19   10.56    5.24    4.06    5.72
 2008 247    95   303     2    91.1    90.6     0.4     0.0   45.58  171.58   36.81    0.31  176.82   45.27  148.29   32.36    0.00    5.45    13.9    10.6    5.25    4.02    5.69    0.05    0.07    0.03    0.03    0.03    0.03    5.50   13.97   10.62    5.28    4.05    5.71
 2008 248    96   303     2    87.3    86.9     0.4     0.0   46.03  172.03   36.81    0.31  176.84   45.72  152.45   32.36    0.00    5.22    13.2    10.2    5.08    3.86    5.47    0.04    0.07    0.03    0.03    0.03    0.03    5.26   13.24   10.21    5.11    3.89    5.49
 2008 249    97   303     2    85.1    84.7     0.4     0.0   46.47  172.46   36.81    0.31  176.85   46.16  155.13   32.36    0.00    4.11    13.2     9.9    4.99    3.77    5.33    0.05    0.07    0.03    0.03    0.03    0.03    4.16   13.23    9.98    5.02    3.80    5.36
 2008 250    98   303     2    84.3    83.9     0.5     0.0   46.92  172.87   36.81    0.31  176.87   46.61  156.34   32.36    0.00    3.64    12.8    10.1    4.98    3.73    5.29    0.07    0.07    0.03    0.03    0.03    0.03    3.71   12.91   10.10    5.01    3.76    5.31
 2008 251    99   303     2    81.9    81.4     0.5     0.0   47.38  173.30   36.81    0.31  176.89   47.07  159.18   32.36    0.00    3.13    12.2    10.0    4.89    3.63    5.14    0.08    0.08    0.03    0.03    0.03    0.03    3.21   12.24   10.05    4.92    3.66    5.17
 2008 252   100   303     2    78.8    78.3     0.4     0.0   47.83  173.75   36.81    0.31  176.92   47.52  162.73   32.36    0.00    2.11    11.7     9.8    4.76    3.50    4.96    0.05    0.08    0.03    0.03    0.03    0.03    2.16   11.81    9.86    4.78    3.53    4.98
 2008 253   101   303     2    76.4    76.0     0.5     0.0   48.28  174.17   36.81    0.31  176.93   47.97  165.51   32.36    0.00    2.05    10.7     9.9    4.68    3.40    4.81    0.06    0.08    0.03    0.03    0.03    0.02    2.12   10.78    9.90    4.71    3.43    4.84
 2008 254   102   303     2    73.9    73.4     0.5     0.0   48.74  174.59   36.81    0.31  176.96   48.43  168.52   32.36    0.00    1.87     9.9     9.8    4.60    3.29    4.66    0.07    0.08    0.03    0.03    0.03    0.02    1.94    9.95    9.79    4.63    3.32    4.68
 2008 255   103   303     2    70.0    69.6     0.5     0.0   49.19  175.03   36.81    0.31  176.98   48.88  172.76   32.36    0.00    1.63     9.0     9.4    4.45    3.12    4.43    0.07    0.08    0.04    0.03    0.03    0.02    1.70    9.05    9.46    4.48    3.15    4.45
 2008 256   104   303     2    69.4    68.9     0.5     0.0   49.65  175.47   36.81    0.31  177.00   49.34  173.86   32.36    0.00    1.57     8.6     9.4    4.50    3.10    4.38    0.06    0.08    0.04    0.03    0.03    0.02    1.62    8.65    9.48    4.53    3.12    4.41
 2008 257   105   303     2    66.5    66.1     0.4     0.0   50.10  175.91   36.81    0.31  177.02   49.79  177.14   32.36    0.00    1.53     8.0     9.1    4.41    2.97    4.21    0.05    0.08    0.04    0.03    0.03    0.02    1.57    8.09    9.11    4.43    3.00    4.23
 2008 258   106   303     2    62.5    62.0     0.4     0.0   50.55  176.35   36.81    0.31  177.04   50.24  181.63   32.36    0.00    1.45     7.4     8.5    4.21    2.80    3.96    0.05    0.07    0.04    0.03    0.03    0.02    1.50    7.47    8.53    4.23    2.83    3.99
 2008 259   107   303     2    60.3    59.9     0.4     0.0   50.99  176.78   36.81    0.31  177.06   50.68  184.22   32.36    0.00    1.42     7.1     8.2    4.12    2.71    3.83    0.05    0.07    0.04    0.03    0.03    0.02    1.47    7.13    8.19    4.15    2.74    3.85
 2008 260   108   303     2    56.8    56.4     0.4     0.0   51.42  177.20   36.81    0.31  177.07   51.10  188.14   32.36    0.00    1.36     6.6     7.6    3.93    2.56    3.61    0.04    0.07    0.04    0.03    0.03    0.02    1.40    6.66    7.67    3.96    2.58    3.64
 2008 261   109   303     2    52.9    52.5     0.4     0.0   51.83  177.62   36.81    0.31  177.09   51.52  192.44   32.36    0.00    1.28     6.1     7.1    3.70    2.39    3.37    0.04    0.06    0.03    0.03    0.03    0.02    1.32    6.16    7.09    3.73    2.42    3.40
 2008 262   110   303     2    51.9    51.5     0.4     0.0   52.25  178.01   36.81    0.31  177.10   51.94  193.87   32.36    0.00    1.13     6.0     6.9    3.66    2.35    3.31    0.05    0.06    0.03    0.03    0.03    0.02    1.18    6.04    6.94    3.69    2.38    3.33
 2008 263   111   303     2    48.7    48.3     0.4     0.0   52.67  178.42   36.81    0.31  177.12   52.36  197.48   32.36    0.00    1.08     5.5     6.5    3.46    2.21    3.11    0.04    0.07    0.03    0.03    0.03    0.02    1.12    5.61    6.49    3.49    2.24    3.13
 2008 264   112   303     2    46.5    46.1     0.4     0.0   53.07  178.82   36.81    0.31  177.14   52.76  200.06   32.36    0.00    1.06     5.3     6.1    3.33    2.12    2.98    0.04    0.06    0.03    0.03    0.03    0.02    1.10    5.32    6.17    3.36    2.15    3.00
 2008 265   113   303     2    43.9    43.5     0.4     0.0   53.47  179.21   36.81    0.31  177.14   53.16  203.06   32.36    0.00    1.02     4.9     5.8    3.17    2.01    2.81    0.06    0.06    0.03    0.03    0.03    0.02    1.08    4.99    5.79    3.19    2.03    2.83
 2008 266   114   303     2    42.8    42.4     0.4     0.0   53.86  179.60   36.81    0.31  177.14   53.55  204.51   32.36    0.00    1.02     4.8     5.6    3.11    1.97    2.75    0.06    0.06    0.03    0.03    0.03    0.02    1.09    4.85    5.62    3.14    1.99    2.77
 2008 267   115   303     2    43.2    42.8     0.4     0.0   54.25  179.99   36.81    0.31  177.15   53.93  204.51   32.36    0.00    1.07     4.8     5.6    3.15    1.99    2.77    0.05    0.06    0.03    0.03    0.03    0.02    1.13    4.90    5.64    3.18    2.02    2.79
 2008 268   116   303     2    43.6    43.2     0.4     0.0   54.62  180.37   36.81    0.31  177.15   54.30  204.51   32.36    0.00    1.12     4.9     5.6    3.20    2.02    2.79    0.05    0.05    0.03    0.03    0.03    0.02    1.16    4.95    5.65    3.22    2.04    2.81
