*Soil Organic Matter daily output file

*DSSAT Cropping System Model Ver. 4.8.0.024 -stable  SEP 25, 2026 04:14:10

*RUN   1        : Sim2008                   MZCER048 fileX.MZ    1
 MODEL          : MZCER048 - Maize
 EXPERIMENT     : fileX.MZ    CNYC
 DATA PATH      :
 TREATMENT  1   : Sim2008                   MZCER048
  
@YEAR DOY   DAS    OMAC    SCDD    SOCD    SC0D    SCTD   SOMCT    LCTD    ONAC    SNDD    SOND    SN0D    SNTD   SOMNT    LNTD
 2008 152     0       0   15243   92192       0   92192   91752   440.0    0.00   921.6  6516.2    0.00  6516.2  6507.3    8.90
 2008 153     1       0   15244   92170       0   92170   91753   416.9    0.00   921.6  6516.3    0.00  6516.3  6507.2    9.12
 2008 154     2       0   15245   92154       0   92154   91754   400.0    0.00   921.6  6516.3    0.00  6516.3  6507.1    9.23
 2008 155     3       0   15246   92139       0   92139   91753   385.8    0.00   921.5  6516.3    0.00  6516.3  6507.0    9.29
 2008 156     4       0   15247   92125       0   92125   91753   372.6    0.00   921.5  6516.2    0.00  6516.2  6506.9    9.31
 2008 157     5       0   15247   92112       0   92112   91752   360.3    0.00   921.5  6516.0    0.00  6516.0  6506.7    9.31
 2008 158     6       0   15247   92099       0   92099   91751   348.6    0.00   921.5  6515.8    0.00  6515.8  6506.5    9.29
 2008 159     7       0   15248   92087       0   92087   91749   337.8    0.00   921.5  6515.6    0.00  6515.6  6506.4    9.25
 2008 160     8       0   15248   92075       0   92075   91748   327.5    0.00   921.4  6515.4    0.00  6515.4  6506.2    9.20
 2008 161     9       0   15248   92064       0   92064   91746   317.9    0.00   921.4  6515.1    0.00  6515.1  6506.0    9.14
 2008 162    10       0   15248   92052       0   92052   91744   308.9    0.00   921.4  6514.9    0.00  6514.9  6505.8    9.07
 2008 163    11       0   15248   92042       0   92042   91741   300.7    0.00   921.4  6514.6    0.00  6514.6  6505.6    8.99
 2008 164    12       0   15248   92030       0   92030   91740   290.6    0.00   921.3  6514.3    0.00  6514.3  6505.4    8.90
 2008 165    13       0   15248   92020       0   92020   91738   282.2    0.00   921.3  6514.0    0.00  6514.0  6505.2    8.80
 2008 166    14       0   15248   92009       0   92009   91736   272.9    0.00   921.3  6513.7    0.00  6513.7  6505.1    8.69
 2008 167    15       0   15248   91997       0   91997   91734   263.2    0.00   921.3  6513.4    0.00  6513.4  6504.9    8.55
 2008 168    16       0   15248   91985       0   91985   91732   253.2    0.00   921.2  6513.0    0.00  6513.0  6504.6    8.40
 2008 169    17       0   15248   91974       0   91974   91729   245.5    0.00   921.2  6512.7    0.00  6512.7  6504.4    8.27
 2008 170    18       0   15248   91964       0   91964   91726   238.6    0.00   921.2  6512.3    0.00  6512.3  6504.1    8.15
 2008 171    19       0   15248   91953       0   91953   91722   230.2    0.00   921.1  6511.9    0.00  6511.9  6503.9    8.00
 2008 172    20       0   15247   91941       0   91941   91719   222.2    0.00   921.1  6511.4    0.00  6511.4  6503.6    7.84
 2008 173    21       0   15247   91930       0   91930   91715   214.3    0.00   921.1  6511.0    0.00  6511.0  6503.3    7.68
 2008 174    22       0   15247   91921       0   91921   91712   209.3    0.00   921.0  6510.6    0.00  6510.6  6503.0    7.57
 2008 175    23       0   15247   91913       0   91913   91709   204.6    0.00   921.0  6510.2    0.00  6510.2  6502.8    7.46
 2008 176    24       0   15246   91907       0   91907   91706   200.9    0.00   921.0  6509.9    0.00  6509.9  6502.5    7.38
 2008 177    25       0   15246   91901       0   91901   91703   197.7    0.00   920.9  6509.6    0.00  6509.6  6502.3    7.30
 2008 178    26       0   15246   91895       0   91895   91701   194.9    0.00   920.9  6509.4    0.00  6509.4  6502.1    7.23
 2008 179    27       0   15246   91889       0   91889   91698   191.7    0.00   920.9  6509.1    0.00  6509.1  6501.9    7.16
 2008 180    28       0   15245   91882       0   91882   91694   187.9    0.00   920.9  6508.7    0.00  6508.7  6501.6    7.06
 2008 181    29       0   15245   91874       0   91874   91690   183.2    0.00   920.8  6508.3    0.00  6508.3  6501.3    6.94
 2008 182    30       0   15244   91863       0   91863   91686   177.7    0.00   920.8  6507.8    0.00  6507.8  6500.9    6.80
 2008 183    31       0   15244   91852       0   91852   91680   171.5    0.00   920.7  6507.2    0.00  6507.2  6500.5    6.64
 2008 184    32       0   15243   91839       0   91839   91674   165.2    0.00   920.7  6506.5    0.00  6506.5  6500.1    6.46
 2008 185    33       0   15243   91827       0   91827   91668   159.1    0.00   920.7  6505.9    0.00  6505.9  6499.6    6.29
 2008 186    34       0   15242   91815       0   91815   91662   153.2    0.00   920.6  6505.2    0.00  6505.2  6499.1    6.12
 2008 187    35       0   15242   91804       0   91804   91656   147.6    0.00   920.6  6504.6    0.00  6504.6  6498.7    5.95
 2008 188    36       0   15241   91792       0   91792   91650   142.3    0.00   920.5  6504.0    0.00  6504.0  6498.2    5.79
 2008 189    37       0   15241   91781       0   91781   91643   138.2    0.00   920.5  6503.3    0.00  6503.3  6497.7    5.66
 2008 190    38       0   15240   91770       0   91770   91637   133.6    0.00   920.4  6502.7    0.00  6502.7  6497.2    5.51
 2008 191    39       0   15239   91759       0   91759   91630   129.2    0.00   920.4  6502.1    0.00  6502.1  6496.7    5.37
 2008 192    40       0   15238   91748       0   91748   91623   124.8    0.00   920.3  6501.4    0.00  6501.4  6496.2    5.22
 2008 193    41       0   15238   91737       0   91737   91617   120.9    0.00   920.2  6500.8    0.00  6500.8  6495.7    5.08
 2008 194    42       0   15237   91727       0   91727   91610   116.7    0.00   920.2  6500.1    0.00  6500.1  6495.2    4.94
 2008 195    43       0   15236   91716       0   91716   91603   112.7    0.00   920.1  6499.5    0.00  6499.5  6494.7    4.80
 2008 196    44       0   15235   91705       0   91705   91596   109.1    0.00   920.1  6498.8    0.00  6498.8  6494.2    4.67
 2008 197    45       0   15234   91695       0   91695   91589   105.8    0.00   920.0  6498.2    0.00  6498.2  6493.7    4.55
 2008 198    46       0   15233   91685       0   91685   91583   102.6    0.00   920.0  6497.6    0.00  6497.6  6493.2    4.43
 2008 199    47       0   15233   91675       0   91675   91576    99.8    0.00   919.9  6497.0    0.00  6497.0  6492.7    4.33
 2008 200    48       0   15232   91666       0   91666   91569    97.0    0.00   919.8  6496.4    0.00  6496.4  6492.1    4.22
 2008 201    49       0   15231   91656       0   91656   91562    94.5    0.00   919.8  6495.8    0.00  6495.8  6491.6    4.13
 2008 202    50       0   15230   91647       0   91647   91555    92.2    0.00   919.7  6495.2    0.00  6495.2  6491.1    4.03
 2008 203    51       0   15229   91638       0   91638   91548    90.0    0.00   919.6  6494.6    0.00  6494.6  6490.6    3.95
 2008 204    52       0   15228   91629       0   91629   91541    88.1    0.00   919.6  6494.0    0.00  6494.0  6490.1    3.87
 2008 205    53       0   15227   91619       0   91619   91534    85.9    0.00   919.5  6493.4    0.00  6493.4  6489.6    3.78
 2008 206    54       0   15226   91610       0   91610   91527    83.5    0.00   919.5  6492.8    0.00  6492.8  6489.1    3.69
 2008 207    55       0   15225   91601       0   91601   91519    81.4    0.00   919.4  6492.2    0.00  6492.2  6488.5    3.60
 2008 208    56       0   15224   91592       0   91592   91512    79.7    0.00   919.3  6491.6    0.00  6491.6  6488.0    3.53
 2008 209    57       0   15223   91583       0   91583   91505    77.7    0.00   919.3  6491.0    0.00  6491.0  6487.5    3.45
 2008 210    58       0   15222   91574       0   91574   91498    75.8    0.00   919.2  6490.4    0.00  6490.4  6487.0    3.37
 2008 211    59       0   15221   91565       0   91565   91491    74.1    0.00   919.1  6489.8    0.00  6489.8  6486.5    3.30
 2008 212    60       0   15220   91557       0   91557   91484    72.5    0.00   919.1  6489.2    0.00  6489.2  6486.0    3.23
 2008 213    61       0   15219   91548       0   91548   91477    71.2    0.00   919.0  6488.6    0.00  6488.6  6485.4    3.18
 2008 214    62       0   15218   91540       0   91540   91470    70.0    0.00   918.9  6488.0    0.00  6488.0  6484.9    3.12
 2008 215    63       0   15216   91531       0   91531   91462    68.9    0.00   918.9  6487.5    0.00  6487.5  6484.4    3.07
 2008 216    64       0   15215   91523       0   91523   91455    67.9    0.00   918.8  6486.9    0.00  6486.9  6483.9    3.03
 2008 217    65       0   15214   91515       0   91515   91448    67.1    0.00   918.7  6486.4    0.00  6486.4  6483.4    2.99
 2008 218    66       0   15213   91508       0   91508   91441    66.5    0.00   918.7  6485.8    0.00  6485.8  6482.9    2.96
 2008 219    67       0   15213   91501       0   91501   91435    66.0    0.00   918.6  6485.3    0.00  6485.3  6482.4    2.94
 2008 220    68       0   15212   91494       0   91494   91428    65.6    0.00   918.6  6484.8    0.00  6484.8  6481.9    2.91
 2008 221    69       0   15211   91487       0   91487   91421    65.3    0.00   918.5  6484.3    0.00  6484.3  6481.4    2.89
 2008 222    70       0   15210   91480       0   91480   91415    65.0    0.00   918.5  6483.8    0.00  6483.8  6480.9    2.87
 2008 223    71       0   15209   91473       0   91473   91408    64.8    0.00   918.4  6483.3    0.00  6483.3  6480.5    2.86
 2008 224    72       0   15208   91467       0   91467   91402    64.6    0.00   918.4  6482.8    0.00  6482.8  6480.0    2.85
 2008 225    73       0   15208   91461       0   91461   91396    64.6    0.00   918.3  6482.4    0.00  6482.4  6479.5    2.84
 2008 226    74       0   15207   91454       0   91454   91390    63.6    0.00   918.3  6481.9    0.00  6481.9  6479.1    2.81
 2008 227    75       0   15206   91447       0   91447   91384    62.8    0.00   918.2  6481.4    0.00  6481.4  6478.7    2.78
 2008 228    76       0   15206   91440       0   91440   91378    61.8    0.00   918.2  6481.0    0.00  6481.0  6478.2    2.74
 2008 229    77       0   15205   91433       0   91433   91372    60.6    0.00   918.1  6480.5    0.00  6480.5  6477.8    2.70
 2008 230    78       0   15204   91425       0   91425   91366    59.4    0.00   918.1  6480.0    0.00  6480.0  6477.3    2.65
 2008 231    79       0   15203   91417       0   91417   91359    58.0    0.00   918.0  6479.4    0.00  6479.4  6476.8    2.60
 2008 232    80       0   15202   91410       0   91410   91353    56.6    0.00   917.9  6478.9    0.00  6478.9  6476.4    2.54
 2008 233    81       0   15201   91402       0   91402   91347    55.2    0.00   917.9  6478.4    0.00  6478.4  6475.9    2.48
 2008 234    82       0   15199   91394       0   91394   91340    53.9    0.00   917.8  6477.9    0.00  6477.9  6475.4    2.43
 2008 235    83       0   15198   91386       0   91386   91333    52.6    0.00   917.7  6477.3    0.00  6477.3  6475.0    2.38
 2008 236    84       0   15197   91378       0   91378   91327    51.5    0.00   917.7  6476.8    0.00  6476.8  6474.5    2.33
 2008 237    85       0   15196   91371       0   91371   91320    50.5    0.00   917.6  6476.3    0.00  6476.3  6474.0    2.29
 2008 238    86       0   15195   91364       0   91364   91314    49.5    0.00   917.5  6475.8    0.00  6475.8  6473.6    2.25
 2008 239    87       0   15194   91356       0   91356   91308    48.7    0.00   917.5  6475.3    0.00  6475.3  6473.1    2.22
 2008 240    88       0   15193   91349       0   91349   91301    47.9    0.00   917.4  6474.9    0.00  6474.9  6472.7    2.19
 2008 241    89       0   15192   91343       0   91343   91295    47.2    0.00   917.3  6474.4    0.00  6474.4  6472.2    2.16
 2008 242    90       0   15191   91335       0   91335   91289    46.4    0.00   917.3  6473.9    0.00  6473.9  6471.8    2.13
 2008 243    91       0   15189   91328       0   91328   91283    45.6    0.00   917.2  6473.4    0.00  6473.4  6471.3    2.09
 2008 244    92       0   15188   91321       0   91321   91277    44.9    0.00   917.1  6473.0    0.00  6473.0  6470.9    2.06
 2008 245    93       0   15187   91314       0   91314   91270    44.2    0.00   917.0  6472.5    0.00  6472.5  6470.5    2.03
 2008 246    94       0   15186   91308       0   91308   91264    43.5    0.00   917.0  6472.0    0.00  6472.0  6470.0    2.00
 2008 247    95       0   15185   91302       0   91302   91258    44.3    0.00   916.9  6471.6    0.00  6471.6  6469.6    2.00
 2008 248    96       0   15184   91297       0   91297   91252    45.0    0.00   916.8  6471.2    0.00  6471.2  6469.2    2.01
 2008 249    97       0   15183   91292       0   91292   91246    45.7    0.00   916.8  6470.8    0.00  6470.8  6468.7    2.02
 2008 250    98       0   15182   91287       0   91287   91240    46.3    0.00   916.7  6470.4    0.00  6470.4  6468.3    2.03
 2008 251    99       0   15180   91281       0   91281   91234    46.8    0.00   916.6  6469.9    0.00  6469.9  6467.9    2.04
 2008 252   100       0   15179   91276       0   91276   91228    47.3    0.00   916.6  6469.5    0.00  6469.5  6467.5    2.04
 2008 253   101       0   15178   91270       0   91270   91222    47.7    0.00   916.5  6469.1    0.00  6469.1  6467.1    2.04
 2008 254   102       0   15177   91265       0   91265   91217    48.2    0.00   916.4  6468.7    0.00  6468.7  6466.7    2.05
 2008 255   103       0   15176   91259       0   91259   91211    48.5    0.00   916.4  6468.3    0.00  6468.3  6466.2    2.05
 2008 256   104       0   15175   91254       0   91254   91205    49.0    0.00   916.3  6467.9    0.00  6467.9  6465.8    2.06
 2008 257   105       0   15174   91248       0   91248   91199    49.4    0.00   916.2  6467.5    0.00  6467.5  6465.4    2.06
 2008 258   106       0   15172   91243       0   91243   91193    49.9    0.00   916.1  6467.1    0.00  6467.1  6465.0    2.07
 2008 259   107       0   15171   91237       0   91237   91187    50.5    0.00   916.1  6466.7    0.00  6466.7  6464.6    2.08
 2008 260   108       0   15170   91232       0   91232   91181    51.1    0.00   916.0  6466.3    0.00  6466.3  6464.2    2.10
 2008 261   109       0   15169   91227       0   91227   91176    51.8    0.00   915.9  6465.9    0.00  6465.9  6463.8    2.11
 2008 262   110       0   15168   91223       0   91223   91170    52.4    0.00   915.9  6465.5    0.00  6465.5  6463.4    2.13
 2008 263   111       0   15167   91218       0   91218   91165    53.1    0.00   915.8  6465.2    0.00  6465.2  6463.0    2.15
 2008 264   112       0   15166   91213       0   91213   91159    53.8    0.00   915.8  6464.8    0.00  6464.8  6462.6    2.16
 2008 265   113       0   15165   91209       0   91209   91154    54.5    0.00   915.7  6464.4    0.00  6464.4  6462.3    2.18
 2008 266   114       0   15164   91204       0   91204   91149    55.3    0.00   915.6  6464.1    0.00  6464.1  6461.9    2.20
 2008 267   115       0   15163   91198       0   91198   91144    54.3    0.00   915.6  6463.7    0.00  6463.7  6461.5    2.18
 2008 268   116       0   15162   91192       0   91192   91139    53.4    0.00   915.5  6463.4    0.00  6463.4  6461.2    2.15
