*SOIL TEMPERATURE OUTPUT FILE (DAILY)

*DSSAT Cropping System Model Ver. 4.8.0.024 -stable  SEP 25, 2026 04:14:10

*RUN   1        : Sim2008                   MZCER048 fileX.MZ    1
 MODEL          : MZCER048 - Maize
 EXPERIMENT     : fileX.MZ    CNYC
 DATA PATH      :
 TREATMENT  1   : Sim2008                   MZCER048
  
! TAV  =   213.0
! TAMP =   914.0
!               Temperature (oC) by soil depth (cm):
!               Surface     0-5    5-15   15-30   30-45   45-60   60-90
@YEAR DOY   DAS    TS0D    TS1D    TS2D    TS3D    TS4D    TS5D    TS6D    
 2008 153     1    32.9    31.7    28.0    22.1    15.5     9.4     1.3
 2008 154     2    32.6    31.4    27.9    22.3    15.9    10.1     2.2
 2008 155     3    33.1    31.9    28.6    23.1    17.0    11.3     3.6
 2008 156     4    33.6    32.5    29.3    24.0    18.0    12.5     5.0
 2008 157     5    34.1    33.0    29.9    24.8    19.1    13.7     6.4
 2008 158     6    34.0    33.0    30.0    25.2    19.6    14.4     7.3
 2008 159     7    34.3    33.3    30.4    25.8    20.4    15.4     8.6
 2008 160     8    34.0    33.1    30.4    25.9    20.8    16.0     9.4
 2008 161     9    33.9    33.0    30.5    26.2    21.4    16.7    10.4
 2008 162    10    32.9    32.1    29.7    25.8    21.2    16.8    10.7
 2008 163    11    33.0    32.2    30.0    26.2    21.9    17.7    11.8
 2008 164    12    32.6    31.8    29.1    24.8    19.8    15.1     8.6
 2008 165    13    31.6    30.9    28.5    24.5    19.8    15.4     9.3
 2008 166    14    32.3    31.6    29.3    25.6    21.2    16.9    11.1
 2008 167    15    33.1    32.4    30.3    26.9    22.7    18.6    13.0
 2008 168    16    33.3    32.7    30.8    27.6    23.7    19.9    14.5
 2008 169    17    33.9    33.3    31.6    28.5    24.7    21.0    15.7
 2008 170    18    34.8    34.3    32.7    29.9    26.4    22.9    17.9
 2008 171    19    33.1    32.7    31.4    29.0    25.9    22.7    18.1
 2008 172    20    32.3    32.0    30.9    28.8    26.1    23.2    18.9
 2008 173    21    30.3    30.0    29.2    27.5    25.2    22.7    18.9
 2008 174    22    28.5    28.3    27.7    26.3    24.2    21.9    18.4
 2008 175    23    25.9    25.9    25.5    24.5    22.9    20.9    17.8
 2008 176    24    23.3    23.3    23.3    22.7    21.5    19.9    17.2
 2008 177    25    20.9    21.0    21.3    21.2    20.4    19.2    16.9
 2008 178    26    21.8    22.0    22.5    22.7    22.1    21.1    18.9
 2008 179    27    23.1    23.3    24.0    24.5    24.2    23.4    21.6
 2008 180    28    25.1    25.5    26.3    27.0    27.0    26.5    24.9
 2008 181    29    28.5    28.8    29.8    30.7    30.9    30.4    29.0
 2008 182    30    31.4    31.9    32.9    34.0    34.4    34.1    32.8
 2008 183    31    32.1    32.6    33.9    35.3    36.0    36.0    35.0
 2008 184    32    31.5    32.0    33.5    35.3    36.5    36.8    36.3
 2008 185    33    31.2    31.8    33.5    35.7    37.2    37.9    37.7
 2008 186    34    31.1    31.8    33.8    36.3    38.2    39.2    39.4
 2008 187    35    31.2    32.0    34.2    37.0    39.2    40.5    41.2
 2008 188    36    31.0    31.9    34.2    37.4    40.0    41.7    42.7
 2008 189    37    32.2    33.1    35.7    39.2    42.1    44.0    45.3
 2008 190    38    33.2    34.2    37.0    40.7    43.9    46.1    47.7
 2008 191    39    34.0    35.1    38.0    42.1    45.6    48.0    50.0
 2008 192    40    33.4    34.6    37.7    42.1    46.1    48.8    51.2
 2008 193    41    34.8    36.0    39.4    44.1    48.3    51.3    54.0
 2008 194    42    34.7    36.0    39.6    44.5    49.1    52.4    55.5
 2008 195    43    33.7    35.0    38.8    44.1    49.1    52.8    56.4
 2008 196    44    32.4    33.8    37.8    43.5    48.9    52.9    57.0
 2008 197    45    32.3    33.8    38.0    44.0    49.7    54.1    58.5
 2008 198    46    32.2    33.7    38.1    44.4    50.5    55.1    60.0
 2008 199    47    32.2    33.9    38.4    45.0    51.4    56.4    61.7
 2008 200    48    34.4    36.0    40.7    47.5    54.1    59.3    64.8
 2008 201    49    35.5    37.2    42.0    49.0    55.9    61.3    67.2
 2008 202    50    37.0    38.7    43.6    50.8    57.9    63.5    69.7
 2008 203    51    36.4    38.2    43.3    50.8    58.2    64.2    70.8
 2008 204    52    35.8    37.7    43.1    51.0    58.9    65.2    72.2
 2008 205    53    34.0    36.0    41.6    49.9    58.2    64.9    72.5
 2008 206    54    33.4    35.5    41.3    50.0    58.6    65.7    73.7
 2008 207    55    32.7    34.8    40.9    49.8    58.8    66.2    74.6
 2008 208    56    33.5    35.7    42.0    51.3    60.7    68.4    77.1
 2008 209    57    34.6    36.9    43.3    52.8    62.4    70.3    79.4
 2008 210    58    35.5    37.8    44.3    54.0    63.8    71.9    81.4
 2008 211    59    35.6    37.9    44.6    54.5    64.6    73.0    82.8
 2008 212    60    35.8    38.2    45.0    55.1    65.5    74.1    84.3
 2008 213    61    34.9    37.3    44.3    54.6    65.3    74.3    84.9
 2008 214    62    34.2    36.7    43.8    54.5    65.5    74.7    85.8
 2008 215    63    34.4    36.9    44.2    55.1    66.3    75.8    87.2
 2008 216    64    34.7    37.3    44.6    55.7    67.2    76.9    88.6
 2008 217    65    34.8    37.4    44.8    56.1    67.8    77.7    89.8
 2008 218    66    35.0    37.6    45.2    56.6    68.5    78.7    91.1
 2008 219    67    34.7    37.4    45.1    56.7    68.9    79.3    92.1
 2008 220    68    33.0    35.8    43.6    55.5    68.0    78.7    92.0
 2008 221    69    31.7    34.5    42.6    54.8    67.6    78.7    92.3
 2008 222    70    31.1    33.9    42.1    54.6    67.7    79.0    93.1
 2008 223    71    31.3    34.2    42.5    55.1    68.5    80.1    94.5
 2008 224    72    31.8    34.7    43.1    55.9    69.5    81.3    96.0
 2008 225    73    33.4    36.4    44.8    57.8    71.5    83.5    98.4
 2008 226    74    34.1    37.1    45.7    58.8    72.7    84.9   100.1
 2008 227    75    33.8    36.9    45.6    58.9    73.1    85.5   101.0
 2008 228    76    32.6    35.8    44.8    58.5    73.2    86.0   102.1
 2008 229    77    31.5    34.7    43.9    57.9    72.9    86.0   102.4
 2008 230    78    29.8    33.0    42.3    56.6    71.9    85.3   102.2
 2008 231    79    29.1    32.5    42.2    57.1    73.0    86.9   104.4
 2008 232    80    29.0    32.4    42.3    57.4    73.5    87.6   105.4
 2008 233    81    29.3    32.8    42.7    57.9    74.3    88.6   106.7
 2008 234    82    29.6    33.1    43.2    58.6    75.2    89.7   108.1
 2008 235    83    30.3    33.8    44.0    59.5    76.2    90.9   109.6
 2008 236    84    30.0    33.5    43.8    59.6    76.5    91.4   110.4
 2008 237    85    29.1    32.7    43.1    59.1    76.3    91.5   110.8
 2008 238    86    28.6    32.2    42.8    59.0    76.4    91.8   111.5
 2008 239    87    28.0    31.7    42.3    58.8    76.5    92.1   112.2
 2008 240    88    26.9    30.6    41.4    58.1    76.1    92.1   112.5
 2008 241    89    26.8    30.6    41.6    58.6    77.0    93.3   114.1
 2008 242    90    27.0    30.8    41.9    59.1    77.7    94.1   115.2
 2008 243    91    26.7    30.6    41.8    59.2    78.0    94.7   116.1
 2008 244    92    26.0    29.9    41.3    58.9    77.9    94.8   116.5
 2008 245    93    26.4    30.3    41.8    59.6    78.8    96.0   118.0
 2008 246    94    26.3    30.3    41.9    59.8    79.3    96.6   119.0
 2008 247    95    26.6    30.6    42.3    60.5    80.1    97.7   120.3
 2008 248    96    25.7    29.8    41.6    60.0    79.9    97.6   120.6
 2008 249    97    24.9    29.1    41.0    59.6    79.8    97.8   121.1
 2008 250    98    25.0    29.2    41.3    60.1    80.6    98.8   122.5
 2008 251    99    25.1    29.3    41.6    60.6    81.2    99.6   123.5
 2008 252   100    23.7    27.9    40.3    59.5    80.4    99.1   123.4
 2008 253   101    24.2    28.5    41.1    60.5    81.7   100.6   125.1
 2008 254   102    25.5    29.9    42.4    62.0    83.3   102.3   127.1
 2008 255   103    24.8    29.2    41.8    61.6    83.0   102.3   127.3
 2008 256   104    24.2    28.6    41.4    61.3    83.0   102.5   127.8
 2008 257   105    25.7    30.1    42.9    63.0    84.8   104.4   129.9
 2008 258   106    25.8    30.3    43.2    63.4    85.4   105.2   130.9
 2008 259   107    26.0    30.5    43.6    63.9    86.1   106.1   132.1
 2008 260   108    27.7    32.2    45.3    65.8    88.1   108.2   134.5
 2008 261   109    27.7    32.3    45.6    66.3    88.9   109.3   135.8
 2008 262   110    27.6    32.2    45.5    66.3    89.1   109.5   136.3
 2008 263   111    27.6    32.3    45.8    66.8    89.8   110.5   137.5
 2008 264   112    27.3    31.9    45.6    66.8    90.1   111.0   138.3
 2008 265   113    25.5    30.3    44.1    65.6    89.2   110.4   138.2
 2008 266   114    26.3    31.1    45.0    66.7    90.4   111.8   139.8
 2008 267   115    26.1    30.9    45.0    67.0    91.1   112.7   141.1
 2008 268   116    26.5    31.4    45.7    68.0    92.3   114.3   142.9
