*WEATHER MODULE DAILY OUTPUT FILE

*DSSAT Cropping System Model Ver. 4.8.0.024 -stable  SEP 25, 2026 04:14:10

*RUN   1        : Sim2008                   MZCER048 fileX.MZ    1
 MODEL          : MZCER048 - Maize
 EXPERIMENT     : fileX.MZ    CNYC
 DATA PATH      :
 TREATMENT  1   : Sim2008                   MZCER048
  
@YEAR DOY   DAS   PRED  DAYLD   TWLD   SRAD   PARD   CLDD   TMXD   TMND   TAVD   TDYD   TDWD   TGAD   TGRD   WDSD   CO2D   VPDF    VPD  OZON7   WDATE
 2008 153     1    0.0   14.4   15.5   23.0   45.9   0.30   33.1   19.5   26.5   28.5    0.0   26.5   28.5   86.4  385.1   0.00   0.00   0.00 2008153
 2008 154     2    0.0   14.4   15.5   24.2   48.3   0.26   32.9   15.7   24.5   27.1    0.0   24.5   27.1   86.4  385.1   0.00   0.00   0.00 2008154
 2008 155     3    0.0   14.4   15.5   17.2   34.4   0.48   38.2   21.6   30.1   32.6    0.0   30.1   32.6   86.4  385.1   0.00   0.00   0.00 2008155
 2008 156     4    0.0   14.4   15.6   19.7   39.5   0.40   37.1   26.1   31.8   33.4    0.0   31.8   33.4   86.4  385.1   0.00   0.00   0.00 2008156
 2008 157     5    0.0   14.4   15.6   11.4   22.7   0.66   37.4   27.5   32.6   34.1    0.0   32.6   34.1   86.4  385.1   0.00   0.00   0.00 2008157
 2008 158     6    0.0   14.4   15.6   24.8   49.7   0.25   32.1   21.4   26.9   28.5    0.0   26.9   28.5   86.4  385.1   0.00   0.00   0.00 2008158
 2008 159     7    0.0   14.4   15.6   20.9   41.8   0.37   34.2   21.9   28.2   30.1    0.0   28.2   30.1   86.4  385.1   0.00   0.00   0.00 2008159
 2008 160     8    0.0   14.5   15.6   23.7   47.4   0.28   35.4   20.3   28.1   30.3    0.0   28.1   30.3   86.4  385.1   0.00   0.00   0.00 2008160
 2008 161     9    0.0   14.5   15.6   31.3   62.6   0.05   35.7   20.2   28.2   30.5    0.0   28.2   30.5   86.4  385.1   0.00   0.00   0.00 2008161
 2008 162    10    0.0   14.5   15.6   21.9   43.8   0.34   31.5   17.4   24.7   26.8    0.0   24.7   26.8   86.4  385.1   0.00   0.00   0.00 2008162
 2008 163    11    0.0   14.5   15.7   24.9   49.9   0.25   33.2   18.5   26.1   28.3    0.0   26.1   28.3   86.4  385.1   0.00   0.00   0.00 2008163
 2008 164    12    0.0   14.5   15.7   20.4   40.7   0.39   32.0   21.6   27.0   28.6    0.0   27.0   28.6   86.4  385.1   0.00   0.00   0.00 2008164
 2008 165    13    0.2   14.5   15.7    6.7   13.4   0.80   31.7   21.6   26.8   28.3    0.0   26.8   28.3   86.4  385.1   0.00   0.00   0.00 2008165
 2008 166    14    0.0   14.5   15.7   24.0   48.0   0.28   40.6   23.2   32.2   34.8    0.0   32.2   34.8   86.4  385.1   0.00   0.00   0.00 2008166
 2008 167    15    3.6   14.5   15.7   15.6   31.3   0.53   36.0   24.6   30.5   32.2    0.0   30.5   32.2   86.4  385.3   0.00   0.00   0.00 2008167
 2008 168    16   28.7   14.5   15.7   21.7   43.3   0.35   34.5   19.4   27.2   29.4    0.0   27.2   29.4   86.4  385.3   0.00   0.00   0.00 2008168
 2008 169    17    0.0   14.5   15.7   18.9   37.7   0.43   35.9   21.2   28.8   31.0    0.0   28.8   31.0   86.4  385.3   0.00   0.00   0.00 2008169
 2008 170    18    0.0   14.5   15.7   22.7   45.5   0.32   34.7   20.7   27.9   30.0    0.0   27.9   30.0   86.4  385.3   0.00   0.00   0.00 2008170
 2008 171    19    0.0   14.5   15.7   15.2   30.5   0.54   31.8   20.0   26.1   27.9    0.0   26.1   27.9   86.4  385.3   0.00   0.00   0.00 2008171
 2008 172    20    0.0   14.5   15.7   21.1   42.1   0.37   32.0   17.6   25.0   27.2    0.0   25.0   27.2   86.4  385.3   0.00   0.00   0.00 2008172
 2008 173    21   51.0   14.5   15.7   13.1   26.2   0.61   23.2   18.3   20.8   21.5    0.0   20.8   21.5   86.4  385.3   0.00   0.00   0.00 2008173
 2008 174    22   18.8   14.5   15.7   19.0   38.1   0.43   26.5   17.6   22.2   23.5    0.0   22.2   23.5   86.4  385.3   0.00   0.00   0.00 2008174
 2008 175    23   21.0   14.5   15.7    6.7   13.4   0.80   21.6   16.6   19.2   20.0    0.0   19.2   20.0   86.4  385.3   0.00   0.00   0.00 2008175
 2008 176    24    8.4   14.5   15.7    6.7   13.4   0.80   17.9   14.3   16.2   16.7    0.0   16.2   16.7   86.4  385.3   0.00   0.00   0.00 2008176
 2008 177    25   34.0   14.5   15.7   10.0   20.0   0.70   19.6   14.9   17.3   18.0    0.0   17.3   18.0   86.4  385.3   0.00   0.00   0.00 2008177
 2008 178    26    0.0   14.5   15.7   26.3   52.7   0.21   28.6   17.8   23.4   25.0    0.0   23.4   25.0   86.4  385.3   0.00   0.00   0.00 2008178
 2008 179    27    0.0   14.5   15.7   27.4   54.9   0.17   32.5   18.6   25.8   27.9    0.0   25.8   27.9   86.4  385.3   0.00   0.00   0.00 2008179
 2008 180    28    0.0   14.5   15.7   26.8   53.6   0.19   31.6   19.7   25.8   27.6    0.0   25.8   27.6   86.4  385.3   0.00   0.00   0.00 2008180
 2008 181    29    0.0   14.5   15.7   21.4   42.8   0.35   35.6   19.4   27.7   30.2    0.0   27.7   30.2   86.4  385.3   0.00   0.00   0.00 2008181
 2008 182    30    0.0   14.5   15.7   24.1   48.1   0.27   34.3   20.1   27.4   29.5    0.0   27.4   29.5   86.4  385.3   0.00   0.00   0.00 2008182
 2008 183    31    0.0   14.5   15.7    9.6   19.2   0.71   33.1   22.8   28.1   29.6    0.0   28.1   29.6   86.4  385.3   0.00   0.00   0.00 2008183
 2008 184    32    0.0   14.5   15.7   11.9   23.9   0.64   29.5   21.8   25.7   26.9    0.0   25.7   26.9   86.4  385.3   0.00   0.00   0.00 2008184
 2008 185    33    0.0   14.5   15.6   17.7   35.5   0.46   30.7   22.4   26.7   27.9    0.0   26.7   27.9   86.4  385.3   0.00   0.00   0.00 2008185
 2008 186    34    0.0   14.4   15.6   23.1   46.2   0.30   34.7   24.4   29.7   31.2    0.0   29.7   31.2   86.4  385.3   0.00   0.00   0.00 2008186
 2008 187    35    0.0   14.4   15.6   18.9   37.7   0.43   35.3   22.5   29.1   31.0    0.0   29.1   31.0   86.4  385.3   0.00   0.00   0.00 2008187
 2008 188    36   13.0   14.4   15.6   14.1   28.2   0.57   31.3   21.5   26.6   28.0    0.0   26.6   28.0   86.4  385.3   0.00   0.00   0.00 2008188
 2008 189    37    0.0   14.4   15.6   18.4   36.8   0.44   35.9   22.7   29.5   31.5    0.0   29.5   31.5   86.4  385.3   0.00   0.00   0.00 2008189
 2008 190    38    0.0   14.4   15.6    8.6   17.1   0.74   37.6   25.5   31.7   33.5    0.0   31.7   33.5   86.4  385.3   0.00   0.00   0.00 2008190
 2008 191    39    0.0   14.4   15.6   13.2   26.3   0.60   40.5   26.2   33.6   35.7    0.0   33.6   35.7   86.4  385.3   0.00   0.00   0.00 2008191
 2008 192    40    6.7   14.4   15.5   11.8   23.7   0.64   32.2   22.3   27.4   28.9    0.0   27.4   28.9   86.4  385.3   0.00   0.00   0.00 2008192
 2008 193    41    0.0   14.3   15.5   16.3   32.7   0.50   39.4   24.1   32.0   34.2    0.0   32.0   34.2   86.4  385.3   0.00   0.00   0.00 2008193
 2008 194    42    0.0   14.3   15.5   24.8   49.6   0.24   33.9   25.5   29.8   31.1    0.0   29.8   31.1   86.4  385.3   0.00   0.00   0.00 2008194
 2008 195    43    0.0   14.3   15.5   21.3   42.6   0.35   29.8   21.9   26.0   27.1    0.0   26.0   27.1   86.4  385.3   0.00   0.00   0.00 2008195
 2008 196    44    0.0   14.3   15.5   12.2   24.4   0.62   33.4   22.2   27.9   29.6    0.0   27.9   29.6   86.4  385.3   0.00   0.00   0.00 2008196
 2008 197    45    0.0   14.3   15.5   19.8   39.6   0.39   31.2   23.8   27.6   28.7    0.0   27.6   28.7   86.4  385.5   0.00   0.00   0.00 2008197
 2008 198    46    0.0   14.3   15.4   14.8   29.7   0.54   39.0   25.1   32.2   34.3    0.0   32.2   34.3   86.4  385.5   0.00   0.00   0.00 2008198
 2008 199    47    0.0   14.2   15.4    6.9   13.9   0.79   36.2   27.5   31.9   33.2    0.0   31.9   33.2   86.4  385.5   0.00   0.00   0.00 2008199
 2008 200    48    0.0   14.2   15.4   23.2   46.4   0.28   41.6   27.7   34.8   36.8    0.0   34.8   36.8   86.4  385.5   0.00   0.00   0.00 2008200
 2008 201    49    0.0   14.2   15.4   17.6   35.2   0.45   38.1   28.3   33.3   34.7    0.0   33.3   34.7   86.4  385.5   0.00   0.00   0.00 2008201
 2008 202    50    0.0   14.2   15.3   10.5   21.1   0.67   39.9   28.8   34.5   36.1    0.0   34.5   36.1   86.4  385.5   0.00   0.00   0.00 2008202
 2008 203    51    8.1   14.1   15.3    6.5   12.9   0.80   34.8   27.5   31.3   32.3    0.0   31.3   32.3   86.4  385.5   0.00   0.00   0.00 2008203
 2008 204    52    1.3   14.1   15.3    6.4   12.9   0.80   32.6   27.0   29.8   30.6    0.0   29.8   30.6   86.4  385.5   0.00   0.00   0.00 2008204
 2008 205    53    0.0   14.1   15.3    7.8   15.7   0.75   32.8   24.9   28.9   30.1    0.0   28.9   30.1   86.4  385.5   0.00   0.00   0.00 2008205
 2008 206    54    0.0   14.1   15.2   13.7   27.4   0.57   36.2   26.4   31.4   32.8    0.0   31.4   32.8   86.4  385.5   0.00   0.00   0.00 2008206
 2008 207    55    7.7   14.0   15.2    6.4   12.8   0.80   36.7   27.1   32.0   33.4    0.0   32.0   33.4   86.4  385.5   0.00   0.00   0.00 2008207
 2008 208    56    0.0   14.0   15.2   13.6   27.3   0.57   39.2   29.3   34.3   35.8    0.0   34.3   35.8   86.4  385.5   0.00   0.00   0.00 2008208
 2008 209    57    0.0   14.0   15.1   20.3   40.6   0.36   37.9   27.1   32.6   34.6    0.0   32.6   34.6   86.4  385.5   0.00   0.00   0.00 2008209
 2008 210    58    0.0   14.0   15.1   19.4   38.8   0.38   36.2   25.8   31.1   33.0    0.0   31.1   33.0   86.4  385.5   0.00   0.00   0.00 2008210
 2008 211    59    0.0   13.9   15.1   18.0   35.9   0.43   35.8   26.6   31.2   32.9    0.0   31.2   32.9   86.4  385.5   0.00   0.00   0.00 2008211
 2008 212    60    0.0   13.9   15.0   16.8   33.6   0.46   36.9   25.9   31.5   33.5    0.0   31.5   33.5   86.4  385.5   0.00   0.00   0.00 2008212
 2008 213    61    0.0   13.9   15.0   12.5   25.0   0.60   33.9   25.9   30.0   31.4    0.0   30.0   31.4   86.4  385.5   0.00   0.00   0.00 2008213
 2008 214    62    0.0   13.8   15.0   18.3   36.6   0.41   34.3   26.8   30.6   32.0    0.0   30.6   32.0   86.4  385.5   0.00   0.00   0.00 2008214
 2008 215    63    0.0   13.8   15.0   20.4   40.7   0.34   38.0   24.9   31.5   33.9    0.0   31.5   33.9   86.4  385.5   0.00   0.00   0.00 2008215
 2008 216    64    0.0   13.8   14.9   23.8   47.5   0.23   36.9   24.3   30.7   33.0    0.0   30.7   33.0   86.4  385.5   0.00   0.00   0.00 2008216
 2008 217    65    0.0   13.8   14.9   24.6   49.2   0.20   36.6   22.9   29.8   32.4    0.0   29.8   32.4   86.4  385.5   0.00   0.00   0.00 2008217
 2008 218    66    0.0   13.7   14.8   20.7   41.3   0.32   34.9   21.7   28.3   30.8    0.0   28.3   30.8   86.4  385.5   0.00   0.00   0.00 2008218
 2008 219    67    0.0   13.7   14.8   19.0   38.1   0.37   33.1   22.2   27.7   29.7    0.0   27.7   29.7   86.4  385.5   0.00   0.00   0.00 2008219
 2008 220    68    0.0   13.7   14.8    8.2   16.4   0.73   29.0   22.0   25.5   26.8    0.0   25.5   26.8   86.4  385.5   0.00   0.00   0.00 2008220
 2008 221    69    0.0   13.6   14.7   12.7   25.5   0.58   31.2   24.0   27.6   28.9    0.0   27.6   28.9   86.4  385.5   0.00   0.00   0.00 2008221
 2008 222    70    0.0   13.6   14.7   18.5   37.0   0.39   33.9   25.0   29.5   31.1    0.0   29.5   31.1   86.4  385.5   0.00   0.00   0.00 2008222
 2008 223    71    0.0   13.6   14.7   18.5   37.0   0.38   36.5   26.2   31.4   33.2    0.0   31.4   33.2   86.4  385.5   0.00   0.00   0.00 2008223
 2008 224    72    0.0   13.5   14.6   20.7   41.4   0.31   35.1   26.4   30.8   32.4    0.0   30.8   32.4   86.4  385.5   0.00   0.00   0.00 2008224
 2008 225    73    0.0   13.5   14.6   22.6   45.2   0.24   37.0   25.3   31.2   33.3    0.0   31.2   33.3   86.4  385.5   0.00   0.00   0.00 2008225
 2008 226    74    0.0   13.5   14.6   19.1   38.2   0.35   34.3   23.3   28.8   30.8    0.0   28.8   30.8   86.4  385.5   0.00   0.00   0.00 2008226
 2008 227    75   15.5   13.4   14.5   11.3   22.5   0.62   32.4   24.0   28.2   29.7    0.0   28.2   29.7   86.4  385.5   0.00   0.00   0.00 2008227
 2008 228    76    0.0   13.4   14.5   10.8   21.6   0.63   30.5   22.2   26.4   27.8    0.0   26.4   27.8   86.4  385.6   0.00   0.00   0.00 2008228
 2008 229    77    0.0   13.3   14.4   16.4   32.9   0.44   29.9   21.8   25.9   27.3    0.0   25.9   27.3   86.4  385.6   0.00   0.00   0.00 2008229
 2008 230    78   27.2   13.3   14.4   12.8   25.7   0.56   27.7   22.9   25.3   26.2    0.0   25.3   26.2   86.4  385.6   0.00   0.00   0.00 2008230
 2008 231    79    0.0   13.3   14.4   16.6   33.3   0.42   31.7   21.9   26.8   28.6    0.0   26.8   28.6   86.4  385.6   0.00   0.00   0.00 2008231
 2008 232    80    0.0   13.2   14.3   17.4   34.8   0.39   32.1   21.0   26.5   28.5    0.0   26.5   28.5   86.4  385.6   0.00   0.00   0.00 2008232
 2008 233    81    0.0   13.2   14.3   11.4   22.9   0.60   32.1   22.8   27.4   29.1    0.0   27.4   29.1   86.4  385.6   0.00   0.00   0.00 2008233
 2008 234    82    0.0   13.2   14.3   20.4   40.8   0.28   31.3   23.1   27.2   28.6    0.0   27.2   28.6   86.4  385.6   0.00   0.00   0.00 2008234
 2008 235    83    0.0   13.1   14.2   14.1   28.3   0.50   32.2   21.5   26.8   28.7    0.0   26.8   28.7   86.4  385.6   0.00   0.00   0.00 2008235
 2008 236    84    0.0   13.1   14.2   19.2   38.5   0.32   29.1   21.3   25.2   26.6    0.0   25.2   26.6   86.4  385.6   0.00   0.00   0.00 2008236
 2008 237    85    0.0   13.1   14.1   13.3   26.6   0.52   28.0   18.3   23.1   24.8    0.0   23.1   24.8   86.4  385.6   0.00   0.00   0.00 2008237
 2008 238    86    0.0   13.0   14.1   12.2   24.5   0.56   29.4   21.1   25.2   26.6    0.0   25.2   26.6   86.4  385.6   0.00   0.00   0.00 2008238
 2008 239    87    0.0   13.0   14.1    8.5   16.9   0.69   28.5   23.8   26.1   26.9    0.0   26.1   26.9   86.4  385.6   0.00   0.00   0.00 2008239
 2008 240    88   11.3   12.9   14.0    5.6   11.2   0.80   26.4   20.7   23.5   24.5    0.0   23.5   24.5   86.4  385.6   0.00   0.00   0.00 2008240
 2008 241    89    0.0   12.9   14.0   17.9   35.8   0.35   29.2   18.9   24.0   25.8    0.0   24.0   25.8   86.4  385.6   0.00   0.00   0.00 2008241
 2008 242    90    0.0   12.9   13.9   14.5   29.0   0.47   28.8   19.7   24.2   25.7    0.0   24.2   25.7   86.4  385.6   0.00   0.00   0.00 2008242
 2008 243    91    0.0   12.8   13.9   14.8   29.6   0.45   28.0   18.8   23.3   24.9    0.0   23.3   24.9   86.4  385.6   0.00   0.00   0.00 2008243
 2008 244    92    1.5   12.8   13.9    6.9   13.9   0.74   24.7   20.1   22.3   23.1    0.0   22.3   23.1   86.4  385.6   0.00   0.00   0.00 2008244
 2008 245    93    0.2   12.7   13.8   13.2   26.3   0.51   28.3   21.3   24.7   25.9    0.0   24.7   25.9   86.4  385.6   0.00   0.00   0.00 2008245
 2008 246    94    0.0   12.7   13.8   15.2   30.3   0.43   29.9   14.4   22.0   24.6    0.0   22.0   24.6   86.4  385.6   0.00   0.00   0.00 2008246
 2008 247    95    0.0   12.7   13.7   20.7   41.5   0.21   30.6   15.7   23.0   25.6    0.0   23.0   25.6   86.4  385.6   0.00   0.00   0.00 2008247
 2008 248    96    1.5   12.6   13.7   12.8   25.7   0.51   23.3   12.2   17.6   19.5    0.0   17.6   19.5   86.4  385.6   0.00   0.00   0.00 2008248
 2008 249    97   12.2   12.6   13.7    5.3   10.6   0.80   22.0   14.8   18.3   19.5    0.0   18.3   19.5   86.4  385.6   0.00   0.00   0.00 2008249
 2008 250    98    0.0   12.6   13.6   13.7   27.5   0.47   30.4   14.3   22.1   24.9    0.0   22.1   24.9   86.4  385.6   0.00   0.00   0.00 2008250
 2008 251    99    0.0   12.5   13.6   17.5   35.0   0.31   29.9   16.1   22.8   25.1    0.0   22.8   25.1   86.4  385.6   0.00   0.00   0.00 2008251
 2008 252   100   12.9   12.5   13.5   12.5   25.0   0.51   23.1   12.8   17.8   19.5    0.0   17.8   19.5   86.4  385.6   0.00   0.00   0.00 2008252
 2008 253   101    0.0   12.4   13.5   13.7   27.4   0.46   27.5   13.6   20.3   22.6    0.0   20.3   22.6   86.4  385.6   0.00   0.00   0.00 2008253
 2008 254   102    0.0   12.4   13.4   19.6   39.2   0.22   28.7   11.2   19.7   22.6    0.0   19.7   22.6   86.4  385.6   0.00   0.00   0.00 2008254
 2008 255   103    0.0   12.4   13.4    5.9   11.9   0.76   27.6   12.8   19.9   22.4    0.0   19.9   22.4   86.4  385.6   0.00   0.00   0.00 2008255
 2008 256   104    0.0   12.3   13.4   15.1   30.3   0.39   27.2   14.3   20.5   22.7    0.0   20.5   22.7   86.4  385.6   0.00   0.00   0.00 2008256
 2008 257   105    0.0   12.3   13.3   23.6   47.2   0.03   30.1   19.0   24.3   26.2    0.0   24.3   26.2   86.4  385.6   0.00   0.00   0.00 2008257
 2008 258   106    0.0   12.2   13.3   14.0   27.9   0.43   28.0   12.1   19.7   22.4    0.0   19.7   22.4   86.4  385.6   0.00   0.00   0.00 2008258
 2008 259   107    0.0   12.2   13.2   19.3   38.6   0.20   30.0   12.6   20.9   23.8    0.0   20.9   23.8   86.4  385.8   0.00   0.00   0.00 2008259
 2008 260   108    0.0   12.2   13.2   24.6   49.3   0.00   33.2   16.3   24.4   27.2    0.0   24.4   27.2   86.4  385.8   0.00   0.00   0.00 2008260
 2008 261   109    5.5   12.1   13.2    8.4   16.9   0.64   28.3   14.5   21.1   23.4    0.0   21.1   23.4   86.4  385.8   0.00   0.00   0.00 2008261
 2008 262   110    0.0   12.1   13.1   18.6   37.2   0.21   30.6   13.0   21.4   24.3    0.0   21.4   24.3   86.4  385.8   0.00   0.00   0.00 2008262
 2008 263   111    0.0   12.0   13.1   13.6   27.2   0.42   27.9   14.8   21.1   23.2    0.0   21.1   23.2   86.4  385.8   0.00   0.00   0.00 2008263
 2008 264   112    0.0   12.0   13.0   15.4   30.7   0.34   27.8   14.7   21.0   23.6    0.0   21.0   23.6   86.4  385.8   0.00   0.00   0.00 2008264
 2008 265   113    0.0   11.9   13.0    4.7    9.5   0.79   26.1   15.0   20.3   22.5    0.0   20.3   22.5   86.4  385.8   0.00   0.00   0.00 2008265
 2008 266   114    0.0   11.9   13.0   16.4   32.9   0.28   31.2   23.3   27.0   28.6    0.0   27.0   28.6   86.4  385.8   0.00   0.00   0.00 2008266
 2008 267   115    0.0   11.9   12.9   17.0   33.9   0.25   28.4   18.4   23.2   25.2    0.0   23.2   25.2   86.4  385.8   0.00   0.00   0.00 2008267
 2008 268   116    0.0   11.8   12.9   18.0   35.9   0.20   30.0   13.6   21.4   24.7    0.0   21.4   24.7   86.4  385.8   0.00   0.00   0.00 2008268
