{
  "status": "PASS_100K_ARCHIVE_ONLY",
  "mode": "formal_100k",
  "ppo_seed": 5,
  "checks": {
    "source_hashes": true,
    "frozen_contract": true,
    "budget_and_status": true,
    "heldout_excluded_and_train_seeds": true,
    "first_80_schedule_matches_045": true,
    "run_schedule_and_episode_closure": true,
    "daily_weather_hash_dates_and_physical": true,
    "runtime_wgen_cli_and_seed": true,
    "resources_within_limits": true,
    "all_checkpoint_files_and_steps": true,
    "final_model_hash": true,
    "completed_episode_summary_closure": true
  },
  "requested_timesteps": 100000,
  "actual_timesteps": 100080,
  "episode_archives": 956,
  "completed_episodes": 955,
  "partial_episodes": 1,
  "archived_weather_days": 100080,
  "unique_weather_hashes": 553,
  "checkpoint_files": {
    "25000": {
      "exists": true,
      "sha256": "98416D70E651D9B4930E35BAA62F2988F26EC9513BD107E7FF6BBE7A5FE1D1DB"
    },
    "50000": {
      "exists": true,
      "sha256": "43A896519401267F54CA6327E389CB1EDC0CD233B3802418E9DA293209695549"
    },
    "75000": {
      "exists": true,
      "sha256": "53ECF448E7C5358C99FA3952E103C2B5308A23529FF771EB2605DC1F2ED5E74E"
    },
    "100000": {
      "exists": true,
      "sha256": "3049499A53C6233EC0CF6476FD7386068DBEBA87BF5CEA66F309C17AFF53F7AF"
    }
  },
  "peak_process_tree_rss_mb": 1433.43,
  "elapsed_seconds": 2835.45
}
