{
  "status": "PASS_100K_ARCHIVE_ONLY",
  "mode": "formal_100k",
  "ppo_seed": 5,
  "checks": {
    "source_hashes": true,
    "frozen_contract": true,
    "budget_and_status": true,
    "heldout_excluded_and_train_seeds": true,
    "first_80_schedule_matches_045": true,
    "run_schedule_and_episode_closure": true,
    "daily_weather_hash_dates_and_physical": true,
    "runtime_wgen_cli_and_seed": true,
    "resources_within_limits": true,
    "all_checkpoint_files_and_steps": true,
    "final_model_hash": true,
    "completed_episode_summary_closure": true
  },
  "requested_timesteps": 100000,
  "actual_timesteps": 100080,
  "episode_archives": 715,
  "completed_episodes": 714,
  "partial_episodes": 1,
  "archived_weather_days": 100080,
  "unique_weather_hashes": 496,
  "checkpoint_files": {
    "25000": {
      "exists": true,
      "sha256": "CB7049496A5EF8A60549447918149BADA90BAC586C8D5FA68BF9D66B2BF58B56"
    },
    "50000": {
      "exists": true,
      "sha256": "3D86CF30A627AB2D6290CBB28EE51FCA563AF92C1B5169ACBC1CF9AF606D2B66"
    },
    "75000": {
      "exists": true,
      "sha256": "7E3F6C8CA13FA4E05A1BA19AB98E6B895C131BBDF416E1C33213027546FDBEB6"
    },
    "100000": {
      "exists": true,
      "sha256": "515F82E1652AAC5A1D821500CD9DDDADD72A0F7E2F977D5B895B1267E17443AC"
    }
  },
  "peak_process_tree_rss_mb": 1416.2,
  "elapsed_seconds": 2455.13
}
