{
  "status": "PASS_100K_ARCHIVE_ONLY",
  "mode": "formal_100k",
  "ppo_seed": 3,
  "checks": {
    "source_hashes": true,
    "frozen_contract": true,
    "budget_and_status": true,
    "heldout_excluded_and_train_seeds": true,
    "first_80_schedule_matches_045": true,
    "run_schedule_and_episode_closure": true,
    "daily_weather_hash_dates_and_physical": true,
    "runtime_wgen_cli_and_seed": true,
    "resources_within_limits": true,
    "all_checkpoint_files_and_steps": true,
    "final_model_hash": true,
    "completed_episode_summary_closure": true
  },
  "requested_timesteps": 100000,
  "actual_timesteps": 100080,
  "episode_archives": 715,
  "completed_episodes": 714,
  "partial_episodes": 1,
  "archived_weather_days": 100080,
  "unique_weather_hashes": 496,
  "checkpoint_files": {
    "25000": {
      "exists": true,
      "sha256": "B063A28D3352C7F8CFB21A51C590E912FEC6E7D90F65B13A05AD3A8A07D8E9FF"
    },
    "50000": {
      "exists": true,
      "sha256": "A82728F9CD67324AEAFF6C11129E6C3ED00A0B3AC7EBD5A80E8D958F183A5CCB"
    },
    "75000": {
      "exists": true,
      "sha256": "433700C019909A93026E71D07F989933B89999781EB284DFB5EEAAFB5738BACD"
    },
    "100000": {
      "exists": true,
      "sha256": "A363AE828235EB3316FE5344196A81A7BEE5254A26B4FDE8E36DE029C128F5CC"
    }
  },
  "peak_process_tree_rss_mb": 1415.87,
  "elapsed_seconds": 2513.55
}
