{
  "status": "PASS_100K_ARCHIVE_ONLY",
  "mode": "formal_100k",
  "ppo_seed": 0,
  "checks": {
    "source_hashes": true,
    "frozen_contract": true,
    "budget_and_status": true,
    "heldout_excluded_and_train_seeds": true,
    "first_80_schedule_matches_045": true,
    "run_schedule_and_episode_closure": true,
    "daily_weather_hash_dates_and_physical": true,
    "runtime_wgen_cli_and_seed": true,
    "resources_within_limits": true,
    "all_checkpoint_files_and_steps": true,
    "final_model_hash": true,
    "completed_episode_summary_closure": true
  },
  "requested_timesteps": 100000,
  "actual_timesteps": 100080,
  "episode_archives": 715,
  "completed_episodes": 714,
  "partial_episodes": 1,
  "archived_weather_days": 100080,
  "unique_weather_hashes": 496,
  "checkpoint_files": {
    "25000": {
      "exists": true,
      "sha256": "282291AFF843DE70A3E209B5AFAB9E8C7E7C9A48199797F245853B932BBF0AB0"
    },
    "50000": {
      "exists": true,
      "sha256": "2E1961A4D913168EB03C85D7C77DDD6E9CAFF0B5193491DF4BA329CCB62EF015"
    },
    "75000": {
      "exists": true,
      "sha256": "F593935B9F50221131A9A1BB67768821539B2CD670D2B004C6FCF3273F1198A1"
    },
    "100000": {
      "exists": true,
      "sha256": "888531F3E8666D7AFF7F2DE24436C1E56A3B12B82C9FC549EB99646015D97F64"
    }
  },
  "peak_process_tree_rss_mb": 1417.11,
  "elapsed_seconds": 2503.56
}
