*SOIL-PLANT-ATMOSPHERE MODULE OUTPUT FILE

*DSSAT Cropping System Model Ver. 4.8.0.024 -stable  SEP 25, 2026 03:52:41

*RUN   1        : Sim2008                   MZCER048 fileX.MZ    1
 MODEL          : MZCER048 - Maize
 EXPERIMENT     : fileX.MZ    CNYC
 DATA PATH      :
 TREATMENT  1   : Sim2008                   MZCER048
  
@YEAR DOY   DAS   SRAA  TMAXA  TMINA    REFA    EOAA    EOPA    EOSA    ETAA    EPAA    ESAA    EFAA    EMAA    EOAC    ETAC    EPAC    ESAC    EFAC    EMAC    KCAA    KBSA    KEAA
 2008 153     1  21.00  28.50  18.40 -99.000   5.609   0.000   5.609   5.165   0.000   5.165   0.000   0.000    5.61    5.17    0.00    5.17    0.00    0.00 -99.000 -99.000 -99.000 
 2008 154     2  27.20  25.90  13.50 -99.000   6.654   0.000   6.654   2.897   0.000   2.897   0.000   0.000   12.26    8.06    0.00    8.06    0.00    0.00 -99.000 -99.000 -99.000 
 2008 155     3   6.00  22.60  15.30 -99.000   1.428   0.000   1.428   1.428   0.000   1.428   0.000   0.000   13.69    9.49    0.00    9.49    0.00    0.00 -99.000 -99.000 -99.000 
 2008 156     4  18.70  24.40  15.30 -99.000   4.764   0.000   4.764   4.764   0.000   4.764   0.000   0.000   18.45   14.25    0.00   14.25    0.00    0.00 -99.000 -99.000 -99.000 
 2008 157     5  23.00  28.60  12.10 -99.000   5.925   0.000   5.925   4.050   0.000   4.050   0.000   0.000   24.38   18.30    0.00   18.30    0.00    0.00 -99.000 -99.000 -99.000 
 2008 158     6   3.50  22.00  17.10 -99.000   0.854   0.000   0.854   0.854   0.000   0.854   0.000   0.000   25.23   19.16    0.00   19.16    0.00    0.00 -99.000 -99.000 -99.000 
 2008 159     7  26.60  32.30  14.70 -99.000   7.404   0.000   7.404   6.501   0.000   6.501   0.000   0.000   32.64   25.66    0.00   25.66    0.00    0.00 -99.000 -99.000 -99.000 
 2008 160     8  18.20  33.40  19.30 -99.000   5.168   0.000   5.168   2.398   0.000   2.398   0.000   0.000   37.81   28.06    0.00   28.06    0.00    0.00 -99.000 -99.000 -99.000 
 2008 161     9  20.70  32.40  17.80 -99.000   5.726   0.000   5.726   1.379   0.000   1.379   0.000   0.000   43.53   29.44    0.00   29.44    0.00    0.00 -99.000 -99.000 -99.000 
 2008 162    10  18.40  30.10  18.90 -99.000   5.023   0.000   5.023   1.080   0.000   1.080   0.000   0.000   48.55   30.52    0.00   30.52    0.00    0.00 -99.000 -99.000 -99.000 
 2008 163    11  19.30  26.20  16.20 -99.000   4.932   0.000   4.932   4.932   0.000   4.932   0.000   0.000   53.49   35.45    0.00   35.45    0.00    0.00 -99.000 -99.000 -99.000 
 2008 164    12  15.10  32.70  25.20 -99.000   4.479   0.000   4.479   3.115   0.000   3.115   0.000   0.000   57.97   38.56    0.00   38.56    0.00    0.00 -99.000 -99.000 -99.000 
 2008 165    13  12.70  31.00  19.50 -99.000   3.513   0.000   3.513   2.008   0.000   2.008   0.000   0.000   61.48   40.57    0.00   40.57    0.00    0.00 -99.000 -99.000 -99.000 
 2008 166    14  14.40  31.90  19.10 -99.000   4.005   0.000   4.005   4.005   0.000   4.005   0.000   0.000   65.48   44.57    0.00   44.57    0.00    0.00 -99.000 -99.000 -99.000 
 2008 167    15  21.20  30.80  18.00 -99.000   5.878   0.000   5.878   4.685   0.000   4.685   0.000   0.000   71.36   49.26    0.00   49.26    0.00    0.00 -99.000 -99.000 -99.000 
 2008 168    16   4.70  24.60  17.80 -99.000   1.195   0.000   1.195   1.195   0.000   1.195   0.000   0.000   72.56   50.45    0.00   50.45    0.00    0.00 -99.000 -99.000 -99.000 
 2008 169    17  13.90  26.10  17.20 -99.000   3.623   0.000   3.623   2.180   0.000   2.180   0.000   0.000   76.18   52.63    0.00   52.63    0.00    0.00 -99.000 -99.000 -99.000 
 2008 170    18  24.40  28.70  15.50 -99.000   6.413   0.000   6.413   1.951   0.000   1.951   0.000   0.000   82.59   54.58    0.00   54.58    0.00    0.00 -99.000 -99.000 -99.000 
 2008 171    19  16.00  30.10  21.50 -99.000   4.442   0.000   4.442   1.287   0.000   1.287   0.000   0.000   87.03   55.87    0.00   55.87    0.00    0.00 -99.000 -99.000 -99.000 
 2008 172    20  12.90  31.10  20.00 -99.000   3.590   0.000   3.590   1.035   0.000   1.035   0.000   0.000   90.62   56.91    0.00   56.91    0.00    0.00 -99.000 -99.000 -99.000 
 2008 173    21  17.50  34.50  20.20 -99.000   5.060   0.000   5.060   0.890   0.000   0.890   0.000   0.000   95.68   57.80    0.00   57.80    0.00    0.00 -99.000 -99.000 -99.000 
 2008 174    22  21.00  36.20  21.80 -99.000   6.591   0.000   6.591   0.793   0.000   0.793   0.000   0.000  102.28   58.59    0.00   58.59    0.00    0.00 -99.000 -99.000 -99.000 
 2008 175    23  17.10  32.00  21.70 -99.000   4.872   0.000   4.872   3.360   0.000   3.360   0.000   0.000  107.15   61.95    0.00   61.95    0.00    0.00 -99.000 -99.000 -99.000 
 2008 176    24  15.70  29.60  19.80 -99.000   4.322   0.014   4.308   0.812   0.014   0.798   0.000   0.000  111.47   62.76    0.01   62.75    0.00    0.00 -99.000 -99.000 -99.000 
 2008 177    25  23.10  33.90  20.00 -99.000   6.644   0.041   6.603   0.767   0.041   0.726   0.000   0.000  118.11   63.53    0.06   63.47    0.00    0.00 -99.000 -99.000 -99.000 
 2008 178    26  21.20  33.70  21.20 -99.000   6.118   0.062   6.056   1.342   0.062   1.280   0.000   0.000  124.23   64.87    0.12   64.75    0.00    0.00 -99.000 -99.000 -99.000 
 2008 179    27  17.40  29.70  18.40 -99.000   4.722   0.112   4.609   4.721   0.112   4.609   0.000   0.000  128.95   69.59    0.23   69.36    0.00    0.00 -99.000 -99.000 -99.000 
 2008 180    28  17.40  29.70  18.40 -99.000   4.734   0.174   4.559   3.050   0.174   2.877   0.000   0.000  133.69   72.64    0.40   72.24    0.00    0.00 -99.000 -99.000 -99.000 
 2008 181    29  17.40  29.70  18.40 -99.000   4.750   0.245   4.503   2.837   0.245   2.591   0.000   0.000  138.44   75.48    0.65   74.83    0.00    0.00 -99.000 -99.000 -99.000 
 2008 182    30  17.40  29.70  18.40 -99.000   4.702   0.322   4.378   1.563   0.322   1.241   0.000   0.000  143.14   77.04    0.97   76.07    0.00    0.00 -99.000 -99.000 -99.000 
 2008 183    31  16.30  31.20  22.30 -99.000   4.567   0.398   4.167   4.565   0.398   4.167   0.000   0.000  147.71   81.61    1.37   80.24    0.00    0.00 -99.000 -99.000 -99.000 
 2008 184    32  16.30  31.20  22.30 -99.000   4.586   0.508   4.075   3.806   0.508   3.298   0.000   0.000  152.29   85.41    1.88   83.54    0.00    0.00 -99.000 -99.000 -99.000 
 2008 185    33  25.00  36.00  23.90 -99.000   7.691   1.055   6.631   3.579   1.055   2.524   0.000   0.000  159.98   88.99    2.93   86.06    0.00    0.00 -99.000 -99.000 -99.000 
 2008 186    34  24.60  35.20  26.60 -99.000   7.306   1.195   6.107   2.591   1.195   1.396   0.000   0.000  167.29   91.58    4.13   87.46    0.00    0.00 -99.000 -99.000 -99.000 
 2008 187    35   4.70  29.10  22.90 -99.000   1.263   0.250   1.012   1.262   0.250   1.012   0.000   0.000  168.55   92.85    4.38   88.47    0.00    0.00 -99.000 -99.000 -99.000 
 2008 188    36  24.30  33.60  21.80 -99.000   6.915   1.540   5.367   5.436   1.540   3.895   0.000   0.000  175.47   98.28    5.92   92.36    0.00    0.00 -99.000 -99.000 -99.000 
 2008 189    37  12.30  31.00  23.40 -99.000   3.373   0.901   2.467   2.832   0.901   1.930   0.000   0.000  178.84  101.11    6.82   94.29    0.00    0.00 -99.000 -99.000 -99.000 
 2008 190    38   5.30  26.40  22.80 -99.000   1.360   0.416   0.941   1.358   0.416   0.941   0.000   0.000  180.20  102.47    7.24   95.23    0.00    0.00 -99.000 -99.000 -99.000 
 2008 191    39  11.70  29.70  22.80 -99.000   3.106   1.003   2.097   2.092   1.003   1.089   0.000   0.000  183.31  104.56    8.24   96.32    0.00    0.00 -99.000 -99.000 -99.000 
 2008 192    40  15.60  33.50  23.90 -99.000   4.312   1.560   2.744   2.484   1.560   0.924   0.000   0.000  187.62  107.05    9.80   97.25    0.00    0.00 -99.000 -99.000 -99.000 
 2008 193    41  18.60  33.50  24.20 -99.000   5.108   2.115   2.983   4.400   2.115   2.285   0.000   0.000  192.73  111.45   11.91   99.53    0.00    0.00 -99.000 -99.000 -99.000 
 2008 194    42  21.10  32.70  24.30 -99.000   5.753   2.721   3.019   5.327   2.721   2.606   0.000   0.000  198.48  116.77   14.64  102.14    0.00    0.00 -99.000 -99.000 -99.000 
 2008 195    43  21.40  32.90  21.40 -99.000   5.639   2.970   2.654   4.376   2.970   1.406   0.000   0.000  204.12  121.15   17.61  103.54    0.00    0.00 -99.000 -99.000 -99.000 
 2008 196    44  11.90  31.70  23.00 -99.000   3.090   1.800   1.282   3.082   1.800   1.282   0.000   0.000  207.21  124.23   19.41  104.83    0.00    0.00 -99.000 -99.000 -99.000 
 2008 197    45   7.40  27.70  19.90 -99.000   1.796   1.124   0.665   1.789   1.124   0.665   0.000   0.000  209.00  126.02   20.53  105.49    0.00    0.00 -99.000 -99.000 -99.000 
 2008 198    46  24.60  33.80  19.90 -99.000   6.370   4.153   2.196   6.349   4.153   2.196   0.000   0.000  215.37  132.37   24.68  107.69    0.00    0.00 -99.000 -99.000 -99.000 
 2008 199    47  13.80  32.40  23.30 -99.000   3.567   2.470   1.085   3.555   2.470   1.085   0.000   0.000  218.94  135.93   27.15  108.77    0.00    0.00 -99.000 -99.000 -99.000 
 2008 200    48   4.10  23.40  20.00 -99.000   0.931   0.678   0.248   0.927   0.678   0.248   0.000   0.000  219.87  136.85   27.83  109.02    0.00    0.00 -99.000 -99.000 -99.000 
 2008 201    49   6.60  24.70  20.90 -99.000   1.529   1.130   0.392   1.522   1.130   0.392   0.000   0.000  221.40  138.37   28.96  109.41    0.00    0.00 -99.000 -99.000 -99.000 
 2008 202    50  10.70  28.20  21.60 -99.000   2.584   1.949   0.624   2.574   1.949   0.624   0.000   0.000  223.98  140.95   30.91  110.04    0.00    0.00 -99.000 -99.000 -99.000 
 2008 203    51  22.30  31.80  17.70 -99.000   5.421   4.207   1.192   5.398   4.207   1.192   0.000   0.000  229.40  146.35   35.12  111.23    0.00    0.00 -99.000 -99.000 -99.000 
 2008 204    52   8.30  28.10  21.10 -99.000   1.976   1.579   0.389   1.968   1.579   0.389   0.000   0.000  231.38  148.31   36.69  111.62    0.00    0.00 -99.000 -99.000 -99.000 
 2008 205    53  16.80  28.40  22.10 -99.000   4.037   3.278   0.741   4.019   3.278   0.741   0.000   0.000  235.42  152.33   39.97  112.36    0.00    0.00 -99.000 -99.000 -99.000 
 2008 206    54  21.40  31.00  21.90 -99.000   5.261   4.378   0.861   5.239   4.378   0.861   0.000   0.000  240.68  157.57   44.35  113.22    0.00    0.00 -99.000 -99.000 -99.000 
 2008 207    55  25.50  33.80  18.80 -99.000   6.298   5.359   0.911   5.908   5.359   0.549   0.000   0.000  246.98  163.48   49.71  113.77    0.00    0.00 -99.000 -99.000 -99.000 
 2008 208    56  19.40  33.90  21.10 -99.000   4.861   4.217   0.623   4.840   4.217   0.623   0.000   0.000  251.84  168.32   53.93  114.39    0.00    0.00 -99.000 -99.000 -99.000 
 2008 209    57  21.40  34.70  22.90 -99.000   5.460   4.822   0.615   5.437   4.822   0.615   0.000   0.000  257.30  173.76   58.75  115.01    0.00    0.00 -99.000 -99.000 -99.000 
 2008 210    58  18.30  33.10  23.70 -99.000   4.608   4.134   0.455   4.588   4.134   0.455   0.000   0.000  261.91  178.35   62.88  115.46    0.00    0.00 -99.000 -99.000 -99.000 
 2008 211    59  22.20  35.10  21.80 -99.000   5.649   5.124   0.501   5.625   5.124   0.501   0.000   0.000  267.56  183.97   68.01  115.96    0.00    0.00 -99.000 -99.000 -99.000 
 2008 212    60  17.50  32.50  23.70 -99.000   4.366   4.003   0.344   4.347   4.003   0.344   0.000   0.000  271.92  188.32   72.01  116.31    0.00    0.00 -99.000 -99.000 -99.000 
 2008 213    61  16.30  26.70  24.90 -99.000   3.862   3.565   0.278   3.844   3.565   0.278   0.000   0.000  275.78  192.16   75.58  116.59    0.00    0.00 -99.000 -99.000 -99.000 
 2008 214    62  15.10  29.90  20.60 -99.000   3.587   3.330   0.239   3.569   3.330   0.239   0.000   0.000  279.37  195.73   78.91  116.82    0.00    0.00 -99.000 -99.000 -99.000 
 2008 215    63  15.10  29.90  20.60 -99.000   3.583   3.348   0.217   3.565   3.348   0.217   0.000   0.000  282.95  199.30   82.25  117.04    0.00    0.00 -99.000 -99.000 -99.000 
 2008 216    64  15.10  29.90  20.60 -99.000   3.579   3.360   0.202   3.561   3.360   0.202   0.000   0.000  286.53  202.86   85.61  117.24    0.00    0.00 -99.000 -99.000 -99.000 
 2008 217    65  15.10  29.90  20.60 -99.000   3.576   3.369   0.189   3.558   3.369   0.189   0.000   0.000  290.11  206.41   88.98  117.43    0.00    0.00 -99.000 -99.000 -99.000 
 2008 218    66  15.10  29.90  20.60 -99.000   3.574   3.377   0.179   3.556   3.377   0.179   0.000   0.000  293.68  209.97   92.36  117.61    0.00    0.00 -99.000 -99.000 -99.000 
 2008 219    67  15.10  29.90  20.60 -99.000   3.572   3.383   0.171   3.554   3.383   0.171   0.000   0.000  297.25  213.52   95.74  117.78    0.00    0.00 -99.000 -99.000 -99.000 
 2008 220    68  15.10  29.90  20.60 -99.000   3.571   3.389   0.163   3.553   3.389   0.163   0.000   0.000  300.83  217.08   99.13  117.95    0.00    0.00 -99.000 -99.000 -99.000 
 2008 221    69  15.10  29.90  20.60 -99.000   3.570   3.394   0.157   3.552   3.394   0.157   0.000   0.000  304.40  220.63  102.53  118.10    0.00    0.00 -99.000 -99.000 -99.000 
 2008 222    70  18.60  33.20  24.00 -99.000   4.662   4.442   0.199   4.641   4.442   0.199   0.000   0.000  309.06  225.27  106.97  118.30    0.00    0.00 -99.000 -99.000 -99.000 
 2008 223    71  21.50  33.80  22.10 -99.000   5.351   5.107   0.219   5.326   5.107   0.219   0.000   0.000  314.41  230.60  112.07  118.52    0.00    0.00 -99.000 -99.000 -99.000 
 2008 224    72  15.10  26.40  24.50 -99.000   3.536   3.380   0.138   3.518   3.380   0.138   0.000   0.000  317.94  234.11  115.45  118.66    0.00    0.00 -99.000 -99.000 -99.000 
 2008 225    73  12.80  32.30  22.60 -99.000   3.149   3.014   0.120   3.134   3.014   0.120   0.000   0.000  321.09  237.25  118.47  118.78    0.00    0.00 -99.000 -99.000 -99.000 
 2008 226    74   7.70  29.20  23.00 -99.000   1.838   1.760   0.069   1.829   1.760   0.069   0.000   0.000  322.93  239.08  120.23  118.85    0.00    0.00 -99.000 -99.000 -99.000 
 2008 227    75   7.80  29.00  22.60 -99.000   1.853   1.774   0.069   1.844   1.774   0.069   0.000   0.000  324.78  240.92  122.00  118.92    0.00    0.00 -99.000 -99.000 -99.000 
 2008 228    76  20.70  28.90  21.40 -99.000   4.870   4.659   0.185   4.845   4.659   0.185   0.000   0.000  329.65  245.76  126.66  119.10    0.00    0.00 -99.000 -99.000 -99.000 
 2008 229    77  19.00  29.80  17.20 -99.000   4.377   4.183   0.170   4.353   4.183   0.170   0.000   0.000  334.03  250.12  130.85  119.27    0.00    0.00 -99.000 -99.000 -99.000 
 2008 230    78   2.80  22.10  19.60 -99.000   0.601   0.574   0.024   0.598   0.574   0.024   0.000   0.000  334.63  250.72  131.42  119.30    0.00    0.00 -99.000 -99.000 -99.000 
 2008 231    79  18.30  29.90  16.70 -99.000   4.206   4.013   0.170   4.183   4.013   0.170   0.000   0.000  338.84  254.90  135.43  119.46    0.00    0.00 -99.000 -99.000 -99.000 
 2008 232    80  18.10  32.60  21.10 -99.000   4.422   4.220   0.181   4.401   4.220   0.181   0.000   0.000  343.26  259.30  139.65  119.65    0.00    0.00 -99.000 -99.000 -99.000 
 2008 233    81  16.00  31.10  21.80 -99.000   3.867   3.687   0.161   3.848   3.687   0.161   0.000   0.000  347.13  263.15  143.34  119.81    0.00    0.00 -99.000 -99.000 -99.000 
 2008 234    82   2.10  25.50  20.20 -99.000   0.472   0.449   0.020   0.469   0.449   0.020   0.000   0.000  347.60  263.62  143.79  119.83    0.00    0.00 -99.000 -99.000 -99.000 
 2008 235    83  23.40  29.70  19.70 -99.000   5.490   5.225   0.236   5.461   5.225   0.236   0.000   0.000  353.09  269.08  149.01  120.06    0.00    0.00 -99.000 -99.000 -99.000 
 2008 236    84  23.70  33.70  18.00 -99.000   5.735   5.455   0.251   5.706   5.455   0.251   0.000   0.000  358.82  274.78  154.47  120.31    0.00    0.00 -99.000 -99.000 -99.000 
 2008 237    85  15.90  30.90  21.40 -99.000   3.825   3.637   0.170   3.806   3.637   0.170   0.000   0.000  362.65  278.59  158.11  120.48    0.00    0.00 -99.000 -99.000 -99.000 
 2008 238    86  13.80  30.90  19.50 -99.000   3.275   3.111   0.147   3.258   3.111   0.147   0.000   0.000  365.92  281.85  161.22  120.63    0.00    0.00 -99.000 -99.000 -99.000 
 2008 239    87  11.20  29.30  19.90 -99.000   2.621   2.487   0.120   2.607   2.487   0.120   0.000   0.000  368.54  284.46  163.70  120.75    0.00    0.00 -99.000 -99.000 -99.000 
 2008 240    88  16.80  31.00  18.90 -99.000   3.976   3.771   0.185   3.956   3.771   0.185   0.000   0.000  372.52  288.41  167.47  120.94    0.00    0.00 -99.000 -99.000 -99.000 
 2008 241    89  19.00  32.40  19.90 -99.000   4.598   4.358   0.217   4.575   4.358   0.217   0.000   0.000  377.12  292.99  171.83  121.15    0.00    0.00 -99.000 -99.000 -99.000 
 2008 242    90  20.10  32.40  19.60 -99.000   4.854   4.596   0.233   4.830   4.596   0.233   0.000   0.000  381.97  297.82  176.43  121.39    0.00    0.00 -99.000 -99.000 -99.000 
 2008 243    91   4.90  25.20  19.70 -99.000   1.094   1.034   0.054   1.087   1.034   0.054   0.000   0.000  383.07  298.90  177.46  121.44    0.00    0.00 -99.000 -99.000 -99.000 
 2008 244    92  19.20  27.30  19.70 -99.000   4.389   4.146   0.219   4.365   4.146   0.219   0.000   0.000  387.45  303.27  181.61  121.66    0.00    0.00 -99.000 -99.000 -99.000 
 2008 245    93  23.70  29.30  13.90 -99.000   5.304   5.002   0.271   5.274   5.002   0.271   0.000   0.000  392.76  308.54  186.61  121.93    0.00    0.00 -99.000 -99.000 -99.000 
 2008 246    94  22.50  31.00  12.20 -99.000   5.069   4.775   0.265   5.039   4.775   0.265   0.000   0.000  397.83  313.58  191.39  122.20    0.00    0.00 -99.000 -99.000 -99.000 
 2008 247    95  19.50  30.70  18.10 -99.000   4.576   4.307   0.245   4.552   4.307   0.245   0.000   0.000  402.40  318.13  195.69  122.44    0.00    0.00 -99.000 -99.000 -99.000 
 2008 248    96  20.10  30.40  15.20 -99.000   4.602   4.322   0.254   4.576   4.322   0.254   0.000   0.000  407.01  322.71  200.01  122.70    0.00    0.00 -99.000 -99.000 -99.000 
 2008 249    97  20.50  31.20  19.90 -99.000   4.902   4.597   0.280   4.877   4.597   0.280   0.000   0.000  411.91  327.59  204.61  122.98    0.00    0.00 -99.000 -99.000 -99.000 
 2008 250    98  18.80  31.30  17.60 -99.000   4.429   4.142   0.263   4.406   4.142   0.263   0.000   0.000  416.34  331.99  208.75  123.24    0.00    0.00 -99.000 -99.000 -99.000 
 2008 251    99  17.20  30.60  19.20 -99.000   4.069   3.796   0.253   4.048   3.796   0.253   0.000   0.000  420.40  336.04  212.55  123.49    0.00    0.00 -99.000 -99.000 -99.000 
 2008 252   100  16.90  30.80  19.50 -99.000   4.021   3.739   0.262   4.001   3.739   0.262   0.000   0.000  424.43  340.04  216.29  123.75    0.00    0.00 -99.000 -99.000 -99.000 
 2008 253   101  15.20  30.00  17.70 -99.000   3.541   3.279   0.243   3.522   3.279   0.243   0.000   0.000  427.97  343.56  219.57  124.00    0.00    0.00 -99.000 -99.000 -99.000 
 2008 254   102   6.30  24.20  16.30 -99.000   1.359   1.252   0.098   1.351   1.252   0.098   0.000   0.000  429.32  344.91  220.82  124.09    0.00    0.00 -99.000 -99.000 -99.000 
 2008 255   103  21.70  31.00  13.80 -99.000   4.971   4.568   0.376   4.944   4.568   0.376   0.000   0.000  434.30  349.86  225.39  124.47    0.00    0.00 -99.000 -99.000 -99.000 
 2008 256   104  22.80  31.50  11.40 -99.000   5.161   4.720   0.412   5.132   4.720   0.412   0.000   0.000  439.46  354.99  230.11  124.88    0.00    0.00 -99.000 -99.000 -99.000 
 2008 257   105  19.60  31.50  13.20 -99.000   4.500   4.096   0.379   4.476   4.096   0.379   0.000   0.000  443.96  359.47  234.20  125.26    0.00    0.00 -99.000 -99.000 -99.000 
 2008 258   106  16.50  30.70  15.40 -99.000   3.819   3.457   0.342   3.799   3.457   0.342   0.000   0.000  447.78  363.27  237.66  125.60    0.00    0.00 -99.000 -99.000 -99.000 
 2008 259   107  19.90  30.80  14.20 -99.000   4.574   4.111   0.439   4.549   4.111   0.439   0.000   0.000  452.35  367.81  241.77  126.04    0.00    0.00 -99.000 -99.000 -99.000 
 2008 260   108  17.10  31.80  16.10 -99.000   4.035   3.599   0.415   4.014   3.599   0.415   0.000   0.000  456.39  371.83  245.37  126.46    0.00    0.00 -99.000 -99.000 -99.000 
 2008 261   109  16.30  31.00  17.50 -99.000   3.856   3.406   0.431   3.837   3.406   0.431   0.000   0.000  460.24  375.67  248.78  126.89    0.00    0.00 -99.000 -99.000 -99.000 
 2008 262   110  10.30  30.50  18.20 -99.000   2.439   2.130   0.298   2.427   2.130   0.298   0.000   0.000  462.68  378.09  250.91  127.19    0.00    0.00 -99.000 -99.000 -99.000 
 2008 263   111   4.90  24.90  18.30 -99.000   1.092   0.940   0.146   1.086   0.940   0.146   0.000   0.000  463.77  379.18  251.85  127.33    0.00    0.00 -99.000 -99.000 -99.000 
 2008 264   112  16.70  28.40  16.80 -99.000   3.836   3.258   0.559   3.817   3.258   0.559   0.000   0.000  467.61  383.00  255.10  127.89    0.00    0.00 -99.000 -99.000 -99.000 
 2008 265   113  12.80  29.70  16.00 -99.000   2.970   2.480   0.475   2.955   2.480   0.475   0.000   0.000  470.58  385.95  257.58  128.37    0.00    0.00 -99.000 -99.000 -99.000 
 2008 266   114   4.60  26.20  21.90 -99.000   1.076   0.881   0.190   1.071   0.881   0.190   0.000   0.000  471.65  387.02  258.47  128.56    0.00    0.00 -99.000 -99.000 -99.000 
 2008 267   115   6.50  23.30  16.70 -99.000   1.415   1.128   0.280   1.408   1.128   0.280   0.000   0.000  473.07  388.43  259.59  128.84    0.00    0.00 -99.000 -99.000 -99.000 
 2008 268   116   5.20  18.90  14.60 -99.000   1.058   0.823   0.229   1.052   0.823   0.229   0.000   0.000  474.13  389.48  260.42  129.07    0.00    0.00 -99.000 -99.000 -99.000 
 2008 269   117   5.40  18.60  12.90 -99.000   1.082   0.825   0.250   1.076   0.825   0.250   0.000   0.000  475.21  390.56  261.24  129.32    0.00    0.00 -99.000 -99.000 -99.000 
 2008 270   118  16.40  21.60  14.80 -99.000   3.489   2.613   0.858   3.471   2.613   0.858   0.000   0.000  478.70  394.03  263.85  130.17    0.00    0.00 -99.000 -99.000 -99.000 
 2008 271   119   4.80  16.00  11.60 -99.000   0.920   0.688   0.226   0.915   0.688   0.226   0.000   0.000  479.62  394.94  264.54  130.40    0.00    0.00 -99.000 -99.000 -99.000 
 2008 272   120   7.80  17.00  10.60 -99.000   1.506   1.127   0.370   1.497   1.127   0.370   0.000   0.000  481.13  396.44  265.67  130.77    0.00    0.00 -99.000 -99.000 -99.000 
 2008 273   121  12.30  20.20   7.10 -99.000   2.403   1.798   0.591   2.389   1.798   0.591   0.000   0.000  483.53  398.83  267.47  131.36    0.00    0.00 -99.000 -99.000 -99.000 
 2008 274   122  18.90  27.30   8.10 -99.000   4.079   3.054   1.003   4.057   3.054   1.003   0.000   0.000  487.61  402.89  270.52  132.37    0.00    0.00 -99.000 -99.000 -99.000 
 2008 275   123  10.90  21.20  10.70 -99.000   2.221   1.662   0.546   2.208   1.662   0.546   0.000   0.000  489.83  405.10  272.18  132.91    0.00    0.00 -99.000 -99.000 -99.000 
