*MANAGEMENT OPERATIONS DAILY OUTPUT FILE

*DSSAT Cropping System Model Ver. 4.8.0.024 -stable  SEP 25, 2026 03:52:41

*RUN   1        : Sim2008                   MZCER048 fileX.MZ    1
 MODEL          : MZCER048 - Maize
 EXPERIMENT     : fileX.MZ    CNYC
 DATA PATH      :
 TREATMENT  1   : Sim2008                   MZCER048
  

@YEAR DOY   DAS   DAP  IR#C  IRRC  TL#C  TLDD DLYR3   TLBD  NAPC  NICM  R#AC RESNC RESPC
 2008 153     1     0     0     0     0     0    30  1.380     0     0     0     0     0
 2008 154     2     0     0     0     0     0    30  1.380     0     0     0     0     0
 2008 155     3     0     0     0     0     0    30  1.380     0     0     0     0     0
 2008 156     4     0     0     0     0     0    30  1.380     0     0     0     0     0
 2008 157     5     0     0     0     0     0    30  1.380     0     0     0     0     0
 2008 158     6     0     0     0     0     0    30  1.380     0     0     0     0     0
 2008 159     7     0     0     0     0     0    30  1.380     0     0     0     0     0
 2008 160     8     0     0     0     0     0    30  1.380     0     0     0     0     0
 2008 161     9     0     0     0     0     0    30  1.380     0     0     0     0     0
 2008 162    10     0     0     0     0     0    30  1.380     0     0     0     0     0
 2008 163    11     0     1   120     0     0    30  1.380     0     0     0     0     0
 2008 164    12     0     1   120     0     0    30  1.380     0     0     0     0     0
 2008 165    13     0     1   120     0     0    30  1.380     0     0     0     0     0
 2008 166    14     0     1   120     0     0    30  1.380     0     0     0     0     0
 2008 167    15     0     1   120     0     0    30  1.380     0     0     0     0     0
 2008 168    16     0     1   120     0     0    30  1.380     0     0     0     0     0
 2008 169    17     0     1   120     0     0    30  1.380     1    96     0     0     0
 2008 170    18     0     1   120     0     0    30  1.380     1    96     0     0     0
 2008 171    19     1     1   120     0     0    30  1.380     1    96     0     0     0
 2008 172    20     2     1   120     0     0    30  1.380     1    96     0     0     0
 2008 173    21     3     1   120     0     0    30  1.380     1    96     0     0     0
 2008 174    22     4     1   120     0     0    30  1.380     1    96     0     0     0
 2008 175    23     5     1   120     0     0    30  1.380     1    96     0     0     0
 2008 176    24     6     1   120     0     0    30  1.380     1    96     0     0     0
 2008 177    25     7     1   120     0     0    30  1.380     1    96     0     0     0
 2008 178    26     8     1   120     0     0    30  1.380     1    96     0     0     0
 2008 179    27     9     1   120     0     0    30  1.380     1    96     0     0     0
 2008 180    28    10     1   120     0     0    30  1.380     1    96     0     0     0
 2008 181    29    11     1   120     0     0    30  1.380     1    96     0     0     0
 2008 182    30    12     1   120     0     0    30  1.380     1    96     0     0     0
 2008 183    31    13     1   120     0     0    30  1.380     1    96     0     0     0
 2008 184    32    14     1   120     0     0    30  1.380     1    96     0     0     0
 2008 185    33    15     1   120     0     0    30  1.380     1    96     0     0     0
 2008 186    34    16     1   120     0     0    30  1.380     1    96     0     0     0
 2008 187    35    17     1   120     0     0    30  1.380     1    96     0     0     0
 2008 188    36    18     1   120     0     0    30  1.380     1    96     0     0     0
 2008 189    37    19     1   120     0     0    30  1.380     1    96     0     0     0
 2008 190    38    20     1   120     0     0    30  1.380     1    96     0     0     0
 2008 191    39    21     1   120     0     0    30  1.380     1    96     0     0     0
 2008 192    40    22     1   120     0     0    30  1.380     1    96     0     0     0
 2008 193    41    23     1   120     0     0    30  1.380     1    96     0     0     0
 2008 194    42    24     1   120     0     0    30  1.380     1    96     0     0     0
 2008 195    43    25     1   120     0     0    30  1.380     1    96     0     0     0
 2008 196    44    26     1   120     0     0    30  1.380     1    96     0     0     0
 2008 197    45    27     1   120     0     0    30  1.380     1    96     0     0     0
 2008 198    46    28     1   120     0     0    30  1.380     1    96     0     0     0
 2008 199    47    29     1   120     0     0    30  1.380     1    96     0     0     0
 2008 200    48    30     1   120     0     0    30  1.380     1    96     0     0     0
 2008 201    49    31     1   120     0     0    30  1.380     1    96     0     0     0
 2008 202    50    32     1   120     0     0    30  1.380     1    96     0     0     0
 2008 203    51    33     1   120     0     0    30  1.380     1    96     0     0     0
 2008 204    52    34     1   120     0     0    30  1.380     1    96     0     0     0
 2008 205    53    35     1   120     0     0    30  1.380     1    96     0     0     0
 2008 206    54    36     1   120     0     0    30  1.380     1    96     0     0     0
 2008 207    55    37     1   120     0     0    30  1.380     1    96     0     0     0
 2008 208    56    38     1   120     0     0    30  1.380     1    96     0     0     0
 2008 209    57    39     1   120     0     0    30  1.380     1    96     0     0     0
 2008 210    58    40     1   120     0     0    30  1.380     1    96     0     0     0
 2008 211    59    41     1   120     0     0    30  1.380     2   303     0     0     0
 2008 212    60    42     1   120     0     0    30  1.380     2   303     0     0     0
 2008 213    61    43     1   120     0     0    30  1.380     2   303     0     0     0
 2008 214    62    44     1   120     0     0    30  1.380     2   303     0     0     0
 2008 215    63    45     1   120     0     0    30  1.380     2   303     0     0     0
 2008 216    64    46     1   120     0     0    30  1.380     2   303     0     0     0
 2008 217    65    47     1   120     0     0    30  1.380     2   303     0     0     0
 2008 218    66    48     1   120     0     0    30  1.380     2   303     0     0     0
 2008 219    67    49     1   120     0     0    30  1.380     2   303     0     0     0
 2008 220    68    50     1   120     0     0    30  1.380     2   303     0     0     0
 2008 221    69    51     1   120     0     0    30  1.380     2   303     0     0     0
 2008 222    70    52     1   120     0     0    30  1.380     2   303     0     0     0
 2008 223    71    53     1   120     0     0    30  1.380     2   303     0     0     0
 2008 224    72    54     1   120     0     0    30  1.380     2   303     0     0     0
 2008 225    73    55     1   120     0     0    30  1.380     2   303     0     0     0
 2008 226    74    56     1   120     0     0    30  1.380     2   303     0     0     0
 2008 227    75    57     1   120     0     0    30  1.380     2   303     0     0     0
 2008 228    76    58     1   120     0     0    30  1.380     2   303     0     0     0
 2008 229    77    59     1   120     0     0    30  1.380     2   303     0     0     0
 2008 230    78    60     1   120     0     0    30  1.380     2   303     0     0     0
 2008 231    79    61     1   120     0     0    30  1.380     2   303     0     0     0
 2008 232    80    62     1   120     0     0    30  1.380     2   303     0     0     0
 2008 233    81    63     1   120     0     0    30  1.380     2   303     0     0     0
 2008 234    82    64     1   120     0     0    30  1.380     2   303     0     0     0
 2008 235    83    65     1   120     0     0    30  1.380     2   303     0     0     0
 2008 236    84    66     1   120     0     0    30  1.380     2   303     0     0     0
 2008 237    85    67     1   120     0     0    30  1.380     2   303     0     0     0
 2008 238    86    68     1   120     0     0    30  1.380     2   303     0     0     0
 2008 239    87    69     1   120     0     0    30  1.380     2   303     0     0     0
 2008 240    88    70     1   120     0     0    30  1.380     2   303     0     0     0
 2008 241    89    71     1   120     0     0    30  1.380     2   303     0     0     0
 2008 242    90    72     1   120     0     0    30  1.380     2   303     0     0     0
 2008 243    91    73     1   120     0     0    30  1.380     2   303     0     0     0
 2008 244    92    74     1   120     0     0    30  1.380     2   303     0     0     0
 2008 245    93    75     1   120     0     0    30  1.380     2   303     0     0     0
 2008 246    94    76     1   120     0     0    30  1.380     2   303     0     0     0
 2008 247    95    77     1   120     0     0    30  1.380     2   303     0     0     0
 2008 248    96    78     1   120     0     0    30  1.380     2   303     0     0     0
 2008 249    97    79     1   120     0     0    30  1.380     2   303     0     0     0
 2008 250    98    80     1   120     0     0    30  1.380     2   303     0     0     0
 2008 251    99    81     1   120     0     0    30  1.380     2   303     0     0     0
 2008 252   100    82     1   120     0     0    30  1.380     2   303     0     0     0
 2008 253   101    83     1   120     0     0    30  1.380     2   303     0     0     0
 2008 254   102    84     1   120     0     0    30  1.380     2   303     0     0     0
 2008 255   103    85     1   120     0     0    30  1.380     2   303     0     0     0
 2008 256   104    86     1   120     0     0    30  1.380     2   303     0     0     0
 2008 257   105    87     1   120     0     0    30  1.380     2   303     0     0     0
 2008 258   106    88     1   120     0     0    30  1.380     2   303     0     0     0
 2008 259   107    89     1   120     0     0    30  1.380     2   303     0     0     0
 2008 260   108    90     1   120     0     0    30  1.380     2   303     0     0     0
 2008 261   109    91     1   120     0     0    30  1.380     2   303     0     0     0
 2008 262   110    92     1   120     0     0    30  1.380     2   303     0     0     0
 2008 263   111    93     1   120     0     0    30  1.380     2   303     0     0     0
 2008 264   112    94     1   120     0     0    30  1.380     2   303     0     0     0
 2008 265   113    95     1   120     0     0    30  1.380     2   303     0     0     0
 2008 266   114    96     1   120     0     0    30  1.380     2   303     0     0     0
 2008 267   115    97     1   120     0     0    30  1.380     2   303     0     0     0
 2008 268   116    98     1   120     0     0    30  1.380     2   303     0     0     0
 2008 269   117    99     1   120     0     0    30  1.380     2   303     0     0     0
 2008 270   118   100     1   120     0     0    30  1.380     2   303     0     0     0
 2008 271   119   101     1   120     0     0    30  1.380     2   303     0     0     0
 2008 272   120   102     1   120     0     0    30  1.380     2   303     0     0     0
 2008 273   121   103     1   120     0     0    30  1.380     2   303     0     0     0
 2008 274   122   104     1   120     0     0    30  1.380     2   303     0     0     0
 2008 275   123   105     1   120     0     0    30  1.380     2   303     0     0     0
