*Soil Organic Matter daily output file

*DSSAT Cropping System Model Ver. 4.8.0.024 -stable  SEP 25, 2026 03:52:41

*RUN   1        : Sim2008                   MZCER048 fileX.MZ    1
 MODEL          : MZCER048 - Maize
 EXPERIMENT     : fileX.MZ    CNYC
 DATA PATH      :
 TREATMENT  1   : Sim2008                   MZCER048
  
@YEAR DOY   DAS    OMAC    SCDD    SOCD    SC0D    SCTD   SOMCT    LCTD    ONAC    SNDD    SOND    SN0D    SNTD   SOMNT    LNTD
 2008 152     0       0   15243   92192       0   92192   91752   440.0    0.00   921.6  6516.2    0.00  6516.2  6507.3    8.90
 2008 153     1       0   15244   92168       0   92168   91751   416.4    0.00   921.6  6516.2    0.00  6516.2  6507.0    9.13
 2008 154     2       0   15245   92148       0   92148   91749   398.7    0.00   921.6  6516.0    0.00  6516.0  6506.7    9.24
 2008 155     3       0   15246   92131       0   92131   91747   384.5    0.00   921.5  6515.7    0.00  6515.7  6506.4    9.29
 2008 156     4       0   15247   92115       0   92115   91745   370.0    0.00   921.5  6515.5    0.00  6515.5  6506.2    9.31
 2008 157     5       0   15248   92099       0   92099   91743   355.3    0.00   921.5  6515.2    0.00  6515.2  6505.9    9.31
 2008 158     6       0   15248   92083       0   92083   91742   341.8    0.00   921.5  6515.0    0.00  6515.0  6505.7    9.27
 2008 159     7       0   15249   92072       0   92072   91739   332.5    0.00   921.5  6514.7    0.00  6514.7  6505.5    9.23
 2008 160     8       0   15249   92058       0   92058   91737   321.1    0.00   921.5  6514.4    0.00  6514.4  6505.2    9.17
 2008 161     9       0   15249   92044       0   92044   91735   308.8    0.00   921.5  6514.0    0.00  6514.0  6504.9    9.08
 2008 162    10       0   15250   92028       0   92028   91732   296.2    0.00   921.5  6513.6    0.00  6513.6  6504.6    8.97
 2008 163    11       0   15250   92014       0   92014   91729   284.7    0.00   921.4  6513.2    0.00  6513.2  6504.3    8.85
 2008 164    12       0   15250   92003       0   92003   91726   276.8    0.00   921.4  6512.8    0.00  6512.8  6504.1    8.76
 2008 165    13       0   15250   91991       0   91991   91723   268.9    0.00   921.4  6512.4    0.00  6512.4  6503.8    8.65
 2008 166    14       0   15250   91980       0   91980   91719   261.0    0.00   921.4  6512.0    0.00  6512.0  6503.5    8.54
 2008 167    15       0   15250   91971       0   91971   91716   254.5    0.00   921.3  6511.6    0.00  6511.6  6503.2    8.44
 2008 168    16       0   15250   91961       0   91961   91713   247.8    0.00   921.3  6511.3    0.00  6511.3  6502.9    8.33
 2008 169    17       0   15250   91951       0   91951   91710   241.0    0.00   921.3  6510.9    0.00  6510.9  6502.6    8.21
 2008 170    18       0   15249   91941       0   91941   91706   234.6    0.00   921.2  6510.5    0.00  6510.5  6502.4    8.10
 2008 171    19       0   15249   91932       0   91932   91703   228.5    0.00   921.2  6510.1    0.00  6510.1  6502.1    7.98
 2008 172    20       0   15249   91922       0   91922   91700   222.2    0.00   921.2  6509.7    0.00  6509.7  6501.8    7.85
 2008 173    21       0   15249   91912       0   91912   91697   215.8    0.00   921.2  6509.3    0.00  6509.3  6501.6    7.72
 2008 174    22       0   15249   91902       0   91902   91693   208.9    0.00   921.1  6508.8    0.00  6508.8  6501.3    7.57
 2008 175    23       0   15248   91890       0   91890   91689   201.5    0.00   921.1  6508.3    0.00  6508.3  6500.9    7.41
 2008 176    24       0   15248   91879       0   91879   91685   194.2    0.00   921.1  6507.8    0.00  6507.8  6500.6    7.23
 2008 177    25       0   15248   91868       0   91868   91680   187.2    0.00   921.0  6507.3    0.00  6507.3  6500.2    7.06
 2008 178    26       0   15248   91856       0   91856   91676   180.5    0.00   921.0  6506.8    0.00  6506.8  6499.9    6.89
 2008 179    27       0   15247   91845       0   91845   91671   173.9    0.00   920.9  6506.2    0.00  6506.2  6499.5    6.72
 2008 180    28       0   15247   91835       0   91835   91666   168.4    0.00   920.9  6505.7    0.00  6505.7  6499.1    6.57
 2008 181    29       0   15246   91825       0   91825   91662   163.6    0.00   920.9  6505.2    0.00  6505.2  6498.8    6.43
 2008 182    30       0   15246   91816       0   91816   91657   158.7    0.00   920.8  6504.7    0.00  6504.7  6498.4    6.29
 2008 183    31       0   15245   91807       0   91807   91653   154.1    0.00   920.8  6504.2    0.00  6504.2  6498.1    6.15
 2008 184    32       0   15245   91800       0   91800   91648   151.1    0.00   920.8  6503.8    0.00  6503.8  6497.8    6.06
 2008 185    33       0   15244   91792       0   91792   91644   148.0    0.00   920.7  6503.4    0.00  6503.4  6497.5    5.97
 2008 186    34       0   15244   91784       0   91784   91640   144.7    0.00   920.7  6503.0    0.00  6503.0  6497.1    5.87
 2008 187    35       0   15243   91775       0   91775   91635   140.8    0.00   920.6  6502.5    0.00  6502.5  6496.7    5.75
 2008 188    36       0   15243   91767       0   91767   91630   137.5    0.00   920.6  6502.0    0.00  6502.0  6496.4    5.64
 2008 189    37       0   15242   91758       0   91758   91625   133.5    0.00   920.5  6501.5    0.00  6501.5  6496.0    5.51
 2008 190    38       0   15241   91749       0   91749   91619   129.8    0.00   920.5  6501.0    0.00  6501.0  6495.6    5.39
 2008 191    39       0   15241   91741       0   91741   91614   126.3    0.00   920.4  6500.5    0.00  6500.5  6495.2    5.27
 2008 192    40       0   15240   91733       0   91733   91610   123.0    0.00   920.4  6500.0    0.00  6500.0  6494.9    5.16
 2008 193    41       0   15239   91724       0   91724   91605   119.8    0.00   920.4  6499.5    0.00  6499.5  6494.5    5.05
 2008 194    42       0   15239   91717       0   91717   91600   116.9    0.00   920.3  6499.1    0.00  6499.1  6494.1    4.94
 2008 195    43       0   15238   91708       0   91708   91595   113.8    0.00   920.3  6498.6    0.00  6498.6  6493.8    4.83
 2008 196    44       0   15237   91700       0   91700   91589   110.9    0.00   920.2  6498.1    0.00  6498.1  6493.4    4.73
 2008 197    45       0   15237   91692       0   91692   91584   108.2    0.00   920.2  6497.6    0.00  6497.6  6493.0    4.63
 2008 198    46       0   15236   91684       0   91684   91578   106.0    0.00   920.1  6497.1    0.00  6497.1  6492.6    4.55
 2008 199    47       0   15235   91677       0   91677   91573   103.6    0.00   920.1  6496.6    0.00  6496.6  6492.2    4.46
 2008 200    48       0   15235   91669       0   91669   91568   101.5    0.00   920.0  6496.2    0.00  6496.2  6491.8    4.38
 2008 201    49       0   15234   91662       0   91662   91563    99.5    0.00   920.0  6495.7    0.00  6495.7  6491.4    4.30
 2008 202    50       0   15233   91656       0   91656   91558    97.8    0.00   919.9  6495.3    0.00  6495.3  6491.1    4.23
 2008 203    51       0   15233   91649       0   91649   91553    96.0    0.00   919.9  6494.9    0.00  6494.9  6490.7    4.16
 2008 204    52       0   15232   91643       0   91643   91549    94.3    0.00   919.8  6494.5    0.00  6494.5  6490.4    4.09
 2008 205    53       0   15231   91637       0   91637   91544    93.0    0.00   919.8  6494.1    0.00  6494.1  6490.1    4.04
 2008 206    54       0   15231   91631       0   91631   91539    91.7    0.00   919.7  6493.7    0.00  6493.7  6489.7    3.98
 2008 207    55       0   15230   91625       0   91625   91534    90.4    0.00   919.7  6493.3    0.00  6493.3  6489.4    3.93
 2008 208    56       0   15229   91618       0   91618   91529    89.2    0.00   919.6  6492.8    0.00  6492.8  6489.0    3.88
 2008 209    57       0   15228   91612       0   91612   91524    88.3    0.00   919.6  6492.4    0.00  6492.4  6488.6    3.84
 2008 210    58       0   15227   91605       0   91605   91518    87.4    0.00   919.5  6492.0    0.00  6492.0  6488.2    3.79
 2008 211    59       0   15226   91598       0   91598   91512    86.5    0.00   919.5  6491.5    0.00  6491.5  6487.7    3.75
 2008 212    60       0   15225   91592       0   91592   91506    85.8    0.00   919.4  6491.0    0.00  6491.0  6487.3    3.71
 2008 213    61       0   15225   91585       0   91585   91500    84.8    0.00   919.4  6490.5    0.00  6490.5  6486.9    3.67
 2008 214    62       0   15224   91578       0   91578   91494    84.0    0.00   919.3  6490.1    0.00  6490.1  6486.4    3.63
 2008 215    63       0   15223   91572       0   91572   91489    83.2    0.00   919.3  6489.6    0.00  6489.6  6486.0    3.59
 2008 216    64       0   15222   91566       0   91566   91483    82.5    0.00   919.2  6489.2    0.00  6489.2  6485.6    3.55
 2008 217    65       0   15221   91560       0   91560   91478    81.9    0.00   919.2  6488.8    0.00  6488.8  6485.3    3.52
 2008 218    66       0   15220   91554       0   91554   91473    81.4    0.00   919.1  6488.4    0.00  6488.4  6484.9    3.49
 2008 219    67       0   15220   91549       0   91549   91468    81.0    0.00   919.1  6488.0    0.00  6488.0  6484.5    3.46
 2008 220    68       0   15219   91543       0   91543   91462    80.6    0.00   919.0  6487.6    0.00  6487.6  6484.1    3.44
 2008 221    69       0   15218   91537       0   91537   91457    80.3    0.00   918.9  6487.2    0.00  6487.2  6483.8    3.42
 2008 222    70       0   15217   91532       0   91532   91452    80.1    0.00   918.9  6486.8    0.00  6486.8  6483.4    3.40
 2008 223    71       0   15216   91526       0   91526   91446    80.0    0.00   918.8  6486.4    0.00  6486.4  6483.0    3.39
 2008 224    72       0   15216   91521       0   91521   91441    80.1    0.00   918.8  6486.0    0.00  6486.0  6482.6    3.38
 2008 225    73       0   15215   91516       0   91516   91436    80.0    0.00   918.7  6485.6    0.00  6485.6  6482.2    3.37
 2008 226    74       0   15214   91510       0   91510   91430    79.9    0.00   918.7  6485.1    0.00  6485.1  6481.8    3.36
 2008 227    75       0   15213   91503       0   91503   91425    78.3    0.00   918.6  6484.7    0.00  6484.7  6481.4    3.31
 2008 228    76       0   15212   91496       0   91496   91420    76.8    0.00   918.6  6484.3    0.00  6484.3  6481.0    3.26
 2008 229    77       0   15212   91492       0   91492   91415    77.1    0.00   918.5  6483.9    0.00  6483.9  6480.7    3.26
 2008 230    78       0   15211   91485       0   91485   91409    75.5    0.00   918.5  6483.5    0.00  6483.5  6480.3    3.21
 2008 231    79       0   15210   91478       0   91478   91404    74.0    0.00   918.4  6483.1    0.00  6483.1  6479.9    3.16
 2008 232    80       0   15209   91472       0   91472   91400    72.6    0.00   918.4  6482.7    0.00  6482.7  6479.6    3.11
 2008 233    81       0   15208   91465       0   91465   91394    71.1    0.00   918.3  6482.3    0.00  6482.3  6479.2    3.06
 2008 234    82       0   15208   91459       0   91459   91389    69.5    0.00   918.3  6481.8    0.00  6481.8  6478.8    3.01
 2008 235    83       0   15207   91453       0   91453   91385    68.5    0.00   918.3  6481.5    0.00  6481.5  6478.5    2.97
 2008 236    84       0   15206   91447       0   91447   91380    67.3    0.00   918.2  6481.1    0.00  6481.1  6478.1    2.93
 2008 237    85       0   15205   91440       0   91440   91374    66.1    0.00   918.2  6480.6    0.00  6480.6  6477.7    2.89
 2008 238    86       0   15205   91434       0   91434   91369    64.8    0.00   918.1  6480.2    0.00  6480.2  6477.4    2.84
 2008 239    87       0   15204   91428       0   91428   91364    63.8    0.00   918.1  6479.8    0.00  6479.8  6477.0    2.80
 2008 240    88       0   15203   91422       0   91422   91359    62.7    0.00   918.0  6479.4    0.00  6479.4  6476.6    2.77
 2008 241    89       0   15202   91415       0   91415   91354    61.7    0.00   918.0  6479.0    0.00  6479.0  6476.2    2.72
 2008 242    90       0   15201   91409       0   91409   91348    60.5    0.00   917.9  6478.5    0.00  6478.5  6475.8    2.68
 2008 243    91       0   15201   91402       0   91402   91343    59.5    0.00   917.9  6478.1    0.00  6478.1  6475.4    2.64
 2008 244    92       0   15200   91396       0   91396   91337    58.4    0.00   917.8  6477.7    0.00  6477.7  6475.1    2.60
 2008 245    93       0   15199   91389       0   91389   91332    57.4    0.00   917.7  6477.2    0.00  6477.2  6474.7    2.56
 2008 246    94       0   15198   91383       0   91383   91326    56.3    0.00   917.7  6476.8    0.00  6476.8  6474.3    2.52
 2008 247    95       0   15197   91376       0   91376   91321    55.2    0.00   917.6  6476.4    0.00  6476.4  6473.9    2.48
 2008 248    96       0   15196   91370       0   91370   91316    54.2    0.00   917.6  6476.0    0.00  6476.0  6473.5    2.44
 2008 249    97       0   15195   91363       0   91363   91310    53.1    0.00   917.5  6475.5    0.00  6475.5  6473.1    2.39
 2008 250    98       0   15194   91357       0   91357   91305    52.0    0.00   917.5  6475.1    0.00  6475.1  6472.7    2.35
 2008 251    99       0   15193   91350       0   91350   91299    50.9    0.00   917.4  6474.6    0.00  6474.6  6472.3    2.31
 2008 252   100       0   15193   91343       0   91343   91293    50.0    0.00   917.4  6474.2    0.00  6474.2  6471.9    2.27
 2008 253   101       0   15192   91337       0   91337   91288    49.2    0.00   917.3  6473.8    0.00  6473.8  6471.5    2.24
 2008 254   102       0   15191   91330       0   91330   91282    48.4    0.00   917.3  6473.3    0.00  6473.3  6471.1    2.21
 2008 255   103       0   15190   91325       0   91325   91277    47.8    0.00   917.2  6472.9    0.00  6472.9  6470.8    2.18
 2008 256   104       0   15189   91322       0   91322   91272    49.9    0.00   917.2  6472.6    0.00  6472.6  6470.4    2.21
 2008 257   105       0   15188   91319       0   91319   91267    52.0    0.00   917.1  6472.3    0.00  6472.3  6470.0    2.26
 2008 258   106       0   15188   91315       0   91315   91261    54.0    0.00   917.1  6471.9    0.00  6471.9  6469.6    2.31
 2008 259   107       0   15187   91312       0   91312   91256    55.9    0.00   917.0  6471.6    0.00  6471.6  6469.3    2.35
 2008 260   108       0   15186   91308       0   91308   91251    57.7    0.00   916.9  6471.3    0.00  6471.3  6468.9    2.40
 2008 261   109       0   15185   91304       0   91304   91245    59.4    0.00   916.9  6470.9    0.00  6470.9  6468.5    2.44
 2008 262   110       0   15184   91301       0   91301   91240    61.1    0.00   916.8  6470.6    0.00  6470.6  6468.1    2.48
 2008 263   111       0   15183   91297       0   91297   91234    62.6    0.00   916.8  6470.2    0.00  6470.2  6467.7    2.52
 2008 264   112       0   15182   91293       0   91293   91229    64.2    0.00   916.7  6469.9    0.00  6469.9  6467.3    2.56
 2008 265   113       0   15181   91290       0   91290   91224    65.8    0.00   916.7  6469.5    0.00  6469.5  6467.0    2.60
 2008 266   114       0   15180   91286       0   91286   91219    67.4    0.00   916.6  6469.2    0.00  6469.2  6466.6    2.64
 2008 267   115       0   15180   91283       0   91283   91214    69.0    0.00   916.6  6468.9    0.00  6468.9  6466.3    2.69
 2008 268   116       0   15179   91280       0   91280   91210    70.6    0.00   916.5  6468.7    0.00  6468.7  6465.9    2.73
 2008 269   117       0   15178   91278       0   91278   91205    72.2    0.00   916.5  6468.4    0.00  6468.4  6465.6    2.78
 2008 270   118       0   15178   91275       0   91275   91202    73.9    0.00   916.4  6468.2    0.00  6468.2  6465.3    2.82
 2008 271   119       0   15177   91270       0   91270   91198    72.5    0.00   916.4  6467.9    0.00  6467.9  6465.1    2.79
 2008 272   120       0   15176   91266       0   91266   91195    71.4    0.00   916.4  6467.6    0.00  6467.6  6464.8    2.77
 2008 273   121       0   15176   91262       0   91262   91192    70.4    0.00   916.3  6467.4    0.00  6467.4  6464.6    2.74
 2008 274   122       0   15176   91258       0   91258   91189    69.5    0.00   916.3  6467.1    0.00  6467.1  6464.4    2.72
 2008 275   123       0   15175   91254       0   91254   91186    68.4    0.00   916.3  6466.9    0.00  6466.9  6464.2    2.69
